#
# There is insufficient memory for the Java Runtime Environment to continue.
# Native memory allocation (malloc) failed to allocate 303216 bytes for Chunk::new
# Possible reasons:
#   The system is out of physical RAM or swap space
#   The process is running with CompressedOops enabled, and the Java Heap may be blocking the growth of the native heap
# Possible solutions:
#   Reduce memory load on the system
#   Increase physical memory or swap space
#   Check if swap backing store is full
#   Decrease Java heap size (-Xmx/-Xms)
#   Decrease number of Java threads
#   Decrease Java thread stack sizes (-Xss)
#   Set larger code cache with -XX:ReservedCodeCacheSize=
#   JVM is running with Unscaled Compressed Oops mode in which the Java heap is
#     placed in the first 4GB address space. The Java Heap base address is the
#     maximum limit for the native heap growth. Please use -XX:HeapBaseMinAddress
#     to set the Java Heap base and to place the Java Heap above 4GB virtual address.
# This output file may be truncated or incomplete.
#
#  Out of Memory Error (arena.cpp:168), pid=18592, tid=23592
#
# JRE version: Java(TM) SE Runtime Environment (21.0.6+8) (build 21.0.6+8-LTS-188)
# Java VM: Java HotSpot(TM) 64-Bit Server VM (21.0.6+8-LTS-188, mixed mode, sharing, tiered, compressed oops, compressed class ptrs, g1 gc, windows-amd64)
# No core dump will be written. Minidumps are not enabled by default on client versions of Windows
#

---------------  S U M M A R Y ------------

Command Line: -Dfile.encoding=UTF-8 -Dstdout.encoding=UTF-8 -Dstderr.encoding=UTF-8 -XX:+ShowCodeDetailsInExceptionMessages com.hamch.customerservice.CustomerServiceApplication

Host: Intel(R) Core(TM) i7-10700 CPU @ 2.90GHz, 16 cores, 7G,  Windows 11 , 64 bit Build 22000 (10.0.22000.2538)
Time: Wed Jul 23 11:11:56 2025 Maroc (heure d64 bit Build 22000 (10.0.22000.2538) elapsed time: 723.929169 seconds (0d 0h 12m 3s)

---------------  T H R E A D  ---------------

Current thread (0x000002552bfd7d60):  JavaThread "C2 CompilerThread0" daemon [_thread_in_native, id=23592, stack(0x00000083b5400000,0x00000083b5500000) (1024K)]


Current CompileTask:
C2: 723930 10748       4       java.lang.invoke.InvokerBytecodeGenerator::emitStaticInvoke (258 bytes)

Stack: [0x00000083b5400000,0x00000083b5500000]
Native frames: (J=compiled Java code, j=interpreted, Vv=VM code, C=native code)
V  [jvm.dll+0x6ca6d9]
V  [jvm.dll+0x854f51]
V  [jvm.dll+0x85747e]
V  [jvm.dll+0x857b53]
V  [jvm.dll+0x27dcc6]
V  [jvm.dll+0xc4c2d]
V  [jvm.dll+0xc5163]
V  [jvm.dll+0x2f0fbd]
V  [jvm.dll+0x5f546a]
V  [jvm.dll+0x24f8a2]
V  [jvm.dll+0x2482ac]
V  [jvm.dll+0x245df4]
V  [jvm.dll+0x1c6d2e]
V  [jvm.dll+0x2554f9]
V  [jvm.dll+0x253a8a]
V  [jvm.dll+0x3ee576]
V  [jvm.dll+0x7ff2fb]
V  [jvm.dll+0x6c8dbd]
C  [ucrtbase.dll+0x26c0c]
C  [KERNEL32.DLL+0x153e0]
C  [ntdll.dll+0x485b]


---------------  P R O C E S S  ---------------

Threads class SMR info:
_java_thread_list=0x00000255737be020, length=31, elements={
0x000002552bfa4920, 0x000002552bfa5dd0, 0x000002552bfacae0, 0x000002552bfad530,
0x000002552bfae850, 0x000002552bfb3070, 0x000002552bfd7d60, 0x000002552bfdc1d0,
0x0000025571414980, 0x00000255712bde30, 0x0000025572c710b0, 0x0000025572c6e950,
0x0000025572c6efe0, 0x0000025572c6f670, 0x0000025572c6dc30, 0x0000025572c70390,
0x0000025572bc0cb0, 0x0000025572bbff90, 0x0000025572bbf270, 0x0000025572bc1340,
0x0000025572bc19d0, 0x0000025572bc2060, 0x0000025572bbebe0, 0x0000025572bbf900,
0x0000025572bc0620, 0x0000025577cfec10, 0x0000025577cff2a0, 0x0000025577d02720,
0x0000025577cfcb40, 0x0000025577cfd860, 0x0000025577cfffc0
}

Java Threads: ( => current thread )
  0x000002552bfa4920 JavaThread "Reference Handler"          daemon [_thread_blocked, id=19940, stack(0x00000083b4e00000,0x00000083b4f00000) (1024K)]
  0x000002552bfa5dd0 JavaThread "Finalizer"                  daemon [_thread_blocked, id=19200, stack(0x00000083b4f00000,0x00000083b5000000) (1024K)]
  0x000002552bfacae0 JavaThread "Signal Dispatcher"          daemon [_thread_blocked, id=21456, stack(0x00000083b5000000,0x00000083b5100000) (1024K)]
  0x000002552bfad530 JavaThread "Attach Listener"            daemon [_thread_blocked, id=8524, stack(0x00000083b5100000,0x00000083b5200000) (1024K)]
  0x000002552bfae850 JavaThread "Service Thread"             daemon [_thread_blocked, id=7436, stack(0x00000083b5200000,0x00000083b5300000) (1024K)]
  0x000002552bfb3070 JavaThread "Monitor Deflation Thread"   daemon [_thread_blocked, id=19496, stack(0x00000083b5300000,0x00000083b5400000) (1024K)]
=>0x000002552bfd7d60 JavaThread "C2 CompilerThread0"         daemon [_thread_in_native, id=23592, stack(0x00000083b5400000,0x00000083b5500000) (1024K)]
  0x000002552bfdc1d0 JavaThread "C1 CompilerThread0"         daemon [_thread_blocked, id=6744, stack(0x00000083b5500000,0x00000083b5600000) (1024K)]
  0x0000025571414980 JavaThread "Notification Thread"        daemon [_thread_blocked, id=19508, stack(0x00000083b5800000,0x00000083b5900000) (1024K)]
  0x00000255712bde30 JavaThread "Common-Cleaner"             daemon [_thread_blocked, id=17652, stack(0x00000083b5900000,0x00000083b5a00000) (1024K)]
  0x0000025572c710b0 JavaThread "Catalina-utility-1"                [_thread_blocked, id=15800, stack(0x00000083b6d00000,0x00000083b6e00000) (1024K)]
  0x0000025572c6e950 JavaThread "Catalina-utility-2"                [_thread_blocked, id=15896, stack(0x00000083b6e00000,0x00000083b6f00000) (1024K)]
  0x0000025572c6efe0 JavaThread "container-0"                       [_thread_blocked, id=12916, stack(0x00000083b6f00000,0x00000083b7000000) (1024K)]
  0x0000025572c6f670 JavaThread "mysql-cj-abandoned-connection-cleanup" daemon [_thread_blocked, id=15092, stack(0x00000083b7000000,0x00000083b7100000) (1024K)]
  0x0000025572c6dc30 JavaThread "HikariPool-1 housekeeper"   daemon [_thread_blocked, id=20356, stack(0x00000083b6b00000,0x00000083b6c00000) (1024K)]
  0x0000025572c70390 JavaThread "spring.cloud.inetutils"     daemon [_thread_blocked, id=19188, stack(0x00000083b7200000,0x00000083b7300000) (1024K)]
  0x0000025572bc0cb0 JavaThread "catalogWatchTaskScheduler-1"        [_thread_in_native, id=2948, stack(0x00000083b6600000,0x00000083b6700000) (1024K)]
  0x0000025572bbff90 JavaThread "http-nio-auto-1-exec-1"     daemon [_thread_blocked, id=22980, stack(0x00000083b7300000,0x00000083b7400000) (1024K)]
  0x0000025572bbf270 JavaThread "http-nio-auto-1-exec-2"     daemon [_thread_blocked, id=676, stack(0x00000083b7400000,0x00000083b7500000) (1024K)]
  0x0000025572bc1340 JavaThread "http-nio-auto-1-exec-3"     daemon [_thread_blocked, id=13360, stack(0x00000083b7500000,0x00000083b7600000) (1024K)]
  0x0000025572bc19d0 JavaThread "http-nio-auto-1-exec-4"     daemon [_thread_blocked, id=1768, stack(0x00000083b7600000,0x00000083b7700000) (1024K)]
  0x0000025572bc2060 JavaThread "http-nio-auto-1-exec-5"     daemon [_thread_blocked, id=22736, stack(0x00000083b7700000,0x00000083b7800000) (1024K)]
  0x0000025572bbebe0 JavaThread "http-nio-auto-1-exec-6"     daemon [_thread_blocked, id=4128, stack(0x00000083b7800000,0x00000083b7900000) (1024K)]
  0x0000025572bbf900 JavaThread "http-nio-auto-1-exec-7"     daemon [_thread_blocked, id=24532, stack(0x00000083b7900000,0x00000083b7a00000) (1024K)]
  0x0000025572bc0620 JavaThread "http-nio-auto-1-exec-8"     daemon [_thread_blocked, id=6556, stack(0x00000083b7a00000,0x00000083b7b00000) (1024K)]
  0x0000025577cfec10 JavaThread "http-nio-auto-1-exec-9"     daemon [_thread_blocked, id=22212, stack(0x00000083b7b00000,0x00000083b7c00000) (1024K)]
  0x0000025577cff2a0 JavaThread "http-nio-auto-1-exec-10"    daemon [_thread_blocked, id=22060, stack(0x00000083b7c00000,0x00000083b7d00000) (1024K)]
  0x0000025577d02720 JavaThread "http-nio-auto-1-Poller"     daemon [_thread_in_native, id=10184, stack(0x00000083b7d00000,0x00000083b7e00000) (1024K)]
  0x0000025577cfcb40 JavaThread "http-nio-auto-1-Acceptor"   daemon [_thread_in_native, id=18468, stack(0x00000083b7e00000,0x00000083b7f00000) (1024K)]
  0x0000025577cfd860 JavaThread "springCloudBus.anonymous.rbKa1WpkT125sJg_AFfTzQ-1"        [_thread_in_vm, id=18948, stack(0x00000083b8100000,0x00000083b8200000) (1024K)]
  0x0000025577cfffc0 JavaThread "DestroyJavaVM"                     [_thread_blocked, id=24240, stack(0x00000083b4600000,0x00000083b4700000) (1024K)]
Total: 31

Other Threads:
  0x000002552bf8c3b0 VMThread "VM Thread"                           [id=2452, stack(0x00000083b4d00000,0x00000083b4e00000) (1024K)]
  0x000002552bf787f0 WatcherThread "VM Periodic Task Thread"        [id=19856, stack(0x00000083b4c00000,0x00000083b4d00000) (1024K)]
  0x000002550eba55a0 WorkerThread "GC Thread#0"                     [id=10256, stack(0x00000083b4700000,0x00000083b4800000) (1024K)]
  0x0000025571c36cc0 WorkerThread "GC Thread#1"                     [id=9144, stack(0x00000083b5b00000,0x00000083b5c00000) (1024K)]
  0x0000025571c37060 WorkerThread "GC Thread#2"                     [id=22548, stack(0x00000083b5c00000,0x00000083b5d00000) (1024K)]
  0x0000025571c3b200 WorkerThread "GC Thread#3"                     [id=12744, stack(0x00000083b5d00000,0x00000083b5e00000) (1024K)]
  0x0000025571d16770 WorkerThread "GC Thread#4"                     [id=24216, stack(0x00000083b5e00000,0x00000083b5f00000) (1024K)]
  0x00000255727e0790 WorkerThread "GC Thread#5"                     [id=23548, stack(0x00000083b5f00000,0x00000083b6000000) (1024K)]
  0x00000255727e0b30 WorkerThread "GC Thread#6"                     [id=17480, stack(0x00000083b6000000,0x00000083b6100000) (1024K)]
  0x00000255727e20f0 WorkerThread "GC Thread#7"                     [id=19052, stack(0x00000083b6100000,0x00000083b6200000) (1024K)]
  0x00000255727e19b0 WorkerThread "GC Thread#8"                     [id=9520, stack(0x00000083b6200000,0x00000083b6300000) (1024K)]
  0x00000255727e0ed0 WorkerThread "GC Thread#9"                     [id=22008, stack(0x00000083b6300000,0x00000083b6400000) (1024K)]
  0x00000255727e1270 WorkerThread "GC Thread#10"                    [id=8784, stack(0x00000083b6400000,0x00000083b6500000) (1024K)]
  0x000002557418ad80 WorkerThread "GC Thread#11"                    [id=20120, stack(0x00000083b6700000,0x00000083b6800000) (1024K)]
  0x000002557418b860 WorkerThread "GC Thread#12"                    [id=5480, stack(0x00000083b6800000,0x00000083b6900000) (1024K)]
  0x000002550ebb7720 ConcurrentGCThread "G1 Main Marker"            [id=24112, stack(0x00000083b4800000,0x00000083b4900000) (1024K)]
  0x000002550ebb8d30 WorkerThread "G1 Conc#0"                       [id=22840, stack(0x00000083b4900000,0x00000083b4a00000) (1024K)]
  0x000002557418a2a0 WorkerThread "G1 Conc#1"                       [id=21928, stack(0x00000083b6900000,0x00000083b6a00000) (1024K)]
  0x000002557418b120 WorkerThread "G1 Conc#2"                       [id=22276, stack(0x00000083b6a00000,0x00000083b6b00000) (1024K)]
  0x000002552be4aa90 ConcurrentGCThread "G1 Refine#0"               [id=18444, stack(0x00000083b4a00000,0x00000083b4b00000) (1024K)]
  0x000002552be4b410 ConcurrentGCThread "G1 Service"                [id=6720, stack(0x00000083b4b00000,0x00000083b4c00000) (1024K)]
Total: 21

Threads with active compile tasks:
C2 CompilerThread0   724356 10748       4       java.lang.invoke.InvokerBytecodeGenerator::emitStaticInvoke (258 bytes)
Total: 1

VM state: not at safepoint (normal execution)

VM Mutex/Monitor currently owned by a thread: None

Heap address: 0x0000000083600000, size: 1994 MB, Compressed Oops mode: 32-bit

CDS archive(s) mapped at: [0x000002552c000000-0x000002552cc90000-0x000002552cc90000), size 13172736, SharedBaseAddress: 0x000002552c000000, ArchiveRelocationMode: 1.
Compressed class space mapped at: 0x000002552d000000-0x000002556d000000, reserved size: 1073741824
Narrow klass base: 0x000002552c000000, Narrow klass shift: 0, Narrow klass range: 0x100000000

GC Precious Log:
 CardTable entry size: 512
 Card Set container configuration: InlinePtr #cards 5 size 8 Array Of Cards #cards 12 size 40 Howl #buckets 4 coarsen threshold 1843 Howl Bitmap #cards 512 size 80 coarsen threshold 460 Card regions per heap region 1 cards per card region 2048
 CPUs: 16 total, 16 available
 Memory: 7968M
 Large Page Support: Disabled
 NUMA Support: Disabled
 Compressed Oops: Enabled (32-bit)
 Heap Region Size: 1M
 Heap Min Capacity: 8M
 Heap Initial Capacity: 126M
 Heap Max Capacity: 1994M
 Pre-touch: Disabled
 Parallel Workers: 13
 Concurrent Workers: 3
 Concurrent Refinement Workers: 13
 Periodic GC: Disabled

Heap:
 garbage-first heap   total 177152K, used 134305K [0x0000000083600000, 0x0000000100000000)
  region size 1024K, 71 young (72704K), 7 survivors (7168K)
 Metaspace       used 99919K, committed 101056K, reserved 1179648K
  class space    used 13475K, committed 14016K, reserved 1048576K

Heap Regions: E=young(eden), S=young(survivor), O=old, HS=humongous(starts), HC=humongous(continues), CS=collection set, F=free, TAMS=top-at-mark-start, PB=parsable bottom
|   0|0x0000000083600000, 0x0000000083700000, 0x0000000083700000|100%|HS|  |TAMS 0x0000000083600000| PB 0x0000000083600000| Complete 
|   1|0x0000000083700000, 0x0000000083800000, 0x0000000083800000|100%| O|  |TAMS 0x0000000083700000| PB 0x0000000083700000| Untracked 
|   2|0x0000000083800000, 0x0000000083900000, 0x0000000083900000|100%|HS|  |TAMS 0x0000000083800000| PB 0x0000000083800000| Complete 
|   3|0x0000000083900000, 0x0000000083a00000, 0x0000000083a00000|100%| O|  |TAMS 0x0000000083900000| PB 0x0000000083900000| Untracked 
|   4|0x0000000083a00000, 0x0000000083b00000, 0x0000000083b00000|100%| O|  |TAMS 0x0000000083a00000| PB 0x0000000083a00000| Untracked 
|   5|0x0000000083b00000, 0x0000000083c00000, 0x0000000083c00000|100%| O|  |TAMS 0x0000000083b00000| PB 0x0000000083b00000| Untracked 
|   6|0x0000000083c00000, 0x0000000083d00000, 0x0000000083d00000|100%| O|  |TAMS 0x0000000083c00000| PB 0x0000000083c00000| Untracked 
|   7|0x0000000083d00000, 0x0000000083e00000, 0x0000000083e00000|100%| O|  |TAMS 0x0000000083d00000| PB 0x0000000083d00000| Untracked 
|   8|0x0000000083e00000, 0x0000000083f00000, 0x0000000083f00000|100%| O|  |TAMS 0x0000000083e00000| PB 0x0000000083e00000| Untracked 
|   9|0x0000000083f00000, 0x0000000084000000, 0x0000000084000000|100%| O|  |TAMS 0x0000000083f00000| PB 0x0000000083f00000| Untracked 
|  10|0x0000000084000000, 0x0000000084100000, 0x0000000084100000|100%| O|  |TAMS 0x0000000084000000| PB 0x0000000084000000| Untracked 
|  11|0x0000000084100000, 0x0000000084200000, 0x0000000084200000|100%| O|  |TAMS 0x0000000084100000| PB 0x0000000084100000| Untracked 
|  12|0x0000000084200000, 0x0000000084300000, 0x0000000084300000|100%| O|  |TAMS 0x0000000084200000| PB 0x0000000084200000| Untracked 
|  13|0x0000000084300000, 0x0000000084400000, 0x0000000084400000|100%| O|  |TAMS 0x0000000084300000| PB 0x0000000084300000| Untracked 
|  14|0x0000000084400000, 0x0000000084500000, 0x0000000084500000|100%| O|  |TAMS 0x0000000084400000| PB 0x0000000084400000| Untracked 
|  15|0x0000000084500000, 0x0000000084600000, 0x0000000084600000|100%| O|  |TAMS 0x0000000084500000| PB 0x0000000084500000| Untracked 
|  16|0x0000000084600000, 0x0000000084700000, 0x0000000084700000|100%| O|  |TAMS 0x0000000084600000| PB 0x0000000084600000| Untracked 
|  17|0x0000000084700000, 0x0000000084800000, 0x0000000084800000|100%| O|  |TAMS 0x0000000084700000| PB 0x0000000084700000| Untracked 
|  18|0x0000000084800000, 0x0000000084900000, 0x0000000084900000|100%| O|  |TAMS 0x0000000084800000| PB 0x0000000084800000| Untracked 
|  19|0x0000000084900000, 0x0000000084a00000, 0x0000000084a00000|100%| O|  |TAMS 0x0000000084900000| PB 0x0000000084900000| Untracked 
|  20|0x0000000084a00000, 0x0000000084b00000, 0x0000000084b00000|100%| O|  |TAMS 0x0000000084a00000| PB 0x0000000084a00000| Untracked 
|  21|0x0000000084b00000, 0x0000000084c00000, 0x0000000084c00000|100%| O|  |TAMS 0x0000000084b00000| PB 0x0000000084b00000| Untracked 
|  22|0x0000000084c00000, 0x0000000084d00000, 0x0000000084d00000|100%| O|  |TAMS 0x0000000084c00000| PB 0x0000000084c00000| Untracked 
|  23|0x0000000084d00000, 0x0000000084d00000, 0x0000000084e00000|  0%| F|  |TAMS 0x0000000084d00000| PB 0x0000000084d00000| Untracked 
|  24|0x0000000084e00000, 0x0000000084f00000, 0x0000000084f00000|100%| O|  |TAMS 0x0000000084e00000| PB 0x0000000084e00000| Untracked 
|  25|0x0000000084f00000, 0x0000000085000000, 0x0000000085000000|100%| O|  |TAMS 0x0000000084f00000| PB 0x0000000084f00000| Untracked 
|  26|0x0000000085000000, 0x0000000085100000, 0x0000000085100000|100%| O|  |TAMS 0x0000000085000000| PB 0x0000000085000000| Untracked 
|  27|0x0000000085100000, 0x0000000085200000, 0x0000000085200000|100%| O|  |TAMS 0x0000000085100000| PB 0x0000000085100000| Untracked 
|  28|0x0000000085200000, 0x0000000085300000, 0x0000000085300000|100%| O|  |TAMS 0x0000000085200000| PB 0x0000000085200000| Untracked 
|  29|0x0000000085300000, 0x0000000085400000, 0x0000000085400000|100%| O|  |TAMS 0x0000000085300000| PB 0x0000000085300000| Untracked 
|  30|0x0000000085400000, 0x0000000085500000, 0x0000000085500000|100%| O|  |TAMS 0x0000000085400000| PB 0x0000000085400000| Untracked 
|  31|0x0000000085500000, 0x0000000085600000, 0x0000000085600000|100%| O|  |TAMS 0x0000000085500000| PB 0x0000000085500000| Untracked 
|  32|0x0000000085600000, 0x0000000085700000, 0x0000000085700000|100%| O|  |TAMS 0x0000000085600000| PB 0x0000000085600000| Untracked 
|  33|0x0000000085700000, 0x0000000085800000, 0x0000000085800000|100%| O|  |TAMS 0x0000000085700000| PB 0x0000000085700000| Untracked 
|  34|0x0000000085800000, 0x0000000085900000, 0x0000000085900000|100%| O|  |TAMS 0x0000000085800000| PB 0x0000000085800000| Untracked 
|  35|0x0000000085900000, 0x0000000085a00000, 0x0000000085a00000|100%| O|  |TAMS 0x0000000085900000| PB 0x0000000085900000| Untracked 
|  36|0x0000000085a00000, 0x0000000085b00000, 0x0000000085b00000|100%| O|  |TAMS 0x0000000085a00000| PB 0x0000000085a00000| Untracked 
|  37|0x0000000085b00000, 0x0000000085b00000, 0x0000000085c00000|  0%| F|  |TAMS 0x0000000085b00000| PB 0x0000000085b00000| Untracked 
|  38|0x0000000085c00000, 0x0000000085d00000, 0x0000000085d00000|100%| O|  |TAMS 0x0000000085c00000| PB 0x0000000085c00000| Untracked 
|  39|0x0000000085d00000, 0x0000000085e00000, 0x0000000085e00000|100%| O|  |TAMS 0x0000000085d00000| PB 0x0000000085d00000| Untracked 
|  40|0x0000000085e00000, 0x0000000085f00000, 0x0000000085f00000|100%| O|  |TAMS 0x0000000085e00000| PB 0x0000000085e00000| Untracked 
|  41|0x0000000085f00000, 0x0000000086000000, 0x0000000086000000|100%| O|  |TAMS 0x0000000085f00000| PB 0x0000000085f00000| Untracked 
|  42|0x0000000086000000, 0x0000000086100000, 0x0000000086100000|100%| O|  |TAMS 0x0000000086000000| PB 0x0000000086000000| Untracked 
|  43|0x0000000086100000, 0x0000000086200000, 0x0000000086200000|100%| O|  |TAMS 0x0000000086100000| PB 0x0000000086100000| Untracked 
|  44|0x0000000086200000, 0x0000000086300000, 0x0000000086300000|100%| O|  |TAMS 0x0000000086200000| PB 0x0000000086200000| Untracked 
|  45|0x0000000086300000, 0x0000000086400000, 0x0000000086400000|100%| O|  |TAMS 0x0000000086300000| PB 0x0000000086300000| Untracked 
|  46|0x0000000086400000, 0x0000000086500000, 0x0000000086500000|100%| O|  |TAMS 0x0000000086400000| PB 0x0000000086400000| Untracked 
|  47|0x0000000086500000, 0x0000000086600000, 0x0000000086600000|100%| O|  |TAMS 0x0000000086500000| PB 0x0000000086500000| Untracked 
|  48|0x0000000086600000, 0x0000000086700000, 0x0000000086700000|100%| O|  |TAMS 0x0000000086600000| PB 0x0000000086600000| Untracked 
|  49|0x0000000086700000, 0x0000000086800000, 0x0000000086800000|100%| O|  |TAMS 0x0000000086700000| PB 0x0000000086700000| Untracked 
|  50|0x0000000086800000, 0x0000000086900000, 0x0000000086900000|100%| O|  |TAMS 0x0000000086800000| PB 0x0000000086800000| Untracked 
|  51|0x0000000086900000, 0x0000000086a00000, 0x0000000086a00000|100%| O|  |TAMS 0x0000000086900000| PB 0x0000000086900000| Untracked 
|  52|0x0000000086a00000, 0x0000000086b00000, 0x0000000086b00000|100%| O|  |TAMS 0x0000000086a00000| PB 0x0000000086a00000| Untracked 
|  53|0x0000000086b00000, 0x0000000086c00000, 0x0000000086c00000|100%| O|  |TAMS 0x0000000086b00000| PB 0x0000000086b00000| Untracked 
|  54|0x0000000086c00000, 0x0000000086d00000, 0x0000000086d00000|100%| O|  |TAMS 0x0000000086c00000| PB 0x0000000086c00000| Untracked 
|  55|0x0000000086d00000, 0x0000000086e00000, 0x0000000086e00000|100%| O|  |TAMS 0x0000000086d00000| PB 0x0000000086d00000| Untracked 
|  56|0x0000000086e00000, 0x0000000086f00000, 0x0000000086f00000|100%| O|  |TAMS 0x0000000086e00000| PB 0x0000000086e00000| Untracked 
|  57|0x0000000086f00000, 0x0000000087000000, 0x0000000087000000|100%| O|  |TAMS 0x0000000086f00000| PB 0x0000000086f00000| Untracked 
|  58|0x0000000087000000, 0x0000000087100000, 0x0000000087100000|100%| O|  |TAMS 0x0000000087000000| PB 0x0000000087000000| Untracked 
|  59|0x0000000087100000, 0x0000000087200000, 0x0000000087200000|100%| O|  |TAMS 0x0000000087100000| PB 0x0000000087100000| Untracked 
|  60|0x0000000087200000, 0x0000000087300000, 0x0000000087300000|100%| O|  |TAMS 0x0000000087200000| PB 0x0000000087200000| Untracked 
|  61|0x0000000087300000, 0x0000000087400000, 0x0000000087400000|100%| O|  |TAMS 0x0000000087300000| PB 0x0000000087300000| Untracked 
|  62|0x0000000087400000, 0x0000000087500000, 0x0000000087500000|100%| O|  |TAMS 0x0000000087400000| PB 0x0000000087400000| Untracked 
|  63|0x0000000087500000, 0x00000000875fdb60, 0x0000000087600000| 99%| O|  |TAMS 0x0000000087500000| PB 0x0000000087500000| Untracked 
|  64|0x0000000087600000, 0x0000000087600000, 0x0000000087700000|  0%| F|  |TAMS 0x0000000087600000| PB 0x0000000087600000| Untracked 
|  65|0x0000000087700000, 0x0000000087700000, 0x0000000087800000|  0%| F|  |TAMS 0x0000000087700000| PB 0x0000000087700000| Untracked 
|  66|0x0000000087800000, 0x0000000087800000, 0x0000000087900000|  0%| F|  |TAMS 0x0000000087800000| PB 0x0000000087800000| Untracked 
|  67|0x0000000087900000, 0x000000008792a9c8, 0x0000000087a00000| 16%| S|CS|TAMS 0x0000000087900000| PB 0x0000000087900000| Complete 
|  68|0x0000000087a00000, 0x0000000087b00000, 0x0000000087b00000|100%| S|CS|TAMS 0x0000000087a00000| PB 0x0000000087a00000| Complete 
|  69|0x0000000087b00000, 0x0000000087b00000, 0x0000000087c00000|  0%| F|  |TAMS 0x0000000087b00000| PB 0x0000000087b00000| Untracked 
|  70|0x0000000087c00000, 0x0000000087d00000, 0x0000000087d00000|100%| S|CS|TAMS 0x0000000087c00000| PB 0x0000000087c00000| Complete 
|  71|0x0000000087d00000, 0x0000000087e00000, 0x0000000087e00000|100%| S|CS|TAMS 0x0000000087d00000| PB 0x0000000087d00000| Complete 
|  72|0x0000000087e00000, 0x0000000087f00000, 0x0000000087f00000|100%| S|CS|TAMS 0x0000000087e00000| PB 0x0000000087e00000| Complete 
|  73|0x0000000087f00000, 0x0000000088000000, 0x0000000088000000|100%| S|CS|TAMS 0x0000000087f00000| PB 0x0000000087f00000| Complete 
|  74|0x0000000088000000, 0x0000000088100000, 0x0000000088100000|100%| S|CS|TAMS 0x0000000088000000| PB 0x0000000088000000| Complete 
|  75|0x0000000088100000, 0x0000000088100000, 0x0000000088200000|  0%| F|  |TAMS 0x0000000088100000| PB 0x0000000088100000| Untracked 
|  76|0x0000000088200000, 0x0000000088200000, 0x0000000088300000|  0%| F|  |TAMS 0x0000000088200000| PB 0x0000000088200000| Untracked 
|  77|0x0000000088300000, 0x0000000088300000, 0x0000000088400000|  0%| F|  |TAMS 0x0000000088300000| PB 0x0000000088300000| Untracked 
|  78|0x0000000088400000, 0x0000000088400000, 0x0000000088500000|  0%| F|  |TAMS 0x0000000088400000| PB 0x0000000088400000| Untracked 
|  79|0x0000000088500000, 0x0000000088500000, 0x0000000088600000|  0%| F|  |TAMS 0x0000000088500000| PB 0x0000000088500000| Untracked 
|  80|0x0000000088600000, 0x0000000088600000, 0x0000000088700000|  0%| F|  |TAMS 0x0000000088600000| PB 0x0000000088600000| Untracked 
|  81|0x0000000088700000, 0x0000000088700000, 0x0000000088800000|  0%| F|  |TAMS 0x0000000088700000| PB 0x0000000088700000| Untracked 
|  82|0x0000000088800000, 0x0000000088800000, 0x0000000088900000|  0%| F|  |TAMS 0x0000000088800000| PB 0x0000000088800000| Untracked 
|  83|0x0000000088900000, 0x0000000088900000, 0x0000000088a00000|  0%| F|  |TAMS 0x0000000088900000| PB 0x0000000088900000| Untracked 
|  84|0x0000000088a00000, 0x0000000088a00000, 0x0000000088b00000|  0%| F|  |TAMS 0x0000000088a00000| PB 0x0000000088a00000| Untracked 
|  85|0x0000000088b00000, 0x0000000088b00000, 0x0000000088c00000|  0%| F|  |TAMS 0x0000000088b00000| PB 0x0000000088b00000| Untracked 
|  86|0x0000000088c00000, 0x0000000088c00000, 0x0000000088d00000|  0%| F|  |TAMS 0x0000000088c00000| PB 0x0000000088c00000| Untracked 
|  87|0x0000000088d00000, 0x0000000088d00000, 0x0000000088e00000|  0%| F|  |TAMS 0x0000000088d00000| PB 0x0000000088d00000| Untracked 
|  88|0x0000000088e00000, 0x0000000088e00000, 0x0000000088f00000|  0%| F|  |TAMS 0x0000000088e00000| PB 0x0000000088e00000| Untracked 
|  89|0x0000000088f00000, 0x0000000088f00000, 0x0000000089000000|  0%| F|  |TAMS 0x0000000088f00000| PB 0x0000000088f00000| Untracked 
|  90|0x0000000089000000, 0x0000000089000000, 0x0000000089100000|  0%| F|  |TAMS 0x0000000089000000| PB 0x0000000089000000| Untracked 
|  91|0x0000000089100000, 0x0000000089100000, 0x0000000089200000|  0%| F|  |TAMS 0x0000000089100000| PB 0x0000000089100000| Untracked 
|  92|0x0000000089200000, 0x0000000089200000, 0x0000000089300000|  0%| F|  |TAMS 0x0000000089200000| PB 0x0000000089200000| Untracked 
|  93|0x0000000089300000, 0x0000000089300000, 0x0000000089400000|  0%| F|  |TAMS 0x0000000089300000| PB 0x0000000089300000| Untracked 
|  94|0x0000000089400000, 0x0000000089400000, 0x0000000089500000|  0%| F|  |TAMS 0x0000000089400000| PB 0x0000000089400000| Untracked 
|  95|0x0000000089500000, 0x0000000089500000, 0x0000000089600000|  0%| F|  |TAMS 0x0000000089500000| PB 0x0000000089500000| Untracked 
|  96|0x0000000089600000, 0x0000000089600000, 0x0000000089700000|  0%| F|  |TAMS 0x0000000089600000| PB 0x0000000089600000| Untracked 
|  97|0x0000000089700000, 0x0000000089700000, 0x0000000089800000|  0%| F|  |TAMS 0x0000000089700000| PB 0x0000000089700000| Untracked 
|  98|0x0000000089800000, 0x0000000089800000, 0x0000000089900000|  0%| F|  |TAMS 0x0000000089800000| PB 0x0000000089800000| Untracked 
|  99|0x0000000089900000, 0x0000000089900000, 0x0000000089a00000|  0%| F|  |TAMS 0x0000000089900000| PB 0x0000000089900000| Untracked 
| 100|0x0000000089a00000, 0x0000000089a00000, 0x0000000089b00000|  0%| F|  |TAMS 0x0000000089a00000| PB 0x0000000089a00000| Untracked 
| 101|0x0000000089b00000, 0x0000000089b00000, 0x0000000089c00000|  0%| F|  |TAMS 0x0000000089b00000| PB 0x0000000089b00000| Untracked 
| 102|0x0000000089c00000, 0x0000000089c00000, 0x0000000089d00000|  0%| F|  |TAMS 0x0000000089c00000| PB 0x0000000089c00000| Untracked 
| 103|0x0000000089d00000, 0x0000000089d00000, 0x0000000089e00000|  0%| F|  |TAMS 0x0000000089d00000| PB 0x0000000089d00000| Untracked 
| 104|0x0000000089e00000, 0x0000000089e00000, 0x0000000089f00000|  0%| F|  |TAMS 0x0000000089e00000| PB 0x0000000089e00000| Untracked 
| 105|0x0000000089f00000, 0x0000000089f00000, 0x000000008a000000|  0%| F|  |TAMS 0x0000000089f00000| PB 0x0000000089f00000| Untracked 
| 106|0x000000008a000000, 0x000000008a000000, 0x000000008a100000|  0%| F|  |TAMS 0x000000008a000000| PB 0x000000008a000000| Untracked 
| 107|0x000000008a100000, 0x000000008a100000, 0x000000008a200000|  0%| F|  |TAMS 0x000000008a100000| PB 0x000000008a100000| Untracked 
| 108|0x000000008a200000, 0x000000008a200000, 0x000000008a300000|  0%| F|  |TAMS 0x000000008a200000| PB 0x000000008a200000| Untracked 
| 109|0x000000008a300000, 0x000000008a359b78, 0x000000008a400000| 35%| E|  |TAMS 0x000000008a300000| PB 0x000000008a300000| Complete 
| 110|0x000000008a400000, 0x000000008a500000, 0x000000008a500000|100%| E|CS|TAMS 0x000000008a400000| PB 0x000000008a400000| Complete 
| 111|0x000000008a500000, 0x000000008a600000, 0x000000008a600000|100%| E|CS|TAMS 0x000000008a500000| PB 0x000000008a500000| Complete 
| 112|0x000000008a600000, 0x000000008a700000, 0x000000008a700000|100%| E|CS|TAMS 0x000000008a600000| PB 0x000000008a600000| Complete 
| 113|0x000000008a700000, 0x000000008a800000, 0x000000008a800000|100%| E|CS|TAMS 0x000000008a700000| PB 0x000000008a700000| Complete 
| 114|0x000000008a800000, 0x000000008a900000, 0x000000008a900000|100%| E|CS|TAMS 0x000000008a800000| PB 0x000000008a800000| Complete 
| 115|0x000000008a900000, 0x000000008aa00000, 0x000000008aa00000|100%| E|CS|TAMS 0x000000008a900000| PB 0x000000008a900000| Complete 
| 116|0x000000008aa00000, 0x000000008ab00000, 0x000000008ab00000|100%| E|CS|TAMS 0x000000008aa00000| PB 0x000000008aa00000| Complete 
| 117|0x000000008ab00000, 0x000000008ac00000, 0x000000008ac00000|100%| E|CS|TAMS 0x000000008ab00000| PB 0x000000008ab00000| Complete 
| 118|0x000000008ac00000, 0x000000008ad00000, 0x000000008ad00000|100%| E|CS|TAMS 0x000000008ac00000| PB 0x000000008ac00000| Complete 
| 119|0x000000008ad00000, 0x000000008ae00000, 0x000000008ae00000|100%| E|CS|TAMS 0x000000008ad00000| PB 0x000000008ad00000| Complete 
| 120|0x000000008ae00000, 0x000000008af00000, 0x000000008af00000|100%| E|CS|TAMS 0x000000008ae00000| PB 0x000000008ae00000| Complete 
| 121|0x000000008af00000, 0x000000008b000000, 0x000000008b000000|100%| E|CS|TAMS 0x000000008af00000| PB 0x000000008af00000| Complete 
| 122|0x000000008b000000, 0x000000008b100000, 0x000000008b100000|100%| E|CS|TAMS 0x000000008b000000| PB 0x000000008b000000| Complete 
| 123|0x000000008b100000, 0x000000008b200000, 0x000000008b200000|100%| E|CS|TAMS 0x000000008b100000| PB 0x000000008b100000| Complete 
| 124|0x000000008b200000, 0x000000008b300000, 0x000000008b300000|100%| E|CS|TAMS 0x000000008b200000| PB 0x000000008b200000| Complete 
| 125|0x000000008b300000, 0x000000008b400000, 0x000000008b400000|100%| E|CS|TAMS 0x000000008b300000| PB 0x000000008b300000| Complete 
| 126|0x000000008b400000, 0x000000008b500000, 0x000000008b500000|100%| E|CS|TAMS 0x000000008b400000| PB 0x000000008b400000| Complete 
| 127|0x000000008b500000, 0x000000008b600000, 0x000000008b600000|100%| E|CS|TAMS 0x000000008b500000| PB 0x000000008b500000| Complete 
| 128|0x000000008b600000, 0x000000008b700000, 0x000000008b700000|100%| E|CS|TAMS 0x000000008b600000| PB 0x000000008b600000| Complete 
| 129|0x000000008b700000, 0x000000008b800000, 0x000000008b800000|100%| E|CS|TAMS 0x000000008b700000| PB 0x000000008b700000| Complete 
| 130|0x000000008b800000, 0x000000008b900000, 0x000000008b900000|100%| E|CS|TAMS 0x000000008b800000| PB 0x000000008b800000| Complete 
| 131|0x000000008b900000, 0x000000008ba00000, 0x000000008ba00000|100%| E|CS|TAMS 0x000000008b900000| PB 0x000000008b900000| Complete 
| 132|0x000000008ba00000, 0x000000008bb00000, 0x000000008bb00000|100%| E|CS|TAMS 0x000000008ba00000| PB 0x000000008ba00000| Complete 
| 133|0x000000008bb00000, 0x000000008bc00000, 0x000000008bc00000|100%| E|CS|TAMS 0x000000008bb00000| PB 0x000000008bb00000| Complete 
| 134|0x000000008bc00000, 0x000000008bd00000, 0x000000008bd00000|100%| E|CS|TAMS 0x000000008bc00000| PB 0x000000008bc00000| Complete 
| 135|0x000000008bd00000, 0x000000008be00000, 0x000000008be00000|100%| E|CS|TAMS 0x000000008bd00000| PB 0x000000008bd00000| Complete 
| 136|0x000000008be00000, 0x000000008bf00000, 0x000000008bf00000|100%| E|CS|TAMS 0x000000008be00000| PB 0x000000008be00000| Complete 
| 137|0x000000008bf00000, 0x000000008c000000, 0x000000008c000000|100%| E|CS|TAMS 0x000000008bf00000| PB 0x000000008bf00000| Complete 
| 138|0x000000008c000000, 0x000000008c100000, 0x000000008c100000|100%| E|CS|TAMS 0x000000008c000000| PB 0x000000008c000000| Complete 
| 139|0x000000008c100000, 0x000000008c200000, 0x000000008c200000|100%| E|CS|TAMS 0x000000008c100000| PB 0x000000008c100000| Complete 
| 140|0x000000008c200000, 0x000000008c300000, 0x000000008c300000|100%| E|CS|TAMS 0x000000008c200000| PB 0x000000008c200000| Complete 
| 141|0x000000008c300000, 0x000000008c400000, 0x000000008c400000|100%| E|CS|TAMS 0x000000008c300000| PB 0x000000008c300000| Complete 
| 142|0x000000008c400000, 0x000000008c500000, 0x000000008c500000|100%| E|CS|TAMS 0x000000008c400000| PB 0x000000008c400000| Complete 
| 143|0x000000008c500000, 0x000000008c600000, 0x000000008c600000|100%| E|CS|TAMS 0x000000008c500000| PB 0x000000008c500000| Complete 
| 144|0x000000008c600000, 0x000000008c700000, 0x000000008c700000|100%| E|CS|TAMS 0x000000008c600000| PB 0x000000008c600000| Complete 
| 145|0x000000008c700000, 0x000000008c800000, 0x000000008c800000|100%| E|CS|TAMS 0x000000008c700000| PB 0x000000008c700000| Complete 
| 146|0x000000008c800000, 0x000000008c900000, 0x000000008c900000|100%| E|CS|TAMS 0x000000008c800000| PB 0x000000008c800000| Complete 
| 147|0x000000008c900000, 0x000000008ca00000, 0x000000008ca00000|100%| E|CS|TAMS 0x000000008c900000| PB 0x000000008c900000| Complete 
| 148|0x000000008ca00000, 0x000000008cb00000, 0x000000008cb00000|100%| E|CS|TAMS 0x000000008ca00000| PB 0x000000008ca00000| Complete 
| 149|0x000000008cb00000, 0x000000008cc00000, 0x000000008cc00000|100%| E|CS|TAMS 0x000000008cb00000| PB 0x000000008cb00000| Complete 
| 150|0x000000008cc00000, 0x000000008cd00000, 0x000000008cd00000|100%| E|CS|TAMS 0x000000008cc00000| PB 0x000000008cc00000| Complete 
| 151|0x000000008cd00000, 0x000000008ce00000, 0x000000008ce00000|100%| E|CS|TAMS 0x000000008cd00000| PB 0x000000008cd00000| Complete 
| 152|0x000000008ce00000, 0x000000008cf00000, 0x000000008cf00000|100%| E|CS|TAMS 0x000000008ce00000| PB 0x000000008ce00000| Complete 
| 153|0x000000008cf00000, 0x000000008d000000, 0x000000008d000000|100%| E|CS|TAMS 0x000000008cf00000| PB 0x000000008cf00000| Complete 
| 154|0x000000008d000000, 0x000000008d100000, 0x000000008d100000|100%| E|CS|TAMS 0x000000008d000000| PB 0x000000008d000000| Complete 
| 155|0x000000008d100000, 0x000000008d200000, 0x000000008d200000|100%| E|CS|TAMS 0x000000008d100000| PB 0x000000008d100000| Complete 
| 156|0x000000008d200000, 0x000000008d300000, 0x000000008d300000|100%| E|CS|TAMS 0x000000008d200000| PB 0x000000008d200000| Complete 
| 157|0x000000008d300000, 0x000000008d400000, 0x000000008d400000|100%| E|CS|TAMS 0x000000008d300000| PB 0x000000008d300000| Complete 
| 158|0x000000008d400000, 0x000000008d500000, 0x000000008d500000|100%| E|CS|TAMS 0x000000008d400000| PB 0x000000008d400000| Complete 
| 159|0x000000008d500000, 0x000000008d600000, 0x000000008d600000|100%| E|CS|TAMS 0x000000008d500000| PB 0x000000008d500000| Complete 
| 160|0x000000008d600000, 0x000000008d700000, 0x000000008d700000|100%| E|CS|TAMS 0x000000008d600000| PB 0x000000008d600000| Complete 
| 161|0x000000008d700000, 0x000000008d800000, 0x000000008d800000|100%| E|CS|TAMS 0x000000008d700000| PB 0x000000008d700000| Complete 
| 162|0x000000008d800000, 0x000000008d900000, 0x000000008d900000|100%| E|CS|TAMS 0x000000008d800000| PB 0x000000008d800000| Complete 
| 163|0x000000008d900000, 0x000000008da00000, 0x000000008da00000|100%| E|CS|TAMS 0x000000008d900000| PB 0x000000008d900000| Complete 
| 164|0x000000008da00000, 0x000000008db00000, 0x000000008db00000|100%| E|CS|TAMS 0x000000008da00000| PB 0x000000008da00000| Complete 
| 165|0x000000008db00000, 0x000000008dc00000, 0x000000008dc00000|100%| E|CS|TAMS 0x000000008db00000| PB 0x000000008db00000| Complete 
| 166|0x000000008dc00000, 0x000000008dd00000, 0x000000008dd00000|100%| E|CS|TAMS 0x000000008dc00000| PB 0x000000008dc00000| Complete 
| 167|0x000000008dd00000, 0x000000008de00000, 0x000000008de00000|100%| E|CS|TAMS 0x000000008dd00000| PB 0x000000008dd00000| Complete 
| 168|0x000000008de00000, 0x000000008df00000, 0x000000008df00000|100%| E|CS|TAMS 0x000000008de00000| PB 0x000000008de00000| Complete 
| 169|0x000000008df00000, 0x000000008e000000, 0x000000008e000000|100%| E|CS|TAMS 0x000000008df00000| PB 0x000000008df00000| Complete 
| 170|0x000000008e000000, 0x000000008e100000, 0x000000008e100000|100%| E|CS|TAMS 0x000000008e000000| PB 0x000000008e000000| Complete 
| 171|0x000000008e100000, 0x000000008e200000, 0x000000008e200000|100%| E|CS|TAMS 0x000000008e100000| PB 0x000000008e100000| Complete 
| 172|0x000000008e200000, 0x000000008e300000, 0x000000008e300000|100%| E|CS|TAMS 0x000000008e200000| PB 0x000000008e200000| Complete 

Card table byte_map: [0x0000025526c30000,0x0000025527020000] _byte_map_base: 0x0000025526815000

Marking Bits: (CMBitMap*) 0x000002550eba5ba0
 Bits: [0x0000025527020000, 0x0000025528f48000)

Polling page: 0x000002550e300000

Metaspace:

Usage:
  Non-class:     84.42 MB used.
      Class:     13.16 MB used.
       Both:     97.58 MB used.

Virtual space:
  Non-class space:      128.00 MB reserved,      85.00 MB ( 66%) committed,  2 nodes.
      Class space:        1.00 GB reserved,      13.69 MB (  1%) committed,  1 nodes.
             Both:        1.12 GB reserved,      98.69 MB (  9%) committed. 

Chunk freelists:
   Non-Class:  10.83 MB
       Class:  2.34 MB
        Both:  13.16 MB

MaxMetaspaceSize: unlimited
CompressedClassSpaceSize: 1.00 GB
Initial GC threshold: 21.00 MB
Current GC threshold: 149.00 MB
CDS: on
 - commit_granule_bytes: 65536.
 - commit_granule_words: 8192.
 - virtual_space_node_default_size: 8388608.
 - enlarge_chunks_in_place: 1.
 - use_allocation_guard: 0.


Internal statistics:

num_allocs_failed_limit: 11.
num_arena_births: 1774.
num_arena_deaths: 0.
num_vsnodes_births: 3.
num_vsnodes_deaths: 0.
num_space_committed: 1579.
num_space_uncommitted: 0.
num_chunks_returned_to_freelist: 11.
num_chunks_taken_from_freelist: 5378.
num_chunk_merges: 8.
num_chunk_splits: 3862.
num_chunks_enlarged: 2975.
num_inconsistent_stats: 0.

CodeHeap 'non-profiled nmethods': size=119168Kb used=7656Kb max_used=7656Kb free=111511Kb
 bounds [0x000002551eb60000, 0x000002551f2e0000, 0x0000025525fc0000]
CodeHeap 'profiled nmethods': size=119104Kb used=18434Kb max_used=18434Kb free=100669Kb
 bounds [0x0000025516fc0000, 0x00000255181d0000, 0x000002551e410000]
CodeHeap 'non-nmethods': size=7488Kb used=1780Kb max_used=3545Kb free=5707Kb
 bounds [0x000002551e410000, 0x000002551e7a0000, 0x000002551eb60000]
 total_blobs=9788 nmethods=9000 adapters=691
 compilation: enabled
              stopped_count=0, restarted_count=0
 full_count=0

Compilation events (20 events):
Event: 700.289 Thread 0x000002552bfdc1d0 nmethod 10735 0x00000255181b7610 code [0x00000255181b7aa0, 0x00000255181b9a70]
Event: 700.289 Thread 0x000002552bfdc1d0 10736       3       org.springframework.context.support.AbstractApplicationContext::publishEvent (7 bytes)
Event: 700.295 Thread 0x000002552bfdc1d0 nmethod 10736 0x00000255181ba490 code [0x00000255181ba640, 0x00000255181ba810]
Event: 706.399 Thread 0x000002552bfdc1d0 10737       3       org.springframework.context.ApplicationEvent::<init> (13 bytes)
Event: 706.407 Thread 0x000002552bfdc1d0 nmethod 10737 0x00000255181ba910 code [0x00000255181baae0, 0x00000255181bae30]
Event: 709.431 Thread 0x000002552bfdc1d0 10738       3       java.io.Reader::<init> (15 bytes)
Event: 709.434 Thread 0x000002552bfdc1d0 nmethod 10738 0x00000255181baf90 code [0x00000255181bb140, 0x00000255181bb338]
Event: 713.494 Thread 0x000002552bfdc1d0 10742   !   3       sun.net.spi.DefaultProxySelector$3::run (564 bytes)
Event: 713.563 Thread 0x000002552bfdc1d0 nmethod 10742 0x00000255181bb410 code [0x00000255181bbb60, 0x00000255181bf760]
Event: 720.583 Thread 0x000002552bfd7d60 10743       4       java.util.concurrent.locks.LockSupport::setBlocker (12 bytes)
Event: 720.586 Thread 0x000002552bfd7d60 nmethod 10743 0x000002551f2d2d10 code [0x000002551f2d2ea0, 0x000002551f2d2ff0]
Event: 721.775 Thread 0x000002552bfdc1d0 10744       1       org.springframework.aop.framework.AdvisedSupport::getTargetSource (5 bytes)
Event: 721.781 Thread 0x000002552bfdc1d0 nmethod 10744 0x000002551f2d3090 code [0x000002551f2d3220, 0x000002551f2d32e8]
Event: 721.798 Thread 0x000002552bfd7d60 10745       4       org.springframework.core.ResolvableType::isAssignableFrom (503 bytes)
Event: 721.912 Thread 0x000002552bfdc1d0 10746       3       org.springframework.security.context.DelegatingApplicationListener::onApplicationEvent (83 bytes)
Event: 721.921 Thread 0x000002552bfdc1d0 nmethod 10746 0x00000255181c1110 code [0x00000255181c1360, 0x00000255181c1d20]
Event: 722.842 Thread 0x000002552bfd7d60 nmethod 10745 0x000002551f2d3390 code [0x000002551f2d3bc0, 0x000002551f2d75c0]
Event: 723.578 Thread 0x000002552bfdc1d0 10747       3       java.lang.invoke.MethodHandles::foldArgumentsWithCombiner (9 bytes)
Event: 723.586 Thread 0x000002552bfdc1d0 nmethod 10747 0x00000255181c1f90 code [0x00000255181c2140, 0x00000255181c2278]
Event: 723.592 Thread 0x000002552bfd7d60 10748       4       java.lang.invoke.InvokerBytecodeGenerator::emitStaticInvoke (258 bytes)

GC Heap History (20 events):
Event: 5.760 GC heap before
{Heap before GC invocations=12 (full 0):
 garbage-first heap   total 102400K, used 84968K [0x0000000083600000, 0x0000000100000000)
  region size 1024K, 53 young (54272K), 7 survivors (7168K)
 Metaspace       used 59898K, committed 60480K, reserved 1114112K
  class space    used 7736K, committed 8000K, reserved 1048576K
}
Event: 5.764 GC heap after
{Heap after GC invocations=13 (full 0):
 garbage-first heap   total 122880K, used 42313K [0x0000000083600000, 0x0000000100000000)
  region size 1024K, 6 young (6144K), 6 survivors (6144K)
 Metaspace       used 59898K, committed 60480K, reserved 1114112K
  class space    used 7736K, committed 8000K, reserved 1048576K
}
Event: 6.803 GC heap before
{Heap before GC invocations=14 (full 0):
 garbage-first heap   total 122880K, used 107849K [0x0000000083600000, 0x0000000100000000)
  region size 1024K, 70 young (71680K), 6 survivors (6144K)
 Metaspace       used 77079K, committed 77760K, reserved 1179648K
  class space    used 10217K, committed 10560K, reserved 1048576K
}
Event: 6.809 GC heap after
{Heap after GC invocations=15 (full 0):
 garbage-first heap   total 122880K, used 46758K [0x0000000083600000, 0x0000000100000000)
  region size 1024K, 8 young (8192K), 8 survivors (8192K)
 Metaspace       used 77079K, committed 77760K, reserved 1179648K
  class space    used 10217K, committed 10560K, reserved 1048576K
}
Event: 7.272 GC heap before
{Heap before GC invocations=15 (full 0):
 garbage-first heap   total 122880K, used 108198K [0x0000000083600000, 0x0000000100000000)
  region size 1024K, 68 young (69632K), 8 survivors (8192K)
 Metaspace       used 81344K, committed 82048K, reserved 1179648K
  class space    used 10785K, committed 11136K, reserved 1048576K
}
Event: 7.279 GC heap after
{Heap after GC invocations=16 (full 0):
 garbage-first heap   total 122880K, used 49835K [0x0000000083600000, 0x0000000100000000)
  region size 1024K, 8 young (8192K), 8 survivors (8192K)
 Metaspace       used 81344K, committed 82048K, reserved 1179648K
  class space    used 10785K, committed 11136K, reserved 1048576K
}
Event: 7.581 GC heap before
{Heap before GC invocations=16 (full 0):
 garbage-first heap   total 122880K, used 108203K [0x0000000083600000, 0x0000000100000000)
  region size 1024K, 65 young (66560K), 8 survivors (8192K)
 Metaspace       used 83410K, committed 84160K, reserved 1179648K
  class space    used 11097K, committed 11456K, reserved 1048576K
}
Event: 7.587 GC heap after
{Heap after GC invocations=17 (full 0):
 garbage-first heap   total 122880K, used 53096K [0x0000000083600000, 0x0000000100000000)
  region size 1024K, 7 young (7168K), 7 survivors (7168K)
 Metaspace       used 83410K, committed 84160K, reserved 1179648K
  class space    used 11097K, committed 11456K, reserved 1048576K
}
Event: 8.038 GC heap before
{Heap before GC invocations=17 (full 0):
 garbage-first heap   total 122880K, used 109416K [0x0000000083600000, 0x0000000100000000)
  region size 1024K, 62 young (63488K), 7 survivors (7168K)
 Metaspace       used 86219K, committed 86976K, reserved 1179648K
  class space    used 11513K, committed 11904K, reserved 1048576K
}
Event: 8.044 GC heap after
{Heap after GC invocations=18 (full 0):
 garbage-first heap   total 122880K, used 55817K [0x0000000083600000, 0x0000000100000000)
  region size 1024K, 7 young (7168K), 7 survivors (7168K)
 Metaspace       used 86219K, committed 86976K, reserved 1179648K
  class space    used 11513K, committed 11904K, reserved 1048576K
}
Event: 8.374 GC heap before
{Heap before GC invocations=19 (full 0):
 garbage-first heap   total 122880K, used 108041K [0x0000000083600000, 0x0000000100000000)
  region size 1024K, 58 young (59392K), 7 survivors (7168K)
 Metaspace       used 87013K, committed 87808K, reserved 1179648K
  class space    used 11700K, committed 12096K, reserved 1048576K
}
Event: 8.380 GC heap after
{Heap after GC invocations=20 (full 0):
 garbage-first heap   total 147456K, used 58052K [0x0000000083600000, 0x0000000100000000)
  region size 1024K, 5 young (5120K), 5 survivors (5120K)
 Metaspace       used 87013K, committed 87808K, reserved 1179648K
  class space    used 11700K, committed 12096K, reserved 1048576K
}
Event: 8.838 GC heap before
{Heap before GC invocations=20 (full 0):
 garbage-first heap   total 147456K, used 133828K [0x0000000083600000, 0x0000000100000000)
  region size 1024K, 79 young (80896K), 5 survivors (5120K)
 Metaspace       used 88759K, committed 89664K, reserved 1179648K
  class space    used 11991K, committed 12416K, reserved 1048576K
}
Event: 8.846 GC heap after
{Heap after GC invocations=21 (full 0):
 garbage-first heap   total 147456K, used 60524K [0x0000000083600000, 0x0000000100000000)
  region size 1024K, 8 young (8192K), 8 survivors (8192K)
 Metaspace       used 88759K, committed 89664K, reserved 1179648K
  class space    used 11991K, committed 12416K, reserved 1048576K
}
Event: 9.192 GC heap before
{Heap before GC invocations=21 (full 0):
 garbage-first heap   total 147456K, used 130156K [0x0000000083600000, 0x0000000100000000)
  region size 1024K, 76 young (77824K), 8 survivors (8192K)
 Metaspace       used 90526K, committed 91456K, reserved 1179648K
  class space    used 12232K, committed 12672K, reserved 1048576K
}
Event: 9.201 GC heap after
{Heap after GC invocations=22 (full 0):
 garbage-first heap   total 147456K, used 64609K [0x0000000083600000, 0x0000000100000000)
  region size 1024K, 10 young (10240K), 10 survivors (10240K)
 Metaspace       used 90526K, committed 91456K, reserved 1179648K
  class space    used 12232K, committed 12672K, reserved 1048576K
}
Event: 9.755 GC heap before
{Heap before GC invocations=23 (full 0):
 garbage-first heap   total 147456K, used 128097K [0x0000000083600000, 0x0000000100000000)
  region size 1024K, 72 young (73728K), 10 survivors (10240K)
 Metaspace       used 92644K, committed 93568K, reserved 1179648K
  class space    used 12565K, committed 12992K, reserved 1048576K
}
Event: 9.766 GC heap after
{Heap after GC invocations=24 (full 0):
 garbage-first heap   total 147456K, used 67399K [0x0000000083600000, 0x0000000100000000)
  region size 1024K, 7 young (7168K), 7 survivors (7168K)
 Metaspace       used 92644K, committed 93568K, reserved 1179648K
  class space    used 12565K, committed 12992K, reserved 1048576K
}
Event: 10.128 GC heap before
{Heap before GC invocations=24 (full 0):
 garbage-first heap   total 147456K, used 131911K [0x0000000083600000, 0x0000000100000000)
  region size 1024K, 70 young (71680K), 7 survivors (7168K)
 Metaspace       used 93605K, committed 94592K, reserved 1179648K
  class space    used 12695K, committed 13184K, reserved 1048576K
}
Event: 10.136 GC heap after
{Heap after GC invocations=25 (full 0):
 garbage-first heap   total 177152K, used 69793K [0x0000000083600000, 0x0000000100000000)
  region size 1024K, 7 young (7168K), 7 survivors (7168K)
 Metaspace       used 93605K, committed 94592K, reserved 1179648K
  class space    used 12695K, committed 13184K, reserved 1048576K
}

Dll operation events (11 events):
Event: 0.009 Loaded shared library C:\Program Files\Java\jdk-21\bin\java.dll
Event: 0.042 Loaded shared library C:\Program Files\Java\jdk-21\bin\jsvml.dll
Event: 0.162 Loaded shared library C:\Program Files\Java\jdk-21\bin\net.dll
Event: 0.166 Loaded shared library C:\Program Files\Java\jdk-21\bin\nio.dll
Event: 0.176 Loaded shared library C:\Program Files\Java\jdk-21\bin\zip.dll
Event: 0.384 Loaded shared library C:\Program Files\Java\jdk-21\bin\jimage.dll
Event: 0.939 Loaded shared library C:\Program Files\Java\jdk-21\bin\sunmscapi.dll
Event: 1.233 Loaded shared library C:\Program Files\Java\jdk-21\bin\extnet.dll
Event: 4.694 Loaded shared library C:\Program Files\Java\jdk-21\bin\management.dll
Event: 4.698 Loaded shared library C:\Program Files\Java\jdk-21\bin\management_ext.dll
Event: 5.463 Loaded shared library C:\Program Files\Java\jdk-21\bin\verify.dll

Deoptimization events (20 events):
Event: 13.893 Thread 0x0000025572bbff90 Uncommon trap: trap_request=0xffffff45 fr.pc=0x000002551ee5720c relative=0x00000000000000ec
Event: 13.893 Thread 0x0000025572bbff90 Uncommon trap: reason=unstable_if action=reinterpret pc=0x000002551ee5720c method=java.lang.StringLatin1.indexOfNonWhitespace([B)I @ 19 c2
Event: 13.893 Thread 0x0000025572bbff90 DEOPT PACKING pc=0x000002551ee5720c sp=0x00000083b73fd2d0
Event: 13.893 Thread 0x0000025572bbff90 DEOPT UNPACKING pc=0x000002551e4646a2 sp=0x00000083b73fd190 mode 2
Event: 13.894 Thread 0x0000025572bbff90 Uncommon trap: trap_request=0xffffff45 fr.pc=0x000002551ee2daf8 relative=0x00000000000000d8
Event: 13.894 Thread 0x0000025572bbff90 Uncommon trap: reason=unstable_if action=reinterpret pc=0x000002551ee2daf8 method=java.lang.StringLatin1.indexOfNonWhitespace([B)I @ 19 c2
Event: 13.894 Thread 0x0000025572bbff90 DEOPT PACKING pc=0x000002551ee2daf8 sp=0x00000083b73fd270
Event: 13.894 Thread 0x0000025572bbff90 DEOPT UNPACKING pc=0x000002551e4646a2 sp=0x00000083b73fd190 mode 2
Event: 13.905 Thread 0x0000025572bbff90 DEOPT PACKING pc=0x0000025517db70b0 sp=0x00000083b73fac70
Event: 13.905 Thread 0x0000025572bbff90 DEOPT UNPACKING pc=0x000002551e464e42 sp=0x00000083b73fa128 mode 0
Event: 13.906 Thread 0x0000025572bbff90 Uncommon trap: trap_request=0xffffff45 fr.pc=0x000002551ed541c4 relative=0x0000000000000c04
Event: 13.906 Thread 0x0000025572bbff90 Uncommon trap: reason=unstable_if action=reinterpret pc=0x000002551ed541c4 method=java.util.Properties.loadConvert([CIILjava/lang/StringBuilder;)Ljava/lang/String; @ 148 c2
Event: 13.906 Thread 0x0000025572bbff90 DEOPT PACKING pc=0x000002551ed541c4 sp=0x00000083b73facb0
Event: 13.906 Thread 0x0000025572bbff90 DEOPT UNPACKING pc=0x000002551e4646a2 sp=0x00000083b73fac50 mode 2
Event: 605.625 Thread 0x0000025572bc0cb0 DEOPT PACKING pc=0x00000255177c86a1 sp=0x00000083b66fe890
Event: 605.627 Thread 0x0000025572bc0cb0 DEOPT UNPACKING pc=0x000002551e464e42 sp=0x00000083b66fdd78 mode 0
Event: 721.353 Thread 0x0000025577cfdef0 Uncommon trap: trap_request=0xffffff45 fr.pc=0x000002551ed92b9c relative=0x000000000000027c
Event: 721.354 Thread 0x0000025577cfdef0 Uncommon trap: reason=unstable_if action=reinterpret pc=0x000002551ed92b9c method=java.util.HashMap.clear()V @ 23 c2
Event: 721.354 Thread 0x0000025577cfdef0 DEOPT PACKING pc=0x000002551ed92b9c sp=0x00000083b44ff3a0
Event: 721.355 Thread 0x0000025577cfdef0 DEOPT UNPACKING pc=0x000002551e4646a2 sp=0x00000083b44ff350 mode 2

Classes loaded (20 events):
Event: 13.826 Loading class java/nio/channels/SelectionKey
Event: 13.826 Loading class java/nio/channels/SelectionKey done
Event: 13.826 Loading class java/nio/channels/spi/AbstractSelectionKey done
Event: 13.826 Loading class sun/nio/ch/SelectionKeyImpl done
Event: 13.826 Loading class java/lang/invoke/ConstantBootstraps
Event: 13.826 Loading class java/lang/invoke/ConstantBootstraps done
Event: 13.884 Loading class java/util/concurrent/ArrayBlockingQueue
Event: 13.885 Loading class java/util/concurrent/ArrayBlockingQueue done
Event: 13.885 Loading class java/util/concurrent/ArrayBlockingQueue$Itr
Event: 13.886 Loading class java/util/concurrent/ArrayBlockingQueue$Itr done
Event: 13.907 Loading class java/util/ArrayDeque$DescendingIterator
Event: 13.907 Loading class java/util/ArrayDeque$DescendingIterator done
Event: 16.163 Loading class java/time/format/DateTimeFormatterBuilder$ZoneTextPrinterParser
Event: 16.164 Loading class java/time/format/DateTimeFormatterBuilder$ZoneTextPrinterParser done
Event: 16.164 Loading class java/time/format/DateTimeFormatterBuilder$ReducedPrinterParser
Event: 16.164 Loading class java/time/format/DateTimeFormatterBuilder$ReducedPrinterParser done
Event: 720.211 Loading class sun/net/ConnectionResetException
Event: 720.249 Loading class sun/net/ConnectionResetException done
Event: 722.610 Loading class java/util/concurrent/ConcurrentHashMap$ValueSpliterator
Event: 722.776 Loading class java/util/concurrent/ConcurrentHashMap$ValueSpliterator done

Classes unloaded (0 events):
No events

Classes redefined (0 events):
No events

Internal exceptions (20 events):
Event: 10.152 Thread 0x000002550ca0f520 Exception <a 'java/lang/NoSuchMethodError'{0x000000008e0705a8}: 'void java.lang.invoke.DirectMethodHandle$Holder.invokeStatic(java.lang.Object, java.lang.Object, double)'> (0x000000008e0705a8) 
thrown [s\open\src\hotspot\share\interpreter\linkResolver.cpp, line 773]
Event: 10.159 Thread 0x000002550ca0f520 Exception <a 'java/lang/NoSuchMethodError'{0x000000008e0b3200}: 'double java.lang.invoke.DirectMethodHandle$Holder.invokeStatic(java.lang.Object, java.lang.Object, java.lang.Object)'> (0x000000008e0b3200) 
thrown [s\open\src\hotspot\share\interpreter\linkResolver.cpp, line 773]
Event: 10.183 Thread 0x000002550ca0f520 Exception <a 'java/lang/IncompatibleClassChangeError'{0x000000008df98800}: Found class java.lang.Object, but interface was expected> (0x000000008df98800) 
thrown [s\open\src\hotspot\share\interpreter\linkResolver.cpp, line 840]
Event: 10.198 Thread 0x000002550ca0f520 Implicit null exception at 0x000002551eeaab33 to 0x000002551eeaae4d
Event: 10.511 Thread 0x000002550ca0f520 Exception <a 'java/lang/NoSuchMethodError'{0x000000008c3f2320}: 'void java.lang.invoke.DirectMethodHandle$Holder.invokeVirtual(java.lang.Object, java.lang.Object, double)'> (0x000000008c3f2320) 
thrown [s\open\src\hotspot\share\interpreter\linkResolver.cpp, line 773]
Event: 10.512 Thread 0x000002550ca0f520 Exception <a 'java/lang/NoSuchMethodError'{0x000000008c3fc4d0}: 'double java.lang.invoke.DelegatingMethodHandle$Holder.reinvoke_L(java.lang.Object, java.lang.Object, int)'> (0x000000008c3fc4d0) 
thrown [s\open\src\hotspot\share\interpreter\linkResolver.cpp, line 773]
Event: 10.597 Thread 0x000002550ca0f520 Exception <a 'java/lang/NoSuchMethodError'{0x000000008be63050}: 'java.lang.Object java.lang.invoke.DelegatingMethodHandle$Holder.reinvoke_L(java.lang.Object, java.lang.Object, java.lang.Object, java.lang.Object, int, int, int, java.lang.Object)'> (0x000000008be63050) 
thrown [s\open\src\hotspot\share\interpreter\linkResolver.cpp, line 773]
Event: 10.601 Thread 0x000002550ca0f520 Exception <a 'java/lang/NoSuchMethodError'{0x000000008be901c0}: 'java.lang.Object java.lang.invoke.DirectMethodHandle$Holder.invokeInterface(java.lang.Object, java.lang.Object, java.lang.Object, int, int, int, java.lang.Object)'> (0x000000008be901c0) 
thrown [s\open\src\hotspot\share\interpreter\linkResolver.cpp, line 773]
Event: 10.601 Thread 0x000002550ca0f520 Exception <a 'java/lang/NoSuchMethodError'{0x000000008be94288}: 'java.lang.Object java.lang.invoke.DirectMethodHandle$Holder.invokeSpecial(java.lang.Object, java.lang.Object, java.lang.Object, java.lang.Object, int, int, int, java.lang.Object)'> (0x000000008be94288) 
thrown [s\open\src\hotspot\share\interpreter\linkResolver.cpp, line 773]
Event: 10.601 Thread 0x000002550ca0f520 Exception <a 'java/lang/NoSuchMethodError'{0x000000008be97c50}: 'java.lang.Object java.lang.invoke.DelegatingMethodHandle$Holder.reinvoke_L(java.lang.Object, java.lang.Object, java.lang.Object, int, int, int, java.lang.Object)'> (0x000000008be97c50) 
thrown [s\open\src\hotspot\share\interpreter\linkResolver.cpp, line 773]
Event: 10.608 Thread 0x000002550ca0f520 Exception <a 'java/lang/NoSuchMethodError'{0x000000008bec7278}: 'java.lang.Object java.lang.invoke.DirectMethodHandle$Holder.invokeInterface(java.lang.Object, java.lang.Object, java.lang.Object, java.lang.Object, java.lang.Object, java.lang.Object)'> (0x000000008bec7278) 
thrown [s\open\src\hotspot\share\interpreter\linkResolver.cpp, line 773]
Event: 10.641 Thread 0x0000025577cfd860 Exception <a 'java/lang/NoSuchMethodError'{0x000000008bc42630}: 'void java.lang.invoke.DirectMethodHandle$Holder.invokeInterface(java.lang.Object, java.lang.Object, int, int)'> (0x000000008bc42630) 
thrown [s\open\src\hotspot\share\interpreter\linkResolver.cpp, line 773]
Event: 10.641 Thread 0x0000025577cfd860 Exception <a 'java/lang/NoSuchMethodError'{0x000000008bc493a8}: 'void java.lang.invoke.DelegatingMethodHandle$Holder.reinvoke_L(java.lang.Object, java.lang.Object, int, int)'> (0x000000008bc493a8) 
thrown [s\open\src\hotspot\share\interpreter\linkResolver.cpp, line 773]
Event: 10.644 Thread 0x0000025577cfd860 Exception <a 'java/lang/NoSuchMethodError'{0x000000008bc6b3b8}: 'java.lang.Object java.lang.invoke.DelegatingMethodHandle$Holder.reinvoke_L(java.lang.Object, java.lang.Object, java.lang.Object, int, java.lang.Object, int, int, java.lang.Object, java.lang.Object)'> (0x000000008bc6b3b8) 
thrown [s\open\src\hotspot\share\interpreter\linkResolver.cpp, line 773]
Event: 10.703 Thread 0x000002550ca0f520 Exception <a 'java/lang/IncompatibleClassChangeError'{0x000000008b67e3c0}: Found class java.lang.Object, but interface was expected> (0x000000008b67e3c0) 
thrown [s\open\src\hotspot\share\interpreter\linkResolver.cpp, line 840]
Event: 10.732 Thread 0x000002550ca0f520 Implicit null exception at 0x000002551ed7a3f7 to 0x000002551ed7ad10
Event: 13.852 Thread 0x0000025572bbff90 Exception <a 'java/lang/NoSuchMethodError'{0x000000008b040290}: 'java.lang.Object java.lang.invoke.DirectMethodHandle$Holder.invokeSpecial(java.lang.Object, java.lang.Object, java.lang.Object, java.lang.Object, java.lang.Object, long)'> (0x000000008b040290) 
thrown [s\open\src\hotspot\share\interpreter\linkResolver.cpp, line 773]
Event: 13.852 Thread 0x0000025572bbff90 Exception <a 'java/lang/NoSuchMethodError'{0x000000008b043a18}: 'java.lang.Object java.lang.invoke.Invokers$Holder.linkToTargetMethod(java.lang.Object, java.lang.Object, java.lang.Object, long, java.lang.Object)'> (0x000000008b043a18) 
thrown [s\open\src\hotspot\share\interpreter\linkResolver.cpp, line 773]
Event: 720.257 Thread 0x0000025577cfc4b0 Exception <a 'sun/net/ConnectionResetException'{0x000000008c0a6920}: Connection reset> (0x000000008c0a6920) 
thrown [s\open\src\hotspot\share\prims\jni.cpp, line 539]
Event: 723.688 Thread 0x0000025577cfd860 Exception <a 'java/lang/NoSuchMethodError'{0x000000008a309ed8}: 'java.lang.Object java.lang.invoke.Invokers$Holder.linkToTargetMethod(java.lang.Object, java.lang.Object, java.lang.Object, java.lang.Object, int, java.lang.Object)'> (0x000000008a309ed8) 
thrown [s\open\src\hotspot\share\interpreter\linkResolver.cpp, line 773]

ZGC Phase Switch (0 events):
No events

VM Operations (20 events):
Event: 439.573 Executing VM operation: Cleanup
Event: 439.574 Executing VM operation: Cleanup done
Event: 499.020 Executing VM operation: Cleanup
Event: 499.023 Executing VM operation: Cleanup done
Event: 558.407 Executing VM operation: Cleanup
Event: 558.408 Executing VM operation: Cleanup done
Event: 605.767 Executing VM operation: Cleanup
Event: 605.768 Executing VM operation: Cleanup done
Event: 656.157 Executing VM operation: Cleanup
Event: 656.160 Executing VM operation: Cleanup done
Event: 668.232 Executing VM operation: Cleanup
Event: 668.232 Executing VM operation: Cleanup done
Event: 703.493 Executing VM operation: Cleanup
Event: 703.493 Executing VM operation: Cleanup done
Event: 720.606 Executing VM operation: Cleanup
Event: 720.623 Executing VM operation: Cleanup done
Event: 721.628 Executing VM operation: Cleanup
Event: 721.628 Executing VM operation: Cleanup done
Event: 722.640 Executing VM operation: Cleanup
Event: 722.796 Executing VM operation: Cleanup done

Events (20 events):
Event: 23.662 Thread 0x00000255713f7b80 Thread exited: 0x00000255713f7b80
Event: 43.973 Thread 0x00000255749274f0 Thread added: 0x00000255749274f0
Event: 45.077 Thread 0x00000255749274f0 Thread exited: 0x00000255749274f0
Event: 53.998 Thread 0x0000025574927bc0 Thread added: 0x0000025574927bc0
Event: 55.080 Thread 0x0000025574927bc0 Thread exited: 0x0000025574927bc0
Event: 358.302 Thread 0x0000025574926750 Thread added: 0x0000025574926750
Event: 360.317 Thread 0x0000025574926750 Thread exited: 0x0000025574926750
Event: 360.320 Thread 0x0000025574926750 Thread added: 0x0000025574926750
Event: 368.436 Thread 0x0000025574926750 Thread exited: 0x0000025574926750
Event: 384.554 Thread 0x0000025574926080 Thread added: 0x0000025574926080
Event: 385.212 Thread 0x0000025574926080 Thread exited: 0x0000025574926080
Event: 553.258 Thread 0x00000255749259b0 Thread added: 0x00000255749259b0
Event: 560.506 Thread 0x00000255749259b0 Thread exited: 0x00000255749259b0
Event: 720.605 Thread 0x0000025577d01a00 Thread exited: 0x0000025577d01a00
Event: 721.101 Thread 0x0000025577d00650 Thread added: 0x0000025577d00650
Event: 721.346 Thread 0x0000025577cfdef0 Thread added: 0x0000025577cfdef0
Event: 721.357 Thread 0x0000025577cfdef0 Thread exited: 0x0000025577cfdef0
Event: 721.358 Thread 0x0000025577d00650 Thread exited: 0x0000025577d00650
Event: 721.363 Thread 0x0000025577cff930 Thread exited: 0x0000025577cff930
Event: 721.407 Thread 0x0000025577cfc4b0 Thread exited: 0x0000025577cfc4b0


Dynamic libraries:
0x00007ff6d4da0000 - 0x00007ff6d4db0000 	C:\Program Files\Java\jdk-21\bin\javaw.exe
0x00007ffcfa040000 - 0x00007ffcfa249000 	C:\windows\SYSTEM32\ntdll.dll
0x00007ffcf86c0000 - 0x00007ffcf877d000 	C:\windows\System32\KERNEL32.DLL
0x00007ffcf7790000 - 0x00007ffcf7b14000 	C:\windows\System32\KERNELBASE.dll
0x00007ffcf74d0000 - 0x00007ffcf75e1000 	C:\windows\System32\ucrtbase.dll
0x00007ffceae80000 - 0x00007ffceae9b000 	C:\Program Files\Java\jdk-21\bin\VCRUNTIME140.dll
0x00007ffcd9fe0000 - 0x00007ffcd9ff9000 	C:\Program Files\Java\jdk-21\bin\jli.dll
0x00007ffcf8410000 - 0x00007ffcf84be000 	C:\windows\System32\ADVAPI32.dll
0x00007ffcf7e90000 - 0x00007ffcf7f33000 	C:\windows\System32\msvcrt.dll
0x00007ffcf9f60000 - 0x00007ffcf9ffe000 	C:\windows\System32\sechost.dll
0x00007ffcf8790000 - 0x00007ffcf88b1000 	C:\windows\System32\RPCRT4.dll
0x00007ffcf8140000 - 0x00007ffcf82ed000 	C:\windows\System32\USER32.dll
0x00007ffcf7dc0000 - 0x00007ffcf7de6000 	C:\windows\System32\win32u.dll
0x00007ffcf8690000 - 0x00007ffcf86ba000 	C:\windows\System32\GDI32.dll
0x00007ffcf7670000 - 0x00007ffcf778e000 	C:\windows\System32\gdi32full.dll
0x00007ffcf7df0000 - 0x00007ffcf7e8d000 	C:\windows\System32\msvcp_win.dll
0x00007ffcd70f0000 - 0x00007ffcd7395000 	C:\windows\WinSxS\amd64_microsoft.windows.common-controls_6595b64144ccf1df_6.0.22000.120_none_9d947278b86cc467\COMCTL32.dll
0x00007ffcf2fb0000 - 0x00007ffcf2fba000 	C:\windows\SYSTEM32\VERSION.dll
0x00007ffcf8930000 - 0x00007ffcf8961000 	C:\windows\System32\IMM32.DLL
0x00007ffcd9fd0000 - 0x00007ffcd9fdc000 	C:\Program Files\Java\jdk-21\bin\vcruntime140_1.dll
0x00007ffc8a200000 - 0x00007ffc8a28e000 	C:\Program Files\Java\jdk-21\bin\msvcp140.dll
0x00007ffc81980000 - 0x00007ffc8269a000 	C:\Program Files\Java\jdk-21\bin\server\jvm.dll
0x00007ffcf9ef0000 - 0x00007ffcf9f5f000 	C:\windows\System32\WS2_32.dll
0x00007ffcf6f90000 - 0x00007ffcf6fdd000 	C:\windows\SYSTEM32\POWRPROF.dll
0x00007ffceaef0000 - 0x00007ffceaf23000 	C:\windows\SYSTEM32\WINMM.dll
0x00007ffcf6f70000 - 0x00007ffcf6f83000 	C:\windows\SYSTEM32\UMPDC.dll
0x00007ffcf6350000 - 0x00007ffcf6368000 	C:\windows\SYSTEM32\kernel.appcore.dll
0x00007ffcd9fc0000 - 0x00007ffcd9fca000 	C:\Program Files\Java\jdk-21\bin\jimage.dll
0x00007ffcf1690000 - 0x00007ffcf18b1000 	C:\windows\SYSTEM32\DBGHELP.DLL
0x00007ffcf1650000 - 0x00007ffcf1681000 	C:\windows\SYSTEM32\dbgcore.DLL
0x00007ffcf75f0000 - 0x00007ffcf766f000 	C:\windows\System32\bcryptPrimitives.dll
0x00007ffcd9fa0000 - 0x00007ffcd9fbf000 	C:\Program Files\Java\jdk-21\bin\java.dll
0x00007ffcf8a70000 - 0x00007ffcf9235000 	C:\windows\System32\SHELL32.dll
0x00007ffcf53b0000 - 0x00007ffcf5c12000 	C:\windows\SYSTEM32\windows.storage.dll
0x00007ffcf9330000 - 0x00007ffcf96a6000 	C:\windows\System32\combase.dll
0x00007ffcf5240000 - 0x00007ffcf53a7000 	C:\windows\SYSTEM32\wintypes.dll
0x00007ffcf9240000 - 0x00007ffcf932a000 	C:\windows\System32\SHCORE.dll
0x00007ffcf9710000 - 0x00007ffcf976d000 	C:\windows\System32\shlwapi.dll
0x00007ffcf7400000 - 0x00007ffcf7425000 	C:\windows\SYSTEM32\profapi.dll
0x00007ffc868a0000 - 0x00007ffc86977000 	C:\Program Files\Java\jdk-21\bin\jsvml.dll
0x00007ffcd9f90000 - 0x00007ffcd9fa0000 	C:\Program Files\Java\jdk-21\bin\net.dll
0x00007ffcf2d90000 - 0x00007ffcf2ea4000 	C:\windows\SYSTEM32\WINHTTP.dll
0x00007ffcf67f0000 - 0x00007ffcf6857000 	C:\windows\system32\mswsock.dll
0x00007ffcd9f70000 - 0x00007ffcd9f86000 	C:\Program Files\Java\jdk-21\bin\nio.dll
0x00007ffcad340000 - 0x00007ffcad358000 	C:\Program Files\Java\jdk-21\bin\zip.dll
0x00007ffcf5e70000 - 0x00007ffcf5e9d000 	C:\windows\SYSTEM32\IPHLPAPI.DLL
0x00007ffcf8780000 - 0x00007ffcf8789000 	C:\windows\System32\NSI.dll
0x00007ffcf5ea0000 - 0x00007ffcf5f87000 	C:\windows\SYSTEM32\DNSAPI.dll
0x00007ffcf1e00000 - 0x00007ffcf1e0a000 	C:\Windows\System32\rasadhlp.dll
0x00007ffcf2220000 - 0x00007ffcf22a1000 	C:\windows\System32\fwpuclnt.dll
0x00007ffccbf20000 - 0x00007ffccbf2e000 	C:\Program Files\Java\jdk-21\bin\sunmscapi.dll
0x00007ffcf7b90000 - 0x00007ffcf7cf2000 	C:\windows\System32\CRYPT32.dll
0x00007ffcf6c40000 - 0x00007ffcf6c68000 	C:\windows\SYSTEM32\ncrypt.dll
0x00007ffcf6c00000 - 0x00007ffcf6c37000 	C:\windows\SYSTEM32\NTASN1.dll
0x00007ffcf6ac0000 - 0x00007ffcf6ad8000 	C:\windows\SYSTEM32\CRYPTSP.dll
0x00007ffcf62b0000 - 0x00007ffcf62e5000 	C:\windows\system32\rsaenh.dll
0x00007ffcf6890000 - 0x00007ffcf68bc000 	C:\windows\SYSTEM32\USERENV.dll
0x00007ffcf6c70000 - 0x00007ffcf6c97000 	C:\windows\SYSTEM32\bcrypt.dll
0x00007ffcf69e0000 - 0x00007ffcf69ec000 	C:\windows\SYSTEM32\CRYPTBASE.dll
0x00007ffcc0490000 - 0x00007ffcc0499000 	C:\Program Files\Java\jdk-21\bin\extnet.dll
0x00007ffcf43a0000 - 0x00007ffcf43aa000 	C:\Program Files\Java\jdk-21\bin\management.dll
0x00007ffcf4360000 - 0x00007ffcf436b000 	C:\Program Files\Java\jdk-21\bin\management_ext.dll
0x00007ffcf8680000 - 0x00007ffcf8688000 	C:\windows\System32\PSAPI.DLL
0x00007ffccc2b0000 - 0x00007ffccc2c0000 	C:\Program Files\Java\jdk-21\bin\verify.dll
0x00007ffccc370000 - 0x00007ffccc378000 	C:\windows\system32\wshunix.dll

dbghelp: loaded successfully - version: 4.0.5 - missing functions: none
symbol engine: initialized successfully - sym options: 0x614 - pdb path: .;C:\Program Files\Java\jdk-21\bin;C:\windows\SYSTEM32;C:\windows\WinSxS\amd64_microsoft.windows.common-controls_6595b64144ccf1df_6.0.22000.120_none_9d947278b86cc467;C:\Program Files\Java\jdk-21\bin\server

VM Arguments:
jvm_args: -Dfile.encoding=UTF-8 -Dstdout.encoding=UTF-8 -Dstderr.encoding=UTF-8 -XX:+ShowCodeDetailsInExceptionMessages 
java_command: com.hamch.customerservice.CustomerServiceApplication
java_class_path (initial): B:\Java091024\MyEcomGitHub\myEcomm091024\customer-service\target\classes;C:\Users\Abdella Hamch\.m2\repository\net\bytebuddy\byte-buddy\1.14.10\byte-buddy-1.14.10.jar;C:\Users\Abdella Hamch\.m2\repository\org\modelmapper\modelmapper\3.2.0\modelmapper-3.2.0.jar;C:\Users\Abdella Hamch\.m2\repository\org\springframework\boot\spring-boot-autoconfigure\3.2.1\spring-boot-autoconfigure-3.2.1.jar;C:\Users\Abdella Hamch\.m2\repository\org\springframework\boot\spring-boot\3.2.1\spring-boot-3.2.1.jar;C:\Users\Abdella Hamch\.m2\repository\org\jetbrains\annotations\17.0.0\annotations-17.0.0.jar;C:\Users\Abdella Hamch\.m2\repository\org\springframework\boot\spring-boot-starter-validation\3.2.1\spring-boot-starter-validation-3.2.1.jar;C:\Users\Abdella Hamch\.m2\repository\org\springframework\boot\spring-boot-starter\3.2.1\spring-boot-starter-3.2.1.jar;C:\Users\Abdella Hamch\.m2\repository\org\springframework\boot\spring-boot-starter-logging\3.2.1\spring-boot-starter-logging-3.2.1.jar;C:\Users\Abdella Hamch\.m2\repository\ch\qos\logback\logback-classic\1.4.14\logback-classic-1.4.14.jar;C:\Users\Abdella Hamch\.m2\repository\ch\qos\logback\logback-core\1.4.14\logback-core-1.4.14.jar;C:\Users\Abdella Hamch\.m2\repository\org\apache\logging\log4j\log4j-to-slf4j\2.21.1\log4j-to-slf4j-2.21.1.jar;C:\Users\Abdella Hamch\.m2\repository\org\apache\logging\log4j\log4j-api\2.21.1\log4j-api-2.21.1.jar;C:\Users\Abdella Hamch\.m2\repository\org\slf4j\jul-to-slf4j\2.0.9\jul-to-slf4j-2.0.9.jar;C:\Users\Abdella Hamch\.m2\repository\jakarta\annotation\jakarta.annotation-api\2.1.1\jakarta.annotation-api-2.1.1.jar;C:\Users\Abdella Hamch\.m2\repository\org\yaml\snakeyaml\2.2\snakeyaml-2.2.jar;C:\Users\Abdella Hamch\.m2\repository\org\apache\tomcat\embed\tomcat-embed-el\10.1.17\tomcat-embed-el-10.1.17.jar;C:\Users\Abdella Hamch\.m2\repository\org\hibernate\validator\hibernate-validator\8.0.1.Final\hibernate-validator-8.0.1.Final.jar;C:\Users\Abdella Hamch\.m2\repository\jakarta\validation\jakarta.validation-api\3.0.2\jakarta.validation-api-3.0.2.jar;C:\Users\Abdella Hamch\.m2\repository\org\jboss\logging\jboss-logging\3.5.3.Final\jboss-logging-3.5.3.Final.jar;C:\Users\Abdella Hamch\.m2\repository\com\fasterxml\classmate\1.6.0\classmate-1.6.0.jar;C:\Users\Abdella Hamch\.m2\repository\org\springframework\boot\spring-boot-starter-jdbc\3.2.1\spring-boot-starter-jdbc-3.2.1.jar;C:\Users\Abdella Hamch\.m2\repository\com\zaxxer\HikariCP\5.0.1\HikariCP-5.0.1.jar;C:\Users\Abdella Hamch\.m2\repository\org\springframework\spring-jdbc\6.1.2\spring-jdbc-6.1.2.jar;C:\Users\Abdella Hamch\.m2\repository\org\springframework\spring-beans\6.1.2\spring-beans-6.1.2.jar;C:\Users\Abdella Hamch\.m2\repository\org\postgresql\postgresql\42.6.0\postgresql-42.6.0.jar;C:\Users\Abdella Hamch\.m2\repository\org\checkerframework\checker-qual\3.31.0\checker-qual-3.31.0.jar;C:\Users\Abdella Hamch\.m2\repository\org\springdoc\springdoc-openapi-starter-webmvc-ui\2.3.0\springdoc-openapi-starter-webmvc-ui-2.3.0.jar;C:\Users\Abdella Hamch\.m2\repository\org\springdoc\springdoc-openapi-starter-webmvc-api\2.3.0\springdoc-openapi-starter-webmvc-api-2.3.0.jar;C:\Users\Abdella Hamch\.m2\repository\org\springdoc\springdoc-openapi-starter-common\2.3.0\springdoc-openapi-starter-common-2.3.0.jar;C:\Users\Abdella Hamch\.m2\repository\io\swagger\core\v3\swagger-core-jakarta\2.2.19\swagger-core-jakarta-2.2.19.jar;C:\Users\Abdella Hamch\.m2\repository\org\apache\commons\commons-lang3\3.13.0\commons-lang3-3.13.0.jar;C:\Users\Abdella Hamch\.m2\repository\io\swagger\core\v3\swagger-annotations-jakarta\2.2.19\swagger-annotations-jakarta-2.2.19.jar;C:\Users\Abdella Hamch\.m2\repository\io\swagger\core\v3\swagger-models-jakarta\2.2.19\swagger-models-jakarta-2.2.19.jar;C:\Users\Abdella Hamch\.m2\repository\com\fasterxml\jackson\dataformat\jackson-dataformat-yaml\2.15.3\jackson-dataformat-yaml-2.15.3.jar;C:\Users\Abdella Hamch\.m2\repository\org\webjars\swagger-ui\5.10.3\swagger-ui-5.10.3.jar;C:\Users\Abdella Hamch\.m2\repository\org\springframework\boot\spring-boot-starter-data-jpa\3.2.1\spring-boot-starter-data-jpa-3.2.1.jar;C:\Users\Abdella Hamch\.m2\repository\org\springframework\boot\spring-boot-starter-aop\3.2.1\spring-boot-starter-aop-3.2.1.jar;C:\Users\Abdella Hamch\.m2\repository\org\aspectj\aspectjweaver\1.9.21\aspectjweaver-1.9.21.jar;C:\Users\Abdella Hamch\.m2\repository\org\hibernate\orm\hibernate-core\6.4.1.Final\hibernate-core-6.4.1.Final.jar;C:\Users\Abdella Hamch\.m2\repository\jakarta\persistence\jakarta.persistence-api\3.1.0\jakarta.persistence-api-3.1.0.jar;C:\Users\Abdella Hamch\.m2\repository\jakarta\transaction\jakarta.transaction-api\2.0.1\jakarta.transaction-api-2.0.1.jar;C:\Users\Abdella Hamch\.m2\repository\org\hibernate\common\hibernate-commons-annotations\6.0.6.Final\hibernate-commons-annotations-6.0.6.Final.jar;C:\Users\Abdella Hamch\.m2\repository\io\smallrye\jandex\3.1.2\jandex-3.1.2.jar;C:\Users\Abdella Hamch\.m2\repository\org\glassfish\jaxb\jaxb-runtime\4.0.4\jaxb-runtime-4.0.4.jar;C:\Users\Abdella Hamch\.m2\repository\org\glassfish\jaxb\jaxb-core\4.0.4\jaxb-core-4.0.4.jar;C:\Users\Abdella Hamch\.m2\repository\org\eclipse\angus\angus-activation\2.0.1\angus-activation-2.0.1.jar;C:\Users\Abdella Hamch\.m2\repository\org\glassfish\jaxb\txw2\4.0.4\txw2-4.0.4.jar;C:\Users\Abdella Hamch\.m2\repository\com\sun\istack\istack-commons-runtime\4.1.2\istack-commons-runtime-4.1.2.jar;C:\Users\Abdella Hamch\.m2\repository\jakarta\inject\jakarta.inject-api\2.0.1\jakarta.inject-api-2.0.1.jar;C:\Users\Abdella Hamch\.m2\repository\org\antlr\antlr4-runtime\4.13.0\antlr4-runtime-4.13.0.jar;C:\Users\Abdella Hamch\.m2\repository\org\springframework\data\spring-data-jpa\3.2.1\spring-data-jpa-3.2.1.jar;C:\Users\Abdella Hamch\.m2\repository\org\springframework\spring-orm\6.1.2\spring-orm-6.1.2.jar;C:\Users\Abdella Hamch\.m2\repository\org\springframework\spring-context\6.1.2\spring-context-6.1.2.jar;C:\Users\Abdella Hamch\.m2\repository\org\springframework\spring-aspects\6.1.2\spring-aspects-6.1.2.jar;C:\Users\Abdella Hamch\.m2\repository\org\springframework\security\spring-security-oauth2-resource-server\6.2.1\spring-security-oauth2-resource-server-6.2.1.jar;C:\Users\Abdella Hamch\.m2\repository\org\springframework\security\spring-security-core\6.2.1\spring-security-core-6.2.1.jar;C:\Users\Abdella Hamch\.m2\repository\org\springframework\security\spring-security-crypto\6.2.1\spring-security-crypto-6.2.1.jar;C:\Users\Abdella Hamch\.m2\repository\org\springframework\spring-expression\6.1.2\spring-expression-6.1.2.jar;C:\Users\Abdella Hamch\.m2\repository\org\springframework\security\spring-security-oauth2-core\6.2.1\spring-security-oauth2-core-6.2.1.jar;C:\Users\Abdella Hamch\.m2\repository\org\springframework\security\spring-security-web\6.2.1\spring-security-web-6.2.1.jar;C:\Users\Abdella Hamch\.m2\repository\org\springframework\spring-core\6.1.2\spring-core-6.1.2.jar;C:\Users\Abdella Hamch\.m2\repository\org\springframework\spring-jcl\6.1.2\spring-jcl-6.1.2.jar;C:\Users\Abdella Hamch\.m2\repository\org\springframework\security\spring-security-oauth2-jose\6.2.1\spring-security-oauth2-jose-6.2.1.jar;C:\Users\Abdella Hamch\.m2\repository\com\nimbusds\nimbus-jose-jwt\9.24.4\nimbus-jose-jwt-9.24.4.jar;C:\Users\Abdella Hamch\.m2\repository\com\github\stephenc\jcip\jcip-annotations\1.0-1\jcip-annotations-1.0-1.jar;C:\Users\Abdella Hamch\.m2\repository\org\springframework\boot\spring-boot-starter-security\3.2.1\spring-boot-starter-security-3.2.1.jar;C:\Users\Abdella Hamch\.m2\repository\org\springframework\spring-aop\6.1.2\spring-aop-6.1.2.jar;C:\Users\Abdella Hamch\.m2\repository\org\springframework\security\spring-security-config\6.2.1\spring-security-config-6.2.1.jar;C:\Users\Abdella Hamch\.m2\repository\org\keycloak\keycloak-spring-boot-starter\21.0.2\keycloak-spring-boot-starter-21.0.2.jar;C:\Users\Abdella Hamch\.m2\repository\org\keycloak\keycloak-spring-boot-2-adapter\21.0.2\keycloak-spring-boot-2-adapter-21.0.2.jar;C:\Users\Abdella Hamch\.m2\repository\org\keycloak\keycloak-spring-boot-adapter-core\21.0.2\keycloak-spring-boot-adapter-core-21.0.2.jar;C:\Users\Abdella Hamch\.m2\repository\org\keycloak\keycloak-core\21.0.2\keycloak-core-21.0.2.jar;C:\Users\Abdella Hamch\.m2\repository\org\keycloak\keycloak-common\21.0.2\keycloak-common-21.0.2.jar;C:\Users\Abdella Hamch\.m2\repository\com\sun\activation\jakarta.activation\1.2.2\jakarta.activation-1.2.2.jar;C:\Users\Abdella Hamch\.m2\repository\org\keycloak\keycloak-authz-client\21.0.2\keycloak-authz-client-21.0.2.jar;C:\Users\Abdella Hamch\.m2\repository\org\keycloak\spring-boot-container-bundle\21.0.2\spring-boot-container-bundle-21.0.2.jar;C:\Users\Abdella Hamch\.m2\repository\org\keycloak\keycloak-adapter-core\21.0.2\keycloak-adapter-core-21.0.2.jar;C:\Users\Abdella Hamch\.m2\repository\org\keycloak\keycloak-crypto-default\21.0.2\keycloak-crypto-default-21.0.2.jar;C:\Users\Abdella Hamch\.m2\repository\org\keycloak\keycloak-server-spi\21.0.2\keycloak-server-spi-21.0.2.jar;C:\Users\Abdella Hamch\.m2\repository\org\keycloak\keycloak-server-spi-private\21.0.2\keycloak-server-spi-private-21.0.2.jar;C:\Users\Abdella Hamch\.m2\repository\org\bouncycastle\bcpkix-jdk15on\1.70\bcpkix-jdk15on-1.70.jar;C:\Users\Abdella Hamch\.m2\repository\org\bouncycastle\bcutil-jdk15on\1.70\bcutil-jdk15on-1.70.jar;C:\Users\Abdella Hamch\.m2\repository\org\keycloak\keycloak-spring-security-adapter\21.0.2\keycloak-spring-security-adapter-21.0.2.jar;C:\Users\Abdella Hamch\.m2\repository\org\keycloak\keycloak-adapter-spi\21.0.2\keycloak-adapter-spi-21.0.2.jar;C:\Users\Abdella Hamch\.m2\repository\org\bouncycastle\bcprov-jdk15on\1.70\bcprov-jdk15on-1.70.jar;C:\Users\Abdella Hamch\.m2\repository\com\fasterxml\jackson\core\jackson-core\2.15.3\jackson-core-2.15.3.jar;C:\Users\Abdella Hamch\.m2\repository\com\fasterxml\jackson\core\jackson-databind\2.15.3\jackson-databind-2.15.3.jar;C:\Users\Abdella Hamch\.m2\repository\org\springframework\boot\spring-boot-starter-web\3.2.1\spring-boot-starter-web-3.2.1.jar;C:\Users\Abdella Hamch\.m2\repository\org\springframework\boot\spring-boot-starter-json\3.2.1\spring-boot-starter-json-3.2.1.jar;C:\Users\Abdella Hamch\.m2\repository\com\fasterxml\jackson\datatype\jackson-datatype-jsr310\2.15.3\jackson-datatype-jsr310-2.15.3.jar;C:\Users\Abdella Hamch\.m2\repository\com\fasterxml\jackson\module\jackson-module-parameter-names\2.15.3\jackson-module-parameter-names-2.15.3.jar;C:\Users\Abdella Hamch\.m2\repository\org\springframework\boot\spring-boot-starter-tomcat\3.2.1\spring-boot-starter-tomcat-3.2.1.jar;C:\Users\Abdella Hamch\.m2\repository\org\apache\tomcat\embed\tomcat-embed-core\10.1.17\tomcat-embed-core-10.1.17.jar;C:\Users\Abdella Hamch\.m2\repository\org\apache\tomcat\embed\tomcat-embed-websocket\10.1.17\tomcat-embed-websocket-10.1.17.jar;C:\Users\Abdella Hamch\.m2\repository\org\springframework\spring-web\6.1.2\spring-web-6.1.2.jar;C:\Users\Abdella Hamch\.m2\repository\org\springframework\spring-webmvc\6.1.2\spring-webmvc-6.1.2.jar;C:\Users\Abdella Hamch\.m2\repository\org\springframework\cloud\spring-cloud-stream-binder-rabbit\4.1.0\spring-cloud-stream-binder-rabbit-4.1.0.jar;C:\Users\Abdella Hamch\.m2\repository\org\springframework\cloud\spring-cloud-stream-binder-rabbit-core\4.1.0\spring-cloud-stream-binder-rabbit-core-4.1.0.jar;C:\Users\Abdella Hamch\.m2\repository\org\springframework\boot\spring-boot-starter-webflux\3.2.1\spring-boot-starter-webflux-3.2.1.jar;C:\Users\Abdella Hamch\.m2\repository\org\springframework\boot\spring-boot-starter-reactor-netty\3.2.1\spring-boot-starter-reactor-netty-3.2.1.jar;C:\Users\Abdella Hamch\.m2\repository\org\springframework\spring-webflux\6.1.2\spring-webflux-6.1.2.jar;C:\Users\Abdella Hamch\.m2\repository\io\projectreactor\netty\reactor-netty\1.1.14\reactor-netty-1.1.14.jar;C:\Users\Abdella Hamch\.m2\repository\io\projectreactor\netty\reactor-netty-core\1.1.14\reactor-netty-core-1.1.14.jar;C:\Users\Abdella Hamch\.m2\repository\io\netty\netty-handler\4.1.104.Final\netty-handler-4.1.104.Final.jar;C:\Users\Abdella Hamch\.m2\repository\io\netty\netty-common\4.1.104.Final\netty-common-4.1.104.Final.jar;C:\Users\Abdella Hamch\.m2\repository\io\netty\netty-resolver\4.1.104.Final\netty-resolver-4.1.104.Final.jar;C:\Users\Abdella Hamch\.m2\repository\io\netty\netty-buffer\4.1.104.Final\netty-buffer-4.1.104.Final.jar;C:\Users\Abdella Hamch\.m2\repository\io\netty\netty-transport\4.1.104.Final\netty-transport-4.1.104.Final.jar;C:\Users\Abdella Hamch\.m2\repository\io\netty\netty-transport-native-unix-common\4.1.104.Final\netty-transport-native-unix-common-4.1.104.Final.jar;C:\Users\Abdella Hamch\.m2\repository\io\netty\netty-codec\4.1.104.Final\netty-codec-4.1.104.Final.jar;C:\Users\Abdella Hamch\.m2\repository\io\netty\netty-handler-proxy\4.1.104.Final\netty-handler-proxy-4.1.104.Final.jar;C:\Users\Abdella Hamch\.m2\repository\io\netty\netty-codec-socks\4.1.104.Final\netty-codec-socks-4.1.104.Final.jar;C:\Users\Abdella Hamch\.m2\repository\io\netty\netty-resolver-dns\4.1.104.Final\netty-resolver-dns-4.1.104.Final.jar;C:\Users\Abdella Hamch\.m2\repository\io\netty\netty-codec-dns\4.1.104.Final\netty-codec-dns-4.1.104.Final.jar;C:\Users\Abdella Hamch\.m2\repository\io\netty\netty-resolver-dns-native-macos\4.1.104.Final\netty-resolver-dns-native-macos-4.1.104.Final-osx-x86_64.jar;C:\Users\Abdella Hamch\.m2\repository\io\netty\netty-resolver-dns-classes-macos\4.1.104.Final\netty-resolver-dns-classes-macos-4.1.104.Final.jar;C:\Users\Abdella Hamch\.m2\repository\io\netty\netty-transport-native-epoll\4.1.104.Final\netty-transport-native-epoll-4.1.104.Final-linux-x86_64.jar;C:\Users\Abdella Hamch\.m2\repository\io\netty\netty-transport-classes-epoll\4.1.104.Final\netty-transport-classes-epoll-4.1.104.Final.jar;C:\Users\Abdella Hamch\.m2\repository\io\projectreactor\netty\reactor-netty-http\1.1.14\reactor-netty-http-1.1.14.jar;C:\Users\Abdella Hamch\.m2\repository\io\netty\netty-codec-http\4.1.104.Final\netty-codec-http-4.1.104.Final.jar;C:\Users\Abdella Hamch\.m2\repository\io\netty\netty-codec-http2\4.1.104.Final\netty-codec-http2-4.1.104.Final.jar;C:\Users\Abdella Hamch\.m2\repository\io\projectreactor\netty\incubator\reactor-netty-incubator-quic\0.1.14\reactor-netty-incubator-quic-0.1.14.jar;C:\Users\Abdella Hamch\.m2\repository\io\netty\incubator\netty-incubator-codec-native-quic\0.0.54.Final\netty-incubator-codec-native-quic-0.0.54.Final-linux-x86_64.jar;C:\Users\Abdella Hamch\.m2\repository\io\netty\incubator\netty-incubator-codec-classes-quic\0.0.54.Final\netty-incubator-codec-classes-quic-0.0.54.Final.jar;C:\Users\Abdella Hamch\.m2\repository\org\springframework\cloud\spring-cloud-stream\4.1.0\spring-cloud-stream-4.1.0.jar;C:\Users\Abdella Hamch\.m2\repository\org\springframework\spring-messaging\6.1.2\spring-messaging-6.1.2.jar;C:\Users\Abdella Hamch\.m2\repository\org\springframework\retry\spring-retry\2.0.5\spring-retry-2.0.5.jar;C:\Users\Abdella Hamch\.m2\repository\org\springframework\cloud\spring-cloud-function-context\4.1.0\spring-cloud-function-context-4.1.0.jar;C:\Users\Abdella Hamch\.m2\repository\net\jodah\typetools\0.6.2\typetools-0.6.2.jar;C:\Users\Abdella Hamch\.m2\repository\org\springframework\cloud\spring-cloud-function-core\4.1.0\spring-cloud-function-core-4.1.0.jar;C:\Users\Abdella Hamch\.m2\repository\org\jetbrains\kotlin\kotlin-stdlib-jdk8\1.9.21\kotlin-stdlib-jdk8-1.9.21.jar;C:\Users\Abdella Hamch\.m2\repository\org\jetbrains\kotlin\kotlin-stdlib\1.9.21\kotlin-stdlib-1.9.21.jar;C:\Users\Abdella Hamch\.m2\repository\org\jetbrains\kotlin\kotlin-stdlib-jdk7\1.9.21\kotlin-stdlib-jdk7-1.9.21.jar;C:\Users\Abdella Hamch\.m2\repository\org\springframework\boot\spring-boot-starter-amqp\3.2.1\spring-boot-starter-amqp-3.2.1.jar;C:\Users\Abdella Hamch\.m2\repository\org\springframework\amqp\spring-rabbit\3.1.1\spring-rabbit-3.1.1.jar;C:\Users\Abdella Hamch\.m2\repository\org\springframework\amqp\spring-amqp\3.1.1\spring-amqp-3.1.1.jar;C:\Users\Abdella Hamch\.m2\repository\com\rabbitmq\amqp-client\5.19.0\amqp-client-5.19.0.jar;C:\Users\Abdella Hamch\.m2\repository\org\springframework\integration\spring-integration-amqp\6.2.1\spring-integration-amqp-6.2.1.jar;C:\Users\Abdella Hamch\.m2\repository\org\springframework\integration\spring-integration-core\6.2.1\spring-integration-core-6.2.1.jar;C:\Users\Abdella Hamch\.m2\repository\io\projectreactor\reactor-core\3.6.1\reactor-core-3.6.1.jar;C:\Users\Abdella Hamch\.m2\repository\org\reactivestreams\reactive-streams\1.0.4\reactive-streams-1.0.4.jar;C:\Users\Abdella Hamch\.m2\repository\org\springframework\integration\spring-integration-jmx\6.2.1\spring-integration-jmx-6.2.1.jar;C:\Users\Abdella Hamch\.m2\repository\org\apache\httpcomponents\httpclient\4.5.14\httpclient-4.5.14.jar;C:\Users\Abdella Hamch\.m2\repository\org\apache\httpcomponents\httpcore\4.4.16\httpcore-4.4.16.jar;C:\Users\Abdella Hamch\.m2\repository\commons-logging\commons-logging\1.2\commons-logging-1.2.jar;C:\Users\Abdella Hamch\.m2\repository\commons-codec\commons-codec\1.16.0\commons-codec-1.16.0.jar;C:\Users\Abdella Hamch\.m2\repository\org\springframework\cloud\spring-cloud-starter-bus-amqp\4.1.0\spring-cloud-starter-bus-amqp-4.1.0.jar;C:\Users\Abdella Hamch\.m2\repository\org\springframework\cloud\spring-cloud-starter-stream-rabbit\4.1.0\spring-cloud-starter-stream-rabbit-4.1.0.jar;C:\Users\Abdella Hamch\.m2\repository\org\springframework\cloud\spring-cloud-bus\4.1.0\spring-cloud-bus-4.1.0.jar;C:\Users\Abdella Hamch\.m2\repository\org\springframework\cloud\spring-cloud-starter-consul-discovery\4.1.0\spring-cloud-starter-consul-discovery-4.1.0.jar;C:\Users\Abdella Hamch\.m2\repository\org\springframework\cloud\spring-cloud-starter-consul\4.1.0\spring-cloud-starter-consul-4.1.0.jar;C:\Users\Abdella Hamch\.m2\repository\org\springframework\cloud\spring-cloud-consul-core\4.1.0\spring-cloud-consul-core-4.1.0.jar;C:\Users\Abdella Hamch\.m2\repository\com\ecwid\consul\consul-api\1.4.5\consul-api-1.4.5.jar;C:\Users\Abdella Hamch\.m2\repository\com\google\code\gson\gson\2.10.1\gson-2.10.1.jar;C:\Users\Abdella Hamch\.m2\repository\org\springframework\cloud\spring-cloud-consul-discovery\4.1.0\spring-cloud-consul-discovery-4.1.0.jar;C:\Users\Abdella Hamch\.m2\repository\org\springframework\cloud\spring-cloud-starter-loadbalancer\4.1.0\spring-cloud-starter-loadbalancer-4.1.0.jar;C:\Users\Abdella Hamch\.m2\repository\org\springframework\cloud\spring-cloud-loadbalancer\4.1.0\spring-cloud-loadbalancer-4.1.0.jar;C:\Users\Abdella Hamch\.m2\repository\io\projectreactor\addons\reactor-extra\3.5.1\reactor-extra-3.5.1.jar;C:\Users\Abdella Hamch\.m2\repository\org\springframework\boot\spring-boot-starter-cache\3.2.1\spring-boot-starter-cache-3.2.1.jar;C:\Users\Abdella Hamch\.m2\repository\org\springframework\spring-context-support\6.1.2\spring-context-support-6.1.2.jar;C:\Users\Abdella Hamch\.m2\repository\com\stoyanr\evictor\1.0.0\evictor-1.0.0.jar;C:\Users\Abdella Hamch\.m2\repository\org\springframework\cloud\spring-cloud-starter-consul-config\4.1.0\spring-cloud-starter-consul-config-4.1.0.jar;C:\Users\Abdella Hamch\.m2\repository\org\springframework\cloud\spring-cloud-consul-config\4.1.0\spring-cloud-consul-config-4.1.0.jar;C:\Users\Abdella Hamch\.m2\repository\org\springframework\cloud\spring-cloud-commons\4.1.0\spring-cloud-commons-4.1.0.jar;C:\Users\Abdella Hamch\.m2\repository\org\springframework\boot\spring-boot-starter-actuator\3.0.1\spring-boot-starter-actuator-3.0.1.jar;C:\Users\Abdella Hamch\.m2\repository\org\springframework\boot\spring-boot-actuator-autoconfigure\3.2.1\spring-boot-actuator-autoconfigure-3.2.1.jar;C:\Users\Abdella Hamch\.m2\repository\org\springframework\boot\spring-boot-actuator\3.2.1\spring-boot-actuator-3.2.1.jar;C:\Users\Abdella Hamch\.m2\repository\io\micrometer\micrometer-observation\1.12.1\micrometer-observation-1.12.1.jar;C:\Users\Abdella Hamch\.m2\repository\io\micrometer\micrometer-commons\1.12.1\micrometer-commons-1.12.1.jar;C:\Users\Abdella Hamch\.m2\repository\io\micrometer\micrometer-core\1.12.1\micrometer-core-1.12.1.jar;C:\Users\Abdella Hamch\.m2\repository\org\hdrhistogram\HdrHistogram\2.1.12\HdrHistogram-2.1.12.jar;C:\Users\Abdella Hamch\.m2\repository\org\latencyutils\LatencyUtils\2.0.3\LatencyUtils-2.0.3.jar;C:\Users\Abdella Hamch\.m2\repository\com\mysql\mysql-connector-j\8.1.0\mysql-connector-j-8.1.0.jar;C:\Users\Abdella Hamch\.m2\repository\org\projectlombok\lombok\1.18.30\lombok-1.18.30.jar;C:\Users\Abdella Hamch\.m2\repository\com\jayway\jsonpath\json-path\2.8.0\json-path-2.8.0.jar;C:\Users\Abdella Hamch\.m2\repository\jakarta\xml\bind\jakarta.xml.bind-api\4.0.1\jakarta.xml.bind-api-4.0.1.jar;C:\Users\Abdella Hamch\.m2\repository\jakarta\activation\jakarta.activation-api\2.1.2\jakarta.activation-api-2.1.2.jar;C:\Users\Abdella Hamch\.m2\repository\net\minidev\json-smart\2.5.0\json-smart-2.5.0.jar;C:\Users\Abdella Hamch\.m2\repository\net\minidev\accessors-smart\2.5.0\accessors-smart-2.5.0.jar;C:\Users\Abdella Hamch\.m2\repository\org\ow2\asm\asm\9.3\asm-9.3.jar;C:\Users\Abdella Hamch\.m2\repository\org\springframework\cloud\spring-cloud-starter-bootstrap\4.1.0\spring-cloud-starter-bootstrap-4.1.0.jar;C:\Users\Abdella Hamch\.m2\repository\org\springframework\cloud\spring-cloud-starter\4.1.0\spring-cloud-starter-4.1.0.jar;C:\Users\Abdella Hamch\.m2\repository\org\springframework\cloud\spring-cloud-context\4.1.0\spring-cloud-context-4.1.0.jar;C:\Users\Abdella Hamch\.m2\repository\org\springframework\security\spring-security-rsa\1.1.1\spring-security-rsa-1.1.1.jar;C:\Users\Abdella Hamch\.m2\repository\org\bouncycastle\bcprov-jdk18on\1.74\bcprov-jdk18on-1.74.jar;C:\Users\Abdella Hamch\.m2\repository\org\springframework\data\spring-data-rest-core\4.2.1\spring-data-rest-core-4.2.1.jar;C:\Users\Abdella Hamch\.m2\repository\org\springframework\spring-tx\6.1.2\spring-tx-6.1.2.jar;C:\Users\Abdella Hamch\.m2\repository\org\springframework\hateoas\spring-hateoas\2.2.0\spring-hateoas-2.2.0.jar;C:\Users\Abdella Hamch\.m2\repository\org\springframework\data\spring-data-commons\3.2.1\spring-data-commons-3.2.1.jar;C:\Users\Abdella Hamch\.m2\repository\org\springframework\plugin\spring-plugin-core\3.0.0\spring-plugin-core-3.0.0.jar;C:\Users\Abdella Hamch\.m2\repository\org\atteo\evo-inflector\1.3\evo-inflector-1.3.jar;C:\Users\Abdella Hamch\.m2\repository\com\fasterxml\jackson\core\jackson-annotations\2.15.3\jackson-annotations-2.15.3.jar;C:\Users\Abdella Hamch\.m2\repository\com\fasterxml\jackson\datatype\jackson-datatype-jdk8\2.15.3\jackson-datatype-jdk8-2.15.3.jar;C:\Users\Abdella Hamch\.m2\repository\org\slf4j\slf4j-api\2.0.9\slf4j-api-2.0.9.jar;C:\Users\Abdella Hamch\.m2\repository\org\springframework\boot\spring-boot-starter-data-rest\3.2.1\spring-boot-starter-data-rest-3.2.1.jar;C:\Users\Abdella Hamch\.m2\repository\org\springframework\data\spring-data-rest-webmvc\4.2.1\spring-data-rest-webmvc-4.2.1.jar
Launcher Type: SUN_STANDARD

[Global flags]
     intx CICompilerCount                          = 12                                        {product} {ergonomic}
     uint ConcGCThreads                            = 3                                         {product} {ergonomic}
     uint G1ConcRefinementThreads                  = 13                                        {product} {ergonomic}
   size_t G1HeapRegionSize                         = 1048576                                   {product} {ergonomic}
    uintx GCDrainStackTargetSize                   = 64                                        {product} {ergonomic}
   size_t InitialHeapSize                          = 132120576                                 {product} {ergonomic}
   size_t MarkStackSize                            = 4194304                                   {product} {ergonomic}
   size_t MaxHeapSize                              = 2090860544                                {product} {ergonomic}
   size_t MaxNewSize                               = 1254096896                                {product} {ergonomic}
   size_t MinHeapDeltaBytes                        = 1048576                                   {product} {ergonomic}
   size_t MinHeapSize                              = 8388608                                   {product} {ergonomic}
    uintx NonNMethodCodeHeapSize                   = 7602480                                {pd product} {ergonomic}
    uintx NonProfiledCodeHeapSize                  = 122027880                              {pd product} {ergonomic}
    uintx ProfiledCodeHeapSize                     = 122027880                              {pd product} {ergonomic}
    uintx ReservedCodeCacheSize                    = 251658240                              {pd product} {ergonomic}
     bool SegmentedCodeCache                       = true                                      {product} {ergonomic}
     bool ShowCodeDetailsInExceptionMessages       = true                                   {manageable} {command line}
   size_t SoftMaxHeapSize                          = 2090860544                             {manageable} {ergonomic}
     bool UseCompressedOops                        = true                           {product lp64_product} {ergonomic}
     bool UseG1GC                                  = true                                      {product} {ergonomic}
     bool UseLargePagesIndividualAllocation        = false                                  {pd product} {ergonomic}

Logging:
Log output configuration:
 #0: stdout all=warning uptime,level,tags foldmultilines=false
 #1: stderr all=off uptime,level,tags foldmultilines=false

Environment Variables:
JAVA_HOME=C:\Program Files\Java\jdk-21
PATH=C:/Users/Abdella Hamch/.p2/pool/plugins/org.eclipse.justj.openjdk.hotspot.jre.full.win32.x86_64_23.0.0.v20240919-1706/jre/bin/server;C:/Users/Abdella Hamch/.p2/pool/plugins/org.eclipse.justj.openjdk.hotspot.jre.full.win32.x86_64_23.0.0.v20240919-1706/jre/bin;C:\ProgramData\Oracle\Java\javapath;C:\Program Files\Common Files\Oracle\Java\javapath;C:\Python312\Scripts\;C:\Python312\;C:\Python311\Scripts\;C:\Python311\;C:\windows\system32;C:\windows;C:\windows\System32\Wbem;C:\windows\System32\WindowsPowerShell\v1.0\;C:\windows\System32\OpenSSH\;C:\Program Files (x86)\Microsoft SQL Server\160\DTS\Binn\;C:\ProgramData\chocolatey\bin;C:\Program Files\Java\jdk-17\bin;C:\Program Files\PuTTY\;C:\Program Files\Microsoft SQL Server\Client SDK\ODBC\170\Tools\Binn\;C:\Program Files (x86)\Microsoft SQL Server\150\Tools\Binn\;C:\Program Files\Microsoft SQL Server\150\Tools\Binn\;C:\Program Files\Microsoft SQL Server\150\DTS\Binn\;C:\Program Files (x86)\Microsoft SQL Server\160\Tools\Binn\;C:\Program Files\Microsoft SQL Server\160\Tools\Binn\;C:\Program Files\Microsoft SQL Server\160\DTS\Binn\;C:\Program Files\Microsoft SQL Server\130\DTS\Binn\;C:\Program Files\Microsoft SQL Server\140\DTS\Binn\;C:\Program Files\Git\cmd;C:\Program Files\nodejs\;C:\Program Files\Docker\Docker\resources\bin;C:\Users\Abdella Hamch\AppData\Local\Microsoft\WindowsApps;C:\Program Files\Azure Data Studio\bin;C:\Users\Abdella Hamch\AppData\Local\GitHubDesktop\bin;C:\Program Files\Java\jdk-21\bin;C:\Program Files\nodejs;C:\Users\Abdella Hamch\AppData\Roaming\npm\ng.ps1;C:\Users\Abdella Hamch\AppData\Local\JetBrains\Toolbox\scripts;C:\Program Files\Java\jdk-21;C:\Program Files\Erlang OTP\bin;C:\Program Files\RabbitMQ Server\rabbitmq_server-4.0.2\sbin;B:\Java091024\pgsql\bin;C:\Users\Abdella Hamch\AppData\Roaming\npm;C:\windows\system32;
USERNAME=A.HAMCH
OS=Windows_NT
PROCESSOR_IDENTIFIER=Intel64 Family 6 Model 165 Stepping 5, GenuineIntel
TMP=C:\Users\ABDELL~1\AppData\Local\Temp
TEMP=C:\Users\ABDELL~1\AppData\Local\Temp




Periodic native trim disabled

---------------  S Y S T E M  ---------------

OS:
 Windows 11 , 64 bit Build 22000 (10.0.22000.2538)
OS uptime: 1 days 1:40 hours
Hyper-V role detected

CPU: total 16 (initial active 16) (8 cores per cpu, 2 threads per core) family 6 model 165 stepping 5 microcode 0xfe, cx8, cmov, fxsr, ht, mmx, 3dnowpref, sse, sse2, sse3, ssse3, sse4.1, sse4.2, popcnt, lzcnt, tsc, tscinvbit, avx, avx2, aes, erms, clmul, bmi1, bmi2, adx, fma, vzeroupper, clflush, clflushopt, hv, rdtscp, f16c
Processor Information for all 16 processors :
  Max Mhz: 2904, Current Mhz: 2904, Mhz Limit: 2904

Memory: 4k page, system-wide physical 7968M (424M free)
TotalPageFile size 32544M (AvailPageFile size 4M)
current process WorkingSet (physical memory assigned to process): 53M, peak: 459M
current process commit charge ("private bytes"): 473M, peak: 514M

vm_info: Java HotSpot(TM) 64-Bit Server VM (21.0.6+8-LTS-188) for windows-amd64 JRE (21.0.6+8-LTS-188), built on 2024-12-03T10:50:54Z by "mach5one" with MS VC++ 17.6 (VS2022)

END.
