#
# There is insufficient memory for the Java Runtime Environment to continue.
# Native memory allocation (malloc) failed to allocate 1716720 bytes for Chunk::new
# Possible reasons:
#   The system is out of physical RAM or swap space
#   The process is running with CompressedOops enabled, and the Java Heap may be blocking the growth of the native heap
# Possible solutions:
#   Reduce memory load on the system
#   Increase physical memory or swap space
#   Check if swap backing store is full
#   Decrease Java heap size (-Xmx/-Xms)
#   Decrease number of Java threads
#   Decrease Java thread stack sizes (-Xss)
#   Set larger code cache with -XX:ReservedCodeCacheSize=
#   JVM is running with Unscaled Compressed Oops mode in which the Java heap is
#     placed in the first 4GB address space. The Java Heap base address is the
#     maximum limit for the native heap growth. Please use -XX:HeapBaseMinAddress
#     to set the Java Heap base and to place the Java Heap above 4GB virtual address.
# This output file may be truncated or incomplete.
#
#  Out of Memory Error (arena.cpp:168), pid=24428, tid=26488
#
# JRE version: Java(TM) SE Runtime Environment (21.0.6+8) (build 21.0.6+8-LTS-188)
# Java VM: Java HotSpot(TM) 64-Bit Server VM (21.0.6+8-LTS-188, mixed mode, sharing, tiered, compressed oops, compressed class ptrs, g1 gc, windows-amd64)
# No core dump will be written. Minidumps are not enabled by default on client versions of Windows
#

---------------  S U M M A R Y ------------

Command Line: -Dfile.encoding=UTF-8 -Dstdout.encoding=UTF-8 -Dstderr.encoding=UTF-8 -XX:+ShowCodeDetailsInExceptionMessages com.hamch.customerservice.CustomerServiceApplication

Host: Intel(R) Core(TM) i7-10700 CPU @ 2.90GHz, 16 cores, 7G,  Windows 11 , 64 bit Build 22000 (10.0.22000.2538)
Time: Tue Jul  8 11:52:28 2025 Maroc (heure d64 bit Build 22000 (10.0.22000.2538) elapsed time: 7.458870 seconds (0d 0h 0m 7s)

---------------  T H R E A D  ---------------

Current thread (0x00000290ecc883a0):  JavaThread "C2 CompilerThread0" daemon [_thread_in_native, id=26488, stack(0x000000fba5000000,0x000000fba5100000) (1024K)]


Current CompileTask:
C2:   7458 6312       4       org.springframework.aop.aspectj.AspectJExpressionPointcut::matches (74 bytes)

Stack: [0x000000fba5000000,0x000000fba5100000]
Native frames: (J=compiled Java code, j=interpreted, Vv=VM code, C=native code)
V  [jvm.dll+0x6ca6d9]
V  [jvm.dll+0x854f51]
V  [jvm.dll+0x85747e]
V  [jvm.dll+0x857b53]
V  [jvm.dll+0x27dcc6]
V  [jvm.dll+0xc4c2d]
V  [jvm.dll+0xc5163]
V  [jvm.dll+0x3b515c]
V  [jvm.dll+0x1df829]
V  [jvm.dll+0x246a72]
V  [jvm.dll+0x245eff]
V  [jvm.dll+0x1c6d2e]
V  [jvm.dll+0x2554f9]
V  [jvm.dll+0x253a8a]
V  [jvm.dll+0x3ee576]
V  [jvm.dll+0x7ff2fb]
V  [jvm.dll+0x6c8dbd]
C  [ucrtbase.dll+0x26c0c]
C  [KERNEL32.DLL+0x153e0]
C  [ntdll.dll+0x485b]


---------------  P R O C E S S  ---------------

Threads class SMR info:
_java_thread_list=0x00000290f50d08e0, length=18, elements={
0x00000290cf8bbfd0, 0x00000290ecc76d30, 0x00000290ecc77a40, 0x00000290ecc79ac0,
0x00000290ecc7b2f0, 0x00000290ecc7de80, 0x00000290ecc938d0, 0x00000290ecc883a0,
0x00000290ecc95bb0, 0x00000290ecc945f0, 0x00000290ecc94c80, 0x00000290f4a3c890,
0x00000290f4897140, 0x00000290f4817cf0, 0x00000290ecc93240, 0x00000290f6702790,
0x00000290f67041d0, 0x00000290f6703b40
}

Java Threads: ( => current thread )
  0x00000290cf8bbfd0 JavaThread "main"                              [_thread_in_vm, id=11192, stack(0x000000fba4200000,0x000000fba4300000) (1024K)]
  0x00000290ecc76d30 JavaThread "Reference Handler"          daemon [_thread_blocked, id=31572, stack(0x000000fba4a00000,0x000000fba4b00000) (1024K)]
  0x00000290ecc77a40 JavaThread "Finalizer"                  daemon [_thread_blocked, id=27560, stack(0x000000fba4b00000,0x000000fba4c00000) (1024K)]
  0x00000290ecc79ac0 JavaThread "Signal Dispatcher"          daemon [_thread_blocked, id=29992, stack(0x000000fba4c00000,0x000000fba4d00000) (1024K)]
  0x00000290ecc7b2f0 JavaThread "Attach Listener"            daemon [_thread_blocked, id=22320, stack(0x000000fba4d00000,0x000000fba4e00000) (1024K)]
  0x00000290ecc7de80 JavaThread "Service Thread"             daemon [_thread_blocked, id=11364, stack(0x000000fba4e00000,0x000000fba4f00000) (1024K)]
  0x00000290ecc938d0 JavaThread "Monitor Deflation Thread"   daemon [_thread_blocked, id=1188, stack(0x000000fba4f00000,0x000000fba5000000) (1024K)]
=>0x00000290ecc883a0 JavaThread "C2 CompilerThread0"         daemon [_thread_in_native, id=26488, stack(0x000000fba5000000,0x000000fba5100000) (1024K)]
  0x00000290ecc95bb0 JavaThread "C1 CompilerThread0"         daemon [_thread_blocked, id=20952, stack(0x000000fba5100000,0x000000fba5200000) (1024K)]
  0x00000290ecc945f0 JavaThread "Notification Thread"        daemon [_thread_blocked, id=7984, stack(0x000000fba5200000,0x000000fba5300000) (1024K)]
  0x00000290ecc94c80 JavaThread "Common-Cleaner"             daemon [_thread_blocked, id=608, stack(0x000000fba5300000,0x000000fba5400000) (1024K)]
  0x00000290f4a3c890 JavaThread "C1 CompilerThread1"         daemon [_thread_in_native, id=26148, stack(0x000000fba5e00000,0x000000fba5f00000) (1024K)]
  0x00000290f4897140 JavaThread "C2 CompilerThread1"         daemon [_thread_in_native, id=21860, stack(0x000000fba6400000,0x000000fba6500000) (1024K)]
  0x00000290f4817cf0 JavaThread "C1 CompilerThread2"         daemon [_thread_blocked, id=26512, stack(0x000000fba6500000,0x000000fba6600000) (1024K)]
  0x00000290ecc93240 JavaThread "Catalina-utility-1"                [_thread_blocked, id=20608, stack(0x000000fba6600000,0x000000fba6700000) (1024K)]
  0x00000290f6702790 JavaThread "Catalina-utility-2"                [_thread_blocked, id=10548, stack(0x000000fba6700000,0x000000fba6800000) (1024K)]
  0x00000290f67041d0 JavaThread "container-0"                       [_thread_blocked, id=16316, stack(0x000000fba6800000,0x000000fba6900000) (1024K)]
  0x00000290f6703b40 JavaThread "mysql-cj-abandoned-connection-cleanup" daemon [_thread_blocked, id=26764, stack(0x000000fba6900000,0x000000fba6a00000) (1024K)]
Total: 18

Other Threads:
  0x00000290ecc5bf90 VMThread "VM Thread"                           [id=30980, stack(0x000000fba4900000,0x000000fba4a00000) (1024K)]
  0x00000290ecc4a8e0 WatcherThread "VM Periodic Task Thread"        [id=32656, stack(0x000000fba4800000,0x000000fba4900000) (1024K)]
  0x00000290cf913a20 WorkerThread "GC Thread#0"                     [id=13504, stack(0x000000fba4300000,0x000000fba4400000) (1024K)]
  0x00000290f22ff330 WorkerThread "GC Thread#1"                     [id=17456, stack(0x000000fba5400000,0x000000fba5500000) (1024K)]
  0x00000290f19cf3f0 WorkerThread "GC Thread#2"                     [id=11388, stack(0x000000fba5500000,0x000000fba5600000) (1024K)]
  0x00000290f1ecde70 WorkerThread "GC Thread#3"                     [id=34628, stack(0x000000fba5600000,0x000000fba5700000) (1024K)]
  0x00000290f22692e0 WorkerThread "GC Thread#4"                     [id=13248, stack(0x000000fba5700000,0x000000fba5800000) (1024K)]
  0x00000290f263f870 WorkerThread "GC Thread#5"                     [id=30864, stack(0x000000fba5800000,0x000000fba5900000) (1024K)]
  0x00000290f269bf50 WorkerThread "GC Thread#6"                     [id=18860, stack(0x000000fba5900000,0x000000fba5a00000) (1024K)]
  0x00000290f269cb00 WorkerThread "GC Thread#7"                     [id=23668, stack(0x000000fba5a00000,0x000000fba5b00000) (1024K)]
  0x00000290f2aa52e0 WorkerThread "GC Thread#8"                     [id=1152, stack(0x000000fba5b00000,0x000000fba5c00000) (1024K)]
  0x00000290f2aa6290 WorkerThread "GC Thread#9"                     [id=25628, stack(0x000000fba5c00000,0x000000fba5d00000) (1024K)]
  0x00000290f2b63a60 WorkerThread "GC Thread#10"                    [id=31448, stack(0x000000fba5f00000,0x000000fba6000000) (1024K)]
  0x00000290f2b63e00 WorkerThread "GC Thread#11"                    [id=24080, stack(0x000000fba6000000,0x000000fba6100000) (1024K)]
  0x00000290f2b641a0 WorkerThread "GC Thread#12"                    [id=13004, stack(0x000000fba6100000,0x000000fba6200000) (1024K)]
  0x00000290cf924d10 ConcurrentGCThread "G1 Main Marker"            [id=13456, stack(0x000000fba4400000,0x000000fba4500000) (1024K)]
  0x00000290cf925810 WorkerThread "G1 Conc#0"                       [id=29612, stack(0x000000fba4500000,0x000000fba4600000) (1024K)]
  0x00000290f2b62840 WorkerThread "G1 Conc#1"                       [id=4236, stack(0x000000fba6200000,0x000000fba6300000) (1024K)]
  0x00000290f2b62be0 WorkerThread "G1 Conc#2"                       [id=14500, stack(0x000000fba6300000,0x000000fba6400000) (1024K)]
  0x00000290ecb19470 ConcurrentGCThread "G1 Refine#0"               [id=12052, stack(0x000000fba4600000,0x000000fba4700000) (1024K)]
  0x00000290ecb1be00 ConcurrentGCThread "G1 Service"                [id=13116, stack(0x000000fba4700000,0x000000fba4800000) (1024K)]
Total: 21

Threads with active compile tasks:
C2 CompilerThread0     7538 6312       4       org.springframework.aop.aspectj.AspectJExpressionPointcut::matches (74 bytes)
C1 CompilerThread1     7538 6543       3       java.net.URLStreamHandler::parseURL (1124 bytes)
C2 CompilerThread1     7538 6340       4       org.springframework.beans.factory.support.AbstractBeanFactory::isTypeMatch (619 bytes)
Total: 3

VM state: not at safepoint (normal execution)

VM Mutex/Monitor currently owned by a thread: None

Heap address: 0x0000000083600000, size: 1994 MB, Compressed Oops mode: 32-bit

CDS archive(s) mapped at: [0x0000029080000000-0x0000029080c90000-0x0000029080c90000), size 13172736, SharedBaseAddress: 0x0000029080000000, ArchiveRelocationMode: 1.
Compressed class space mapped at: 0x0000029081000000-0x00000290c1000000, reserved size: 1073741824
Narrow klass base: 0x0000029080000000, Narrow klass shift: 0, Narrow klass range: 0x100000000

GC Precious Log:
 CardTable entry size: 512
 Card Set container configuration: InlinePtr #cards 5 size 8 Array Of Cards #cards 12 size 40 Howl #buckets 4 coarsen threshold 1843 Howl Bitmap #cards 512 size 80 coarsen threshold 460 Card regions per heap region 1 cards per card region 2048
 CPUs: 16 total, 16 available
 Memory: 7968M
 Large Page Support: Disabled
 NUMA Support: Disabled
 Compressed Oops: Enabled (32-bit)
 Heap Region Size: 1M
 Heap Min Capacity: 8M
 Heap Initial Capacity: 126M
 Heap Max Capacity: 1994M
 Pre-touch: Disabled
 Parallel Workers: 13
 Concurrent Workers: 3
 Concurrent Refinement Workers: 13
 Periodic GC: Disabled

Heap:
 garbage-first heap   total 103424K, used 82186K [0x0000000083600000, 0x0000000100000000)
  region size 1024K, 46 young (47104K), 3 survivors (3072K)
 Metaspace       used 49959K, committed 50560K, reserved 1114112K
  class space    used 6403K, committed 6656K, reserved 1048576K

Heap Regions: E=young(eden), S=young(survivor), O=old, HS=humongous(starts), HC=humongous(continues), CS=collection set, F=free, TAMS=top-at-mark-start, PB=parsable bottom
|   0|0x0000000083600000, 0x0000000083700000, 0x0000000083700000|100%|HS|  |TAMS 0x0000000083600000| PB 0x0000000083600000| Complete 
|   1|0x0000000083700000, 0x0000000083800000, 0x0000000083800000|100%| O|  |TAMS 0x0000000083700000| PB 0x0000000083700000| Untracked 
|   2|0x0000000083800000, 0x0000000083900000, 0x0000000083900000|100%|HS|  |TAMS 0x0000000083800000| PB 0x0000000083800000| Complete 
|   3|0x0000000083900000, 0x0000000083a00000, 0x0000000083a00000|100%| O|  |TAMS 0x0000000083900000| PB 0x0000000083900000| Untracked 
|   4|0x0000000083a00000, 0x0000000083b00000, 0x0000000083b00000|100%| O|  |TAMS 0x0000000083a00000| PB 0x0000000083a00000| Untracked 
|   5|0x0000000083b00000, 0x0000000083c00000, 0x0000000083c00000|100%| O|  |TAMS 0x0000000083b00000| PB 0x0000000083b00000| Untracked 
|   6|0x0000000083c00000, 0x0000000083d00000, 0x0000000083d00000|100%| O|  |TAMS 0x0000000083c00000| PB 0x0000000083c00000| Untracked 
|   7|0x0000000083d00000, 0x0000000083e00000, 0x0000000083e00000|100%| O|  |TAMS 0x0000000083d00000| PB 0x0000000083d00000| Untracked 
|   8|0x0000000083e00000, 0x0000000083f00000, 0x0000000083f00000|100%| O|  |TAMS 0x0000000083e00000| PB 0x0000000083e00000| Untracked 
|   9|0x0000000083f00000, 0x0000000084000000, 0x0000000084000000|100%| O|  |TAMS 0x0000000083f00000| PB 0x0000000083f00000| Untracked 
|  10|0x0000000084000000, 0x0000000084100000, 0x0000000084100000|100%| O|  |TAMS 0x0000000084000000| PB 0x0000000084000000| Untracked 
|  11|0x0000000084100000, 0x0000000084200000, 0x0000000084200000|100%| O|  |TAMS 0x0000000084100000| PB 0x0000000084100000| Untracked 
|  12|0x0000000084200000, 0x0000000084300000, 0x0000000084300000|100%| O|  |TAMS 0x0000000084200000| PB 0x0000000084200000| Untracked 
|  13|0x0000000084300000, 0x0000000084400000, 0x0000000084400000|100%| O|  |TAMS 0x0000000084300000| PB 0x0000000084300000| Untracked 
|  14|0x0000000084400000, 0x0000000084500000, 0x0000000084500000|100%| O|  |TAMS 0x0000000084400000| PB 0x0000000084400000| Untracked 
|  15|0x0000000084500000, 0x0000000084600000, 0x0000000084600000|100%| O|  |TAMS 0x0000000084500000| PB 0x0000000084500000| Untracked 
|  16|0x0000000084600000, 0x0000000084700000, 0x0000000084700000|100%| O|  |TAMS 0x0000000084600000| PB 0x0000000084600000| Untracked 
|  17|0x0000000084700000, 0x0000000084800000, 0x0000000084800000|100%| O|  |TAMS 0x0000000084700000| PB 0x0000000084700000| Untracked 
|  18|0x0000000084800000, 0x0000000084900000, 0x0000000084900000|100%| O|  |TAMS 0x0000000084800000| PB 0x0000000084800000| Untracked 
|  19|0x0000000084900000, 0x0000000084a00000, 0x0000000084a00000|100%| O|  |TAMS 0x0000000084900000| PB 0x0000000084900000| Untracked 
|  20|0x0000000084a00000, 0x0000000084b00000, 0x0000000084b00000|100%| O|  |TAMS 0x0000000084a00000| PB 0x0000000084a00000| Untracked 
|  21|0x0000000084b00000, 0x0000000084c00000, 0x0000000084c00000|100%| O|  |TAMS 0x0000000084b00000| PB 0x0000000084b00000| Untracked 
|  22|0x0000000084c00000, 0x0000000084d00000, 0x0000000084d00000|100%| O|  |TAMS 0x0000000084c00000| PB 0x0000000084c00000| Untracked 
|  23|0x0000000084d00000, 0x0000000084e00000, 0x0000000084e00000|100%| O|  |TAMS 0x0000000084d00000| PB 0x0000000084d00000| Untracked 
|  24|0x0000000084e00000, 0x0000000084f00000, 0x0000000084f00000|100%| O|  |TAMS 0x0000000084e00000| PB 0x0000000084e00000| Untracked 
|  25|0x0000000084f00000, 0x0000000085000000, 0x0000000085000000|100%| O|  |TAMS 0x0000000084f00000| PB 0x0000000084f00000| Untracked 
|  26|0x0000000085000000, 0x0000000085100000, 0x0000000085100000|100%| O|  |TAMS 0x0000000085000000| PB 0x0000000085000000| Untracked 
|  27|0x0000000085100000, 0x0000000085200000, 0x0000000085200000|100%| O|  |TAMS 0x0000000085100000| PB 0x0000000085100000| Untracked 
|  28|0x0000000085200000, 0x0000000085300000, 0x0000000085300000|100%| O|  |TAMS 0x0000000085200000| PB 0x0000000085200000| Untracked 
|  29|0x0000000085300000, 0x0000000085400000, 0x0000000085400000|100%| O|  |TAMS 0x0000000085300000| PB 0x0000000085300000| Untracked 
|  30|0x0000000085400000, 0x0000000085500000, 0x0000000085500000|100%| O|  |TAMS 0x0000000085400000| PB 0x0000000085400000| Untracked 
|  31|0x0000000085500000, 0x0000000085600000, 0x0000000085600000|100%| O|  |TAMS 0x0000000085500000| PB 0x0000000085500000| Untracked 
|  32|0x0000000085600000, 0x0000000085700000, 0x0000000085700000|100%| O|  |TAMS 0x0000000085600000| PB 0x0000000085600000| Untracked 
|  33|0x0000000085700000, 0x00000000857c2b00, 0x0000000085800000| 76%| O|  |TAMS 0x0000000085700000| PB 0x0000000085700000| Untracked 
|  34|0x0000000085800000, 0x0000000085900000, 0x0000000085900000|100%|HS|  |TAMS 0x0000000085800000| PB 0x0000000085800000| Complete 
|  35|0x0000000085900000, 0x0000000085a00000, 0x0000000085a00000|100%|HS|  |TAMS 0x0000000085900000| PB 0x0000000085900000| Complete 
|  36|0x0000000085a00000, 0x0000000085a00000, 0x0000000085b00000|  0%| F|  |TAMS 0x0000000085a00000| PB 0x0000000085a00000| Untracked 
|  37|0x0000000085b00000, 0x0000000085b00000, 0x0000000085c00000|  0%| F|  |TAMS 0x0000000085b00000| PB 0x0000000085b00000| Untracked 
|  38|0x0000000085c00000, 0x0000000085c00000, 0x0000000085d00000|  0%| F|  |TAMS 0x0000000085c00000| PB 0x0000000085c00000| Untracked 
|  39|0x0000000085d00000, 0x0000000085d80000, 0x0000000085e00000| 50%| S|CS|TAMS 0x0000000085d00000| PB 0x0000000085d00000| Complete 
|  40|0x0000000085e00000, 0x0000000085f00000, 0x0000000085f00000|100%| S|CS|TAMS 0x0000000085e00000| PB 0x0000000085e00000| Complete 
|  41|0x0000000085f00000, 0x0000000085f00000, 0x0000000086000000|  0%| F|  |TAMS 0x0000000085f00000| PB 0x0000000085f00000| Untracked 
|  42|0x0000000086000000, 0x0000000086000000, 0x0000000086100000|  0%| F|  |TAMS 0x0000000086000000| PB 0x0000000086000000| Untracked 
|  43|0x0000000086100000, 0x0000000086100000, 0x0000000086200000|  0%| F|  |TAMS 0x0000000086100000| PB 0x0000000086100000| Untracked 
|  44|0x0000000086200000, 0x0000000086200000, 0x0000000086300000|  0%| F|  |TAMS 0x0000000086200000| PB 0x0000000086200000| Untracked 
|  45|0x0000000086300000, 0x0000000086400000, 0x0000000086400000|100%| S|CS|TAMS 0x0000000086300000| PB 0x0000000086300000| Complete 
|  46|0x0000000086400000, 0x0000000086400000, 0x0000000086500000|  0%| F|  |TAMS 0x0000000086400000| PB 0x0000000086400000| Untracked 
|  47|0x0000000086500000, 0x0000000086500000, 0x0000000086600000|  0%| F|  |TAMS 0x0000000086500000| PB 0x0000000086500000| Untracked 
|  48|0x0000000086600000, 0x0000000086600000, 0x0000000086700000|  0%| F|  |TAMS 0x0000000086600000| PB 0x0000000086600000| Untracked 
|  49|0x0000000086700000, 0x0000000086700000, 0x0000000086800000|  0%| F|  |TAMS 0x0000000086700000| PB 0x0000000086700000| Untracked 
|  50|0x0000000086800000, 0x0000000086800000, 0x0000000086900000|  0%| F|  |TAMS 0x0000000086800000| PB 0x0000000086800000| Untracked 
|  51|0x0000000086900000, 0x0000000086900000, 0x0000000086a00000|  0%| F|  |TAMS 0x0000000086900000| PB 0x0000000086900000| Untracked 
|  52|0x0000000086a00000, 0x0000000086a00000, 0x0000000086b00000|  0%| F|  |TAMS 0x0000000086a00000| PB 0x0000000086a00000| Untracked 
|  53|0x0000000086b00000, 0x0000000086b00000, 0x0000000086c00000|  0%| F|  |TAMS 0x0000000086b00000| PB 0x0000000086b00000| Untracked 
|  54|0x0000000086c00000, 0x0000000086c00000, 0x0000000086d00000|  0%| F|  |TAMS 0x0000000086c00000| PB 0x0000000086c00000| Untracked 
|  55|0x0000000086d00000, 0x0000000086d00000, 0x0000000086e00000|  0%| F|  |TAMS 0x0000000086d00000| PB 0x0000000086d00000| Untracked 
|  56|0x0000000086e00000, 0x0000000086e00000, 0x0000000086f00000|  0%| F|  |TAMS 0x0000000086e00000| PB 0x0000000086e00000| Untracked 
|  57|0x0000000086f00000, 0x0000000086f00000, 0x0000000087000000|  0%| F|  |TAMS 0x0000000086f00000| PB 0x0000000086f00000| Untracked 
|  58|0x0000000087000000, 0x0000000087100000, 0x0000000087100000|100%| E|  |TAMS 0x0000000087000000| PB 0x0000000087000000| Complete 
|  59|0x0000000087100000, 0x0000000087200000, 0x0000000087200000|100%| E|CS|TAMS 0x0000000087100000| PB 0x0000000087100000| Complete 
|  60|0x0000000087200000, 0x0000000087300000, 0x0000000087300000|100%| E|CS|TAMS 0x0000000087200000| PB 0x0000000087200000| Complete 
|  61|0x0000000087300000, 0x0000000087400000, 0x0000000087400000|100%| E|CS|TAMS 0x0000000087300000| PB 0x0000000087300000| Complete 
|  62|0x0000000087400000, 0x0000000087500000, 0x0000000087500000|100%| E|CS|TAMS 0x0000000087400000| PB 0x0000000087400000| Complete 
|  63|0x0000000087500000, 0x0000000087600000, 0x0000000087600000|100%| E|CS|TAMS 0x0000000087500000| PB 0x0000000087500000| Complete 
|  64|0x0000000087600000, 0x0000000087700000, 0x0000000087700000|100%| E|CS|TAMS 0x0000000087600000| PB 0x0000000087600000| Complete 
|  65|0x0000000087700000, 0x0000000087800000, 0x0000000087800000|100%| E|CS|TAMS 0x0000000087700000| PB 0x0000000087700000| Complete 
|  66|0x0000000087800000, 0x0000000087900000, 0x0000000087900000|100%| E|CS|TAMS 0x0000000087800000| PB 0x0000000087800000| Complete 
|  67|0x0000000087900000, 0x0000000087a00000, 0x0000000087a00000|100%| E|CS|TAMS 0x0000000087900000| PB 0x0000000087900000| Complete 
|  68|0x0000000087a00000, 0x0000000087b00000, 0x0000000087b00000|100%| E|CS|TAMS 0x0000000087a00000| PB 0x0000000087a00000| Complete 
|  69|0x0000000087b00000, 0x0000000087c00000, 0x0000000087c00000|100%| E|CS|TAMS 0x0000000087b00000| PB 0x0000000087b00000| Complete 
|  70|0x0000000087c00000, 0x0000000087d00000, 0x0000000087d00000|100%| E|CS|TAMS 0x0000000087c00000| PB 0x0000000087c00000| Complete 
|  71|0x0000000087d00000, 0x0000000087e00000, 0x0000000087e00000|100%| E|CS|TAMS 0x0000000087d00000| PB 0x0000000087d00000| Complete 
|  72|0x0000000087e00000, 0x0000000087f00000, 0x0000000087f00000|100%| E|CS|TAMS 0x0000000087e00000| PB 0x0000000087e00000| Complete 
|  73|0x0000000087f00000, 0x0000000088000000, 0x0000000088000000|100%| E|CS|TAMS 0x0000000087f00000| PB 0x0000000087f00000| Complete 
|  74|0x0000000088000000, 0x0000000088100000, 0x0000000088100000|100%| E|CS|TAMS 0x0000000088000000| PB 0x0000000088000000| Complete 
|  75|0x0000000088100000, 0x0000000088200000, 0x0000000088200000|100%| E|CS|TAMS 0x0000000088100000| PB 0x0000000088100000| Complete 
|  76|0x0000000088200000, 0x0000000088300000, 0x0000000088300000|100%| E|CS|TAMS 0x0000000088200000| PB 0x0000000088200000| Complete 
|  77|0x0000000088300000, 0x0000000088400000, 0x0000000088400000|100%| E|CS|TAMS 0x0000000088300000| PB 0x0000000088300000| Complete 
|  78|0x0000000088400000, 0x0000000088500000, 0x0000000088500000|100%| E|CS|TAMS 0x0000000088400000| PB 0x0000000088400000| Complete 
|  79|0x0000000088500000, 0x0000000088600000, 0x0000000088600000|100%| E|CS|TAMS 0x0000000088500000| PB 0x0000000088500000| Complete 
|  80|0x0000000088600000, 0x0000000088700000, 0x0000000088700000|100%| E|CS|TAMS 0x0000000088600000| PB 0x0000000088600000| Complete 
|  81|0x0000000088700000, 0x0000000088800000, 0x0000000088800000|100%| E|CS|TAMS 0x0000000088700000| PB 0x0000000088700000| Complete 
|  82|0x0000000088800000, 0x0000000088900000, 0x0000000088900000|100%| E|CS|TAMS 0x0000000088800000| PB 0x0000000088800000| Complete 
|  83|0x0000000088900000, 0x0000000088a00000, 0x0000000088a00000|100%| E|CS|TAMS 0x0000000088900000| PB 0x0000000088900000| Complete 
|  84|0x0000000088a00000, 0x0000000088b00000, 0x0000000088b00000|100%| E|CS|TAMS 0x0000000088a00000| PB 0x0000000088a00000| Complete 
|  85|0x0000000088b00000, 0x0000000088c00000, 0x0000000088c00000|100%| E|CS|TAMS 0x0000000088b00000| PB 0x0000000088b00000| Complete 
|  86|0x0000000088c00000, 0x0000000088d00000, 0x0000000088d00000|100%| E|CS|TAMS 0x0000000088c00000| PB 0x0000000088c00000| Complete 
|  87|0x0000000088d00000, 0x0000000088e00000, 0x0000000088e00000|100%| E|CS|TAMS 0x0000000088d00000| PB 0x0000000088d00000| Complete 
|  88|0x0000000088e00000, 0x0000000088f00000, 0x0000000088f00000|100%| E|CS|TAMS 0x0000000088e00000| PB 0x0000000088e00000| Complete 
|  89|0x0000000088f00000, 0x0000000089000000, 0x0000000089000000|100%| E|CS|TAMS 0x0000000088f00000| PB 0x0000000088f00000| Complete 
|  90|0x0000000089000000, 0x0000000089100000, 0x0000000089100000|100%| E|CS|TAMS 0x0000000089000000| PB 0x0000000089000000| Complete 
|  91|0x0000000089100000, 0x0000000089200000, 0x0000000089200000|100%| E|CS|TAMS 0x0000000089100000| PB 0x0000000089100000| Complete 
|  92|0x0000000089200000, 0x0000000089300000, 0x0000000089300000|100%| E|CS|TAMS 0x0000000089200000| PB 0x0000000089200000| Complete 
|  93|0x0000000089300000, 0x0000000089400000, 0x0000000089400000|100%| E|CS|TAMS 0x0000000089300000| PB 0x0000000089300000| Complete 
| 118|0x000000008ac00000, 0x000000008ad00000, 0x000000008ad00000|100%| E|CS|TAMS 0x000000008ac00000| PB 0x000000008ac00000| Complete 
| 119|0x000000008ad00000, 0x000000008ae00000, 0x000000008ae00000|100%| E|CS|TAMS 0x000000008ad00000| PB 0x000000008ad00000| Complete 
| 120|0x000000008ae00000, 0x000000008af00000, 0x000000008af00000|100%| E|CS|TAMS 0x000000008ae00000| PB 0x000000008ae00000| Complete 
| 121|0x000000008af00000, 0x000000008b000000, 0x000000008b000000|100%| E|CS|TAMS 0x000000008af00000| PB 0x000000008af00000| Complete 
| 122|0x000000008b000000, 0x000000008b100000, 0x000000008b100000|100%| E|CS|TAMS 0x000000008b000000| PB 0x000000008b000000| Complete 
| 124|0x000000008b200000, 0x000000008b300000, 0x000000008b300000|100%| E|CS|TAMS 0x000000008b200000| PB 0x000000008b200000| Complete 
| 125|0x000000008b300000, 0x000000008b400000, 0x000000008b400000|100%| E|CS|TAMS 0x000000008b300000| PB 0x000000008b300000| Complete 

Card table byte_map: [0x00000290e79a0000,0x00000290e7d90000] _byte_map_base: 0x00000290e7585000

Marking Bits: (CMBitMap*) 0x00000290cf914120
 Bits: [0x00000290e7d90000, 0x00000290e9cb8000)

Polling page: 0x00000290cd720000

Metaspace:

Usage:
  Non-class:     42.54 MB used.
      Class:      6.25 MB used.
       Both:     48.79 MB used.

Virtual space:
  Non-class space:       64.00 MB reserved,      42.88 MB ( 67%) committed,  1 nodes.
      Class space:        1.00 GB reserved,       6.50 MB ( <1%) committed,  1 nodes.
             Both:        1.06 GB reserved,      49.38 MB (  5%) committed. 

Chunk freelists:
   Non-Class:  4.60 MB
       Class:  9.51 MB
        Both:  14.10 MB

MaxMetaspaceSize: unlimited
CompressedClassSpaceSize: 1.00 GB
Initial GC threshold: 21.00 MB
Current GC threshold: 58.88 MB
CDS: on
 - commit_granule_bytes: 65536.
 - commit_granule_words: 8192.
 - virtual_space_node_default_size: 8388608.
 - enlarge_chunks_in_place: 1.
 - use_allocation_guard: 0.


Internal statistics:

num_allocs_failed_limit: 6.
num_arena_births: 792.
num_arena_deaths: 0.
num_vsnodes_births: 2.
num_vsnodes_deaths: 0.
num_space_committed: 790.
num_space_uncommitted: 0.
num_chunks_returned_to_freelist: 6.
num_chunks_taken_from_freelist: 2568.
num_chunk_merges: 6.
num_chunk_splits: 1788.
num_chunks_enlarged: 1366.
num_inconsistent_stats: 0.

CodeHeap 'non-profiled nmethods': size=119168Kb used=4073Kb max_used=4073Kb free=115094Kb
 bounds [0x00000290df8d0000, 0x00000290dfcd0000, 0x00000290e6d30000]
CodeHeap 'profiled nmethods': size=119104Kb used=13831Kb max_used=13831Kb free=105272Kb
 bounds [0x00000290d7d30000, 0x00000290d8ac0000, 0x00000290df180000]
CodeHeap 'non-nmethods': size=7488Kb used=2657Kb max_used=2740Kb free=4830Kb
 bounds [0x00000290df180000, 0x00000290df460000, 0x00000290df8d0000]
 total_blobs=6775 nmethods=6174 adapters=503
 compilation: enabled
              stopped_count=0, restarted_count=0
 full_count=0

Compilation events (20 events):
Event: 7.396 Thread 0x00000290f4a3c890 6471       3       org.springframework.boot.context.properties.ConfigurationPropertiesBean::get (85 bytes)
Event: 7.396 Thread 0x00000290f4817cf0 6472       3       org.springframework.boot.context.properties.ConfigurationPropertiesBean::findFactoryMethod (20 bytes)
Event: 7.396 Thread 0x00000290ecc95bb0 6473       3       org.springframework.boot.context.properties.ConfigurationPropertiesBean::findFactoryMethod (11 bytes)
Event: 7.396 Thread 0x00000290ecc95bb0 nmethod 6473 0x00000290d8a8e010 code [0x00000290d8a8e1c0, 0x00000290d8a8e3b0]
Event: 7.396 Thread 0x00000290f4817cf0 nmethod 6472 0x00000290d8a8e490 code [0x00000290d8a8e660, 0x00000290d8a8eb30]
Event: 7.396 Thread 0x00000290ecc95bb0 6474       3       org.springframework.boot.context.properties.ConfigurationPropertiesBean::findFactoryMethod (37 bytes)
Event: 7.396 Thread 0x00000290f4817cf0 6475       3       org.springframework.boot.context.properties.ConfigurationPropertiesBean::createBindTarget (43 bytes)
Event: 7.396 Thread 0x00000290ecc95bb0 nmethod 6474 0x00000290d8a8ec90 code [0x00000290d8a8eea0, 0x00000290d8a8f6a0]
Event: 7.396 Thread 0x00000290ecc95bb0 6476       3       org.springframework.boot.context.properties.ConfigurationPropertiesBean::findAnnotations (61 bytes)
Event: 7.397 Thread 0x00000290f4817cf0 nmethod 6475 0x00000290d8a8f910 code [0x00000290d8a8fb80, 0x00000290d8a90428]
Event: 7.397 Thread 0x00000290f4a3c890 nmethod 6471 0x00000290d8a90790 code [0x00000290d8a90aa0, 0x00000290d8a91c60]
Event: 7.397 Thread 0x00000290ecc95bb0 nmethod 6476 0x00000290d8a92190 code [0x00000290d8a923c0, 0x00000290d8a92df0]
Event: 7.399 Thread 0x00000290ecc95bb0 6477       1       org.springframework.aop.support.StaticMethodMatcherPointcut::getClassFilter (5 bytes)
Event: 7.399 Thread 0x00000290ecc95bb0 nmethod 6477 0x00000290dfcb4290 code [0x00000290dfcb4420, 0x00000290dfcb44e8]
Event: 7.411 Thread 0x00000290ecc95bb0 6478       3       org.springframework.core.OrderComparator::getOrder (111 bytes)
Event: 7.412 Thread 0x00000290ecc95bb0 nmethod 6478 0x00000290d8a93010 code [0x00000290d8a93240, 0x00000290d8a939e8]
Event: 7.437 Thread 0x00000290f4817cf0 6480       3       java.util.LinkedList::linkLast (59 bytes)
Event: 7.437 Thread 0x00000290f4a3c890 6481       3       java.util.LinkedList::add (7 bytes)
Event: 7.438 Thread 0x00000290f4a3c890 nmethod 6481 0x00000290d8a93c90 code [0x00000290d8a93e40, 0x00000290d8a93f98]
Event: 7.438 Thread 0x00000290f4817cf0 nmethod 6480 0x00000290d8a94090 code [0x00000290d8a94260, 0x00000290d8a946b8]

GC Heap History (20 events):
Event: 1.083 GC heap before
{Heap before GC invocations=0 (full 0):
 garbage-first heap   total 129024K, used 26624K [0x0000000083600000, 0x0000000100000000)
  region size 1024K, 23 young (23552K), 0 survivors (0K)
 Metaspace       used 4290K, committed 4480K, reserved 1114112K
  class space    used 450K, committed 512K, reserved 1048576K
}
Event: 1.093 GC heap after
{Heap after GC invocations=1 (full 0):
 garbage-first heap   total 129024K, used 12088K [0x0000000083600000, 0x0000000100000000)
  region size 1024K, 3 young (3072K), 3 survivors (3072K)
 Metaspace       used 4290K, committed 4480K, reserved 1114112K
  class space    used 450K, committed 512K, reserved 1048576K
}
Event: 1.801 GC heap before
{Heap before GC invocations=1 (full 0):
 garbage-first heap   total 129024K, used 33592K [0x0000000083600000, 0x0000000100000000)
  region size 1024K, 25 young (25600K), 3 survivors (3072K)
 Metaspace       used 10816K, committed 11136K, reserved 1114112K
  class space    used 1276K, committed 1408K, reserved 1048576K
}
Event: 1.808 GC heap after
{Heap after GC invocations=2 (full 0):
 garbage-first heap   total 129024K, used 15684K [0x0000000083600000, 0x0000000100000000)
  region size 1024K, 4 young (4096K), 4 survivors (4096K)
 Metaspace       used 10816K, committed 11136K, reserved 1114112K
  class space    used 1276K, committed 1408K, reserved 1048576K
}
Event: 2.682 GC heap before
{Heap before GC invocations=2 (full 0):
 garbage-first heap   total 129024K, used 57668K [0x0000000083600000, 0x0000000100000000)
  region size 1024K, 46 young (47104K), 4 survivors (4096K)
 Metaspace       used 20740K, committed 21120K, reserved 1114112K
  class space    used 2611K, committed 2816K, reserved 1048576K
}
Event: 2.692 GC heap after
{Heap after GC invocations=3 (full 0):
 garbage-first heap   total 129024K, used 19289K [0x0000000083600000, 0x0000000100000000)
  region size 1024K, 5 young (5120K), 5 survivors (5120K)
 Metaspace       used 20740K, committed 21120K, reserved 1114112K
  class space    used 2611K, committed 2816K, reserved 1048576K
}
Event: 2.710 GC heap before
{Heap before GC invocations=3 (full 0):
 garbage-first heap   total 129024K, used 21337K [0x0000000083600000, 0x0000000100000000)
  region size 1024K, 8 young (8192K), 5 survivors (5120K)
 Metaspace       used 21168K, committed 21504K, reserved 1114112K
  class space    used 2646K, committed 2816K, reserved 1048576K
}
Event: 2.714 GC heap after
{Heap after GC invocations=4 (full 0):
 garbage-first heap   total 129024K, used 19846K [0x0000000083600000, 0x0000000100000000)
  region size 1024K, 5 young (5120K), 5 survivors (5120K)
 Metaspace       used 21168K, committed 21504K, reserved 1114112K
  class space    used 2646K, committed 2816K, reserved 1048576K
}
Event: 3.448 GC heap before
{Heap before GC invocations=5 (full 0):
 garbage-first heap   total 75776K, used 74118K [0x0000000083600000, 0x0000000100000000)
  region size 1024K, 59 young (60416K), 5 survivors (5120K)
 Metaspace       used 30782K, committed 31232K, reserved 1114112K
  class space    used 3804K, committed 4032K, reserved 1048576K
}
Event: 3.457 GC heap after
{Heap after GC invocations=6 (full 0):
 garbage-first heap   total 86016K, used 24454K [0x0000000083600000, 0x0000000100000000)
  region size 1024K, 10 young (10240K), 10 survivors (10240K)
 Metaspace       used 30782K, committed 31232K, reserved 1114112K
  class space    used 3804K, committed 4032K, reserved 1048576K
}
Event: 3.958 GC heap before
{Heap before GC invocations=6 (full 0):
 garbage-first heap   total 86016K, used 65414K [0x0000000083600000, 0x0000000100000000)
  region size 1024K, 50 young (51200K), 10 survivors (10240K)
 Metaspace       used 33135K, committed 33600K, reserved 1114112K
  class space    used 4087K, committed 4288K, reserved 1048576K
}
Event: 3.972 GC heap after
{Heap after GC invocations=7 (full 0):
 garbage-first heap   total 86016K, used 27648K [0x0000000083600000, 0x0000000100000000)
  region size 1024K, 4 young (4096K), 4 survivors (4096K)
 Metaspace       used 33135K, committed 33600K, reserved 1114112K
  class space    used 4087K, committed 4288K, reserved 1048576K
}
Event: 4.559 GC heap before
{Heap before GC invocations=7 (full 0):
 garbage-first heap   total 86016K, used 46080K [0x0000000083600000, 0x0000000100000000)
  region size 1024K, 23 young (23552K), 4 survivors (4096K)
 Metaspace       used 35670K, committed 36096K, reserved 1114112K
  class space    used 4535K, committed 4736K, reserved 1048576K
}
Event: 4.566 GC heap after
{Heap after GC invocations=8 (full 0):
 garbage-first heap   total 86016K, used 28619K [0x0000000083600000, 0x0000000100000000)
  region size 1024K, 2 young (2048K), 2 survivors (2048K)
 Metaspace       used 35670K, committed 36096K, reserved 1114112K
  class space    used 4535K, committed 4736K, reserved 1048576K
}
Event: 5.357 GC heap before
{Heap before GC invocations=9 (full 0):
 garbage-first heap   total 86016K, used 70603K [0x0000000083600000, 0x0000000100000000)
  region size 1024K, 43 young (44032K), 2 survivors (2048K)
 Metaspace       used 39795K, committed 40256K, reserved 1114112K
  class space    used 5105K, committed 5312K, reserved 1048576K
}
Event: 5.363 GC heap after
{Heap after GC invocations=10 (full 0):
 garbage-first heap   total 86016K, used 31661K [0x0000000083600000, 0x0000000100000000)
  region size 1024K, 5 young (5120K), 5 survivors (5120K)
 Metaspace       used 39795K, committed 40256K, reserved 1114112K
  class space    used 5105K, committed 5312K, reserved 1048576K
}
Event: 6.006 GC heap before
{Heap before GC invocations=10 (full 0):
 garbage-first heap   total 86016K, used 71597K [0x0000000083600000, 0x0000000100000000)
  region size 1024K, 44 young (45056K), 5 survivors (5120K)
 Metaspace       used 44611K, committed 45056K, reserved 1114112K
  class space    used 5711K, committed 5888K, reserved 1048576K
}
Event: 6.016 GC heap after
{Heap after GC invocations=11 (full 0):
 garbage-first heap   total 86016K, used 34513K [0x0000000083600000, 0x0000000100000000)
  region size 1024K, 6 young (6144K), 6 survivors (6144K)
 Metaspace       used 44611K, committed 45056K, reserved 1114112K
  class space    used 5711K, committed 5888K, reserved 1048576K
}
Event: 6.595 GC heap before
{Heap before GC invocations=11 (full 0):
 garbage-first heap   total 86016K, used 73425K [0x0000000083600000, 0x0000000100000000)
  region size 1024K, 44 young (45056K), 6 survivors (6144K)
 Metaspace       used 46984K, committed 47552K, reserved 1114112K
  class space    used 6023K, committed 6272K, reserved 1048576K
}
Event: 6.608 GC heap after
{Heap after GC invocations=12 (full 0):
 garbage-first heap   total 103424K, used 37130K [0x0000000083600000, 0x0000000100000000)
  region size 1024K, 3 young (3072K), 3 survivors (3072K)
 Metaspace       used 46984K, committed 47552K, reserved 1114112K
  class space    used 6023K, committed 6272K, reserved 1048576K
}

Dll operation events (10 events):
Event: 0.059 Loaded shared library C:\Program Files\Java\jdk-21\bin\java.dll
Event: 0.218 Loaded shared library C:\Program Files\Java\jdk-21\bin\jsvml.dll
Event: 0.461 Loaded shared library C:\Program Files\Java\jdk-21\bin\net.dll
Event: 0.476 Loaded shared library C:\Program Files\Java\jdk-21\bin\nio.dll
Event: 0.488 Loaded shared library C:\Program Files\Java\jdk-21\bin\zip.dll
Event: 0.770 Loaded shared library C:\Program Files\Java\jdk-21\bin\jimage.dll
Event: 1.690 Loaded shared library C:\Program Files\Java\jdk-21\bin\sunmscapi.dll
Event: 2.091 Loaded shared library C:\Program Files\Java\jdk-21\bin\extnet.dll
Event: 6.764 Loaded shared library C:\Program Files\Java\jdk-21\bin\management.dll
Event: 6.777 Loaded shared library C:\Program Files\Java\jdk-21\bin\management_ext.dll

Deoptimization events (20 events):
Event: 7.341 Thread 0x00000290cf8bbfd0 Uncommon trap: trap_request=0xffffffc6 fr.pc=0x00000290dfc1b730 relative=0x00000000000021f0
Event: 7.341 Thread 0x00000290cf8bbfd0 Uncommon trap: reason=bimorphic_or_optimized_type_check action=maybe_recompile pc=0x00000290dfc1b730 method=org.aspectj.weaver.World.resolve(Lorg/aspectj/weaver/ResolvedType;)Lorg/aspectj/weaver/ResolvedType; @ 36 c2
Event: 7.341 Thread 0x00000290cf8bbfd0 DEOPT PACKING pc=0x00000290dfc1b730 sp=0x000000fba42f9f80
Event: 7.341 Thread 0x00000290cf8bbfd0 DEOPT UNPACKING pc=0x00000290df1d46a2 sp=0x000000fba42f9ee8 mode 2
Event: 7.342 Thread 0x00000290cf8bbfd0 Uncommon trap: trap_request=0xffffffc6 fr.pc=0x00000290dfc1b730 relative=0x00000000000021f0
Event: 7.342 Thread 0x00000290cf8bbfd0 Uncommon trap: reason=bimorphic_or_optimized_type_check action=maybe_recompile pc=0x00000290dfc1b730 method=org.aspectj.weaver.World.resolve(Lorg/aspectj/weaver/ResolvedType;)Lorg/aspectj/weaver/ResolvedType; @ 36 c2
Event: 7.342 Thread 0x00000290cf8bbfd0 DEOPT PACKING pc=0x00000290dfc1b730 sp=0x000000fba42f9f80
Event: 7.342 Thread 0x00000290cf8bbfd0 DEOPT UNPACKING pc=0x00000290df1d46a2 sp=0x000000fba42f9ee8 mode 2
Event: 7.372 Thread 0x00000290cf8bbfd0 Uncommon trap: trap_request=0xffffffbe fr.pc=0x00000290dfad86a0 relative=0x00000000000013e0
Event: 7.372 Thread 0x00000290cf8bbfd0 Uncommon trap: reason=profile_predicate action=maybe_recompile pc=0x00000290dfad86a0 method=org.springframework.boot.context.properties.source.SpringIterableConfigurationPropertySource$Mappings.updateMappings([Ljava/lang/String;)V @ 97 c2
Event: 7.372 Thread 0x00000290cf8bbfd0 DEOPT PACKING pc=0x00000290dfad86a0 sp=0x000000fba42fc8e0
Event: 7.372 Thread 0x00000290cf8bbfd0 DEOPT UNPACKING pc=0x00000290df1d46a2 sp=0x000000fba42fc728 mode 2
Event: 7.375 Thread 0x00000290cf8bbfd0 Uncommon trap: trap_request=0xffffff45 fr.pc=0x00000290dfc65b10 relative=0x0000000000000f50
Event: 7.375 Thread 0x00000290cf8bbfd0 Uncommon trap: reason=unstable_if action=reinterpret pc=0x00000290dfc65b10 method=org.springframework.core.annotation.AnnotationsScanner.processClassHierarchy(Ljava/lang/Object;[ILjava/lang/Class;Lorg/springframework/core/annotation/AnnotationsProcessor;Z
Event: 7.375 Thread 0x00000290cf8bbfd0 DEOPT PACKING pc=0x00000290dfc65b10 sp=0x000000fba42fc970
Event: 7.375 Thread 0x00000290cf8bbfd0 DEOPT UNPACKING pc=0x00000290df1d46a2 sp=0x000000fba42fc948 mode 2
Event: 7.395 Thread 0x00000290cf8bbfd0 Uncommon trap: trap_request=0xffffff45 fr.pc=0x00000290dfad4e90 relative=0x0000000000000070
Event: 7.395 Thread 0x00000290cf8bbfd0 Uncommon trap: reason=unstable_if action=reinterpret pc=0x00000290dfad4e90 method=java.lang.ClassLoader.createOrGetClassLoaderValueMap()Ljava/util/concurrent/ConcurrentHashMap; @ 6 c2
Event: 7.395 Thread 0x00000290cf8bbfd0 DEOPT PACKING pc=0x00000290dfad4e90 sp=0x000000fba42fc9f0
Event: 7.395 Thread 0x00000290cf8bbfd0 DEOPT UNPACKING pc=0x00000290df1d46a2 sp=0x000000fba42fc978 mode 2

Classes loaded (20 events):
Event: 6.786 Loading class java/lang/management/DefaultPlatformMBeanProvider$11
Event: 6.786 Loading class java/lang/management/DefaultPlatformMBeanProvider$11 done
Event: 6.786 Loading class jdk/management/jfr/FlightRecorderMXBean
Event: 6.786 Loading class jdk/management/jfr/FlightRecorderMXBean done
Event: 6.786 Loading class jdk/management/jfr/internal/FlightRecorderMXBeanProvider$SingleMBeanComponent
Event: 6.787 Loading class jdk/management/jfr/internal/FlightRecorderMXBeanProvider$SingleMBeanComponent done
Event: 6.787 Loading class java/util/stream/ReduceOps$2
Event: 6.787 Loading class java/util/stream/ReduceOps$2 done
Event: 6.788 Loading class java/util/stream/ReduceOps$2ReducingSink
Event: 6.788 Loading class java/util/stream/ReduceOps$2ReducingSink done
Event: 6.789 Loading class sun/management/RuntimeImpl
Event: 6.789 Loading class sun/management/RuntimeImpl done
Event: 7.214 Loading class java/util/stream/ReduceOps$1
Event: 7.215 Loading class java/util/stream/ReduceOps$1 done
Event: 7.215 Loading class java/util/stream/ReduceOps$1ReducingSink
Event: 7.215 Loading class java/util/stream/ReduceOps$1ReducingSink done
Event: 7.304 Loading class java/util/UUID$Holder
Event: 7.305 Loading class java/util/UUID$Holder done
Event: 7.433 Loading class java/nio/channels/CompletionHandler
Event: 7.433 Loading class java/nio/channels/CompletionHandler done

Classes unloaded (0 events):
No events

Classes redefined (0 events):
No events

Internal exceptions (20 events):
Event: 6.178 Thread 0x00000290cf8bbfd0 Exception <a 'java/lang/NoSuchMethodError'{0x0000000087f41aa0}: 'java.lang.Object java.lang.invoke.DirectMethodHandle$Holder.invokeVirtual(java.lang.Object, java.lang.Object, java.lang.Object, java.lang.Object, java.lang.Object, java.lang.Object)'> (0x0000000087f41aa0) 
thrown [s\open\src\hotspot\share\interpreter\linkResolver.cpp, line 773]
Event: 6.229 Thread 0x00000290cf8bbfd0 Exception <a 'java/lang/NoSuchMethodError'{0x0000000087cc93b0}: 'java.lang.Object java.lang.invoke.DirectMethodHandle$Holder.invokeVirtual(java.lang.Object, java.lang.Object, java.lang.Object, java.lang.Object, java.lang.Object)'> (0x0000000087cc93b0) 
thrown [s\open\src\hotspot\share\interpreter\linkResolver.cpp, line 773]
Event: 6.359 Thread 0x00000290cf8bbfd0 Exception <a 'java/lang/IncompatibleClassChangeError'{0x000000008770aab0}: Found class java.lang.Object, but interface was expected> (0x000000008770aab0) 
thrown [s\open\src\hotspot\share\interpreter\linkResolver.cpp, line 840]
Event: 6.402 Thread 0x00000290cf8bbfd0 Exception <a 'java/lang/NoSuchMethodError'{0x000000008734c258}: 'void java.lang.invoke.DirectMethodHandle$Holder.invokeInterface(java.lang.Object, java.lang.Object, int)'> (0x000000008734c258) 
thrown [s\open\src\hotspot\share\interpreter\linkResolver.cpp, line 773]
Event: 6.406 Thread 0x00000290cf8bbfd0 Exception <a 'java/lang/IncompatibleClassChangeError'{0x000000008738c998}: Found class java.lang.Object, but interface was expected> (0x000000008738c998) 
thrown [s\open\src\hotspot\share\interpreter\linkResolver.cpp, line 840]
Event: 6.407 Thread 0x00000290cf8bbfd0 Exception <a 'java/lang/NoSuchMethodError'{0x000000008739aa50}: 'int java.lang.invoke.DirectMethodHandle$Holder.invokeSpecialIFC(java.lang.Object, java.lang.Object, java.lang.Object)'> (0x000000008739aa50) 
thrown [s\open\src\hotspot\share\interpreter\linkResolver.cpp, line 773]
Event: 6.407 Thread 0x00000290cf8bbfd0 Exception <a 'java/lang/NoSuchMethodError'{0x00000000873a6710}: 'void java.lang.invoke.DirectMethodHandle$Holder.invokeStatic(java.lang.Object, int, java.lang.Object)'> (0x00000000873a6710) 
thrown [s\open\src\hotspot\share\interpreter\linkResolver.cpp, line 773]
Event: 6.413 Thread 0x00000290cf8bbfd0 Exception <a 'java/lang/NoSuchMethodError'{0x00000000873e32d8}: 'void java.lang.invoke.DirectMethodHandle$Holder.invokeStatic(java.lang.Object, java.lang.Object, java.lang.Object, int, java.lang.Object)'> (0x00000000873e32d8) 
thrown [s\open\src\hotspot\share\interpreter\linkResolver.cpp, line 773]
Event: 6.413 Thread 0x00000290cf8bbfd0 Exception <a 'java/lang/NoSuchMethodError'{0x00000000873e9b38}: 'java.lang.Object java.lang.invoke.DirectMethodHandle$Holder.newInvokeSpecial(java.lang.Object, java.lang.Object, java.lang.Object, int)'> (0x00000000873e9b38) 
thrown [s\open\src\hotspot\share\interpreter\linkResolver.cpp, line 773]
Event: 6.413 Thread 0x00000290cf8bbfd0 Exception <a 'java/lang/NoSuchMethodError'{0x00000000873ed9c8}: 'java.lang.Object java.lang.invoke.DirectMethodHandle$Holder.invokeSpecial(java.lang.Object, java.lang.Object, java.lang.Object, java.lang.Object, int)'> (0x00000000873ed9c8) 
thrown [s\open\src\hotspot\share\interpreter\linkResolver.cpp, line 773]
Event: 6.413 Thread 0x00000290cf8bbfd0 Exception <a 'java/lang/NoSuchMethodError'{0x00000000873f0e60}: 'java.lang.Object java.lang.invoke.Invokers$Holder.linkToTargetMethod(java.lang.Object, java.lang.Object, int, java.lang.Object)'> (0x00000000873f0e60) 
thrown [s\open\src\hotspot\share\interpreter\linkResolver.cpp, line 773]
Event: 6.672 Thread 0x00000290cf8bbfd0 Exception <a 'java/lang/NoSuchMethodError'{0x000000008b025518}: 'int java.lang.invoke.DirectMethodHandle$Holder.invokeVirtual(java.lang.Object, java.lang.Object, java.lang.Object, java.lang.Object)'> (0x000000008b025518) 
thrown [s\open\src\hotspot\share\interpreter\linkResolver.cpp, line 773]
Event: 6.672 Thread 0x00000290cf8bbfd0 Exception <a 'java/lang/NoSuchMethodError'{0x000000008b028da8}: 'int java.lang.invoke.DelegatingMethodHandle$Holder.reinvoke_L(java.lang.Object, java.lang.Object, java.lang.Object, java.lang.Object)'> (0x000000008b028da8) 
thrown [s\open\src\hotspot\share\interpreter\linkResolver.cpp, line 773]
Event: 7.017 Thread 0x00000290cf8bbfd0 Exception <a 'java/io/FileNotFoundException'{0x000000008aeb22c8}> (0x000000008aeb22c8) 
thrown [s\open\src\hotspot\share\prims\jni.cpp, line 520]
Event: 7.121 Thread 0x00000290cf8bbfd0 Exception <a 'java/lang/NoSuchMethodError'{0x0000000089179058}: 'int java.lang.invoke.DirectMethodHandle$Holder.invokeInterface(java.lang.Object, java.lang.Object, java.lang.Object, java.lang.Object)'> (0x0000000089179058) 
thrown [s\open\src\hotspot\share\interpreter\linkResolver.cpp, line 773]
Event: 7.211 Thread 0x00000290cf8bbfd0 Exception <a 'java/lang/NoSuchMethodError'{0x0000000088c57a68}: 'java.lang.Object java.lang.invoke.DirectMethodHandle$Holder.invokeStaticInit(java.lang.Object, java.lang.Object, java.lang.Object, java.lang.Object)'> (0x0000000088c57a68) 
thrown [s\open\src\hotspot\share\interpreter\linkResolver.cpp, line 773]
Event: 7.212 Thread 0x00000290cf8bbfd0 Exception <a 'java/lang/IncompatibleClassChangeError'{0x0000000088c69938}: Found class java.lang.Object, but interface was expected> (0x0000000088c69938) 
thrown [s\open\src\hotspot\share\interpreter\linkResolver.cpp, line 840]
Event: 7.213 Thread 0x00000290cf8bbfd0 Exception <a 'java/lang/IncompatibleClassChangeError'{0x0000000088c75fe0}: Found class java.lang.Object, but interface was expected> (0x0000000088c75fe0) 
thrown [s\open\src\hotspot\share\interpreter\linkResolver.cpp, line 840]
Event: 7.217 Thread 0x00000290cf8bbfd0 Exception <a 'java/lang/IncompatibleClassChangeError'{0x0000000088ca00a8}: Found class java.lang.Object, but interface was expected> (0x0000000088ca00a8) 
thrown [s\open\src\hotspot\share\interpreter\linkResolver.cpp, line 840]
Event: 7.433 Thread 0x00000290cf8bbfd0 Exception <a 'java/lang/NoSuchMethodError'{0x0000000087a82e78}: 'long java.lang.invoke.DirectMethodHandle$Holder.invokeVirtual(java.lang.Object, java.lang.Object)'> (0x0000000087a82e78) 
thrown [s\open\src\hotspot\share\interpreter\linkResolver.cpp, line 773]

ZGC Phase Switch (0 events):
No events

VM Operations (20 events):
Event: 6.534 Executing VM operation: HandshakeAllThreads (Deoptimize)
Event: 6.534 Executing VM operation: HandshakeAllThreads (Deoptimize) done
Event: 6.595 Executing VM operation: G1CollectForAllocation (G1 Evacuation Pause)
Event: 6.608 Executing VM operation: G1CollectForAllocation (G1 Evacuation Pause) done
Event: 6.662 Executing VM operation: HandshakeAllThreads (Deoptimize)
Event: 6.662 Executing VM operation: HandshakeAllThreads (Deoptimize) done
Event: 6.788 Executing VM operation: HandshakeAllThreads (Deoptimize)
Event: 6.788 Executing VM operation: HandshakeAllThreads (Deoptimize) done
Event: 7.325 Executing VM operation: ICBufferFull
Event: 7.325 Executing VM operation: ICBufferFull done
Event: 7.338 Executing VM operation: HandshakeAllThreads (Deoptimize)
Event: 7.338 Executing VM operation: HandshakeAllThreads (Deoptimize) done
Event: 7.340 Executing VM operation: HandshakeAllThreads (Deoptimize)
Event: 7.340 Executing VM operation: HandshakeAllThreads (Deoptimize) done
Event: 7.403 Executing VM operation: HandshakeAllThreads (Deoptimize)
Event: 7.403 Executing VM operation: HandshakeAllThreads (Deoptimize) done
Event: 7.404 Executing VM operation: HandshakeAllThreads (Deoptimize)
Event: 7.404 Executing VM operation: HandshakeAllThreads (Deoptimize) done
Event: 7.441 Executing VM operation: HandshakeAllThreads (Deoptimize)
Event: 7.441 Executing VM operation: HandshakeAllThreads (Deoptimize) done

Events (20 events):
Event: 4.579 Thread 0x00000290ecc5bf90 flushing nmethod 0x00000290d80d2110
Event: 4.579 Thread 0x00000290ecc5bf90 flushing nmethod 0x00000290d80dca10
Event: 4.579 Thread 0x00000290ecc5bf90 flushing nmethod 0x00000290d8115490
Event: 4.579 Thread 0x00000290ecc5bf90 flushing nmethod 0x00000290d811a310
Event: 4.579 Thread 0x00000290ecc5bf90 flushing nmethod 0x00000290d811a790
Event: 4.579 Thread 0x00000290ecc5bf90 flushing nmethod 0x00000290d811cd90
Event: 4.579 Thread 0x00000290ecc5bf90 flushing nmethod 0x00000290d811d290
Event: 4.579 Thread 0x00000290ecc5bf90 flushing nmethod 0x00000290d8133a90
Event: 4.579 Thread 0x00000290ecc5bf90 flushing nmethod 0x00000290d8135190
Event: 4.579 Thread 0x00000290ecc5bf90 flushing nmethod 0x00000290d815ff10
Event: 4.579 Thread 0x00000290ecc5bf90 flushing nmethod 0x00000290d818c010
Event: 4.579 Thread 0x00000290ecc5bf90 flushing nmethod 0x00000290d818e690
Event: 4.579 Thread 0x00000290ecc5bf90 flushing nmethod 0x00000290d819f410
Event: 4.579 Thread 0x00000290ecc5bf90 flushing nmethod 0x00000290d81c1a10
Event: 4.579 Thread 0x00000290ecc5bf90 flushing nmethod 0x00000290d81c2110
Event: 4.579 Thread 0x00000290ecc5bf90 flushing nmethod 0x00000290d81f6890
Event: 4.579 Thread 0x00000290ecc5bf90 flushing nmethod 0x00000290d81f7590
Event: 4.579 Thread 0x00000290ecc5bf90 flushing nmethod 0x00000290d81f9290
Event: 4.995 Thread 0x00000290f4897140 Thread added: 0x00000290f4897140
Event: 5.586 Thread 0x00000290f4817cf0 Thread added: 0x00000290f4817cf0


Dynamic libraries:
0x00007ff70d2b0000 - 0x00007ff70d2c0000 	C:\Program Files\Java\jdk-21\bin\javaw.exe
0x00007ffaea640000 - 0x00007ffaea849000 	C:\windows\SYSTEM32\ntdll.dll
0x00007ffae8490000 - 0x00007ffae854d000 	C:\windows\System32\KERNEL32.DLL
0x00007ffae7c10000 - 0x00007ffae7f94000 	C:\windows\System32\KERNELBASE.dll
0x00007ffae8140000 - 0x00007ffae8251000 	C:\windows\System32\ucrtbase.dll
0x00007ffad45f0000 - 0x00007ffad460b000 	C:\Program Files\Java\jdk-21\bin\VCRUNTIME140.dll
0x00007ffacb990000 - 0x00007ffacb9a9000 	C:\Program Files\Java\jdk-21\bin\jli.dll
0x00007ffae8d10000 - 0x00007ffae8dbe000 	C:\windows\System32\ADVAPI32.dll
0x00007ffae9d10000 - 0x00007ffae9db3000 	C:\windows\System32\msvcrt.dll
0x00007ffaea380000 - 0x00007ffaea41e000 	C:\windows\System32\sechost.dll
0x00007ffaea1e0000 - 0x00007ffaea301000 	C:\windows\System32\RPCRT4.dll
0x00007ffae9fd0000 - 0x00007ffaea17d000 	C:\windows\System32\USER32.dll
0x00007ffae8110000 - 0x00007ffae8136000 	C:\windows\System32\win32u.dll
0x00007ffae8e40000 - 0x00007ffae8e6a000 	C:\windows\System32\GDI32.dll
0x00007ffae8300000 - 0x00007ffae841e000 	C:\windows\System32\gdi32full.dll
0x00007ffae8260000 - 0x00007ffae82fd000 	C:\windows\System32\msvcp_win.dll
0x00007ffae3200000 - 0x00007ffae320a000 	C:\windows\SYSTEM32\VERSION.dll
0x00007ffacb090000 - 0x00007ffacb335000 	C:\windows\WinSxS\amd64_microsoft.windows.common-controls_6595b64144ccf1df_6.0.22000.120_none_9d947278b86cc467\COMCTL32.dll
0x00007ffae8de0000 - 0x00007ffae8e11000 	C:\windows\System32\IMM32.DLL
0x00007ffad3f40000 - 0x00007ffad3f4c000 	C:\Program Files\Java\jdk-21\bin\vcruntime140_1.dll
0x00007ffa8cda0000 - 0x00007ffa8ce2e000 	C:\Program Files\Java\jdk-21\bin\msvcp140.dll
0x00007ffa00a80000 - 0x00007ffa0179a000 	C:\Program Files\Java\jdk-21\bin\server\jvm.dll
0x00007ffaea590000 - 0x00007ffaea5ff000 	C:\windows\System32\WS2_32.dll
0x00007ffadb2d0000 - 0x00007ffadb303000 	C:\windows\SYSTEM32\WINMM.dll
0x00007ffae7590000 - 0x00007ffae75dd000 	C:\windows\SYSTEM32\POWRPROF.dll
0x00007ffae7570000 - 0x00007ffae7583000 	C:\windows\SYSTEM32\UMPDC.dll
0x00007ffae6950000 - 0x00007ffae6968000 	C:\windows\SYSTEM32\kernel.appcore.dll
0x00007ffad30e0000 - 0x00007ffad30ea000 	C:\Program Files\Java\jdk-21\bin\jimage.dll
0x00007ffae1ca0000 - 0x00007ffae1ec1000 	C:\windows\SYSTEM32\DBGHELP.DLL
0x00007ffae1c60000 - 0x00007ffae1c91000 	C:\windows\SYSTEM32\dbgcore.DLL
0x00007ffae7ad0000 - 0x00007ffae7b4f000 	C:\windows\System32\bcryptPrimitives.dll
0x00007ffac2610000 - 0x00007ffac262f000 	C:\Program Files\Java\jdk-21\bin\java.dll
0x00007ffae8e70000 - 0x00007ffae9635000 	C:\windows\System32\SHELL32.dll
0x00007ffae59b0000 - 0x00007ffae6212000 	C:\windows\SYSTEM32\windows.storage.dll
0x00007ffae96e0000 - 0x00007ffae9a56000 	C:\windows\System32\combase.dll
0x00007ffae5840000 - 0x00007ffae59a7000 	C:\windows\SYSTEM32\wintypes.dll
0x00007ffae9ee0000 - 0x00007ffae9fca000 	C:\windows\System32\SHCORE.dll
0x00007ffaea310000 - 0x00007ffaea36d000 	C:\windows\System32\shlwapi.dll
0x00007ffae7a00000 - 0x00007ffae7a25000 	C:\windows\SYSTEM32\profapi.dll
0x00007ffa8a700000 - 0x00007ffa8a7d7000 	C:\Program Files\Java\jdk-21\bin\jsvml.dll
0x00007ffad30b0000 - 0x00007ffad30c0000 	C:\Program Files\Java\jdk-21\bin\net.dll
0x00007ffae3480000 - 0x00007ffae3594000 	C:\windows\SYSTEM32\WINHTTP.dll
0x00007ffae6df0000 - 0x00007ffae6e57000 	C:\windows\system32\mswsock.dll
0x00007ffac1eb0000 - 0x00007ffac1ec6000 	C:\Program Files\Java\jdk-21\bin\nio.dll
0x00007ffac1a80000 - 0x00007ffac1a98000 	C:\Program Files\Java\jdk-21\bin\zip.dll
0x00007ffae6470000 - 0x00007ffae649d000 	C:\windows\SYSTEM32\IPHLPAPI.DLL
0x00007ffae96d0000 - 0x00007ffae96d9000 	C:\windows\System32\NSI.dll
0x00007ffae64a0000 - 0x00007ffae6587000 	C:\windows\SYSTEM32\DNSAPI.dll
0x00007ffaa6430000 - 0x00007ffaa643a000 	C:\Windows\System32\rasadhlp.dll
0x00007ffae2820000 - 0x00007ffae28a1000 	C:\windows\System32\fwpuclnt.dll
0x00007ffad1c30000 - 0x00007ffad1c3e000 	C:\Program Files\Java\jdk-21\bin\sunmscapi.dll
0x00007ffae7fa0000 - 0x00007ffae8102000 	C:\windows\System32\CRYPT32.dll
0x00007ffae7240000 - 0x00007ffae7268000 	C:\windows\SYSTEM32\ncrypt.dll
0x00007ffae7200000 - 0x00007ffae7237000 	C:\windows\SYSTEM32\NTASN1.dll
0x00007ffae70c0000 - 0x00007ffae70d8000 	C:\windows\SYSTEM32\CRYPTSP.dll
0x00007ffae68b0000 - 0x00007ffae68e5000 	C:\windows\system32\rsaenh.dll
0x00007ffae6e90000 - 0x00007ffae6ebc000 	C:\windows\SYSTEM32\USERENV.dll
0x00007ffae7270000 - 0x00007ffae7297000 	C:\windows\SYSTEM32\bcrypt.dll
0x00007ffae6fe0000 - 0x00007ffae6fec000 	C:\windows\SYSTEM32\CRYPTBASE.dll
0x00007ffad1bd0000 - 0x00007ffad1bd9000 	C:\Program Files\Java\jdk-21\bin\extnet.dll
0x00007ffad1320000 - 0x00007ffad132a000 	C:\Program Files\Java\jdk-21\bin\management.dll
0x00007ffad0d90000 - 0x00007ffad0d9b000 	C:\Program Files\Java\jdk-21\bin\management_ext.dll
0x00007ffaea370000 - 0x00007ffaea378000 	C:\windows\System32\PSAPI.DLL

dbghelp: loaded successfully - version: 4.0.5 - missing functions: none
symbol engine: initialized successfully - sym options: 0x614 - pdb path: .;C:\Program Files\Java\jdk-21\bin;C:\windows\SYSTEM32;C:\windows\WinSxS\amd64_microsoft.windows.common-controls_6595b64144ccf1df_6.0.22000.120_none_9d947278b86cc467;C:\Program Files\Java\jdk-21\bin\server

VM Arguments:
jvm_args: -Dfile.encoding=UTF-8 -Dstdout.encoding=UTF-8 -Dstderr.encoding=UTF-8 -XX:+ShowCodeDetailsInExceptionMessages 
java_command: com.hamch.customerservice.CustomerServiceApplication
java_class_path (initial): B:\Java091024\MyEcomGitHub\myEcomm091024\customer-service\target\classes;C:\Users\Abdella Hamch\.m2\repository\net\bytebuddy\byte-buddy\1.14.10\byte-buddy-1.14.10.jar;C:\Users\Abdella Hamch\.m2\repository\org\modelmapper\modelmapper\3.2.0\modelmapper-3.2.0.jar;C:\Users\Abdella Hamch\.m2\repository\org\springframework\boot\spring-boot-autoconfigure\3.2.1\spring-boot-autoconfigure-3.2.1.jar;C:\Users\Abdella Hamch\.m2\repository\org\springframework\boot\spring-boot\3.2.1\spring-boot-3.2.1.jar;C:\Users\Abdella Hamch\.m2\repository\org\jetbrains\annotations\17.0.0\annotations-17.0.0.jar;C:\Users\Abdella Hamch\.m2\repository\org\springframework\boot\spring-boot-starter-validation\3.2.1\spring-boot-starter-validation-3.2.1.jar;C:\Users\Abdella Hamch\.m2\repository\org\springframework\boot\spring-boot-starter\3.2.1\spring-boot-starter-3.2.1.jar;C:\Users\Abdella Hamch\.m2\repository\org\springframework\boot\spring-boot-starter-logging\3.2.1\spring-boot-starter-logging-3.2.1.jar;C:\Users\Abdella Hamch\.m2\repository\ch\qos\logback\logback-classic\1.4.14\logback-classic-1.4.14.jar;C:\Users\Abdella Hamch\.m2\repository\ch\qos\logback\logback-core\1.4.14\logback-core-1.4.14.jar;C:\Users\Abdella Hamch\.m2\repository\org\apache\logging\log4j\log4j-to-slf4j\2.21.1\log4j-to-slf4j-2.21.1.jar;C:\Users\Abdella Hamch\.m2\repository\org\apache\logging\log4j\log4j-api\2.21.1\log4j-api-2.21.1.jar;C:\Users\Abdella Hamch\.m2\repository\org\slf4j\jul-to-slf4j\2.0.9\jul-to-slf4j-2.0.9.jar;C:\Users\Abdella Hamch\.m2\repository\jakarta\annotation\jakarta.annotation-api\2.1.1\jakarta.annotation-api-2.1.1.jar;C:\Users\Abdella Hamch\.m2\repository\org\yaml\snakeyaml\2.2\snakeyaml-2.2.jar;C:\Users\Abdella Hamch\.m2\repository\org\apache\tomcat\embed\tomcat-embed-el\10.1.17\tomcat-embed-el-10.1.17.jar;C:\Users\Abdella Hamch\.m2\repository\org\hibernate\validator\hibernate-validator\8.0.1.Final\hibernate-validator-8.0.1.Final.jar;C:\Users\Abdella Hamch\.m2\repository\jakarta\validation\jakarta.validation-api\3.0.2\jakarta.validation-api-3.0.2.jar;C:\Users\Abdella Hamch\.m2\repository\org\jboss\logging\jboss-logging\3.5.3.Final\jboss-logging-3.5.3.Final.jar;C:\Users\Abdella Hamch\.m2\repository\com\fasterxml\classmate\1.6.0\classmate-1.6.0.jar;C:\Users\Abdella Hamch\.m2\repository\org\springframework\boot\spring-boot-starter-jdbc\3.2.1\spring-boot-starter-jdbc-3.2.1.jar;C:\Users\Abdella Hamch\.m2\repository\com\zaxxer\HikariCP\5.0.1\HikariCP-5.0.1.jar;C:\Users\Abdella Hamch\.m2\repository\org\springframework\spring-jdbc\6.1.2\spring-jdbc-6.1.2.jar;C:\Users\Abdella Hamch\.m2\repository\org\springframework\spring-beans\6.1.2\spring-beans-6.1.2.jar;C:\Users\Abdella Hamch\.m2\repository\org\postgresql\postgresql\42.6.0\postgresql-42.6.0.jar;C:\Users\Abdella Hamch\.m2\repository\org\checkerframework\checker-qual\3.31.0\checker-qual-3.31.0.jar;C:\Users\Abdella Hamch\.m2\repository\org\springdoc\springdoc-openapi-starter-webmvc-ui\2.3.0\springdoc-openapi-starter-webmvc-ui-2.3.0.jar;C:\Users\Abdella Hamch\.m2\repository\org\springdoc\springdoc-openapi-starter-webmvc-api\2.3.0\springdoc-openapi-starter-webmvc-api-2.3.0.jar;C:\Users\Abdella Hamch\.m2\repository\org\springdoc\springdoc-openapi-starter-common\2.3.0\springdoc-openapi-starter-common-2.3.0.jar;C:\Users\Abdella Hamch\.m2\repository\io\swagger\core\v3\swagger-core-jakarta\2.2.19\swagger-core-jakarta-2.2.19.jar;C:\Users\Abdella Hamch\.m2\repository\org\apache\commons\commons-lang3\3.13.0\commons-lang3-3.13.0.jar;C:\Users\Abdella Hamch\.m2\repository\io\swagger\core\v3\swagger-annotations-jakarta\2.2.19\swagger-annotations-jakarta-2.2.19.jar;C:\Users\Abdella Hamch\.m2\repository\io\swagger\core\v3\swagger-models-jakarta\2.2.19\swagger-models-jakarta-2.2.19.jar;C:\Users\Abdella Hamch\.m2\repository\com\fasterxml\jackson\dataformat\jackson-dataformat-yaml\2.15.3\jackson-dataformat-yaml-2.15.3.jar;C:\Users\Abdella Hamch\.m2\repository\org\webjars\swagger-ui\5.10.3\swagger-ui-5.10.3.jar;C:\Users\Abdella Hamch\.m2\repository\org\springframework\boot\spring-boot-starter-data-jpa\3.2.1\spring-boot-starter-data-jpa-3.2.1.jar;C:\Users\Abdella Hamch\.m2\repository\org\springframework\boot\spring-boot-starter-aop\3.2.1\spring-boot-starter-aop-3.2.1.jar;C:\Users\Abdella Hamch\.m2\repository\org\aspectj\aspectjweaver\1.9.21\aspectjweaver-1.9.21.jar;C:\Users\Abdella Hamch\.m2\repository\org\hibernate\orm\hibernate-core\6.4.1.Final\hibernate-core-6.4.1.Final.jar;C:\Users\Abdella Hamch\.m2\repository\jakarta\persistence\jakarta.persistence-api\3.1.0\jakarta.persistence-api-3.1.0.jar;C:\Users\Abdella Hamch\.m2\repository\jakarta\transaction\jakarta.transaction-api\2.0.1\jakarta.transaction-api-2.0.1.jar;C:\Users\Abdella Hamch\.m2\repository\org\hibernate\common\hibernate-commons-annotations\6.0.6.Final\hibernate-commons-annotations-6.0.6.Final.jar;C:\Users\Abdella Hamch\.m2\repository\io\smallrye\jandex\3.1.2\jandex-3.1.2.jar;C:\Users\Abdella Hamch\.m2\repository\org\glassfish\jaxb\jaxb-runtime\4.0.4\jaxb-runtime-4.0.4.jar;C:\Users\Abdella Hamch\.m2\repository\org\glassfish\jaxb\jaxb-core\4.0.4\jaxb-core-4.0.4.jar;C:\Users\Abdella Hamch\.m2\repository\org\eclipse\angus\angus-activation\2.0.1\angus-activation-2.0.1.jar;C:\Users\Abdella Hamch\.m2\repository\org\glassfish\jaxb\txw2\4.0.4\txw2-4.0.4.jar;C:\Users\Abdella Hamch\.m2\repository\com\sun\istack\istack-commons-runtime\4.1.2\istack-commons-runtime-4.1.2.jar;C:\Users\Abdella Hamch\.m2\repository\jakarta\inject\jakarta.inject-api\2.0.1\jakarta.inject-api-2.0.1.jar;C:\Users\Abdella Hamch\.m2\repository\org\antlr\antlr4-runtime\4.13.0\antlr4-runtime-4.13.0.jar;C:\Users\Abdella Hamch\.m2\repository\org\springframework\data\spring-data-jpa\3.2.1\spring-data-jpa-3.2.1.jar;C:\Users\Abdella Hamch\.m2\repository\org\springframework\spring-orm\6.1.2\spring-orm-6.1.2.jar;C:\Users\Abdella Hamch\.m2\repository\org\springframework\spring-context\6.1.2\spring-context-6.1.2.jar;C:\Users\Abdella Hamch\.m2\repository\org\springframework\spring-aspects\6.1.2\spring-aspects-6.1.2.jar;C:\Users\Abdella Hamch\.m2\repository\org\springframework\security\spring-security-oauth2-resource-server\6.2.1\spring-security-oauth2-resource-server-6.2.1.jar;C:\Users\Abdella Hamch\.m2\repository\org\springframework\security\spring-security-core\6.2.1\spring-security-core-6.2.1.jar;C:\Users\Abdella Hamch\.m2\repository\org\springframework\security\spring-security-crypto\6.2.1\spring-security-crypto-6.2.1.jar;C:\Users\Abdella Hamch\.m2\repository\org\springframework\spring-expression\6.1.2\spring-expression-6.1.2.jar;C:\Users\Abdella Hamch\.m2\repository\org\springframework\security\spring-security-oauth2-core\6.2.1\spring-security-oauth2-core-6.2.1.jar;C:\Users\Abdella Hamch\.m2\repository\org\springframework\security\spring-security-web\6.2.1\spring-security-web-6.2.1.jar;C:\Users\Abdella Hamch\.m2\repository\org\springframework\spring-core\6.1.2\spring-core-6.1.2.jar;C:\Users\Abdella Hamch\.m2\repository\org\springframework\spring-jcl\6.1.2\spring-jcl-6.1.2.jar;C:\Users\Abdella Hamch\.m2\repository\org\springframework\security\spring-security-oauth2-jose\6.2.1\spring-security-oauth2-jose-6.2.1.jar;C:\Users\Abdella Hamch\.m2\repository\com\nimbusds\nimbus-jose-jwt\9.24.4\nimbus-jose-jwt-9.24.4.jar;C:\Users\Abdella Hamch\.m2\repository\com\github\stephenc\jcip\jcip-annotations\1.0-1\jcip-annotations-1.0-1.jar;C:\Users\Abdella Hamch\.m2\repository\org\springframework\boot\spring-boot-starter-security\3.2.1\spring-boot-starter-security-3.2.1.jar;C:\Users\Abdella Hamch\.m2\repository\org\springframework\spring-aop\6.1.2\spring-aop-6.1.2.jar;C:\Users\Abdella Hamch\.m2\repository\org\springframework\security\spring-security-config\6.2.1\spring-security-config-6.2.1.jar;C:\Users\Abdella Hamch\.m2\repository\org\keycloak\keycloak-spring-boot-starter\21.0.2\keycloak-spring-boot-starter-21.0.2.jar;C:\Users\Abdella Hamch\.m2\repository\org\keycloak\keycloak-spring-boot-2-adapter\21.0.2\keycloak-spring-boot-2-adapter-21.0.2.jar;C:\Users\Abdella Hamch\.m2\repository\org\keycloak\keycloak-spring-boot-adapter-core\21.0.2\keycloak-spring-boot-adapter-core-21.0.2.jar;C:\Users\Abdella Hamch\.m2\repository\org\keycloak\keycloak-core\21.0.2\keycloak-core-21.0.2.jar;C:\Users\Abdella Hamch\.m2\repository\org\keycloak\keycloak-common\21.0.2\keycloak-common-21.0.2.jar;C:\Users\Abdella Hamch\.m2\repository\com\sun\activation\jakarta.activation\1.2.2\jakarta.activation-1.2.2.jar;C:\Users\Abdella Hamch\.m2\repository\org\keycloak\keycloak-authz-client\21.0.2\keycloak-authz-client-21.0.2.jar;C:\Users\Abdella Hamch\.m2\repository\org\keycloak\spring-boot-container-bundle\21.0.2\spring-boot-container-bundle-21.0.2.jar;C:\Users\Abdella Hamch\.m2\repository\org\keycloak\keycloak-adapter-core\21.0.2\keycloak-adapter-core-21.0.2.jar;C:\Users\Abdella Hamch\.m2\repository\org\keycloak\keycloak-crypto-default\21.0.2\keycloak-crypto-default-21.0.2.jar;C:\Users\Abdella Hamch\.m2\repository\org\keycloak\keycloak-server-spi\21.0.2\keycloak-server-spi-21.0.2.jar;C:\Users\Abdella Hamch\.m2\repository\org\keycloak\keycloak-server-spi-private\21.0.2\keycloak-server-spi-private-21.0.2.jar;C:\Users\Abdella Hamch\.m2\repository\org\bouncycastle\bcpkix-jdk15on\1.70\bcpkix-jdk15on-1.70.jar;C:\Users\Abdella Hamch\.m2\repository\org\bouncycastle\bcutil-jdk15on\1.70\bcutil-jdk15on-1.70.jar;C:\Users\Abdella Hamch\.m2\repository\org\keycloak\keycloak-spring-security-adapter\21.0.2\keycloak-spring-security-adapter-21.0.2.jar;C:\Users\Abdella Hamch\.m2\repository\org\keycloak\keycloak-adapter-spi\21.0.2\keycloak-adapter-spi-21.0.2.jar;C:\Users\Abdella Hamch\.m2\repository\org\bouncycastle\bcprov-jdk15on\1.70\bcprov-jdk15on-1.70.jar;C:\Users\Abdella Hamch\.m2\repository\com\fasterxml\jackson\core\jackson-core\2.15.3\jackson-core-2.15.3.jar;C:\Users\Abdella Hamch\.m2\repository\com\fasterxml\jackson\core\jackson-databind\2.15.3\jackson-databind-2.15.3.jar;C:\Users\Abdella Hamch\.m2\repository\org\springframework\boot\spring-boot-starter-web\3.2.1\spring-boot-starter-web-3.2.1.jar;C:\Users\Abdella Hamch\.m2\repository\org\springframework\boot\spring-boot-starter-json\3.2.1\spring-boot-starter-json-3.2.1.jar;C:\Users\Abdella Hamch\.m2\repository\com\fasterxml\jackson\datatype\jackson-datatype-jsr310\2.15.3\jackson-datatype-jsr310-2.15.3.jar;C:\Users\Abdella Hamch\.m2\repository\com\fasterxml\jackson\module\jackson-module-parameter-names\2.15.3\jackson-module-parameter-names-2.15.3.jar;C:\Users\Abdella Hamch\.m2\repository\org\springframework\boot\spring-boot-starter-tomcat\3.2.1\spring-boot-starter-tomcat-3.2.1.jar;C:\Users\Abdella Hamch\.m2\repository\org\apache\tomcat\embed\tomcat-embed-core\10.1.17\tomcat-embed-core-10.1.17.jar;C:\Users\Abdella Hamch\.m2\repository\org\apache\tomcat\embed\tomcat-embed-websocket\10.1.17\tomcat-embed-websocket-10.1.17.jar;C:\Users\Abdella Hamch\.m2\repository\org\springframework\spring-web\6.1.2\spring-web-6.1.2.jar;C:\Users\Abdella Hamch\.m2\repository\org\springframework\spring-webmvc\6.1.2\spring-webmvc-6.1.2.jar;C:\Users\Abdella Hamch\.m2\repository\org\springframework\cloud\spring-cloud-stream-binder-rabbit\4.1.0\spring-cloud-stream-binder-rabbit-4.1.0.jar;C:\Users\Abdella Hamch\.m2\repository\org\springframework\cloud\spring-cloud-stream-binder-rabbit-core\4.1.0\spring-cloud-stream-binder-rabbit-core-4.1.0.jar;C:\Users\Abdella Hamch\.m2\repository\org\springframework\boot\spring-boot-starter-webflux\3.2.1\spring-boot-starter-webflux-3.2.1.jar;C:\Users\Abdella Hamch\.m2\repository\org\springframework\boot\spring-boot-starter-reactor-netty\3.2.1\spring-boot-starter-reactor-netty-3.2.1.jar;C:\Users\Abdella Hamch\.m2\repository\org\springframework\spring-webflux\6.1.2\spring-webflux-6.1.2.jar;C:\Users\Abdella Hamch\.m2\repository\io\projectreactor\netty\reactor-netty\1.1.14\reactor-netty-1.1.14.jar;C:\Users\Abdella Hamch\.m2\repository\io\projectreactor\netty\reactor-netty-core\1.1.14\reactor-netty-core-1.1.14.jar;C:\Users\Abdella Hamch\.m2\repository\io\netty\netty-handler\4.1.104.Final\netty-handler-4.1.104.Final.jar;C:\Users\Abdella Hamch\.m2\repository\io\netty\netty-common\4.1.104.Final\netty-common-4.1.104.Final.jar;C:\Users\Abdella Hamch\.m2\repository\io\netty\netty-resolver\4.1.104.Final\netty-resolver-4.1.104.Final.jar;C:\Users\Abdella Hamch\.m2\repository\io\netty\netty-buffer\4.1.104.Final\netty-buffer-4.1.104.Final.jar;C:\Users\Abdella Hamch\.m2\repository\io\netty\netty-transport\4.1.104.Final\netty-transport-4.1.104.Final.jar;C:\Users\Abdella Hamch\.m2\repository\io\netty\netty-transport-native-unix-common\4.1.104.Final\netty-transport-native-unix-common-4.1.104.Final.jar;C:\Users\Abdella Hamch\.m2\repository\io\netty\netty-codec\4.1.104.Final\netty-codec-4.1.104.Final.jar;C:\Users\Abdella Hamch\.m2\repository\io\netty\netty-handler-proxy\4.1.104.Final\netty-handler-proxy-4.1.104.Final.jar;C:\Users\Abdella Hamch\.m2\repository\io\netty\netty-codec-socks\4.1.104.Final\netty-codec-socks-4.1.104.Final.jar;C:\Users\Abdella Hamch\.m2\repository\io\netty\netty-resolver-dns\4.1.104.Final\netty-resolver-dns-4.1.104.Final.jar;C:\Users\Abdella Hamch\.m2\repository\io\netty\netty-codec-dns\4.1.104.Final\netty-codec-dns-4.1.104.Final.jar;C:\Users\Abdella Hamch\.m2\repository\io\netty\netty-resolver-dns-native-macos\4.1.104.Final\netty-resolver-dns-native-macos-4.1.104.Final-osx-x86_64.jar;C:\Users\Abdella Hamch\.m2\repository\io\netty\netty-resolver-dns-classes-macos\4.1.104.Final\netty-resolver-dns-classes-macos-4.1.104.Final.jar;C:\Users\Abdella Hamch\.m2\repository\io\netty\netty-transport-native-epoll\4.1.104.Final\netty-transport-native-epoll-4.1.104.Final-linux-x86_64.jar;C:\Users\Abdella Hamch\.m2\repository\io\netty\netty-transport-classes-epoll\4.1.104.Final\netty-transport-classes-epoll-4.1.104.Final.jar;C:\Users\Abdella Hamch\.m2\repository\io\projectreactor\netty\reactor-netty-http\1.1.14\reactor-netty-http-1.1.14.jar;C:\Users\Abdella Hamch\.m2\repository\io\netty\netty-codec-http\4.1.104.Final\netty-codec-http-4.1.104.Final.jar;C:\Users\Abdella Hamch\.m2\repository\io\netty\netty-codec-http2\4.1.104.Final\netty-codec-http2-4.1.104.Final.jar;C:\Users\Abdella Hamch\.m2\repository\io\projectreactor\netty\incubator\reactor-netty-incubator-quic\0.1.14\reactor-netty-incubator-quic-0.1.14.jar;C:\Users\Abdella Hamch\.m2\repository\io\netty\incubator\netty-incubator-codec-native-quic\0.0.54.Final\netty-incubator-codec-native-quic-0.0.54.Final-linux-x86_64.jar;C:\Users\Abdella Hamch\.m2\repository\io\netty\incubator\netty-incubator-codec-classes-quic\0.0.54.Final\netty-incubator-codec-classes-quic-0.0.54.Final.jar;C:\Users\Abdella Hamch\.m2\repository\org\springframework\cloud\spring-cloud-stream\4.1.0\spring-cloud-stream-4.1.0.jar;C:\Users\Abdella Hamch\.m2\repository\org\springframework\spring-messaging\6.1.2\spring-messaging-6.1.2.jar;C:\Users\Abdella Hamch\.m2\repository\org\springframework\retry\spring-retry\2.0.5\spring-retry-2.0.5.jar;C:\Users\Abdella Hamch\.m2\repository\org\springframework\cloud\spring-cloud-function-context\4.1.0\spring-cloud-function-context-4.1.0.jar;C:\Users\Abdella Hamch\.m2\repository\net\jodah\typetools\0.6.2\typetools-0.6.2.jar;C:\Users\Abdella Hamch\.m2\repository\org\springframework\cloud\spring-cloud-function-core\4.1.0\spring-cloud-function-core-4.1.0.jar;C:\Users\Abdella Hamch\.m2\repository\org\jetbrains\kotlin\kotlin-stdlib-jdk8\1.9.21\kotlin-stdlib-jdk8-1.9.21.jar;C:\Users\Abdella Hamch\.m2\repository\org\jetbrains\kotlin\kotlin-stdlib\1.9.21\kotlin-stdlib-1.9.21.jar;C:\Users\Abdella Hamch\.m2\repository\org\jetbrains\kotlin\kotlin-stdlib-jdk7\1.9.21\kotlin-stdlib-jdk7-1.9.21.jar;C:\Users\Abdella Hamch\.m2\repository\org\springframework\boot\spring-boot-starter-amqp\3.2.1\spring-boot-starter-amqp-3.2.1.jar;C:\Users\Abdella Hamch\.m2\repository\org\springframework\amqp\spring-rabbit\3.1.1\spring-rabbit-3.1.1.jar;C:\Users\Abdella Hamch\.m2\repository\org\springframework\amqp\spring-amqp\3.1.1\spring-amqp-3.1.1.jar;C:\Users\Abdella Hamch\.m2\repository\com\rabbitmq\amqp-client\5.19.0\amqp-client-5.19.0.jar;C:\Users\Abdella Hamch\.m2\repository\org\springframework\integration\spring-integration-amqp\6.2.1\spring-integration-amqp-6.2.1.jar;C:\Users\Abdella Hamch\.m2\repository\org\springframework\integration\spring-integration-core\6.2.1\spring-integration-core-6.2.1.jar;C:\Users\Abdella Hamch\.m2\repository\io\projectreactor\reactor-core\3.6.1\reactor-core-3.6.1.jar;C:\Users\Abdella Hamch\.m2\repository\org\reactivestreams\reactive-streams\1.0.4\reactive-streams-1.0.4.jar;C:\Users\Abdella Hamch\.m2\repository\org\springframework\integration\spring-integration-jmx\6.2.1\spring-integration-jmx-6.2.1.jar;C:\Users\Abdella Hamch\.m2\repository\org\apache\httpcomponents\httpclient\4.5.14\httpclient-4.5.14.jar;C:\Users\Abdella Hamch\.m2\repository\org\apache\httpcomponents\httpcore\4.4.16\httpcore-4.4.16.jar;C:\Users\Abdella Hamch\.m2\repository\commons-logging\commons-logging\1.2\commons-logging-1.2.jar;C:\Users\Abdella Hamch\.m2\repository\commons-codec\commons-codec\1.16.0\commons-codec-1.16.0.jar;C:\Users\Abdella Hamch\.m2\repository\org\springframework\cloud\spring-cloud-starter-bus-amqp\4.1.0\spring-cloud-starter-bus-amqp-4.1.0.jar;C:\Users\Abdella Hamch\.m2\repository\org\springframework\cloud\spring-cloud-starter-stream-rabbit\4.1.0\spring-cloud-starter-stream-rabbit-4.1.0.jar;C:\Users\Abdella Hamch\.m2\repository\org\springframework\cloud\spring-cloud-bus\4.1.0\spring-cloud-bus-4.1.0.jar;C:\Users\Abdella Hamch\.m2\repository\org\springframework\cloud\spring-cloud-starter-consul-discovery\4.1.0\spring-cloud-starter-consul-discovery-4.1.0.jar;C:\Users\Abdella Hamch\.m2\repository\org\springframework\cloud\spring-cloud-starter-consul\4.1.0\spring-cloud-starter-consul-4.1.0.jar;C:\Users\Abdella Hamch\.m2\repository\org\springframework\cloud\spring-cloud-consul-core\4.1.0\spring-cloud-consul-core-4.1.0.jar;C:\Users\Abdella Hamch\.m2\repository\com\ecwid\consul\consul-api\1.4.5\consul-api-1.4.5.jar;C:\Users\Abdella Hamch\.m2\repository\com\google\code\gson\gson\2.10.1\gson-2.10.1.jar;C:\Users\Abdella Hamch\.m2\repository\org\springframework\cloud\spring-cloud-consul-discovery\4.1.0\spring-cloud-consul-discovery-4.1.0.jar;C:\Users\Abdella Hamch\.m2\repository\org\springframework\cloud\spring-cloud-starter-loadbalancer\4.1.0\spring-cloud-starter-loadbalancer-4.1.0.jar;C:\Users\Abdella Hamch\.m2\repository\org\springframework\cloud\spring-cloud-loadbalancer\4.1.0\spring-cloud-loadbalancer-4.1.0.jar;C:\Users\Abdella Hamch\.m2\repository\io\projectreactor\addons\reactor-extra\3.5.1\reactor-extra-3.5.1.jar;C:\Users\Abdella Hamch\.m2\repository\org\springframework\boot\spring-boot-starter-cache\3.2.1\spring-boot-starter-cache-3.2.1.jar;C:\Users\Abdella Hamch\.m2\repository\org\springframework\spring-context-support\6.1.2\spring-context-support-6.1.2.jar;C:\Users\Abdella Hamch\.m2\repository\com\stoyanr\evictor\1.0.0\evictor-1.0.0.jar;C:\Users\Abdella Hamch\.m2\repository\org\springframework\cloud\spring-cloud-starter-consul-config\4.1.0\spring-cloud-starter-consul-config-4.1.0.jar;C:\Users\Abdella Hamch\.m2\repository\org\springframework\cloud\spring-cloud-consul-config\4.1.0\spring-cloud-consul-config-4.1.0.jar;C:\Users\Abdella Hamch\.m2\repository\org\springframework\cloud\spring-cloud-commons\4.1.0\spring-cloud-commons-4.1.0.jar;C:\Users\Abdella Hamch\.m2\repository\org\springframework\boot\spring-boot-starter-actuator\3.0.1\spring-boot-starter-actuator-3.0.1.jar;C:\Users\Abdella Hamch\.m2\repository\org\springframework\boot\spring-boot-actuator-autoconfigure\3.2.1\spring-boot-actuator-autoconfigure-3.2.1.jar;C:\Users\Abdella Hamch\.m2\repository\org\springframework\boot\spring-boot-actuator\3.2.1\spring-boot-actuator-3.2.1.jar;C:\Users\Abdella Hamch\.m2\repository\io\micrometer\micrometer-observation\1.12.1\micrometer-observation-1.12.1.jar;C:\Users\Abdella Hamch\.m2\repository\io\micrometer\micrometer-commons\1.12.1\micrometer-commons-1.12.1.jar;C:\Users\Abdella Hamch\.m2\repository\io\micrometer\micrometer-core\1.12.1\micrometer-core-1.12.1.jar;C:\Users\Abdella Hamch\.m2\repository\org\hdrhistogram\HdrHistogram\2.1.12\HdrHistogram-2.1.12.jar;C:\Users\Abdella Hamch\.m2\repository\org\latencyutils\LatencyUtils\2.0.3\LatencyUtils-2.0.3.jar;C:\Users\Abdella Hamch\.m2\repository\com\mysql\mysql-connector-j\8.1.0\mysql-connector-j-8.1.0.jar;C:\Users\Abdella Hamch\.m2\repository\org\projectlombok\lombok\1.18.30\lombok-1.18.30.jar;C:\Users\Abdella Hamch\.m2\repository\com\jayway\jsonpath\json-path\2.8.0\json-path-2.8.0.jar;C:\Users\Abdella Hamch\.m2\repository\jakarta\xml\bind\jakarta.xml.bind-api\4.0.1\jakarta.xml.bind-api-4.0.1.jar;C:\Users\Abdella Hamch\.m2\repository\jakarta\activation\jakarta.activation-api\2.1.2\jakarta.activation-api-2.1.2.jar;C:\Users\Abdella Hamch\.m2\repository\net\minidev\json-smart\2.5.0\json-smart-2.5.0.jar;C:\Users\Abdella Hamch\.m2\repository\net\minidev\accessors-smart\2.5.0\accessors-smart-2.5.0.jar;C:\Users\Abdella Hamch\.m2\repository\org\ow2\asm\asm\9.3\asm-9.3.jar;C:\Users\Abdella Hamch\.m2\repository\org\springframework\cloud\spring-cloud-starter-bootstrap\4.1.0\spring-cloud-starter-bootstrap-4.1.0.jar;C:\Users\Abdella Hamch\.m2\repository\org\springframework\cloud\spring-cloud-starter\4.1.0\spring-cloud-starter-4.1.0.jar;C:\Users\Abdella Hamch\.m2\repository\org\springframework\cloud\spring-cloud-context\4.1.0\spring-cloud-context-4.1.0.jar;C:\Users\Abdella Hamch\.m2\repository\org\springframework\security\spring-security-rsa\1.1.1\spring-security-rsa-1.1.1.jar;C:\Users\Abdella Hamch\.m2\repository\org\bouncycastle\bcprov-jdk18on\1.74\bcprov-jdk18on-1.74.jar;C:\Users\Abdella Hamch\.m2\repository\org\springframework\data\spring-data-rest-core\4.2.1\spring-data-rest-core-4.2.1.jar;C:\Users\Abdella Hamch\.m2\repository\org\springframework\spring-tx\6.1.2\spring-tx-6.1.2.jar;C:\Users\Abdella Hamch\.m2\repository\org\springframework\hateoas\spring-hateoas\2.2.0\spring-hateoas-2.2.0.jar;C:\Users\Abdella Hamch\.m2\repository\org\springframework\data\spring-data-commons\3.2.1\spring-data-commons-3.2.1.jar;C:\Users\Abdella Hamch\.m2\repository\org\springframework\plugin\spring-plugin-core\3.0.0\spring-plugin-core-3.0.0.jar;C:\Users\Abdella Hamch\.m2\repository\org\atteo\evo-inflector\1.3\evo-inflector-1.3.jar;C:\Users\Abdella Hamch\.m2\repository\com\fasterxml\jackson\core\jackson-annotations\2.15.3\jackson-annotations-2.15.3.jar;C:\Users\Abdella Hamch\.m2\repository\com\fasterxml\jackson\datatype\jackson-datatype-jdk8\2.15.3\jackson-datatype-jdk8-2.15.3.jar;C:\Users\Abdella Hamch\.m2\repository\org\slf4j\slf4j-api\2.0.9\slf4j-api-2.0.9.jar;C:\Users\Abdella Hamch\.m2\repository\org\springframework\boot\spring-boot-starter-data-rest\3.2.1\spring-boot-starter-data-rest-3.2.1.jar;C:\Users\Abdella Hamch\.m2\repository\org\springframework\data\spring-data-rest-webmvc\4.2.1\spring-data-rest-webmvc-4.2.1.jar
Launcher Type: SUN_STANDARD

[Global flags]
     intx CICompilerCount                          = 12                                        {product} {ergonomic}
     uint ConcGCThreads                            = 3                                         {product} {ergonomic}
     uint G1ConcRefinementThreads                  = 13                                        {product} {ergonomic}
   size_t G1HeapRegionSize                         = 1048576                                   {product} {ergonomic}
    uintx GCDrainStackTargetSize                   = 64                                        {product} {ergonomic}
   size_t InitialHeapSize                          = 132120576                                 {product} {ergonomic}
   size_t MarkStackSize                            = 4194304                                   {product} {ergonomic}
   size_t MaxHeapSize                              = 2090860544                                {product} {ergonomic}
   size_t MaxNewSize                               = 1254096896                                {product} {ergonomic}
   size_t MinHeapDeltaBytes                        = 1048576                                   {product} {ergonomic}
   size_t MinHeapSize                              = 8388608                                   {product} {ergonomic}
    uintx NonNMethodCodeHeapSize                   = 7602480                                {pd product} {ergonomic}
    uintx NonProfiledCodeHeapSize                  = 122027880                              {pd product} {ergonomic}
    uintx ProfiledCodeHeapSize                     = 122027880                              {pd product} {ergonomic}
    uintx ReservedCodeCacheSize                    = 251658240                              {pd product} {ergonomic}
     bool SegmentedCodeCache                       = true                                      {product} {ergonomic}
     bool ShowCodeDetailsInExceptionMessages       = true                                   {manageable} {command line}
   size_t SoftMaxHeapSize                          = 2090860544                             {manageable} {ergonomic}
     bool UseCompressedOops                        = true                           {product lp64_product} {ergonomic}
     bool UseG1GC                                  = true                                      {product} {ergonomic}
     bool UseLargePagesIndividualAllocation        = false                                  {pd product} {ergonomic}

Logging:
Log output configuration:
 #0: stdout all=warning uptime,level,tags foldmultilines=false
 #1: stderr all=off uptime,level,tags foldmultilines=false

Environment Variables:
JAVA_HOME=C:\Program Files\Java\jdk-21
PATH=C:/Users/Abdella Hamch/.p2/pool/plugins/org.eclipse.justj.openjdk.hotspot.jre.full.win32.x86_64_23.0.0.v20240919-1706/jre/bin/server;C:/Users/Abdella Hamch/.p2/pool/plugins/org.eclipse.justj.openjdk.hotspot.jre.full.win32.x86_64_23.0.0.v20240919-1706/jre/bin;C:\ProgramData\Oracle\Java\javapath;C:\Program Files\Common Files\Oracle\Java\javapath;C:\Python312\Scripts\;C:\Python312\;C:\Python311\Scripts\;C:\Python311\;C:\windows\system32;C:\windows;C:\windows\System32\Wbem;C:\windows\System32\WindowsPowerShell\v1.0\;C:\windows\System32\OpenSSH\;C:\Program Files (x86)\Microsoft SQL Server\160\DTS\Binn\;C:\Program Files\Azure Data Studio\bin;C:\ProgramData\chocolatey\bin;C:\Program Files\Java\jdk-17\bin;C:\Program Files\PuTTY\;C:\Program Files\Microsoft SQL Server\Client SDK\ODBC\170\Tools\Binn\;C:\Program Files (x86)\Microsoft SQL Server\150\Tools\Binn\;C:\Program Files\Microsoft SQL Server\150\Tools\Binn\;C:\Program Files\Microsoft SQL Server\150\DTS\Binn\;C:\Program Files (x86)\Microsoft SQL Server\160\Tools\Binn\;C:\Program Files\Microsoft SQL Server\160\Tools\Binn\;C:\Program Files\Microsoft SQL Server\160\DTS\Binn\;C:\Program Files\Microsoft SQL Server\130\DTS\Binn\;C:\Program Files\Microsoft SQL Server\140\DTS\Binn\;C:\Program Files\Git\cmd;C:\Program Files\nodejs\;C:\Program Files\Docker\Docker\resources\bin;C:\Users\Abdella Hamch\AppData\Local\Microsoft\WindowsApps;C:\Program Files\Azure Data Studio\bin;C:\Users\Abdella Hamch\AppData\Local\GitHubDesktop\bin;C:\Program Files\Java\jdk-21\bin;C:\Program Files\nodejs;C:\Users\Abdella Hamch\AppData\Roaming\npm\ng.ps1;C:\Users\Abdella Hamch\AppData\Local\JetBrains\Toolbox\scripts;C:\Program Files\Java\jdk-21;C:\Program Files\Erlang OTP\bin;C:\Program Files\RabbitMQ Server\rabbitmq_server-4.0.2\sbin;B:\Java091024\pgsql\bin;C:\Users\Abdella Hamch\AppData\Roaming\npm;C:\windows\system32;
USERNAME=A.HAMCH
OS=Windows_NT
PROCESSOR_IDENTIFIER=Intel64 Family 6 Model 165 Stepping 5, GenuineIntel
TMP=C:\Users\ABDELL~1\AppData\Local\Temp
TEMP=C:\Users\ABDELL~1\AppData\Local\Temp




Periodic native trim disabled

---------------  S Y S T E M  ---------------

OS:
 Windows 11 , 64 bit Build 22000 (10.0.22000.2538)
OS uptime: 3 days 22:21 hours
Hyper-V role detected

CPU: total 16 (initial active 16) (8 cores per cpu, 2 threads per core) family 6 model 165 stepping 5 microcode 0xfe, cx8, cmov, fxsr, ht, mmx, 3dnowpref, sse, sse2, sse3, ssse3, sse4.1, sse4.2, popcnt, lzcnt, tsc, tscinvbit, avx, avx2, aes, erms, clmul, bmi1, bmi2, adx, fma, vzeroupper, clflush, clflushopt, hv, rdtscp, f16c
Processor Information for all 16 processors :
  Max Mhz: 2904, Current Mhz: 2904, Mhz Limit: 2904

Memory: 4k page, system-wide physical 7968M (265M free)
TotalPageFile size 32544M (AvailPageFile size 12M)
current process WorkingSet (physical memory assigned to process): 270M, peak: 276M
current process commit charge ("private bytes"): 333M, peak: 339M

vm_info: Java HotSpot(TM) 64-Bit Server VM (21.0.6+8-LTS-188) for windows-amd64 JRE (21.0.6+8-LTS-188), built on 2024-12-03T10:50:54Z by "mach5one" with MS VC++ 17.6 (VS2022)

END.
