#
# There is insufficient memory for the Java Runtime Environment to continue.
# Native memory allocation (malloc) failed to allocate 538416 bytes for Chunk::new
# Possible reasons:
#   The system is out of physical RAM or swap space
#   The process is running with CompressedOops enabled, and the Java Heap may be blocking the growth of the native heap
# Possible solutions:
#   Reduce memory load on the system
#   Increase physical memory or swap space
#   Check if swap backing store is full
#   Decrease Java heap size (-Xmx/-Xms)
#   Decrease number of Java threads
#   Decrease Java thread stack sizes (-Xss)
#   Set larger code cache with -XX:ReservedCodeCacheSize=
#   JVM is running with Unscaled Compressed Oops mode in which the Java heap is
#     placed in the first 4GB address space. The Java Heap base address is the
#     maximum limit for the native heap growth. Please use -XX:HeapBaseMinAddress
#     to set the Java Heap base and to place the Java Heap above 4GB virtual address.
# This output file may be truncated or incomplete.
#
#  Out of Memory Error (arena.cpp:168), pid=22160, tid=4912
#
# JRE version: Java(TM) SE Runtime Environment (21.0.6+8) (build 21.0.6+8-LTS-188)
# Java VM: Java HotSpot(TM) 64-Bit Server VM (21.0.6+8-LTS-188, mixed mode, sharing, tiered, compressed oops, compressed class ptrs, g1 gc, windows-amd64)
# No core dump will be written. Minidumps are not enabled by default on client versions of Windows
#

---------------  S U M M A R Y ------------

Command Line: -Dfile.encoding=UTF-8 -Dstdout.encoding=UTF-8 -Dstderr.encoding=UTF-8 -XX:+ShowCodeDetailsInExceptionMessages com.hamch.customerservice.CustomerServiceApplication

Host: Intel(R) Core(TM) i7-10700 CPU @ 2.90GHz, 16 cores, 7G,  Windows 11 , 64 bit Build 22000 (10.0.22000.2538)
Time: Wed Jul 23 11:11:59 2025 Maroc (heure d64 bit Build 22000 (10.0.22000.2538) elapsed time: 1652.753325 seconds (0d 0h 27m 32s)

---------------  T H R E A D  ---------------

Current thread (0x00000230a4b95fa0):  JavaThread "C2 CompilerThread0" daemon [_thread_in_native, id=4912, stack(0x000000c130300000,0x000000c130400000) (1024K)]


Current CompileTask:
C2:1652753 10968       4       org.springframework.core.ResolvableType::isAssignableFrom (503 bytes)

Stack: [0x000000c130300000,0x000000c130400000]
Native frames: (J=compiled Java code, j=interpreted, Vv=VM code, C=native code)
V  [jvm.dll+0x6ca6d9]
V  [jvm.dll+0x854f51]
V  [jvm.dll+0x85747e]
V  [jvm.dll+0x857b53]
V  [jvm.dll+0x27dcc6]
V  [jvm.dll+0xc4c2d]
V  [jvm.dll+0xc5163]
V  [jvm.dll+0x2f0fbd]
V  [jvm.dll+0x5f546a]
V  [jvm.dll+0x24f8a2]
V  [jvm.dll+0x24858f]
V  [jvm.dll+0x245df4]
V  [jvm.dll+0x1c6d2e]
V  [jvm.dll+0x2554f9]
V  [jvm.dll+0x253a8a]
V  [jvm.dll+0x3ee576]
V  [jvm.dll+0x7ff2fb]
V  [jvm.dll+0x6c8dbd]
C  [ucrtbase.dll+0x26c0c]
C  [KERNEL32.DLL+0x153e0]
C  [ntdll.dll+0x485b]


---------------  P R O C E S S  ---------------

Threads class SMR info:
_java_thread_list=0x00000230ed848180, length=31, elements={
0x00000230a4b814e0, 0x00000230a4b83f40, 0x00000230a4b89ed0, 0x00000230a4b8adb0,
0x00000230a4b8c0d0, 0x00000230a4b8f400, 0x00000230a4b95fa0, 0x00000230a4b952a0,
0x00000230ea2aea00, 0x00000230ea1f9220, 0x00000230edc98ff0, 0x00000230ef08ea20,
0x00000230ef5713a0, 0x00000230eed2e730, 0x00000230eed2f450, 0x00000230eed2d380,
0x00000230efe50420, 0x00000230efe50ab0, 0x00000230efe4cfa0, 0x00000230efe52b80,
0x00000230efe4c280, 0x00000230efe4bbf0, 0x00000230efe4fd90, 0x00000230efe4c910,
0x00000230efe524f0, 0x00000230efe4f700, 0x00000230efe51140, 0x00000230efe4dcc0,
0x00000230efe53210, 0x00000230f1056780, 0x00000230f10581c0
}

Java Threads: ( => current thread )
  0x00000230a4b814e0 JavaThread "Reference Handler"          daemon [_thread_blocked, id=14320, stack(0x000000c12fd00000,0x000000c12fe00000) (1024K)]
  0x00000230a4b83f40 JavaThread "Finalizer"                  daemon [_thread_blocked, id=12512, stack(0x000000c12fe00000,0x000000c12ff00000) (1024K)]
  0x00000230a4b89ed0 JavaThread "Signal Dispatcher"          daemon [_thread_blocked, id=5020, stack(0x000000c12ff00000,0x000000c130000000) (1024K)]
  0x00000230a4b8adb0 JavaThread "Attach Listener"            daemon [_thread_blocked, id=17832, stack(0x000000c130000000,0x000000c130100000) (1024K)]
  0x00000230a4b8c0d0 JavaThread "Service Thread"             daemon [_thread_blocked, id=22560, stack(0x000000c130100000,0x000000c130200000) (1024K)]
  0x00000230a4b8f400 JavaThread "Monitor Deflation Thread"   daemon [_thread_blocked, id=7540, stack(0x000000c130200000,0x000000c130300000) (1024K)]
=>0x00000230a4b95fa0 JavaThread "C2 CompilerThread0"         daemon [_thread_in_native, id=4912, stack(0x000000c130300000,0x000000c130400000) (1024K)]
  0x00000230a4b952a0 JavaThread "C1 CompilerThread0"         daemon [_thread_blocked, id=21100, stack(0x000000c130400000,0x000000c130500000) (1024K)]
  0x00000230ea2aea00 JavaThread "Notification Thread"        daemon [_thread_blocked, id=4204, stack(0x000000c130700000,0x000000c130800000) (1024K)]
  0x00000230ea1f9220 JavaThread "Common-Cleaner"             daemon [_thread_blocked, id=18756, stack(0x000000c130800000,0x000000c130900000) (1024K)]
  0x00000230edc98ff0 JavaThread "Catalina-utility-1"                [_thread_blocked, id=12060, stack(0x000000c131400000,0x000000c131500000) (1024K)]
  0x00000230ef08ea20 JavaThread "Catalina-utility-2"                [_thread_blocked, id=11384, stack(0x000000c131b00000,0x000000c131c00000) (1024K)]
  0x00000230ef5713a0 JavaThread "container-0"                       [_thread_blocked, id=23224, stack(0x000000c131c00000,0x000000c131d00000) (1024K)]
  0x00000230eed2e730 JavaThread "mysql-cj-abandoned-connection-cleanup" daemon [_thread_blocked, id=13340, stack(0x000000c131d00000,0x000000c131e00000) (1024K)]
  0x00000230eed2f450 JavaThread "HikariPool-1 housekeeper"   daemon [_thread_blocked, id=16412, stack(0x000000c131e00000,0x000000c131f00000) (1024K)]
  0x00000230eed2d380 JavaThread "spring.cloud.inetutils"     daemon [_thread_blocked, id=22028, stack(0x000000c132000000,0x000000c132100000) (1024K)]
  0x00000230efe50420 JavaThread "catalogWatchTaskScheduler-1"        [_thread_in_native, id=18832, stack(0x000000c132100000,0x000000c132200000) (1024K)]
  0x00000230efe50ab0 JavaThread "http-nio-auto-1-exec-1"     daemon [_thread_blocked, id=18208, stack(0x000000c132200000,0x000000c132300000) (1024K)]
  0x00000230efe4cfa0 JavaThread "http-nio-auto-1-exec-2"     daemon [_thread_blocked, id=14424, stack(0x000000c132300000,0x000000c132400000) (1024K)]
  0x00000230efe52b80 JavaThread "http-nio-auto-1-exec-3"     daemon [_thread_blocked, id=680, stack(0x000000c132400000,0x000000c132500000) (1024K)]
  0x00000230efe4c280 JavaThread "http-nio-auto-1-exec-4"     daemon [_thread_blocked, id=22624, stack(0x000000c132500000,0x000000c132600000) (1024K)]
  0x00000230efe4bbf0 JavaThread "http-nio-auto-1-exec-5"     daemon [_thread_blocked, id=9684, stack(0x000000c132600000,0x000000c132700000) (1024K)]
  0x00000230efe4fd90 JavaThread "http-nio-auto-1-exec-6"     daemon [_thread_blocked, id=5352, stack(0x000000c132700000,0x000000c132800000) (1024K)]
  0x00000230efe4c910 JavaThread "http-nio-auto-1-exec-7"     daemon [_thread_blocked, id=19880, stack(0x000000c132800000,0x000000c132900000) (1024K)]
  0x00000230efe524f0 JavaThread "http-nio-auto-1-exec-8"     daemon [_thread_blocked, id=18600, stack(0x000000c132900000,0x000000c132a00000) (1024K)]
  0x00000230efe4f700 JavaThread "http-nio-auto-1-exec-9"     daemon [_thread_blocked, id=17600, stack(0x000000c132a00000,0x000000c132b00000) (1024K)]
  0x00000230efe51140 JavaThread "http-nio-auto-1-exec-10"    daemon [_thread_blocked, id=18380, stack(0x000000c132b00000,0x000000c132c00000) (1024K)]
  0x00000230efe4dcc0 JavaThread "http-nio-auto-1-Poller"     daemon [_thread_in_native, id=18880, stack(0x000000c132c00000,0x000000c132d00000) (1024K)]
  0x00000230efe53210 JavaThread "http-nio-auto-1-Acceptor"   daemon [_thread_in_native, id=21716, stack(0x000000c132d00000,0x000000c132e00000) (1024K)]
  0x00000230f1056780 JavaThread "DestroyJavaVM"                     [_thread_blocked, id=11924, stack(0x000000c12f500000,0x000000c12f600000) (1024K)]
  0x00000230f10581c0 JavaThread "springCloudBus.anonymous.fgTXfnKaQOOTjcRpfGlbqA-2"        [_thread_in_Java, id=8160, stack(0x000000c12f200000,0x000000c12f300000) (1024K)]
Total: 31

Other Threads:
  0x00000230a4b69790 VMThread "VM Thread"                           [id=3676, stack(0x000000c12fc00000,0x000000c12fd00000) (1024K)]
  0x00000230a4b558a0 WatcherThread "VM Periodic Task Thread"        [id=3812, stack(0x000000c12fb00000,0x000000c12fc00000) (1024K)]
  0x00000230877722b0 WorkerThread "GC Thread#0"                     [id=15132, stack(0x000000c12f600000,0x000000c12f700000) (1024K)]
  0x00000230eaff2df0 WorkerThread "GC Thread#1"                     [id=15296, stack(0x000000c130a00000,0x000000c130b00000) (1024K)]
  0x00000230eaff3190 WorkerThread "GC Thread#2"                     [id=10420, stack(0x000000c130b00000,0x000000c130c00000) (1024K)]
  0x00000230eb37b430 WorkerThread "GC Thread#3"                     [id=14632, stack(0x000000c130c00000,0x000000c130d00000) (1024K)]
  0x00000230eb090200 WorkerThread "GC Thread#4"                     [id=19012, stack(0x000000c130d00000,0x000000c130e00000) (1024K)]
  0x00000230eb61e5e0 WorkerThread "GC Thread#5"                     [id=16120, stack(0x000000c130e00000,0x000000c130f00000) (1024K)]
  0x00000230eb61ed90 WorkerThread "GC Thread#6"                     [id=5212, stack(0x000000c130f00000,0x000000c131000000) (1024K)]
  0x00000230eb701740 WorkerThread "GC Thread#7"                     [id=23416, stack(0x000000c131000000,0x000000c131100000) (1024K)]
  0x00000230eb7013a0 WorkerThread "GC Thread#8"                     [id=13640, stack(0x000000c131100000,0x000000c131200000) (1024K)]
  0x00000230eb701ae0 WorkerThread "GC Thread#9"                     [id=23572, stack(0x000000c131200000,0x000000c131300000) (1024K)]
  0x00000230eb702960 WorkerThread "GC Thread#10"                    [id=5440, stack(0x000000c131500000,0x000000c131600000) (1024K)]
  0x00000230eb701000 WorkerThread "GC Thread#11"                    [id=22196, stack(0x000000c131600000,0x000000c131700000) (1024K)]
  0x00000230eb7025c0 WorkerThread "GC Thread#12"                    [id=10228, stack(0x000000c131700000,0x000000c131800000) (1024K)]
  0x0000023087782c50 ConcurrentGCThread "G1 Main Marker"            [id=1240, stack(0x000000c12f700000,0x000000c12f800000) (1024K)]
  0x00000230877858c0 WorkerThread "G1 Conc#0"                       [id=20796, stack(0x000000c12f800000,0x000000c12f900000) (1024K)]
  0x00000230ecc49250 WorkerThread "G1 Conc#1"                       [id=15460, stack(0x000000c131800000,0x000000c131900000) (1024K)]
  0x00000230ecc48eb0 WorkerThread "G1 Conc#2"                       [id=22300, stack(0x000000c131900000,0x000000c131a00000) (1024K)]
  0x00000230877ce890 ConcurrentGCThread "G1 Refine#0"               [id=7188, stack(0x000000c12f900000,0x000000c12fa00000) (1024K)]
  0x00000230a4a25760 ConcurrentGCThread "G1 Service"                [id=15468, stack(0x000000c12fa00000,0x000000c12fb00000) (1024K)]
Total: 21

Threads with active compile tasks:
C2 CompilerThread0  1652854 10968       4       org.springframework.core.ResolvableType::isAssignableFrom (503 bytes)
Total: 1

VM state: not at safepoint (normal execution)

VM Mutex/Monitor currently owned by a thread: None

Heap address: 0x0000000083600000, size: 1994 MB, Compressed Oops mode: 32-bit

CDS archive(s) mapped at: [0x00000230a5000000-0x00000230a5c90000-0x00000230a5c90000), size 13172736, SharedBaseAddress: 0x00000230a5000000, ArchiveRelocationMode: 1.
Compressed class space mapped at: 0x00000230a6000000-0x00000230e6000000, reserved size: 1073741824
Narrow klass base: 0x00000230a5000000, Narrow klass shift: 0, Narrow klass range: 0x100000000

GC Precious Log:
 CardTable entry size: 512
 Card Set container configuration: InlinePtr #cards 5 size 8 Array Of Cards #cards 12 size 40 Howl #buckets 4 coarsen threshold 1843 Howl Bitmap #cards 512 size 80 coarsen threshold 460 Card regions per heap region 1 cards per card region 2048
 CPUs: 16 total, 16 available
 Memory: 7968M
 Large Page Support: Disabled
 NUMA Support: Disabled
 Compressed Oops: Enabled (32-bit)
 Heap Region Size: 1M
 Heap Min Capacity: 8M
 Heap Initial Capacity: 126M
 Heap Max Capacity: 1994M
 Pre-touch: Disabled
 Parallel Workers: 13
 Concurrent Workers: 3
 Concurrent Refinement Workers: 13
 Periodic GC: Disabled

Heap:
 garbage-first heap   total 143360K, used 80192K [0x0000000083600000, 0x0000000100000000)
  region size 1024K, 15 young (15360K), 6 survivors (6144K)
 Metaspace       used 104550K, committed 105728K, reserved 1179648K
  class space    used 14080K, committed 14656K, reserved 1048576K

Heap Regions: E=young(eden), S=young(survivor), O=old, HS=humongous(starts), HC=humongous(continues), CS=collection set, F=free, TAMS=top-at-mark-start, PB=parsable bottom
|   0|0x0000000083600000, 0x0000000083700000, 0x0000000083700000|100%|HS|  |TAMS 0x0000000083600000| PB 0x0000000083600000| Complete 
|   1|0x0000000083700000, 0x0000000083800000, 0x0000000083800000|100%| O|  |TAMS 0x0000000083700000| PB 0x0000000083700000| Untracked 
|   2|0x0000000083800000, 0x0000000083900000, 0x0000000083900000|100%|HS|  |TAMS 0x0000000083800000| PB 0x0000000083800000| Complete 
|   3|0x0000000083900000, 0x0000000083a00000, 0x0000000083a00000|100%| O|  |TAMS 0x0000000083900000| PB 0x0000000083900000| Untracked 
|   4|0x0000000083a00000, 0x0000000083b00000, 0x0000000083b00000|100%| O|  |TAMS 0x0000000083a00000| PB 0x0000000083a00000| Untracked 
|   5|0x0000000083b00000, 0x0000000083c00000, 0x0000000083c00000|100%| O|  |TAMS 0x0000000083b00000| PB 0x0000000083b00000| Untracked 
|   6|0x0000000083c00000, 0x0000000083d00000, 0x0000000083d00000|100%| O|  |TAMS 0x0000000083c00000| PB 0x0000000083c00000| Untracked 
|   7|0x0000000083d00000, 0x0000000083e00000, 0x0000000083e00000|100%| O|  |TAMS 0x0000000083d00000| PB 0x0000000083d00000| Untracked 
|   8|0x0000000083e00000, 0x0000000083f00000, 0x0000000083f00000|100%| O|  |TAMS 0x0000000083e00000| PB 0x0000000083e00000| Untracked 
|   9|0x0000000083f00000, 0x0000000084000000, 0x0000000084000000|100%| O|  |TAMS 0x0000000083f00000| PB 0x0000000083f00000| Untracked 
|  10|0x0000000084000000, 0x0000000084100000, 0x0000000084100000|100%| O|  |TAMS 0x0000000084000000| PB 0x0000000084000000| Untracked 
|  11|0x0000000084100000, 0x0000000084200000, 0x0000000084200000|100%| O|  |TAMS 0x0000000084100000| PB 0x0000000084100000| Untracked 
|  12|0x0000000084200000, 0x0000000084300000, 0x0000000084300000|100%| O|  |TAMS 0x0000000084200000| PB 0x0000000084200000| Untracked 
|  13|0x0000000084300000, 0x0000000084400000, 0x0000000084400000|100%| O|  |TAMS 0x0000000084300000| PB 0x0000000084300000| Untracked 
|  14|0x0000000084400000, 0x0000000084500000, 0x0000000084500000|100%| O|  |TAMS 0x0000000084400000| PB 0x0000000084400000| Untracked 
|  15|0x0000000084500000, 0x0000000084600000, 0x0000000084600000|100%| O|  |TAMS 0x0000000084500000| PB 0x0000000084500000| Untracked 
|  16|0x0000000084600000, 0x0000000084700000, 0x0000000084700000|100%| O|  |TAMS 0x0000000084600000| PB 0x0000000084600000| Untracked 
|  17|0x0000000084700000, 0x0000000084800000, 0x0000000084800000|100%| O|  |TAMS 0x0000000084700000| PB 0x0000000084700000| Untracked 
|  18|0x0000000084800000, 0x0000000084900000, 0x0000000084900000|100%| O|  |TAMS 0x0000000084800000| PB 0x0000000084800000| Untracked 
|  19|0x0000000084900000, 0x0000000084a00000, 0x0000000084a00000|100%| O|  |TAMS 0x0000000084900000| PB 0x0000000084900000| Untracked 
|  20|0x0000000084a00000, 0x0000000084b00000, 0x0000000084b00000|100%| O|  |TAMS 0x0000000084a00000| PB 0x0000000084a00000| Untracked 
|  21|0x0000000084b00000, 0x0000000084c00000, 0x0000000084c00000|100%| O|  |TAMS 0x0000000084b00000| PB 0x0000000084b00000| Untracked 
|  22|0x0000000084c00000, 0x0000000084d00000, 0x0000000084d00000|100%| O|  |TAMS 0x0000000084c00000| PB 0x0000000084c00000| Untracked 
|  23|0x0000000084d00000, 0x0000000084e00000, 0x0000000084e00000|100%| O|Cm|TAMS 0x0000000084d00000| PB 0x0000000084d00000| Complete 
|  24|0x0000000084e00000, 0x0000000084f00000, 0x0000000084f00000|100%| O|  |TAMS 0x0000000084e00000| PB 0x0000000084e00000| Untracked 
|  25|0x0000000084f00000, 0x0000000085000000, 0x0000000085000000|100%| O|  |TAMS 0x0000000084f00000| PB 0x0000000084f00000| Untracked 
|  26|0x0000000085000000, 0x0000000085100000, 0x0000000085100000|100%| O|  |TAMS 0x0000000085000000| PB 0x0000000085000000| Untracked 
|  27|0x0000000085100000, 0x0000000085200000, 0x0000000085200000|100%| O|  |TAMS 0x0000000085100000| PB 0x0000000085100000| Untracked 
|  28|0x0000000085200000, 0x0000000085300000, 0x0000000085300000|100%| O|  |TAMS 0x0000000085200000| PB 0x0000000085200000| Untracked 
|  29|0x0000000085300000, 0x0000000085400000, 0x0000000085400000|100%| O|  |TAMS 0x0000000085300000| PB 0x0000000085300000| Untracked 
|  30|0x0000000085400000, 0x0000000085500000, 0x0000000085500000|100%| O|  |TAMS 0x0000000085400000| PB 0x0000000085400000| Untracked 
|  31|0x0000000085500000, 0x0000000085600000, 0x0000000085600000|100%| O|  |TAMS 0x0000000085500000| PB 0x0000000085500000| Untracked 
|  32|0x0000000085600000, 0x0000000085700000, 0x0000000085700000|100%| O|  |TAMS 0x0000000085600000| PB 0x0000000085600000| Untracked 
|  33|0x0000000085700000, 0x0000000085800000, 0x0000000085800000|100%| O|  |TAMS 0x0000000085700000| PB 0x0000000085700000| Untracked 
|  34|0x0000000085800000, 0x0000000085900000, 0x0000000085900000|100%| O|  |TAMS 0x0000000085800000| PB 0x0000000085800000| Untracked 
|  35|0x0000000085900000, 0x0000000085a00000, 0x0000000085a00000|100%| O|  |TAMS 0x0000000085900000| PB 0x0000000085900000| Untracked 
|  36|0x0000000085a00000, 0x0000000085b00000, 0x0000000085b00000|100%| O|  |TAMS 0x0000000085a00000| PB 0x0000000085a00000| Untracked 
|  37|0x0000000085b00000, 0x0000000085c00000, 0x0000000085c00000|100%| O|  |TAMS 0x0000000085b00000| PB 0x0000000085b00000| Untracked 
|  38|0x0000000085c00000, 0x0000000085d00000, 0x0000000085d00000|100%| O|  |TAMS 0x0000000085c00000| PB 0x0000000085c00000| Untracked 
|  39|0x0000000085d00000, 0x0000000085e00000, 0x0000000085e00000|100%| O|  |TAMS 0x0000000085d00000| PB 0x0000000085d00000| Untracked 
|  40|0x0000000085e00000, 0x0000000085f00000, 0x0000000085f00000|100%| O|  |TAMS 0x0000000085e00000| PB 0x0000000085e00000| Untracked 
|  41|0x0000000085f00000, 0x0000000086000000, 0x0000000086000000|100%| O|  |TAMS 0x0000000085f00000| PB 0x0000000085f00000| Untracked 
|  42|0x0000000086000000, 0x0000000086100000, 0x0000000086100000|100%| O|  |TAMS 0x0000000086000000| PB 0x0000000086000000| Untracked 
|  43|0x0000000086100000, 0x0000000086200000, 0x0000000086200000|100%| O|  |TAMS 0x0000000086100000| PB 0x0000000086100000| Untracked 
|  44|0x0000000086200000, 0x0000000086300000, 0x0000000086300000|100%| O|  |TAMS 0x0000000086200000| PB 0x0000000086200000| Untracked 
|  45|0x0000000086300000, 0x0000000086400000, 0x0000000086400000|100%| O|  |TAMS 0x0000000086300000| PB 0x0000000086300000| Untracked 
|  46|0x0000000086400000, 0x0000000086500000, 0x0000000086500000|100%| O|Cm|TAMS 0x0000000086400000| PB 0x0000000086400000| Complete 
|  47|0x0000000086500000, 0x0000000086600000, 0x0000000086600000|100%| O|  |TAMS 0x0000000086500000| PB 0x0000000086500000| Untracked 
|  48|0x0000000086600000, 0x0000000086700000, 0x0000000086700000|100%| O|  |TAMS 0x0000000086600000| PB 0x0000000086600000| Untracked 
|  49|0x0000000086700000, 0x0000000086800000, 0x0000000086800000|100%| O|Cm|TAMS 0x0000000086700000| PB 0x0000000086700000| Complete 
|  50|0x0000000086800000, 0x0000000086900000, 0x0000000086900000|100%| O|  |TAMS 0x0000000086800000| PB 0x0000000086800000| Untracked 
|  51|0x0000000086900000, 0x0000000086a00000, 0x0000000086a00000|100%| O|  |TAMS 0x0000000086900000| PB 0x0000000086900000| Untracked 
|  52|0x0000000086a00000, 0x0000000086b00000, 0x0000000086b00000|100%| O|  |TAMS 0x0000000086a00000| PB 0x0000000086a00000| Untracked 
|  53|0x0000000086b00000, 0x0000000086c00000, 0x0000000086c00000|100%| O|  |TAMS 0x0000000086b00000| PB 0x0000000086b00000| Untracked 
|  54|0x0000000086c00000, 0x0000000086d00000, 0x0000000086d00000|100%| O|  |TAMS 0x0000000086c00000| PB 0x0000000086c00000| Untracked 
|  55|0x0000000086d00000, 0x0000000086e00000, 0x0000000086e00000|100%| O|  |TAMS 0x0000000086d00000| PB 0x0000000086d00000| Untracked 
|  56|0x0000000086e00000, 0x0000000086f00000, 0x0000000086f00000|100%| O|  |TAMS 0x0000000086e00000| PB 0x0000000086e00000| Untracked 
|  57|0x0000000086f00000, 0x0000000087000000, 0x0000000087000000|100%| O|  |TAMS 0x0000000086f00000| PB 0x0000000086f00000| Untracked 
|  58|0x0000000087000000, 0x0000000087100000, 0x0000000087100000|100%| O|  |TAMS 0x0000000087000000| PB 0x0000000087000000| Untracked 
|  59|0x0000000087100000, 0x0000000087200000, 0x0000000087200000|100%| O|  |TAMS 0x0000000087100000| PB 0x0000000087100000| Untracked 
|  60|0x0000000087200000, 0x0000000087300000, 0x0000000087300000|100%| O|  |TAMS 0x0000000087200000| PB 0x0000000087200000| Untracked 
|  61|0x0000000087300000, 0x00000000873e1248, 0x0000000087400000| 87%| O|  |TAMS 0x0000000087300000| PB 0x0000000087300000| Untracked 
|  62|0x0000000087400000, 0x0000000087400000, 0x0000000087500000|  0%| F|  |TAMS 0x0000000087400000| PB 0x0000000087400000| Untracked 
|  63|0x0000000087500000, 0x0000000087500000, 0x0000000087600000|  0%| F|  |TAMS 0x0000000087500000| PB 0x0000000087500000| Untracked 
|  64|0x0000000087600000, 0x0000000087600000, 0x0000000087700000|  0%| F|  |TAMS 0x0000000087600000| PB 0x0000000087600000| Untracked 
|  65|0x0000000087700000, 0x0000000087700000, 0x0000000087800000|  0%| F|  |TAMS 0x0000000087700000| PB 0x0000000087700000| Untracked 
|  66|0x0000000087800000, 0x0000000087800000, 0x0000000087900000|  0%| F|  |TAMS 0x0000000087800000| PB 0x0000000087800000| Untracked 
|  67|0x0000000087900000, 0x0000000087a00000, 0x0000000087a00000|100%| O|  |TAMS 0x0000000087900000| PB 0x0000000087900000| Untracked 
|  68|0x0000000087a00000, 0x0000000087b00000, 0x0000000087b00000|100%| O|  |TAMS 0x0000000087a00000| PB 0x0000000087a00000| Untracked 
|  69|0x0000000087b00000, 0x0000000087c00000, 0x0000000087c00000|100%| O|  |TAMS 0x0000000087b00000| PB 0x0000000087b00000| Untracked 
|  70|0x0000000087c00000, 0x0000000087c00000, 0x0000000087d00000|  0%| F|  |TAMS 0x0000000087c00000| PB 0x0000000087c00000| Untracked 
|  71|0x0000000087d00000, 0x0000000087d00000, 0x0000000087e00000|  0%| F|  |TAMS 0x0000000087d00000| PB 0x0000000087d00000| Untracked 
|  72|0x0000000087e00000, 0x0000000087e00000, 0x0000000087f00000|  0%| F|  |TAMS 0x0000000087e00000| PB 0x0000000087e00000| Untracked 
|  73|0x0000000087f00000, 0x0000000087f00000, 0x0000000088000000|  0%| F|  |TAMS 0x0000000087f00000| PB 0x0000000087f00000| Untracked 
|  74|0x0000000088000000, 0x0000000088000000, 0x0000000088100000|  0%| F|  |TAMS 0x0000000088000000| PB 0x0000000088000000| Untracked 
|  75|0x0000000088100000, 0x000000008816ede8, 0x0000000088200000| 43%| S|CS|TAMS 0x0000000088100000| PB 0x0000000088100000| Complete 
|  76|0x0000000088200000, 0x0000000088300000, 0x0000000088300000|100%| S|CS|TAMS 0x0000000088200000| PB 0x0000000088200000| Complete 
|  77|0x0000000088300000, 0x0000000088400000, 0x0000000088400000|100%| S|CS|TAMS 0x0000000088300000| PB 0x0000000088300000| Complete 
|  78|0x0000000088400000, 0x0000000088500000, 0x0000000088500000|100%| S|CS|TAMS 0x0000000088400000| PB 0x0000000088400000| Complete 
|  79|0x0000000088500000, 0x0000000088600000, 0x0000000088600000|100%| S|CS|TAMS 0x0000000088500000| PB 0x0000000088500000| Complete 
|  80|0x0000000088600000, 0x0000000088700000, 0x0000000088700000|100%| S|CS|TAMS 0x0000000088600000| PB 0x0000000088600000| Complete 
|  81|0x0000000088700000, 0x0000000088700000, 0x0000000088800000|  0%| F|  |TAMS 0x0000000088700000| PB 0x0000000088700000| Untracked 
|  82|0x0000000088800000, 0x0000000088800000, 0x0000000088900000|  0%| F|  |TAMS 0x0000000088800000| PB 0x0000000088800000| Untracked 
|  83|0x0000000088900000, 0x0000000088900000, 0x0000000088a00000|  0%| F|  |TAMS 0x0000000088900000| PB 0x0000000088900000| Untracked 
|  84|0x0000000088a00000, 0x0000000088a00000, 0x0000000088b00000|  0%| F|  |TAMS 0x0000000088a00000| PB 0x0000000088a00000| Untracked 
|  85|0x0000000088b00000, 0x0000000088b00000, 0x0000000088c00000|  0%| F|  |TAMS 0x0000000088b00000| PB 0x0000000088b00000| Untracked 
|  86|0x0000000088c00000, 0x0000000088c00000, 0x0000000088d00000|  0%| F|  |TAMS 0x0000000088c00000| PB 0x0000000088c00000| Untracked 
|  87|0x0000000088d00000, 0x0000000088d00000, 0x0000000088e00000|  0%| F|  |TAMS 0x0000000088d00000| PB 0x0000000088d00000| Untracked 
|  88|0x0000000088e00000, 0x0000000088e00000, 0x0000000088f00000|  0%| F|  |TAMS 0x0000000088e00000| PB 0x0000000088e00000| Untracked 
|  89|0x0000000088f00000, 0x0000000088f00000, 0x0000000089000000|  0%| F|  |TAMS 0x0000000088f00000| PB 0x0000000088f00000| Untracked 
|  90|0x0000000089000000, 0x0000000089000000, 0x0000000089100000|  0%| F|  |TAMS 0x0000000089000000| PB 0x0000000089000000| Untracked 
|  91|0x0000000089100000, 0x0000000089100000, 0x0000000089200000|  0%| F|  |TAMS 0x0000000089100000| PB 0x0000000089100000| Untracked 
|  92|0x0000000089200000, 0x0000000089200000, 0x0000000089300000|  0%| F|  |TAMS 0x0000000089200000| PB 0x0000000089200000| Untracked 
|  93|0x0000000089300000, 0x0000000089300000, 0x0000000089400000|  0%| F|  |TAMS 0x0000000089300000| PB 0x0000000089300000| Untracked 
|  94|0x0000000089400000, 0x0000000089400000, 0x0000000089500000|  0%| F|  |TAMS 0x0000000089400000| PB 0x0000000089400000| Untracked 
|  95|0x0000000089500000, 0x0000000089500000, 0x0000000089600000|  0%| F|  |TAMS 0x0000000089500000| PB 0x0000000089500000| Untracked 
|  96|0x0000000089600000, 0x0000000089600000, 0x0000000089700000|  0%| F|  |TAMS 0x0000000089600000| PB 0x0000000089600000| Untracked 
|  97|0x0000000089700000, 0x0000000089700000, 0x0000000089800000|  0%| F|  |TAMS 0x0000000089700000| PB 0x0000000089700000| Untracked 
|  98|0x0000000089800000, 0x0000000089800000, 0x0000000089900000|  0%| F|  |TAMS 0x0000000089800000| PB 0x0000000089800000| Untracked 
|  99|0x0000000089900000, 0x0000000089900000, 0x0000000089a00000|  0%| F|  |TAMS 0x0000000089900000| PB 0x0000000089900000| Untracked 
| 100|0x0000000089a00000, 0x0000000089a00000, 0x0000000089b00000|  0%| F|  |TAMS 0x0000000089a00000| PB 0x0000000089a00000| Untracked 
| 101|0x0000000089b00000, 0x0000000089b00000, 0x0000000089c00000|  0%| F|  |TAMS 0x0000000089b00000| PB 0x0000000089b00000| Untracked 
| 102|0x0000000089c00000, 0x0000000089c00000, 0x0000000089d00000|  0%| F|  |TAMS 0x0000000089c00000| PB 0x0000000089c00000| Untracked 
| 103|0x0000000089d00000, 0x0000000089d00000, 0x0000000089e00000|  0%| F|  |TAMS 0x0000000089d00000| PB 0x0000000089d00000| Untracked 
| 104|0x0000000089e00000, 0x0000000089e00000, 0x0000000089f00000|  0%| F|  |TAMS 0x0000000089e00000| PB 0x0000000089e00000| Untracked 
| 105|0x0000000089f00000, 0x0000000089f00000, 0x000000008a000000|  0%| F|  |TAMS 0x0000000089f00000| PB 0x0000000089f00000| Untracked 
| 106|0x000000008a000000, 0x000000008a000000, 0x000000008a100000|  0%| F|  |TAMS 0x000000008a000000| PB 0x000000008a000000| Untracked 
| 107|0x000000008a100000, 0x000000008a100000, 0x000000008a200000|  0%| F|  |TAMS 0x000000008a100000| PB 0x000000008a100000| Untracked 
| 108|0x000000008a200000, 0x000000008a200000, 0x000000008a300000|  0%| F|  |TAMS 0x000000008a200000| PB 0x000000008a200000| Untracked 
| 109|0x000000008a300000, 0x000000008a300000, 0x000000008a400000|  0%| F|  |TAMS 0x000000008a300000| PB 0x000000008a300000| Untracked 
| 110|0x000000008a400000, 0x000000008a400000, 0x000000008a500000|  0%| F|  |TAMS 0x000000008a400000| PB 0x000000008a400000| Untracked 
| 111|0x000000008a500000, 0x000000008a500000, 0x000000008a600000|  0%| F|  |TAMS 0x000000008a500000| PB 0x000000008a500000| Untracked 
| 112|0x000000008a600000, 0x000000008a600000, 0x000000008a700000|  0%| F|  |TAMS 0x000000008a600000| PB 0x000000008a600000| Untracked 
| 113|0x000000008a700000, 0x000000008a700000, 0x000000008a800000|  0%| F|  |TAMS 0x000000008a700000| PB 0x000000008a700000| Untracked 
| 114|0x000000008a800000, 0x000000008a800000, 0x000000008a900000|  0%| F|  |TAMS 0x000000008a800000| PB 0x000000008a800000| Untracked 
| 115|0x000000008a900000, 0x000000008a900000, 0x000000008aa00000|  0%| F|  |TAMS 0x000000008a900000| PB 0x000000008a900000| Untracked 
| 116|0x000000008aa00000, 0x000000008aa00000, 0x000000008ab00000|  0%| F|  |TAMS 0x000000008aa00000| PB 0x000000008aa00000| Untracked 
| 117|0x000000008ab00000, 0x000000008ab00000, 0x000000008ac00000|  0%| F|  |TAMS 0x000000008ab00000| PB 0x000000008ab00000| Untracked 
| 118|0x000000008ac00000, 0x000000008ac00000, 0x000000008ad00000|  0%| F|  |TAMS 0x000000008ac00000| PB 0x000000008ac00000| Untracked 
| 119|0x000000008ad00000, 0x000000008ad00000, 0x000000008ae00000|  0%| F|  |TAMS 0x000000008ad00000| PB 0x000000008ad00000| Untracked 
| 120|0x000000008ae00000, 0x000000008ae00000, 0x000000008af00000|  0%| F|  |TAMS 0x000000008ae00000| PB 0x000000008ae00000| Untracked 
| 121|0x000000008af00000, 0x000000008af00000, 0x000000008b000000|  0%| F|  |TAMS 0x000000008af00000| PB 0x000000008af00000| Untracked 
| 122|0x000000008b000000, 0x000000008b000000, 0x000000008b100000|  0%| F|  |TAMS 0x000000008b000000| PB 0x000000008b000000| Untracked 
| 123|0x000000008b100000, 0x000000008b100000, 0x000000008b200000|  0%| F|  |TAMS 0x000000008b100000| PB 0x000000008b100000| Untracked 
| 124|0x000000008b200000, 0x000000008b200000, 0x000000008b300000|  0%| F|  |TAMS 0x000000008b200000| PB 0x000000008b200000| Untracked 
| 125|0x000000008b300000, 0x000000008b300000, 0x000000008b400000|  0%| F|  |TAMS 0x000000008b300000| PB 0x000000008b300000| Untracked 
| 126|0x000000008b400000, 0x000000008b400000, 0x000000008b500000|  0%| F|  |TAMS 0x000000008b400000| PB 0x000000008b400000| Untracked 
| 127|0x000000008b500000, 0x000000008b500000, 0x000000008b600000|  0%| F|  |TAMS 0x000000008b500000| PB 0x000000008b500000| Untracked 
| 128|0x000000008b600000, 0x000000008b600000, 0x000000008b700000|  0%| F|  |TAMS 0x000000008b600000| PB 0x000000008b600000| Untracked 
| 129|0x000000008b700000, 0x000000008b700000, 0x000000008b800000|  0%| F|  |TAMS 0x000000008b700000| PB 0x000000008b700000| Untracked 
| 130|0x000000008b800000, 0x000000008b800000, 0x000000008b900000|  0%| F|  |TAMS 0x000000008b800000| PB 0x000000008b800000| Untracked 
| 131|0x000000008b900000, 0x000000008b940bd0, 0x000000008ba00000| 25%| E|  |TAMS 0x000000008b900000| PB 0x000000008b900000| Complete 
| 132|0x000000008ba00000, 0x000000008bb00000, 0x000000008bb00000|100%| E|CS|TAMS 0x000000008ba00000| PB 0x000000008ba00000| Complete 
| 133|0x000000008bb00000, 0x000000008bc00000, 0x000000008bc00000|100%| E|CS|TAMS 0x000000008bb00000| PB 0x000000008bb00000| Complete 
| 134|0x000000008bc00000, 0x000000008bd00000, 0x000000008bd00000|100%| E|CS|TAMS 0x000000008bc00000| PB 0x000000008bc00000| Complete 
| 135|0x000000008bd00000, 0x000000008be00000, 0x000000008be00000|100%| E|CS|TAMS 0x000000008bd00000| PB 0x000000008bd00000| Complete 
| 136|0x000000008be00000, 0x000000008bf00000, 0x000000008bf00000|100%| E|CS|TAMS 0x000000008be00000| PB 0x000000008be00000| Complete 
| 137|0x000000008bf00000, 0x000000008c000000, 0x000000008c000000|100%| E|CS|TAMS 0x000000008bf00000| PB 0x000000008bf00000| Complete 
| 138|0x000000008c000000, 0x000000008c100000, 0x000000008c100000|100%| E|CS|TAMS 0x000000008c000000| PB 0x000000008c000000| Complete 
| 139|0x000000008c100000, 0x000000008c200000, 0x000000008c200000|100%| E|CS|TAMS 0x000000008c100000| PB 0x000000008c100000| Complete 

Card table byte_map: [0x000002309f810000,0x000002309fc00000] _byte_map_base: 0x000002309f3f5000

Marking Bits: (CMBitMap*) 0x00000230877729b0
 Bits: [0x000002309fc00000, 0x00000230a1b28000)

Polling page: 0x0000023086ed0000

Metaspace:

Usage:
  Non-class:     88.35 MB used.
      Class:     13.75 MB used.
       Both:    102.10 MB used.

Virtual space:
  Non-class space:      128.00 MB reserved,      88.94 MB ( 69%) committed,  2 nodes.
      Class space:        1.00 GB reserved,      14.31 MB (  1%) committed,  1 nodes.
             Both:        1.12 GB reserved,     103.25 MB (  9%) committed. 

Chunk freelists:
   Non-Class:  6.45 MB
       Class:  1.55 MB
        Both:  8.01 MB

MaxMetaspaceSize: unlimited
CompressedClassSpaceSize: 1.00 GB
Initial GC threshold: 21.00 MB
Current GC threshold: 156.06 MB
CDS: on
 - commit_granule_bytes: 65536.
 - commit_granule_words: 8192.
 - virtual_space_node_default_size: 8388608.
 - enlarge_chunks_in_place: 1.
 - use_allocation_guard: 0.


Internal statistics:

num_allocs_failed_limit: 11.
num_arena_births: 1778.
num_arena_deaths: 0.
num_vsnodes_births: 3.
num_vsnodes_deaths: 0.
num_space_committed: 1652.
num_space_uncommitted: 0.
num_chunks_returned_to_freelist: 11.
num_chunks_taken_from_freelist: 5522.
num_chunk_merges: 8.
num_chunk_splits: 3991.
num_chunks_enlarged: 3108.
num_inconsistent_stats: 0.

CodeHeap 'non-profiled nmethods': size=119168Kb used=6626Kb max_used=6626Kb free=112541Kb
 bounds [0x0000023097730000, 0x0000023097db0000, 0x000002309eb90000]
CodeHeap 'profiled nmethods': size=119104Kb used=19037Kb max_used=19037Kb free=100066Kb
 bounds [0x000002308fb90000, 0x0000023090e30000, 0x0000023096fe0000]
CodeHeap 'non-nmethods': size=7488Kb used=1803Kb max_used=3511Kb free=5684Kb
 bounds [0x0000023096fe0000, 0x0000023097360000, 0x0000023097730000]
 total_blobs=10127 nmethods=9322 adapters=708
 compilation: enabled
              stopped_count=0, restarted_count=0
 full_count=0

Compilation events (20 events):
Event: 1527.779 Thread 0x00000230ea2997d0 nmethod 10957 0x0000023090e24910 code [0x0000023090e24ac0, 0x0000023090e24d98]
Event: 1533.029 Thread 0x00000230a4b95fa0 10958   !   4       java.util.concurrent.locks.LockSupport::parkNanos (56 bytes)
Event: 1533.049 Thread 0x00000230a4b95fa0 nmethod 10958 0x0000023097da5490 code [0x0000023097da5640, 0x0000023097da58f0]
Event: 1558.728 Thread 0x00000230a4b952a0 10959       3       com.ecwid.consul.v1.Response::<init> (18 bytes)
Event: 1558.730 Thread 0x00000230a4b952a0 nmethod 10959 0x0000023090e24e90 code [0x0000023090e25060, 0x0000023090e253e8]
Event: 1561.810 Thread 0x00000230a4b952a0 10960       3       com.google.gson.reflect.TypeToken::<init> (35 bytes)
Event: 1561.813 Thread 0x00000230a4b952a0 nmethod 10960 0x0000023090e25510 code [0x0000023090e256e0, 0x0000023090e25a50]
Event: 1614.193 Thread 0x00000230a4b95fa0 10961       4       org.apache.http.message.BufferedHeader::<init> (115 bytes)
Event: 1614.287 Thread 0x00000230a4b95fa0 nmethod 10961 0x0000023097da5a10 code [0x0000023097da5c20, 0x0000023097da6aa8]
Event: 1648.300 Thread 0x00000230a4b95fa0 10962   !   4       java.util.concurrent.ConcurrentHashMap::replaceNode (437 bytes)
Event: 1648.496 Thread 0x00000230a4b95fa0 nmethod 10962 0x0000023097da7210 code [0x0000023097da7400, 0x0000023097da7f80]
Event: 1649.542 Thread 0x00000230a4b95fa0 10963       4       org.springframework.beans.factory.support.DefaultSingletonBeanRegistry::getSingleton (7 bytes)
Event: 1649.613 Thread 0x00000230a4b95fa0 nmethod 10963 0x0000023097da8490 code [0x0000023097da8620, 0x0000023097da86d8]
Event: 1650.650 Thread 0x00000230a4b952a0 10964       3       java.util.concurrent.ThreadPoolExecutor::runStateAtLeast (11 bytes)
Event: 1650.652 Thread 0x00000230a4b952a0 nmethod 10964 0x0000023090e25b90 code [0x0000023090e25d20, 0x0000023090e25e68]
Event: 1651.141 Thread 0x00000230a4b952a0 10965       3       java.lang.invoke.MethodHandles::dropArgumentsTrusted (111 bytes)
Event: 1651.542 Thread 0x00000230a4b952a0 nmethod 10965 0x0000023090e25f10 code [0x0000023090e261a0, 0x0000023090e26bd0]
Event: 1652.032 Thread 0x00000230a4b952a0 10967       3       java.lang.invoke.MethodHandles::foldArgumentsWithCombiner (9 bytes)
Event: 1652.032 Thread 0x00000230a4b952a0 nmethod 10967 0x0000023090e27110 code [0x0000023090e272c0, 0x0000023090e273f8]
Event: 1652.408 Thread 0x00000230a4b95fa0 10968       4       org.springframework.core.ResolvableType::isAssignableFrom (503 bytes)

GC Heap History (20 events):
Event: 6.377 GC heap before
{Heap before GC invocations=16 (full 0):
 garbage-first heap   total 118784K, used 105059K [0x0000000083600000, 0x0000000100000000)
  region size 1024K, 62 young (63488K), 4 survivors (4096K)
 Metaspace       used 80336K, committed 81024K, reserved 1179648K
  class space    used 10642K, committed 10944K, reserved 1048576K
}
Event: 6.381 GC heap after
{Heap after GC invocations=17 (full 0):
 garbage-first heap   total 118784K, used 48186K [0x0000000083600000, 0x0000000100000000)
  region size 1024K, 7 young (7168K), 7 survivors (7168K)
 Metaspace       used 80336K, committed 81024K, reserved 1179648K
  class space    used 10642K, committed 10944K, reserved 1048576K
}
Event: 6.668 GC heap before
{Heap before GC invocations=17 (full 0):
 garbage-first heap   total 118784K, used 103482K [0x0000000083600000, 0x0000000100000000)
  region size 1024K, 61 young (62464K), 7 survivors (7168K)
 Metaspace       used 82018K, committed 82688K, reserved 1179648K
  class space    used 10856K, committed 11136K, reserved 1048576K
}
Event: 6.675 GC heap after
{Heap after GC invocations=18 (full 0):
 garbage-first heap   total 118784K, used 51373K [0x0000000083600000, 0x0000000100000000)
  region size 1024K, 7 young (7168K), 7 survivors (7168K)
 Metaspace       used 82018K, committed 82688K, reserved 1179648K
  class space    used 10856K, committed 11136K, reserved 1048576K
}
Event: 7.026 GC heap before
{Heap before GC invocations=18 (full 0):
 garbage-first heap   total 118784K, used 103597K [0x0000000083600000, 0x0000000100000000)
  region size 1024K, 58 young (59392K), 7 survivors (7168K)
 Metaspace       used 83933K, committed 84672K, reserved 1179648K
  class space    used 11145K, committed 11456K, reserved 1048576K
}
Event: 7.032 GC heap after
{Heap after GC invocations=19 (full 0):
 garbage-first heap   total 118784K, used 54863K [0x0000000083600000, 0x0000000100000000)
  region size 1024K, 7 young (7168K), 7 survivors (7168K)
 Metaspace       used 83933K, committed 84672K, reserved 1179648K
  class space    used 11145K, committed 11456K, reserved 1048576K
}
Event: 7.369 GC heap before
{Heap before GC invocations=20 (full 0):
 garbage-first heap   total 118784K, used 102991K [0x0000000083600000, 0x0000000100000000)
  region size 1024K, 54 young (55296K), 7 survivors (7168K)
 Metaspace       used 85574K, committed 86336K, reserved 1179648K
  class space    used 11422K, committed 11776K, reserved 1048576K
}
Event: 7.374 GC heap after
{Heap after GC invocations=21 (full 0):
 garbage-first heap   total 118784K, used 57301K [0x0000000083600000, 0x0000000100000000)
  region size 1024K, 6 young (6144K), 6 survivors (6144K)
 Metaspace       used 85574K, committed 86336K, reserved 1179648K
  class space    used 11422K, committed 11776K, reserved 1048576K
}
Event: 7.623 GC heap before
{Heap before GC invocations=21 (full 0):
 garbage-first heap   total 118784K, used 105429K [0x0000000083600000, 0x0000000100000000)
  region size 1024K, 53 young (54272K), 6 survivors (6144K)
 Metaspace       used 87171K, committed 87936K, reserved 1179648K
  class space    used 11678K, committed 12032K, reserved 1048576K
}
Event: 7.630 GC heap after
{Heap after GC invocations=22 (full 0):
 garbage-first heap   total 118784K, used 58712K [0x0000000083600000, 0x0000000100000000)
  region size 1024K, 6 young (6144K), 6 survivors (6144K)
 Metaspace       used 87171K, committed 87936K, reserved 1179648K
  class space    used 11678K, committed 12032K, reserved 1048576K
}
Event: 7.866 GC heap before
{Heap before GC invocations=22 (full 0):
 garbage-first heap   total 118784K, used 103768K [0x0000000083600000, 0x0000000100000000)
  region size 1024K, 50 young (51200K), 6 survivors (6144K)
 Metaspace       used 88067K, committed 88960K, reserved 1179648K
  class space    used 11827K, committed 12288K, reserved 1048576K
}
Event: 7.871 GC heap after
{Heap after GC invocations=23 (full 0):
 garbage-first heap   total 143360K, used 61006K [0x0000000083600000, 0x0000000100000000)
  region size 1024K, 5 young (5120K), 5 survivors (5120K)
 Metaspace       used 88067K, committed 88960K, reserved 1179648K
  class space    used 11827K, committed 12288K, reserved 1048576K
}
Event: 8.304 GC heap before
{Heap before GC invocations=24 (full 0):
 garbage-first heap   total 143360K, used 130638K [0x0000000083600000, 0x0000000100000000)
  region size 1024K, 73 young (74752K), 5 survivors (5120K)
 Metaspace       used 90667K, committed 91584K, reserved 1179648K
  class space    used 12249K, committed 12672K, reserved 1048576K
}
Event: 8.310 GC heap after
{Heap after GC invocations=25 (full 0):
 garbage-first heap   total 143360K, used 64225K [0x0000000083600000, 0x0000000100000000)
  region size 1024K, 9 young (9216K), 9 survivors (9216K)
 Metaspace       used 90667K, committed 91584K, reserved 1179648K
  class space    used 12249K, committed 12672K, reserved 1048576K
}
Event: 8.606 GC heap before
{Heap before GC invocations=25 (full 0):
 garbage-first heap   total 143360K, used 125665K [0x0000000083600000, 0x0000000100000000)
  region size 1024K, 69 young (70656K), 9 survivors (9216K)
 Metaspace       used 92636K, committed 93632K, reserved 1179648K
  class space    used 12553K, committed 12992K, reserved 1048576K
}
Event: 8.614 GC heap after
{Heap after GC invocations=26 (full 0):
 garbage-first heap   total 143360K, used 66562K [0x0000000083600000, 0x0000000100000000)
  region size 1024K, 7 young (7168K), 7 survivors (7168K)
 Metaspace       used 92636K, committed 93632K, reserved 1179648K
  class space    used 12553K, committed 12992K, reserved 1048576K
}
Event: 8.988 GC heap before
{Heap before GC invocations=26 (full 0):
 garbage-first heap   total 143360K, used 128002K [0x0000000083600000, 0x0000000100000000)
  region size 1024K, 67 young (68608K), 7 survivors (7168K)
 Metaspace       used 94670K, committed 95680K, reserved 1179648K
  class space    used 12853K, committed 13312K, reserved 1048576K
}
Event: 8.994 GC heap after
{Heap after GC invocations=27 (full 0):
 garbage-first heap   total 143360K, used 69297K [0x0000000083600000, 0x0000000100000000)
  region size 1024K, 6 young (6144K), 6 survivors (6144K)
 Metaspace       used 94670K, committed 95680K, reserved 1179648K
  class space    used 12853K, committed 13312K, reserved 1048576K
}
Event: 982.521 GC heap before
{Heap before GC invocations=28 (full 0):
 garbage-first heap   total 143360K, used 128689K [0x0000000083600000, 0x0000000100000000)
  region size 1024K, 65 young (66560K), 6 survivors (6144K)
 Metaspace       used 104326K, committed 105472K, reserved 1179648K
  class space    used 14069K, committed 14592K, reserved 1048576K
}
Event: 982.722 GC heap after
{Heap after GC invocations=29 (full 0):
 garbage-first heap   total 143360K, used 72000K [0x0000000083600000, 0x0000000100000000)
  region size 1024K, 6 young (6144K), 6 survivors (6144K)
 Metaspace       used 104326K, committed 105472K, reserved 1179648K
  class space    used 14069K, committed 14592K, reserved 1048576K
}

Dll operation events (11 events):
Event: 0.008 Loaded shared library C:\Program Files\Java\jdk-21\bin\java.dll
Event: 0.037 Loaded shared library C:\Program Files\Java\jdk-21\bin\jsvml.dll
Event: 0.136 Loaded shared library C:\Program Files\Java\jdk-21\bin\net.dll
Event: 0.138 Loaded shared library C:\Program Files\Java\jdk-21\bin\nio.dll
Event: 0.143 Loaded shared library C:\Program Files\Java\jdk-21\bin\zip.dll
Event: 0.309 Loaded shared library C:\Program Files\Java\jdk-21\bin\jimage.dll
Event: 1.099 Loaded shared library C:\Program Files\Java\jdk-21\bin\extnet.dll
Event: 1.633 Loaded shared library C:\Program Files\Java\jdk-21\bin\sunmscapi.dll
Event: 4.039 Loaded shared library C:\Program Files\Java\jdk-21\bin\management.dll
Event: 4.044 Loaded shared library C:\Program Files\Java\jdk-21\bin\management_ext.dll
Event: 4.652 Loaded shared library C:\Program Files\Java\jdk-21\bin\verify.dll

Deoptimization events (20 events):
Event: 1350.678 Thread 0x00000230efe50420 Uncommon trap: trap_request=0xffffffd6 fr.pc=0x0000023097d9e620 relative=0x00000000000014e0
Event: 1350.679 Thread 0x00000230efe50420 Uncommon trap: reason=array_check action=maybe_recompile pc=0x0000023097d9e620 method=com.google.gson.internal.$Gson$Types$ParameterizedTypeImpl.<init>(Ljava/lang/reflect/Type;Ljava/lang/reflect/Type;[Ljava/lang/reflect/Type;)V @ 154 c2
Event: 1350.679 Thread 0x00000230efe50420 DEOPT PACKING pc=0x0000023097d9e620 sp=0x000000c1321fed60
Event: 1350.681 Thread 0x00000230efe50420 DEOPT UNPACKING pc=0x00000230970346a2 sp=0x000000c1321fecd0 mode 2
Event: 1350.682 Thread 0x00000230efe50420 Uncommon trap: trap_request=0xffffffd6 fr.pc=0x0000023097d9e620 relative=0x00000000000014e0
Event: 1350.682 Thread 0x00000230efe50420 Uncommon trap: reason=array_check action=maybe_recompile pc=0x0000023097d9e620 method=com.google.gson.internal.$Gson$Types$ParameterizedTypeImpl.<init>(Ljava/lang/reflect/Type;Ljava/lang/reflect/Type;[Ljava/lang/reflect/Type;)V @ 154 c2
Event: 1350.682 Thread 0x00000230efe50420 DEOPT PACKING pc=0x0000023097d9e620 sp=0x000000c1321fec50
Event: 1350.682 Thread 0x00000230efe50420 DEOPT UNPACKING pc=0x00000230970346a2 sp=0x000000c1321febc8 mode 2
Event: 1350.682 Thread 0x00000230efe50420 Uncommon trap: trap_request=0xffffffd6 fr.pc=0x0000023097d9e620 relative=0x00000000000014e0
Event: 1350.682 Thread 0x00000230efe50420 Uncommon trap: reason=array_check action=maybe_recompile pc=0x0000023097d9e620 method=com.google.gson.internal.$Gson$Types$ParameterizedTypeImpl.<init>(Ljava/lang/reflect/Type;Ljava/lang/reflect/Type;[Ljava/lang/reflect/Type;)V @ 154 c2
Event: 1350.682 Thread 0x00000230efe50420 DEOPT PACKING pc=0x0000023097d9e620 sp=0x000000c1321fee80
Event: 1350.683 Thread 0x00000230efe50420 DEOPT UNPACKING pc=0x00000230970346a2 sp=0x000000c1321fedf0 mode 2
Event: 1350.683 Thread 0x00000230efe50420 Uncommon trap: trap_request=0xffffffd6 fr.pc=0x0000023097d9e620 relative=0x00000000000014e0
Event: 1350.683 Thread 0x00000230efe50420 Uncommon trap: reason=array_check action=maybe_recompile pc=0x0000023097d9e620 method=com.google.gson.internal.$Gson$Types$ParameterizedTypeImpl.<init>(Ljava/lang/reflect/Type;Ljava/lang/reflect/Type;[Ljava/lang/reflect/Type;)V @ 154 c2
Event: 1350.683 Thread 0x00000230efe50420 DEOPT PACKING pc=0x0000023097d9e620 sp=0x000000c1321fed70
Event: 1350.683 Thread 0x00000230efe50420 DEOPT UNPACKING pc=0x00000230970346a2 sp=0x000000c1321fece8 mode 2
Event: 1650.389 Thread 0x00000230f1058ee0 Uncommon trap: trap_request=0xffffff45 fr.pc=0x0000023097d84bec relative=0x000000000000004c
Event: 1650.390 Thread 0x00000230f1058ee0 Uncommon trap: reason=unstable_if action=reinterpret pc=0x0000023097d84bec method=java.util.concurrent.ThreadPoolExecutor.runStateAtLeast(II)Z @ 2 c2
Event: 1650.390 Thread 0x00000230f1058ee0 DEOPT PACKING pc=0x0000023097d84bec sp=0x000000c12f2fee00
Event: 1650.404 Thread 0x00000230f1058ee0 DEOPT UNPACKING pc=0x00000230970346a2 sp=0x000000c12f2fed98 mode 2

Classes loaded (20 events):
Event: 13.723 Loading class sun/security/rsa/RSAPrivateCrtKeyImpl
Event: 13.724 Loading class java/security/interfaces/RSAPrivateCrtKey
Event: 13.724 Loading class java/security/interfaces/RSAPrivateCrtKey done
Event: 13.724 Loading class sun/security/rsa/RSAPrivateCrtKeyImpl done
Event: 13.724 Loading class sun/security/rsa/RSAPadding
Event: 13.724 Loading class sun/security/rsa/RSAPadding done
Event: 13.726 Loading class java/time/Instant$1
Event: 13.727 Loading class java/time/Instant$1 done
Event: 13.727 Loading class java/util/ArrayDeque$DescendingIterator
Event: 13.728 Loading class java/util/ArrayDeque$DescendingIterator done
Event: 13.864 Loading class javax/xml/datatype/XMLGregorianCalendar
Event: 13.865 Loading class javax/xml/datatype/XMLGregorianCalendar done
Event: 13.924 Loading class org/w3c/dom/Node
Event: 13.925 Loading class org/w3c/dom/Node done
Event: 13.925 Loading class org/w3c/dom/Document
Event: 13.925 Loading class org/w3c/dom/Document done
Event: 1646.246 Loading class sun/net/ConnectionResetException
Event: 1646.293 Loading class sun/net/ConnectionResetException done
Event: 1650.811 Loading class java/util/concurrent/ConcurrentHashMap$ValueSpliterator
Event: 1650.936 Loading class java/util/concurrent/ConcurrentHashMap$ValueSpliterator done

Classes unloaded (0 events):
No events

Classes redefined (0 events):
No events

Internal exceptions (20 events):
Event: 9.012 Thread 0x000002308771c680 Exception <a 'java/lang/NoSuchMethodError'{0x000000008b67e900}: 'void java.lang.invoke.DirectMethodHandle$Holder.invokeVirtual(java.lang.Object, java.lang.Object, double)'> (0x000000008b67e900) 
thrown [s\open\src\hotspot\share\interpreter\linkResolver.cpp, line 773]
Event: 9.013 Thread 0x000002308771c680 Exception <a 'java/lang/NoSuchMethodError'{0x000000008b688df0}: 'double java.lang.invoke.DelegatingMethodHandle$Holder.reinvoke_L(java.lang.Object, java.lang.Object, int)'> (0x000000008b688df0) 
thrown [s\open\src\hotspot\share\interpreter\linkResolver.cpp, line 773]
Event: 9.100 Thread 0x000002308771c680 Exception <a 'java/lang/NoSuchMethodError'{0x000000008b2e8850}: 'java.lang.Object java.lang.invoke.DelegatingMethodHandle$Holder.reinvoke_L(java.lang.Object, java.lang.Object, java.lang.Object, java.lang.Object, int, int, int, java.lang.Object)'> (0x000000008b2e8850) 
thrown [s\open\src\hotspot\share\interpreter\linkResolver.cpp, line 773]
Event: 9.104 Thread 0x000002308771c680 Exception <a 'java/lang/NoSuchMethodError'{0x000000008b115c08}: 'java.lang.Object java.lang.invoke.DirectMethodHandle$Holder.invokeInterface(java.lang.Object, java.lang.Object, java.lang.Object, int, int, int, java.lang.Object)'> (0x000000008b115c08) 
thrown [s\open\src\hotspot\share\interpreter\linkResolver.cpp, line 773]
Event: 9.104 Thread 0x000002308771c680 Exception <a 'java/lang/NoSuchMethodError'{0x000000008b119cd0}: 'java.lang.Object java.lang.invoke.DirectMethodHandle$Holder.invokeSpecial(java.lang.Object, java.lang.Object, java.lang.Object, java.lang.Object, int, int, int, java.lang.Object)'> (0x000000008b119cd0) 
thrown [s\open\src\hotspot\share\interpreter\linkResolver.cpp, line 773]
Event: 9.104 Thread 0x000002308771c680 Exception <a 'java/lang/NoSuchMethodError'{0x000000008b11d698}: 'java.lang.Object java.lang.invoke.DelegatingMethodHandle$Holder.reinvoke_L(java.lang.Object, java.lang.Object, java.lang.Object, int, int, int, java.lang.Object)'> (0x000000008b11d698) 
thrown [s\open\src\hotspot\share\interpreter\linkResolver.cpp, line 773]
Event: 9.113 Thread 0x000002308771c680 Exception <a 'java/lang/NoSuchMethodError'{0x000000008b14ccc0}: 'java.lang.Object java.lang.invoke.DirectMethodHandle$Holder.invokeInterface(java.lang.Object, java.lang.Object, java.lang.Object, java.lang.Object, java.lang.Object, java.lang.Object)'> (0x000000008b14ccc0) 
thrown [s\open\src\hotspot\share\interpreter\linkResolver.cpp, line 773]
Event: 9.146 Thread 0x00000230f0c647b0 Exception <a 'java/lang/NoSuchMethodError'{0x000000008b0c38c0}: 'void java.lang.invoke.DirectMethodHandle$Holder.invokeInterface(java.lang.Object, java.lang.Object, int, int)'> (0x000000008b0c38c0) 
thrown [s\open\src\hotspot\share\interpreter\linkResolver.cpp, line 773]
Event: 9.146 Thread 0x00000230f0c647b0 Exception <a 'java/lang/NoSuchMethodError'{0x000000008b0ca638}: 'void java.lang.invoke.DelegatingMethodHandle$Holder.reinvoke_L(java.lang.Object, java.lang.Object, int, int)'> (0x000000008b0ca638) 
thrown [s\open\src\hotspot\share\interpreter\linkResolver.cpp, line 773]
Event: 9.148 Thread 0x00000230f0c647b0 Exception <a 'java/lang/NoSuchMethodError'{0x000000008b0ec6f0}: 'java.lang.Object java.lang.invoke.DelegatingMethodHandle$Holder.reinvoke_L(java.lang.Object, java.lang.Object, java.lang.Object, int, java.lang.Object, int, int, java.lang.Object, java.lang.Object)'> (0x000000008b0ec6f0) 
thrown [s\open\src\hotspot\share\interpreter\linkResolver.cpp, line 773]
Event: 9.203 Thread 0x000002308771c680 Exception <a 'java/lang/IncompatibleClassChangeError'{0x000000008ab08818}: Found class java.lang.Object, but interface was expected> (0x000000008ab08818) 
thrown [s\open\src\hotspot\share\interpreter\linkResolver.cpp, line 840]
Event: 9.235 Thread 0x000002308771c680 Implicit null exception at 0x000002309793de77 to 0x000002309793e790
Event: 13.524 Thread 0x00000230efe50ab0 Exception <a 'java/lang/NoSuchMethodError'{0x000000008a5b9470}: 'java.lang.Object java.lang.invoke.DirectMethodHandle$Holder.invokeSpecial(java.lang.Object, java.lang.Object, java.lang.Object, java.lang.Object, java.lang.Object, long)'> (0x000000008a5b9470) 
thrown [s\open\src\hotspot\share\interpreter\linkResolver.cpp, line 773]
Event: 13.524 Thread 0x00000230efe50ab0 Exception <a 'java/lang/NoSuchMethodError'{0x000000008a5bcbf8}: 'java.lang.Object java.lang.invoke.Invokers$Holder.linkToTargetMethod(java.lang.Object, java.lang.Object, java.lang.Object, long, java.lang.Object)'> (0x000000008a5bcbf8) 
thrown [s\open\src\hotspot\share\interpreter\linkResolver.cpp, line 773]
Event: 13.675 Thread 0x00000230efe50ab0 Implicit null exception at 0x000002309799a644 to 0x000002309799abb8
Event: 13.857 Thread 0x00000230efe50ab0 Exception <a 'java/lang/NoSuchMethodError'{0x0000000089664e78}: 'java.lang.Object java.lang.invoke.DirectMethodHandle$Holder.newInvokeSpecial(java.lang.Object, java.lang.Object, java.lang.Object, long)'> (0x0000000089664e78) 
thrown [s\open\src\hotspot\share\interpreter\linkResolver.cpp, line 773]
Event: 13.857 Thread 0x00000230efe50ab0 Exception <a 'java/lang/NoSuchMethodError'{0x00000000896699b0}: 'java.lang.Object java.lang.invoke.DirectMethodHandle$Holder.invokeSpecial(java.lang.Object, java.lang.Object, java.lang.Object, java.lang.Object, long)'> (0x00000000896699b0) 
thrown [s\open\src\hotspot\share\interpreter\linkResolver.cpp, line 773]
Event: 13.857 Thread 0x00000230efe50ab0 Exception <a 'java/lang/NoSuchMethodError'{0x000000008966de48}: 'java.lang.Object java.lang.invoke.Invokers$Holder.linkToTargetMethod(java.lang.Object, java.lang.Object, long, java.lang.Object)'> (0x000000008966de48) 
thrown [s\open\src\hotspot\share\interpreter\linkResolver.cpp, line 773]
Event: 1646.306 Thread 0x00000230f0c60610 Exception <a 'sun/net/ConnectionResetException'{0x000000008c1afec8}: Connection reset> (0x000000008c1afec8) 
thrown [s\open\src\hotspot\share\prims\jni.cpp, line 539]
Event: 1651.922 Thread 0x00000230f0c647b0 Exception <a 'java/lang/NoSuchMethodError'{0x000000008b920bc0}: 'java.lang.Object java.lang.invoke.Invokers$Holder.linkToTargetMethod(java.lang.Object, java.lang.Object, java.lang.Object, java.lang.Object, int, java.lang.Object)'> (0x000000008b920bc0) 
thrown [s\open\src\hotspot\share\interpreter\linkResolver.cpp, line 773]

ZGC Phase Switch (0 events):
No events

VM Operations (20 events):
Event: 1233.401 Executing VM operation: Cleanup
Event: 1233.401 Executing VM operation: Cleanup done
Event: 1295.865 Executing VM operation: Cleanup
Event: 1295.866 Executing VM operation: Cleanup done
Event: 1462.996 Executing VM operation: Cleanup
Event: 1462.999 Executing VM operation: Cleanup done
Event: 1531.439 Executing VM operation: Cleanup
Event: 1531.440 Executing VM operation: Cleanup done
Event: 1532.447 Executing VM operation: Cleanup
Event: 1532.447 Executing VM operation: Cleanup done
Event: 1647.287 Executing VM operation: Cleanup
Event: 1647.335 Executing VM operation: Cleanup done
Event: 1649.349 Executing VM operation: Cleanup
Event: 1649.388 Executing VM operation: Cleanup done
Event: 1650.395 Executing VM operation: Cleanup
Event: 1650.647 Executing VM operation: Cleanup done
Event: 1651.650 Executing VM operation: Cleanup
Event: 1651.665 Executing VM operation: Cleanup done
Event: 1652.673 Executing VM operation: Cleanup
Event: 1652.689 Executing VM operation: Cleanup done

Events (20 events):
Event: 554.791 Thread 0x00000230ea2b0d60 Thread exited: 0x00000230ea2b0d60
Event: 559.513 Thread 0x00000230ea0b6b80 Thread exited: 0x00000230ea0b6b80
Event: 564.520 Thread 0x00000230ea2997d0 Thread exited: 0x00000230ea2997d0
Event: 1135.531 Thread 0x00000230ea2997d0 Thread added: 0x00000230ea2997d0
Event: 1135.531 Thread 0x00000230ea0b6b80 Thread added: 0x00000230ea0b6b80
Event: 1143.638 Thread 0x00000230ea0b6b80 Thread exited: 0x00000230ea0b6b80
Event: 1150.268 Thread 0x00000230ea2997d0 Thread exited: 0x00000230ea2997d0
Event: 1525.812 Thread 0x00000230ea2997d0 Thread added: 0x00000230ea2997d0
Event: 1527.736 Thread 0x00000230ea0b6b80 Thread added: 0x00000230ea0b6b80
Event: 1532.777 Thread 0x00000230ea0b6b80 Thread exited: 0x00000230ea0b6b80
Event: 1533.029 Thread 0x00000230ea2997d0 Thread exited: 0x00000230ea2997d0
Event: 1647.057 Thread 0x00000230f0c64120 Thread exited: 0x00000230f0c64120
Event: 1647.954 Thread 0x00000230f1058ee0 Thread added: 0x00000230f1058ee0
Event: 1650.326 Thread 0x00000230f1056e10 Thread added: 0x00000230f1056e10
Event: 1650.388 Thread 0x00000230f1056e10 Thread exited: 0x00000230f1056e10
Event: 1650.648 Thread 0x00000230f1058ee0 Thread exited: 0x00000230f1058ee0
Event: 1650.667 Thread 0x00000230f0c654d0 Thread exited: 0x00000230f0c654d0
Event: 1650.795 Thread 0x00000230f0c60610 Thread exited: 0x00000230f0c60610
Event: 1652.454 Thread 0x00000230f10581c0 Thread added: 0x00000230f10581c0
Event: 1652.455 Thread 0x00000230f0c647b0 Thread exited: 0x00000230f0c647b0


Dynamic libraries:
0x00007ff6d4da0000 - 0x00007ff6d4db0000 	C:\Program Files\Java\jdk-21\bin\javaw.exe
0x00007ffcfa040000 - 0x00007ffcfa249000 	C:\windows\SYSTEM32\ntdll.dll
0x00007ffcf86c0000 - 0x00007ffcf877d000 	C:\windows\System32\KERNEL32.DLL
0x00007ffcf7790000 - 0x00007ffcf7b14000 	C:\windows\System32\KERNELBASE.dll
0x00007ffcf74d0000 - 0x00007ffcf75e1000 	C:\windows\System32\ucrtbase.dll
0x00007ffcd9fe0000 - 0x00007ffcd9ff9000 	C:\Program Files\Java\jdk-21\bin\jli.dll
0x00007ffcf8410000 - 0x00007ffcf84be000 	C:\windows\System32\ADVAPI32.dll
0x00007ffcf7e90000 - 0x00007ffcf7f33000 	C:\windows\System32\msvcrt.dll
0x00007ffceae80000 - 0x00007ffceae9b000 	C:\Program Files\Java\jdk-21\bin\VCRUNTIME140.dll
0x00007ffcf9f60000 - 0x00007ffcf9ffe000 	C:\windows\System32\sechost.dll
0x00007ffcf8790000 - 0x00007ffcf88b1000 	C:\windows\System32\RPCRT4.dll
0x00007ffcf8140000 - 0x00007ffcf82ed000 	C:\windows\System32\USER32.dll
0x00007ffcf7dc0000 - 0x00007ffcf7de6000 	C:\windows\System32\win32u.dll
0x00007ffcf8690000 - 0x00007ffcf86ba000 	C:\windows\System32\GDI32.dll
0x00007ffcf7670000 - 0x00007ffcf778e000 	C:\windows\System32\gdi32full.dll
0x00007ffcf7df0000 - 0x00007ffcf7e8d000 	C:\windows\System32\msvcp_win.dll
0x00007ffcd70f0000 - 0x00007ffcd7395000 	C:\windows\WinSxS\amd64_microsoft.windows.common-controls_6595b64144ccf1df_6.0.22000.120_none_9d947278b86cc467\COMCTL32.dll
0x00007ffcf2fb0000 - 0x00007ffcf2fba000 	C:\windows\SYSTEM32\VERSION.dll
0x00007ffcf8930000 - 0x00007ffcf8961000 	C:\windows\System32\IMM32.DLL
0x00007ffcd9fd0000 - 0x00007ffcd9fdc000 	C:\Program Files\Java\jdk-21\bin\vcruntime140_1.dll
0x00007ffc8a200000 - 0x00007ffc8a28e000 	C:\Program Files\Java\jdk-21\bin\msvcp140.dll
0x00007ffc81980000 - 0x00007ffc8269a000 	C:\Program Files\Java\jdk-21\bin\server\jvm.dll
0x00007ffcf9ef0000 - 0x00007ffcf9f5f000 	C:\windows\System32\WS2_32.dll
0x00007ffcf6f90000 - 0x00007ffcf6fdd000 	C:\windows\SYSTEM32\POWRPROF.dll
0x00007ffceaef0000 - 0x00007ffceaf23000 	C:\windows\SYSTEM32\WINMM.dll
0x00007ffcf6f70000 - 0x00007ffcf6f83000 	C:\windows\SYSTEM32\UMPDC.dll
0x00007ffcf6350000 - 0x00007ffcf6368000 	C:\windows\SYSTEM32\kernel.appcore.dll
0x00007ffcd9fc0000 - 0x00007ffcd9fca000 	C:\Program Files\Java\jdk-21\bin\jimage.dll
0x00007ffcf1690000 - 0x00007ffcf18b1000 	C:\windows\SYSTEM32\DBGHELP.DLL
0x00007ffcf1650000 - 0x00007ffcf1681000 	C:\windows\SYSTEM32\dbgcore.DLL
0x00007ffcf75f0000 - 0x00007ffcf766f000 	C:\windows\System32\bcryptPrimitives.dll
0x00007ffcd9fa0000 - 0x00007ffcd9fbf000 	C:\Program Files\Java\jdk-21\bin\java.dll
0x00007ffcf8a70000 - 0x00007ffcf9235000 	C:\windows\System32\SHELL32.dll
0x00007ffcf53b0000 - 0x00007ffcf5c12000 	C:\windows\SYSTEM32\windows.storage.dll
0x00007ffcf9330000 - 0x00007ffcf96a6000 	C:\windows\System32\combase.dll
0x00007ffcf5240000 - 0x00007ffcf53a7000 	C:\windows\SYSTEM32\wintypes.dll
0x00007ffcf9240000 - 0x00007ffcf932a000 	C:\windows\System32\SHCORE.dll
0x00007ffcf9710000 - 0x00007ffcf976d000 	C:\windows\System32\shlwapi.dll
0x00007ffcf7400000 - 0x00007ffcf7425000 	C:\windows\SYSTEM32\profapi.dll
0x00007ffc868a0000 - 0x00007ffc86977000 	C:\Program Files\Java\jdk-21\bin\jsvml.dll
0x00007ffcd9f90000 - 0x00007ffcd9fa0000 	C:\Program Files\Java\jdk-21\bin\net.dll
0x00007ffcf2d90000 - 0x00007ffcf2ea4000 	C:\windows\SYSTEM32\WINHTTP.dll
0x00007ffcf67f0000 - 0x00007ffcf6857000 	C:\windows\system32\mswsock.dll
0x00007ffcd9f70000 - 0x00007ffcd9f86000 	C:\Program Files\Java\jdk-21\bin\nio.dll
0x00007ffcad340000 - 0x00007ffcad358000 	C:\Program Files\Java\jdk-21\bin\zip.dll
0x00007ffcf5e70000 - 0x00007ffcf5e9d000 	C:\windows\SYSTEM32\IPHLPAPI.DLL
0x00007ffcf8780000 - 0x00007ffcf8789000 	C:\windows\System32\NSI.dll
0x00007ffcf5ea0000 - 0x00007ffcf5f87000 	C:\windows\SYSTEM32\DNSAPI.dll
0x00007ffcf1e00000 - 0x00007ffcf1e0a000 	C:\Windows\System32\rasadhlp.dll
0x00007ffcf2220000 - 0x00007ffcf22a1000 	C:\windows\System32\fwpuclnt.dll
0x00007ffcf6ac0000 - 0x00007ffcf6ad8000 	C:\windows\SYSTEM32\CRYPTSP.dll
0x00007ffcf62b0000 - 0x00007ffcf62e5000 	C:\windows\system32\rsaenh.dll
0x00007ffcf6890000 - 0x00007ffcf68bc000 	C:\windows\SYSTEM32\USERENV.dll
0x00007ffcf6c70000 - 0x00007ffcf6c97000 	C:\windows\SYSTEM32\bcrypt.dll
0x00007ffcf69e0000 - 0x00007ffcf69ec000 	C:\windows\SYSTEM32\CRYPTBASE.dll
0x00007ffcc0490000 - 0x00007ffcc0499000 	C:\Program Files\Java\jdk-21\bin\extnet.dll
0x00007ffccbf20000 - 0x00007ffccbf2e000 	C:\Program Files\Java\jdk-21\bin\sunmscapi.dll
0x00007ffcf7b90000 - 0x00007ffcf7cf2000 	C:\windows\System32\CRYPT32.dll
0x00007ffcf6c40000 - 0x00007ffcf6c68000 	C:\windows\SYSTEM32\ncrypt.dll
0x00007ffcf6c00000 - 0x00007ffcf6c37000 	C:\windows\SYSTEM32\NTASN1.dll
0x00007ffcf43a0000 - 0x00007ffcf43aa000 	C:\Program Files\Java\jdk-21\bin\management.dll
0x00007ffcf4360000 - 0x00007ffcf436b000 	C:\Program Files\Java\jdk-21\bin\management_ext.dll
0x00007ffcf8680000 - 0x00007ffcf8688000 	C:\windows\System32\PSAPI.DLL
0x00007ffccc2b0000 - 0x00007ffccc2c0000 	C:\Program Files\Java\jdk-21\bin\verify.dll
0x00007ffccc370000 - 0x00007ffccc378000 	C:\windows\system32\wshunix.dll

dbghelp: loaded successfully - version: 4.0.5 - missing functions: none
symbol engine: initialized successfully - sym options: 0x614 - pdb path: .;C:\Program Files\Java\jdk-21\bin;C:\windows\SYSTEM32;C:\windows\WinSxS\amd64_microsoft.windows.common-controls_6595b64144ccf1df_6.0.22000.120_none_9d947278b86cc467;C:\Program Files\Java\jdk-21\bin\server

VM Arguments:
jvm_args: -Dfile.encoding=UTF-8 -Dstdout.encoding=UTF-8 -Dstderr.encoding=UTF-8 -XX:+ShowCodeDetailsInExceptionMessages 
java_command: com.hamch.customerservice.CustomerServiceApplication
java_class_path (initial): B:\Java091024\MyEcomGitHub\myEcomm091024\customer-service\target\classes;C:\Users\Abdella Hamch\.m2\repository\net\bytebuddy\byte-buddy\1.14.10\byte-buddy-1.14.10.jar;C:\Users\Abdella Hamch\.m2\repository\org\modelmapper\modelmapper\3.2.0\modelmapper-3.2.0.jar;C:\Users\Abdella Hamch\.m2\repository\org\springframework\boot\spring-boot-autoconfigure\3.2.1\spring-boot-autoconfigure-3.2.1.jar;C:\Users\Abdella Hamch\.m2\repository\org\springframework\boot\spring-boot\3.2.1\spring-boot-3.2.1.jar;C:\Users\Abdella Hamch\.m2\repository\org\jetbrains\annotations\17.0.0\annotations-17.0.0.jar;C:\Users\Abdella Hamch\.m2\repository\org\springframework\boot\spring-boot-starter-validation\3.2.1\spring-boot-starter-validation-3.2.1.jar;C:\Users\Abdella Hamch\.m2\repository\org\springframework\boot\spring-boot-starter\3.2.1\spring-boot-starter-3.2.1.jar;C:\Users\Abdella Hamch\.m2\repository\org\springframework\boot\spring-boot-starter-logging\3.2.1\spring-boot-starter-logging-3.2.1.jar;C:\Users\Abdella Hamch\.m2\repository\ch\qos\logback\logback-classic\1.4.14\logback-classic-1.4.14.jar;C:\Users\Abdella Hamch\.m2\repository\ch\qos\logback\logback-core\1.4.14\logback-core-1.4.14.jar;C:\Users\Abdella Hamch\.m2\repository\org\apache\logging\log4j\log4j-to-slf4j\2.21.1\log4j-to-slf4j-2.21.1.jar;C:\Users\Abdella Hamch\.m2\repository\org\apache\logging\log4j\log4j-api\2.21.1\log4j-api-2.21.1.jar;C:\Users\Abdella Hamch\.m2\repository\org\slf4j\jul-to-slf4j\2.0.9\jul-to-slf4j-2.0.9.jar;C:\Users\Abdella Hamch\.m2\repository\jakarta\annotation\jakarta.annotation-api\2.1.1\jakarta.annotation-api-2.1.1.jar;C:\Users\Abdella Hamch\.m2\repository\org\yaml\snakeyaml\2.2\snakeyaml-2.2.jar;C:\Users\Abdella Hamch\.m2\repository\org\apache\tomcat\embed\tomcat-embed-el\10.1.17\tomcat-embed-el-10.1.17.jar;C:\Users\Abdella Hamch\.m2\repository\org\hibernate\validator\hibernate-validator\8.0.1.Final\hibernate-validator-8.0.1.Final.jar;C:\Users\Abdella Hamch\.m2\repository\jakarta\validation\jakarta.validation-api\3.0.2\jakarta.validation-api-3.0.2.jar;C:\Users\Abdella Hamch\.m2\repository\org\jboss\logging\jboss-logging\3.5.3.Final\jboss-logging-3.5.3.Final.jar;C:\Users\Abdella Hamch\.m2\repository\com\fasterxml\classmate\1.6.0\classmate-1.6.0.jar;C:\Users\Abdella Hamch\.m2\repository\org\springframework\boot\spring-boot-starter-jdbc\3.2.1\spring-boot-starter-jdbc-3.2.1.jar;C:\Users\Abdella Hamch\.m2\repository\com\zaxxer\HikariCP\5.0.1\HikariCP-5.0.1.jar;C:\Users\Abdella Hamch\.m2\repository\org\springframework\spring-jdbc\6.1.2\spring-jdbc-6.1.2.jar;C:\Users\Abdella Hamch\.m2\repository\org\springframework\spring-beans\6.1.2\spring-beans-6.1.2.jar;C:\Users\Abdella Hamch\.m2\repository\org\postgresql\postgresql\42.6.0\postgresql-42.6.0.jar;C:\Users\Abdella Hamch\.m2\repository\org\checkerframework\checker-qual\3.31.0\checker-qual-3.31.0.jar;C:\Users\Abdella Hamch\.m2\repository\org\springdoc\springdoc-openapi-starter-webmvc-ui\2.3.0\springdoc-openapi-starter-webmvc-ui-2.3.0.jar;C:\Users\Abdella Hamch\.m2\repository\org\springdoc\springdoc-openapi-starter-webmvc-api\2.3.0\springdoc-openapi-starter-webmvc-api-2.3.0.jar;C:\Users\Abdella Hamch\.m2\repository\org\springdoc\springdoc-openapi-starter-common\2.3.0\springdoc-openapi-starter-common-2.3.0.jar;C:\Users\Abdella Hamch\.m2\repository\io\swagger\core\v3\swagger-core-jakarta\2.2.19\swagger-core-jakarta-2.2.19.jar;C:\Users\Abdella Hamch\.m2\repository\org\apache\commons\commons-lang3\3.13.0\commons-lang3-3.13.0.jar;C:\Users\Abdella Hamch\.m2\repository\io\swagger\core\v3\swagger-annotations-jakarta\2.2.19\swagger-annotations-jakarta-2.2.19.jar;C:\Users\Abdella Hamch\.m2\repository\io\swagger\core\v3\swagger-models-jakarta\2.2.19\swagger-models-jakarta-2.2.19.jar;C:\Users\Abdella Hamch\.m2\repository\com\fasterxml\jackson\dataformat\jackson-dataformat-yaml\2.15.3\jackson-dataformat-yaml-2.15.3.jar;C:\Users\Abdella Hamch\.m2\repository\org\webjars\swagger-ui\5.10.3\swagger-ui-5.10.3.jar;C:\Users\Abdella Hamch\.m2\repository\org\springframework\boot\spring-boot-starter-data-jpa\3.2.1\spring-boot-starter-data-jpa-3.2.1.jar;C:\Users\Abdella Hamch\.m2\repository\org\springframework\boot\spring-boot-starter-aop\3.2.1\spring-boot-starter-aop-3.2.1.jar;C:\Users\Abdella Hamch\.m2\repository\org\aspectj\aspectjweaver\1.9.21\aspectjweaver-1.9.21.jar;C:\Users\Abdella Hamch\.m2\repository\org\hibernate\orm\hibernate-core\6.4.1.Final\hibernate-core-6.4.1.Final.jar;C:\Users\Abdella Hamch\.m2\repository\jakarta\persistence\jakarta.persistence-api\3.1.0\jakarta.persistence-api-3.1.0.jar;C:\Users\Abdella Hamch\.m2\repository\jakarta\transaction\jakarta.transaction-api\2.0.1\jakarta.transaction-api-2.0.1.jar;C:\Users\Abdella Hamch\.m2\repository\org\hibernate\common\hibernate-commons-annotations\6.0.6.Final\hibernate-commons-annotations-6.0.6.Final.jar;C:\Users\Abdella Hamch\.m2\repository\io\smallrye\jandex\3.1.2\jandex-3.1.2.jar;C:\Users\Abdella Hamch\.m2\repository\org\glassfish\jaxb\jaxb-runtime\4.0.4\jaxb-runtime-4.0.4.jar;C:\Users\Abdella Hamch\.m2\repository\org\glassfish\jaxb\jaxb-core\4.0.4\jaxb-core-4.0.4.jar;C:\Users\Abdella Hamch\.m2\repository\org\eclipse\angus\angus-activation\2.0.1\angus-activation-2.0.1.jar;C:\Users\Abdella Hamch\.m2\repository\org\glassfish\jaxb\txw2\4.0.4\txw2-4.0.4.jar;C:\Users\Abdella Hamch\.m2\repository\com\sun\istack\istack-commons-runtime\4.1.2\istack-commons-runtime-4.1.2.jar;C:\Users\Abdella Hamch\.m2\repository\jakarta\inject\jakarta.inject-api\2.0.1\jakarta.inject-api-2.0.1.jar;C:\Users\Abdella Hamch\.m2\repository\org\antlr\antlr4-runtime\4.13.0\antlr4-runtime-4.13.0.jar;C:\Users\Abdella Hamch\.m2\repository\org\springframework\data\spring-data-jpa\3.2.1\spring-data-jpa-3.2.1.jar;C:\Users\Abdella Hamch\.m2\repository\org\springframework\spring-orm\6.1.2\spring-orm-6.1.2.jar;C:\Users\Abdella Hamch\.m2\repository\org\springframework\spring-context\6.1.2\spring-context-6.1.2.jar;C:\Users\Abdella Hamch\.m2\repository\org\springframework\spring-aspects\6.1.2\spring-aspects-6.1.2.jar;C:\Users\Abdella Hamch\.m2\repository\org\springframework\security\spring-security-oauth2-resource-server\6.2.1\spring-security-oauth2-resource-server-6.2.1.jar;C:\Users\Abdella Hamch\.m2\repository\org\springframework\security\spring-security-core\6.2.1\spring-security-core-6.2.1.jar;C:\Users\Abdella Hamch\.m2\repository\org\springframework\security\spring-security-crypto\6.2.1\spring-security-crypto-6.2.1.jar;C:\Users\Abdella Hamch\.m2\repository\org\springframework\spring-expression\6.1.2\spring-expression-6.1.2.jar;C:\Users\Abdella Hamch\.m2\repository\org\springframework\security\spring-security-oauth2-core\6.2.1\spring-security-oauth2-core-6.2.1.jar;C:\Users\Abdella Hamch\.m2\repository\org\springframework\security\spring-security-web\6.2.1\spring-security-web-6.2.1.jar;C:\Users\Abdella Hamch\.m2\repository\org\springframework\spring-core\6.1.2\spring-core-6.1.2.jar;C:\Users\Abdella Hamch\.m2\repository\org\springframework\spring-jcl\6.1.2\spring-jcl-6.1.2.jar;C:\Users\Abdella Hamch\.m2\repository\org\springframework\security\spring-security-oauth2-jose\6.2.1\spring-security-oauth2-jose-6.2.1.jar;C:\Users\Abdella Hamch\.m2\repository\com\nimbusds\nimbus-jose-jwt\9.24.4\nimbus-jose-jwt-9.24.4.jar;C:\Users\Abdella Hamch\.m2\repository\com\github\stephenc\jcip\jcip-annotations\1.0-1\jcip-annotations-1.0-1.jar;C:\Users\Abdella Hamch\.m2\repository\org\springframework\boot\spring-boot-starter-security\3.2.1\spring-boot-starter-security-3.2.1.jar;C:\Users\Abdella Hamch\.m2\repository\org\springframework\spring-aop\6.1.2\spring-aop-6.1.2.jar;C:\Users\Abdella Hamch\.m2\repository\org\springframework\security\spring-security-config\6.2.1\spring-security-config-6.2.1.jar;C:\Users\Abdella Hamch\.m2\repository\org\keycloak\keycloak-spring-boot-starter\21.0.2\keycloak-spring-boot-starter-21.0.2.jar;C:\Users\Abdella Hamch\.m2\repository\org\keycloak\keycloak-spring-boot-2-adapter\21.0.2\keycloak-spring-boot-2-adapter-21.0.2.jar;C:\Users\Abdella Hamch\.m2\repository\org\keycloak\keycloak-spring-boot-adapter-core\21.0.2\keycloak-spring-boot-adapter-core-21.0.2.jar;C:\Users\Abdella Hamch\.m2\repository\org\keycloak\keycloak-core\21.0.2\keycloak-core-21.0.2.jar;C:\Users\Abdella Hamch\.m2\repository\org\keycloak\keycloak-common\21.0.2\keycloak-common-21.0.2.jar;C:\Users\Abdella Hamch\.m2\repository\com\sun\activation\jakarta.activation\1.2.2\jakarta.activation-1.2.2.jar;C:\Users\Abdella Hamch\.m2\repository\org\keycloak\keycloak-authz-client\21.0.2\keycloak-authz-client-21.0.2.jar;C:\Users\Abdella Hamch\.m2\repository\org\keycloak\spring-boot-container-bundle\21.0.2\spring-boot-container-bundle-21.0.2.jar;C:\Users\Abdella Hamch\.m2\repository\org\keycloak\keycloak-adapter-core\21.0.2\keycloak-adapter-core-21.0.2.jar;C:\Users\Abdella Hamch\.m2\repository\org\keycloak\keycloak-crypto-default\21.0.2\keycloak-crypto-default-21.0.2.jar;C:\Users\Abdella Hamch\.m2\repository\org\keycloak\keycloak-server-spi\21.0.2\keycloak-server-spi-21.0.2.jar;C:\Users\Abdella Hamch\.m2\repository\org\keycloak\keycloak-server-spi-private\21.0.2\keycloak-server-spi-private-21.0.2.jar;C:\Users\Abdella Hamch\.m2\repository\org\bouncycastle\bcpkix-jdk15on\1.70\bcpkix-jdk15on-1.70.jar;C:\Users\Abdella Hamch\.m2\repository\org\bouncycastle\bcutil-jdk15on\1.70\bcutil-jdk15on-1.70.jar;C:\Users\Abdella Hamch\.m2\repository\org\keycloak\keycloak-spring-security-adapter\21.0.2\keycloak-spring-security-adapter-21.0.2.jar;C:\Users\Abdella Hamch\.m2\repository\org\keycloak\keycloak-adapter-spi\21.0.2\keycloak-adapter-spi-21.0.2.jar;C:\Users\Abdella Hamch\.m2\repository\org\bouncycastle\bcprov-jdk15on\1.70\bcprov-jdk15on-1.70.jar;C:\Users\Abdella Hamch\.m2\repository\com\fasterxml\jackson\core\jackson-core\2.15.3\jackson-core-2.15.3.jar;C:\Users\Abdella Hamch\.m2\repository\com\fasterxml\jackson\core\jackson-databind\2.15.3\jackson-databind-2.15.3.jar;C:\Users\Abdella Hamch\.m2\repository\org\springframework\boot\spring-boot-starter-web\3.2.1\spring-boot-starter-web-3.2.1.jar;C:\Users\Abdella Hamch\.m2\repository\org\springframework\boot\spring-boot-starter-json\3.2.1\spring-boot-starter-json-3.2.1.jar;C:\Users\Abdella Hamch\.m2\repository\com\fasterxml\jackson\datatype\jackson-datatype-jsr310\2.15.3\jackson-datatype-jsr310-2.15.3.jar;C:\Users\Abdella Hamch\.m2\repository\com\fasterxml\jackson\module\jackson-module-parameter-names\2.15.3\jackson-module-parameter-names-2.15.3.jar;C:\Users\Abdella Hamch\.m2\repository\org\springframework\boot\spring-boot-starter-tomcat\3.2.1\spring-boot-starter-tomcat-3.2.1.jar;C:\Users\Abdella Hamch\.m2\repository\org\apache\tomcat\embed\tomcat-embed-core\10.1.17\tomcat-embed-core-10.1.17.jar;C:\Users\Abdella Hamch\.m2\repository\org\apache\tomcat\embed\tomcat-embed-websocket\10.1.17\tomcat-embed-websocket-10.1.17.jar;C:\Users\Abdella Hamch\.m2\repository\org\springframework\spring-web\6.1.2\spring-web-6.1.2.jar;C:\Users\Abdella Hamch\.m2\repository\org\springframework\spring-webmvc\6.1.2\spring-webmvc-6.1.2.jar;C:\Users\Abdella Hamch\.m2\repository\org\springframework\cloud\spring-cloud-stream-binder-rabbit\4.1.0\spring-cloud-stream-binder-rabbit-4.1.0.jar;C:\Users\Abdella Hamch\.m2\repository\org\springframework\cloud\spring-cloud-stream-binder-rabbit-core\4.1.0\spring-cloud-stream-binder-rabbit-core-4.1.0.jar;C:\Users\Abdella Hamch\.m2\repository\org\springframework\boot\spring-boot-starter-webflux\3.2.1\spring-boot-starter-webflux-3.2.1.jar;C:\Users\Abdella Hamch\.m2\repository\org\springframework\boot\spring-boot-starter-reactor-netty\3.2.1\spring-boot-starter-reactor-netty-3.2.1.jar;C:\Users\Abdella Hamch\.m2\repository\org\springframework\spring-webflux\6.1.2\spring-webflux-6.1.2.jar;C:\Users\Abdella Hamch\.m2\repository\io\projectreactor\netty\reactor-netty\1.1.14\reactor-netty-1.1.14.jar;C:\Users\Abdella Hamch\.m2\repository\io\projectreactor\netty\reactor-netty-core\1.1.14\reactor-netty-core-1.1.14.jar;C:\Users\Abdella Hamch\.m2\repository\io\netty\netty-handler\4.1.104.Final\netty-handler-4.1.104.Final.jar;C:\Users\Abdella Hamch\.m2\repository\io\netty\netty-common\4.1.104.Final\netty-common-4.1.104.Final.jar;C:\Users\Abdella Hamch\.m2\repository\io\netty\netty-resolver\4.1.104.Final\netty-resolver-4.1.104.Final.jar;C:\Users\Abdella Hamch\.m2\repository\io\netty\netty-buffer\4.1.104.Final\netty-buffer-4.1.104.Final.jar;C:\Users\Abdella Hamch\.m2\repository\io\netty\netty-transport\4.1.104.Final\netty-transport-4.1.104.Final.jar;C:\Users\Abdella Hamch\.m2\repository\io\netty\netty-transport-native-unix-common\4.1.104.Final\netty-transport-native-unix-common-4.1.104.Final.jar;C:\Users\Abdella Hamch\.m2\repository\io\netty\netty-codec\4.1.104.Final\netty-codec-4.1.104.Final.jar;C:\Users\Abdella Hamch\.m2\repository\io\netty\netty-handler-proxy\4.1.104.Final\netty-handler-proxy-4.1.104.Final.jar;C:\Users\Abdella Hamch\.m2\repository\io\netty\netty-codec-socks\4.1.104.Final\netty-codec-socks-4.1.104.Final.jar;C:\Users\Abdella Hamch\.m2\repository\io\netty\netty-resolver-dns\4.1.104.Final\netty-resolver-dns-4.1.104.Final.jar;C:\Users\Abdella Hamch\.m2\repository\io\netty\netty-codec-dns\4.1.104.Final\netty-codec-dns-4.1.104.Final.jar;C:\Users\Abdella Hamch\.m2\repository\io\netty\netty-resolver-dns-native-macos\4.1.104.Final\netty-resolver-dns-native-macos-4.1.104.Final-osx-x86_64.jar;C:\Users\Abdella Hamch\.m2\repository\io\netty\netty-resolver-dns-classes-macos\4.1.104.Final\netty-resolver-dns-classes-macos-4.1.104.Final.jar;C:\Users\Abdella Hamch\.m2\repository\io\netty\netty-transport-native-epoll\4.1.104.Final\netty-transport-native-epoll-4.1.104.Final-linux-x86_64.jar;C:\Users\Abdella Hamch\.m2\repository\io\netty\netty-transport-classes-epoll\4.1.104.Final\netty-transport-classes-epoll-4.1.104.Final.jar;C:\Users\Abdella Hamch\.m2\repository\io\projectreactor\netty\reactor-netty-http\1.1.14\reactor-netty-http-1.1.14.jar;C:\Users\Abdella Hamch\.m2\repository\io\netty\netty-codec-http\4.1.104.Final\netty-codec-http-4.1.104.Final.jar;C:\Users\Abdella Hamch\.m2\repository\io\netty\netty-codec-http2\4.1.104.Final\netty-codec-http2-4.1.104.Final.jar;C:\Users\Abdella Hamch\.m2\repository\io\projectreactor\netty\incubator\reactor-netty-incubator-quic\0.1.14\reactor-netty-incubator-quic-0.1.14.jar;C:\Users\Abdella Hamch\.m2\repository\io\netty\incubator\netty-incubator-codec-native-quic\0.0.54.Final\netty-incubator-codec-native-quic-0.0.54.Final-linux-x86_64.jar;C:\Users\Abdella Hamch\.m2\repository\io\netty\incubator\netty-incubator-codec-classes-quic\0.0.54.Final\netty-incubator-codec-classes-quic-0.0.54.Final.jar;C:\Users\Abdella Hamch\.m2\repository\org\springframework\cloud\spring-cloud-stream\4.1.0\spring-cloud-stream-4.1.0.jar;C:\Users\Abdella Hamch\.m2\repository\org\springframework\spring-messaging\6.1.2\spring-messaging-6.1.2.jar;C:\Users\Abdella Hamch\.m2\repository\org\springframework\retry\spring-retry\2.0.5\spring-retry-2.0.5.jar;C:\Users\Abdella Hamch\.m2\repository\org\springframework\cloud\spring-cloud-function-context\4.1.0\spring-cloud-function-context-4.1.0.jar;C:\Users\Abdella Hamch\.m2\repository\net\jodah\typetools\0.6.2\typetools-0.6.2.jar;C:\Users\Abdella Hamch\.m2\repository\org\springframework\cloud\spring-cloud-function-core\4.1.0\spring-cloud-function-core-4.1.0.jar;C:\Users\Abdella Hamch\.m2\repository\org\jetbrains\kotlin\kotlin-stdlib-jdk8\1.9.21\kotlin-stdlib-jdk8-1.9.21.jar;C:\Users\Abdella Hamch\.m2\repository\org\jetbrains\kotlin\kotlin-stdlib\1.9.21\kotlin-stdlib-1.9.21.jar;C:\Users\Abdella Hamch\.m2\repository\org\jetbrains\kotlin\kotlin-stdlib-jdk7\1.9.21\kotlin-stdlib-jdk7-1.9.21.jar;C:\Users\Abdella Hamch\.m2\repository\org\springframework\boot\spring-boot-starter-amqp\3.2.1\spring-boot-starter-amqp-3.2.1.jar;C:\Users\Abdella Hamch\.m2\repository\org\springframework\amqp\spring-rabbit\3.1.1\spring-rabbit-3.1.1.jar;C:\Users\Abdella Hamch\.m2\repository\org\springframework\amqp\spring-amqp\3.1.1\spring-amqp-3.1.1.jar;C:\Users\Abdella Hamch\.m2\repository\com\rabbitmq\amqp-client\5.19.0\amqp-client-5.19.0.jar;C:\Users\Abdella Hamch\.m2\repository\org\springframework\integration\spring-integration-amqp\6.2.1\spring-integration-amqp-6.2.1.jar;C:\Users\Abdella Hamch\.m2\repository\org\springframework\integration\spring-integration-core\6.2.1\spring-integration-core-6.2.1.jar;C:\Users\Abdella Hamch\.m2\repository\io\projectreactor\reactor-core\3.6.1\reactor-core-3.6.1.jar;C:\Users\Abdella Hamch\.m2\repository\org\reactivestreams\reactive-streams\1.0.4\reactive-streams-1.0.4.jar;C:\Users\Abdella Hamch\.m2\repository\org\springframework\integration\spring-integration-jmx\6.2.1\spring-integration-jmx-6.2.1.jar;C:\Users\Abdella Hamch\.m2\repository\org\apache\httpcomponents\httpclient\4.5.14\httpclient-4.5.14.jar;C:\Users\Abdella Hamch\.m2\repository\org\apache\httpcomponents\httpcore\4.4.16\httpcore-4.4.16.jar;C:\Users\Abdella Hamch\.m2\repository\commons-logging\commons-logging\1.2\commons-logging-1.2.jar;C:\Users\Abdella Hamch\.m2\repository\commons-codec\commons-codec\1.16.0\commons-codec-1.16.0.jar;C:\Users\Abdella Hamch\.m2\repository\org\springframework\cloud\spring-cloud-starter-bus-amqp\4.1.0\spring-cloud-starter-bus-amqp-4.1.0.jar;C:\Users\Abdella Hamch\.m2\repository\org\springframework\cloud\spring-cloud-starter-stream-rabbit\4.1.0\spring-cloud-starter-stream-rabbit-4.1.0.jar;C:\Users\Abdella Hamch\.m2\repository\org\springframework\cloud\spring-cloud-bus\4.1.0\spring-cloud-bus-4.1.0.jar;C:\Users\Abdella Hamch\.m2\repository\org\springframework\cloud\spring-cloud-starter-consul-discovery\4.1.0\spring-cloud-starter-consul-discovery-4.1.0.jar;C:\Users\Abdella Hamch\.m2\repository\org\springframework\cloud\spring-cloud-starter-consul\4.1.0\spring-cloud-starter-consul-4.1.0.jar;C:\Users\Abdella Hamch\.m2\repository\org\springframework\cloud\spring-cloud-consul-core\4.1.0\spring-cloud-consul-core-4.1.0.jar;C:\Users\Abdella Hamch\.m2\repository\com\ecwid\consul\consul-api\1.4.5\consul-api-1.4.5.jar;C:\Users\Abdella Hamch\.m2\repository\com\google\code\gson\gson\2.10.1\gson-2.10.1.jar;C:\Users\Abdella Hamch\.m2\repository\org\springframework\cloud\spring-cloud-consul-discovery\4.1.0\spring-cloud-consul-discovery-4.1.0.jar;C:\Users\Abdella Hamch\.m2\repository\org\springframework\cloud\spring-cloud-starter-loadbalancer\4.1.0\spring-cloud-starter-loadbalancer-4.1.0.jar;C:\Users\Abdella Hamch\.m2\repository\org\springframework\cloud\spring-cloud-loadbalancer\4.1.0\spring-cloud-loadbalancer-4.1.0.jar;C:\Users\Abdella Hamch\.m2\repository\io\projectreactor\addons\reactor-extra\3.5.1\reactor-extra-3.5.1.jar;C:\Users\Abdella Hamch\.m2\repository\org\springframework\boot\spring-boot-starter-cache\3.2.1\spring-boot-starter-cache-3.2.1.jar;C:\Users\Abdella Hamch\.m2\repository\org\springframework\spring-context-support\6.1.2\spring-context-support-6.1.2.jar;C:\Users\Abdella Hamch\.m2\repository\com\stoyanr\evictor\1.0.0\evictor-1.0.0.jar;C:\Users\Abdella Hamch\.m2\repository\org\springframework\cloud\spring-cloud-starter-consul-config\4.1.0\spring-cloud-starter-consul-config-4.1.0.jar;C:\Users\Abdella Hamch\.m2\repository\org\springframework\cloud\spring-cloud-consul-config\4.1.0\spring-cloud-consul-config-4.1.0.jar;C:\Users\Abdella Hamch\.m2\repository\org\springframework\cloud\spring-cloud-commons\4.1.0\spring-cloud-commons-4.1.0.jar;C:\Users\Abdella Hamch\.m2\repository\org\springframework\boot\spring-boot-starter-actuator\3.0.1\spring-boot-starter-actuator-3.0.1.jar;C:\Users\Abdella Hamch\.m2\repository\org\springframework\boot\spring-boot-actuator-autoconfigure\3.2.1\spring-boot-actuator-autoconfigure-3.2.1.jar;C:\Users\Abdella Hamch\.m2\repository\org\springframework\boot\spring-boot-actuator\3.2.1\spring-boot-actuator-3.2.1.jar;C:\Users\Abdella Hamch\.m2\repository\io\micrometer\micrometer-observation\1.12.1\micrometer-observation-1.12.1.jar;C:\Users\Abdella Hamch\.m2\repository\io\micrometer\micrometer-commons\1.12.1\micrometer-commons-1.12.1.jar;C:\Users\Abdella Hamch\.m2\repository\io\micrometer\micrometer-core\1.12.1\micrometer-core-1.12.1.jar;C:\Users\Abdella Hamch\.m2\repository\org\hdrhistogram\HdrHistogram\2.1.12\HdrHistogram-2.1.12.jar;C:\Users\Abdella Hamch\.m2\repository\org\latencyutils\LatencyUtils\2.0.3\LatencyUtils-2.0.3.jar;C:\Users\Abdella Hamch\.m2\repository\com\mysql\mysql-connector-j\8.1.0\mysql-connector-j-8.1.0.jar;C:\Users\Abdella Hamch\.m2\repository\org\projectlombok\lombok\1.18.30\lombok-1.18.30.jar;C:\Users\Abdella Hamch\.m2\repository\com\jayway\jsonpath\json-path\2.8.0\json-path-2.8.0.jar;C:\Users\Abdella Hamch\.m2\repository\jakarta\xml\bind\jakarta.xml.bind-api\4.0.1\jakarta.xml.bind-api-4.0.1.jar;C:\Users\Abdella Hamch\.m2\repository\jakarta\activation\jakarta.activation-api\2.1.2\jakarta.activation-api-2.1.2.jar;C:\Users\Abdella Hamch\.m2\repository\net\minidev\json-smart\2.5.0\json-smart-2.5.0.jar;C:\Users\Abdella Hamch\.m2\repository\net\minidev\accessors-smart\2.5.0\accessors-smart-2.5.0.jar;C:\Users\Abdella Hamch\.m2\repository\org\ow2\asm\asm\9.3\asm-9.3.jar;C:\Users\Abdella Hamch\.m2\repository\org\springframework\cloud\spring-cloud-starter-bootstrap\4.1.0\spring-cloud-starter-bootstrap-4.1.0.jar;C:\Users\Abdella Hamch\.m2\repository\org\springframework\cloud\spring-cloud-starter\4.1.0\spring-cloud-starter-4.1.0.jar;C:\Users\Abdella Hamch\.m2\repository\org\springframework\cloud\spring-cloud-context\4.1.0\spring-cloud-context-4.1.0.jar;C:\Users\Abdella Hamch\.m2\repository\org\springframework\security\spring-security-rsa\1.1.1\spring-security-rsa-1.1.1.jar;C:\Users\Abdella Hamch\.m2\repository\org\bouncycastle\bcprov-jdk18on\1.74\bcprov-jdk18on-1.74.jar;C:\Users\Abdella Hamch\.m2\repository\org\springframework\data\spring-data-rest-core\4.2.1\spring-data-rest-core-4.2.1.jar;C:\Users\Abdella Hamch\.m2\repository\org\springframework\spring-tx\6.1.2\spring-tx-6.1.2.jar;C:\Users\Abdella Hamch\.m2\repository\org\springframework\hateoas\spring-hateoas\2.2.0\spring-hateoas-2.2.0.jar;C:\Users\Abdella Hamch\.m2\repository\org\springframework\data\spring-data-commons\3.2.1\spring-data-commons-3.2.1.jar;C:\Users\Abdella Hamch\.m2\repository\org\springframework\plugin\spring-plugin-core\3.0.0\spring-plugin-core-3.0.0.jar;C:\Users\Abdella Hamch\.m2\repository\org\atteo\evo-inflector\1.3\evo-inflector-1.3.jar;C:\Users\Abdella Hamch\.m2\repository\com\fasterxml\jackson\core\jackson-annotations\2.15.3\jackson-annotations-2.15.3.jar;C:\Users\Abdella Hamch\.m2\repository\com\fasterxml\jackson\datatype\jackson-datatype-jdk8\2.15.3\jackson-datatype-jdk8-2.15.3.jar;C:\Users\Abdella Hamch\.m2\repository\org\slf4j\slf4j-api\2.0.9\slf4j-api-2.0.9.jar;C:\Users\Abdella Hamch\.m2\repository\org\springframework\boot\spring-boot-starter-data-rest\3.2.1\spring-boot-starter-data-rest-3.2.1.jar;C:\Users\Abdella Hamch\.m2\repository\org\springframework\data\spring-data-rest-webmvc\4.2.1\spring-data-rest-webmvc-4.2.1.jar
Launcher Type: SUN_STANDARD

[Global flags]
     intx CICompilerCount                          = 12                                        {product} {ergonomic}
     uint ConcGCThreads                            = 3                                         {product} {ergonomic}
     uint G1ConcRefinementThreads                  = 13                                        {product} {ergonomic}
   size_t G1HeapRegionSize                         = 1048576                                   {product} {ergonomic}
    uintx GCDrainStackTargetSize                   = 64                                        {product} {ergonomic}
   size_t InitialHeapSize                          = 132120576                                 {product} {ergonomic}
   size_t MarkStackSize                            = 4194304                                   {product} {ergonomic}
   size_t MaxHeapSize                              = 2090860544                                {product} {ergonomic}
   size_t MaxNewSize                               = 1254096896                                {product} {ergonomic}
   size_t MinHeapDeltaBytes                        = 1048576                                   {product} {ergonomic}
   size_t MinHeapSize                              = 8388608                                   {product} {ergonomic}
    uintx NonNMethodCodeHeapSize                   = 7602480                                {pd product} {ergonomic}
    uintx NonProfiledCodeHeapSize                  = 122027880                              {pd product} {ergonomic}
    uintx ProfiledCodeHeapSize                     = 122027880                              {pd product} {ergonomic}
    uintx ReservedCodeCacheSize                    = 251658240                              {pd product} {ergonomic}
     bool SegmentedCodeCache                       = true                                      {product} {ergonomic}
     bool ShowCodeDetailsInExceptionMessages       = true                                   {manageable} {command line}
   size_t SoftMaxHeapSize                          = 2090860544                             {manageable} {ergonomic}
     bool UseCompressedOops                        = true                           {product lp64_product} {ergonomic}
     bool UseG1GC                                  = true                                      {product} {ergonomic}
     bool UseLargePagesIndividualAllocation        = false                                  {pd product} {ergonomic}

Logging:
Log output configuration:
 #0: stdout all=warning uptime,level,tags foldmultilines=false
 #1: stderr all=off uptime,level,tags foldmultilines=false

Environment Variables:
JAVA_HOME=C:\Program Files\Java\jdk-21
PATH=C:/Users/Abdella Hamch/.p2/pool/plugins/org.eclipse.justj.openjdk.hotspot.jre.full.win32.x86_64_23.0.0.v20240919-1706/jre/bin/server;C:/Users/Abdella Hamch/.p2/pool/plugins/org.eclipse.justj.openjdk.hotspot.jre.full.win32.x86_64_23.0.0.v20240919-1706/jre/bin;C:\ProgramData\Oracle\Java\javapath;C:\Program Files\Common Files\Oracle\Java\javapath;C:\Python312\Scripts\;C:\Python312\;C:\Python311\Scripts\;C:\Python311\;C:\windows\system32;C:\windows;C:\windows\System32\Wbem;C:\windows\System32\WindowsPowerShell\v1.0\;C:\windows\System32\OpenSSH\;C:\Program Files (x86)\Microsoft SQL Server\160\DTS\Binn\;C:\ProgramData\chocolatey\bin;C:\Program Files\Java\jdk-17\bin;C:\Program Files\PuTTY\;C:\Program Files\Microsoft SQL Server\Client SDK\ODBC\170\Tools\Binn\;C:\Program Files (x86)\Microsoft SQL Server\150\Tools\Binn\;C:\Program Files\Microsoft SQL Server\150\Tools\Binn\;C:\Program Files\Microsoft SQL Server\150\DTS\Binn\;C:\Program Files (x86)\Microsoft SQL Server\160\Tools\Binn\;C:\Program Files\Microsoft SQL Server\160\Tools\Binn\;C:\Program Files\Microsoft SQL Server\160\DTS\Binn\;C:\Program Files\Microsoft SQL Server\130\DTS\Binn\;C:\Program Files\Microsoft SQL Server\140\DTS\Binn\;C:\Program Files\Git\cmd;C:\Program Files\nodejs\;C:\Program Files\Docker\Docker\resources\bin;C:\Users\Abdella Hamch\AppData\Local\Microsoft\WindowsApps;C:\Program Files\Azure Data Studio\bin;C:\Users\Abdella Hamch\AppData\Local\GitHubDesktop\bin;C:\Program Files\Java\jdk-21\bin;C:\Program Files\nodejs;C:\Users\Abdella Hamch\AppData\Roaming\npm\ng.ps1;C:\Users\Abdella Hamch\AppData\Local\JetBrains\Toolbox\scripts;C:\Program Files\Java\jdk-21;C:\Program Files\Erlang OTP\bin;C:\Program Files\RabbitMQ Server\rabbitmq_server-4.0.2\sbin;B:\Java091024\pgsql\bin;C:\Users\Abdella Hamch\AppData\Roaming\npm;C:\windows\system32;
USERNAME=A.HAMCH
OS=Windows_NT
PROCESSOR_IDENTIFIER=Intel64 Family 6 Model 165 Stepping 5, GenuineIntel
TMP=C:\Users\ABDELL~1\AppData\Local\Temp
TEMP=C:\Users\ABDELL~1\AppData\Local\Temp




Periodic native trim disabled

---------------  S Y S T E M  ---------------

OS:
 Windows 11 , 64 bit Build 22000 (10.0.22000.2538)
OS uptime: 1 days 1:40 hours
Hyper-V role detected

CPU: total 16 (initial active 16) (8 cores per cpu, 2 threads per core) family 6 model 165 stepping 5 microcode 0xfe, cx8, cmov, fxsr, ht, mmx, 3dnowpref, sse, sse2, sse3, ssse3, sse4.1, sse4.2, popcnt, lzcnt, tsc, tscinvbit, avx, avx2, aes, erms, clmul, bmi1, bmi2, adx, fma, vzeroupper, clflush, clflushopt, hv, rdtscp, f16c
Processor Information for all 16 processors :
  Max Mhz: 2904, Current Mhz: 2904, Mhz Limit: 2904

Memory: 4k page, system-wide physical 7968M (4M free)
TotalPageFile size 32544M (AvailPageFile size 1M)
current process WorkingSet (physical memory assigned to process): 58M, peak: 413M
current process commit charge ("private bytes"): 439M, peak: 464M

vm_info: Java HotSpot(TM) 64-Bit Server VM (21.0.6+8-LTS-188) for windows-amd64 JRE (21.0.6+8-LTS-188), built on 2024-12-03T10:50:54Z by "mach5one" with MS VC++ 17.6 (VS2022)

END.
