#
# There is insufficient memory for the Java Runtime Environment to continue.
# Native memory allocation (malloc) failed to allocate 773360 bytes for Chunk::new
# Possible reasons:
#   The system is out of physical RAM or swap space
#   The process is running with CompressedOops enabled, and the Java Heap may be blocking the growth of the native heap
# Possible solutions:
#   Reduce memory load on the system
#   Increase physical memory or swap space
#   Check if swap backing store is full
#   Decrease Java heap size (-Xmx/-Xms)
#   Decrease number of Java threads
#   Decrease Java thread stack sizes (-Xss)
#   Set larger code cache with -XX:ReservedCodeCacheSize=
#   JVM is running with Unscaled Compressed Oops mode in which the Java heap is
#     placed in the first 4GB address space. The Java Heap base address is the
#     maximum limit for the native heap growth. Please use -XX:HeapBaseMinAddress
#     to set the Java Heap base and to place the Java Heap above 4GB virtual address.
# This output file may be truncated or incomplete.
#
#  Out of Memory Error (arena.cpp:168), pid=8760, tid=13996
#
# JRE version: Java(TM) SE Runtime Environment (21.0.6+8) (build 21.0.6+8-LTS-188)
# Java VM: Java HotSpot(TM) 64-Bit Server VM (21.0.6+8-LTS-188, mixed mode, sharing, tiered, compressed oops, compressed class ptrs, g1 gc, windows-amd64)
# No core dump will be written. Minidumps are not enabled by default on client versions of Windows
#

---------------  S U M M A R Y ------------

Command Line: -Dfile.encoding=UTF-8 -Dstdout.encoding=UTF-8 -Dstderr.encoding=UTF-8 -XX:+ShowCodeDetailsInExceptionMessages com.hamch.customerservice.CustomerServiceApplication

Host: Intel(R) Core(TM) i7-10700 CPU @ 2.90GHz, 16 cores, 7G,  Windows 11 , 64 bit Build 22000 (10.0.22000.2538)
Time: Wed Jul 23 11:12:00 2025 Maroc (heure d64 bit Build 22000 (10.0.22000.2538) elapsed time: 1563.635023 seconds (0d 0h 26m 3s)

---------------  T H R E A D  ---------------

Current thread (0x0000013a233fc3f0):  JavaThread "C2 CompilerThread0" daemon [_thread_in_native, id=13996, stack(0x0000000a66400000,0x0000000a66500000) (1024K)]


Current CompileTask:
C2:1563635 11222       4       org.springframework.core.ResolvableType::isAssignableFrom (503 bytes)

Stack: [0x0000000a66400000,0x0000000a66500000]
Native frames: (J=compiled Java code, j=interpreted, Vv=VM code, C=native code)
V  [jvm.dll+0x6ca6d9]
V  [jvm.dll+0x854f51]
V  [jvm.dll+0x85747e]
V  [jvm.dll+0x857b53]
V  [jvm.dll+0x27dcc6]
V  [jvm.dll+0xc4c2d]
V  [jvm.dll+0xc5163]
V  [jvm.dll+0x3b515c]
V  [jvm.dll+0x1df633]
V  [jvm.dll+0x246a72]
V  [jvm.dll+0x245eff]
V  [jvm.dll+0x1c6d2e]
V  [jvm.dll+0x2554f9]
V  [jvm.dll+0x253a8a]
V  [jvm.dll+0x3ee576]
V  [jvm.dll+0x7ff2fb]
V  [jvm.dll+0x6c8dbd]
C  [ucrtbase.dll+0x26c0c]
C  [KERNEL32.DLL+0x153e0]
C  [ntdll.dll+0x485b]


---------------  P R O C E S S  ---------------

Threads class SMR info:
_java_thread_list=0x0000013a6bef57e0, length=31, elements={
0x0000013a233e7de0, 0x0000013a233e8bf0, 0x0000013a233f1730, 0x0000013a233f2180,
0x0000013a233f3480, 0x0000013a233f67c0, 0x0000013a233fc3f0, 0x0000013a23406ac0,
0x0000013a238228f0, 0x0000013a238249c0, 0x0000013a238256e0, 0x0000013a23825d70,
0x0000013a23822f80, 0x0000013a23823610, 0x0000013a23824330, 0x0000013a6fd49420,
0x0000013a6fd4c8a0, 0x0000013a6fd4a140, 0x0000013a6fd4a7d0, 0x0000013a6fd4dc50,
0x0000013a6fd4bb80, 0x0000013a6fd4cf30, 0x0000013a6fd4ae60, 0x0000013a6fd4d5c0,
0x0000013a6fd4b4f0, 0x0000013a6fd46cc0, 0x0000013a6fd4e2e0, 0x0000013a6fd479e0,
0x0000013a6fd47350, 0x0000013a23629c90, 0x0000013a2362b040
}

Java Threads: ( => current thread )
  0x0000013a233e7de0 JavaThread "Reference Handler"          daemon [_thread_blocked, id=9572, stack(0x0000000a65e00000,0x0000000a65f00000) (1024K)]
  0x0000013a233e8bf0 JavaThread "Finalizer"                  daemon [_thread_blocked, id=2668, stack(0x0000000a65f00000,0x0000000a66000000) (1024K)]
  0x0000013a233f1730 JavaThread "Signal Dispatcher"          daemon [_thread_blocked, id=21648, stack(0x0000000a66000000,0x0000000a66100000) (1024K)]
  0x0000013a233f2180 JavaThread "Attach Listener"            daemon [_thread_blocked, id=8336, stack(0x0000000a66100000,0x0000000a66200000) (1024K)]
  0x0000013a233f3480 JavaThread "Service Thread"             daemon [_thread_blocked, id=18668, stack(0x0000000a66200000,0x0000000a66300000) (1024K)]
  0x0000013a233f67c0 JavaThread "Monitor Deflation Thread"   daemon [_thread_blocked, id=18844, stack(0x0000000a66300000,0x0000000a66400000) (1024K)]
=>0x0000013a233fc3f0 JavaThread "C2 CompilerThread0"         daemon [_thread_in_native, id=13996, stack(0x0000000a66400000,0x0000000a66500000) (1024K)]
  0x0000013a23406ac0 JavaThread "C1 CompilerThread0"         daemon [_thread_blocked, id=20028, stack(0x0000000a66500000,0x0000000a66600000) (1024K)]
  0x0000013a238228f0 JavaThread "Notification Thread"        daemon [_thread_blocked, id=5784, stack(0x0000000a66800000,0x0000000a66900000) (1024K)]
  0x0000013a238249c0 JavaThread "Common-Cleaner"             daemon [_thread_blocked, id=13468, stack(0x0000000a66900000,0x0000000a66a00000) (1024K)]
  0x0000013a238256e0 JavaThread "Catalina-utility-1"                [_thread_blocked, id=19984, stack(0x0000000a67a00000,0x0000000a67b00000) (1024K)]
  0x0000013a23825d70 JavaThread "Catalina-utility-2"                [_thread_blocked, id=20476, stack(0x0000000a67b00000,0x0000000a67c00000) (1024K)]
  0x0000013a23822f80 JavaThread "container-0"                       [_thread_blocked, id=22716, stack(0x0000000a67c00000,0x0000000a67d00000) (1024K)]
  0x0000013a23823610 JavaThread "mysql-cj-abandoned-connection-cleanup" daemon [_thread_blocked, id=23588, stack(0x0000000a67d00000,0x0000000a67e00000) (1024K)]
  0x0000013a23824330 JavaThread "HikariPool-1 housekeeper"   daemon [_thread_blocked, id=13040, stack(0x0000000a67e00000,0x0000000a67f00000) (1024K)]
  0x0000013a6fd49420 JavaThread "spring.cloud.inetutils"     daemon [_thread_blocked, id=17064, stack(0x0000000a68000000,0x0000000a68100000) (1024K)]
  0x0000013a6fd4c8a0 JavaThread "catalogWatchTaskScheduler-1"        [_thread_in_native, id=6764, stack(0x0000000a68100000,0x0000000a68200000) (1024K)]
  0x0000013a6fd4a140 JavaThread "http-nio-auto-1-exec-1"     daemon [_thread_blocked, id=18744, stack(0x0000000a68200000,0x0000000a68300000) (1024K)]
  0x0000013a6fd4a7d0 JavaThread "http-nio-auto-1-exec-2"     daemon [_thread_blocked, id=21644, stack(0x0000000a68300000,0x0000000a68400000) (1024K)]
  0x0000013a6fd4dc50 JavaThread "http-nio-auto-1-exec-3"     daemon [_thread_blocked, id=23240, stack(0x0000000a68400000,0x0000000a68500000) (1024K)]
  0x0000013a6fd4bb80 JavaThread "http-nio-auto-1-exec-4"     daemon [_thread_blocked, id=4372, stack(0x0000000a68500000,0x0000000a68600000) (1024K)]
  0x0000013a6fd4cf30 JavaThread "http-nio-auto-1-exec-5"     daemon [_thread_blocked, id=19484, stack(0x0000000a68600000,0x0000000a68700000) (1024K)]
  0x0000013a6fd4ae60 JavaThread "http-nio-auto-1-exec-6"     daemon [_thread_blocked, id=972, stack(0x0000000a68700000,0x0000000a68800000) (1024K)]
  0x0000013a6fd4d5c0 JavaThread "http-nio-auto-1-exec-7"     daemon [_thread_blocked, id=14532, stack(0x0000000a68800000,0x0000000a68900000) (1024K)]
  0x0000013a6fd4b4f0 JavaThread "http-nio-auto-1-exec-8"     daemon [_thread_blocked, id=19552, stack(0x0000000a68900000,0x0000000a68a00000) (1024K)]
  0x0000013a6fd46cc0 JavaThread "http-nio-auto-1-exec-9"     daemon [_thread_blocked, id=24068, stack(0x0000000a68a00000,0x0000000a68b00000) (1024K)]
  0x0000013a6fd4e2e0 JavaThread "http-nio-auto-1-exec-10"    daemon [_thread_blocked, id=652, stack(0x0000000a68b00000,0x0000000a68c00000) (1024K)]
  0x0000013a6fd479e0 JavaThread "http-nio-auto-1-Poller"     daemon [_thread_in_native, id=14936, stack(0x0000000a68c00000,0x0000000a68d00000) (1024K)]
  0x0000013a6fd47350 JavaThread "http-nio-auto-1-Acceptor"   daemon [_thread_in_native, id=14256, stack(0x0000000a68d00000,0x0000000a68e00000) (1024K)]
  0x0000013a23629c90 JavaThread "DestroyJavaVM"                     [_thread_blocked, id=15620, stack(0x0000000a65600000,0x0000000a65700000) (1024K)]
  0x0000013a2362b040 JavaThread "springCloudBus.anonymous.JUnqUm5kQOq3v2Uh6JtFxA-2"        [_thread_in_Java, id=8104, stack(0x0000000a65300000,0x0000000a65400000) (1024K)]
Total: 31

Other Threads:
  0x0000013a233cfe20 VMThread "VM Thread"                           [id=12252, stack(0x0000000a65d00000,0x0000000a65e00000) (1024K)]
  0x0000013a233b9330 WatcherThread "VM Periodic Task Thread"        [id=16480, stack(0x0000000a65c00000,0x0000000a65d00000) (1024K)]
  0x0000013a040a6350 WorkerThread "GC Thread#0"                     [id=2088, stack(0x0000000a65700000,0x0000000a65800000) (1024K)]
  0x0000013a69f4b2e0 WorkerThread "GC Thread#1"                     [id=20580, stack(0x0000000a66a00000,0x0000000a66b00000) (1024K)]
  0x0000013a69f4b680 WorkerThread "GC Thread#2"                     [id=10080, stack(0x0000000a66b00000,0x0000000a66c00000) (1024K)]
  0x0000013a69d053f0 WorkerThread "GC Thread#3"                     [id=664, stack(0x0000000a66c00000,0x0000000a66d00000) (1024K)]
  0x0000013a69d4f120 WorkerThread "GC Thread#4"                     [id=23788, stack(0x0000000a66d00000,0x0000000a66e00000) (1024K)]
  0x0000013a6a3da170 WorkerThread "GC Thread#5"                     [id=11580, stack(0x0000000a66e00000,0x0000000a66f00000) (1024K)]
  0x0000013a6a137d40 WorkerThread "GC Thread#6"                     [id=14944, stack(0x0000000a66f00000,0x0000000a67000000) (1024K)]
  0x0000013a6a05ffd0 WorkerThread "GC Thread#7"                     [id=20200, stack(0x0000000a67000000,0x0000000a67100000) (1024K)]
  0x0000013a6a060370 WorkerThread "GC Thread#8"                     [id=23432, stack(0x0000000a67100000,0x0000000a67200000) (1024K)]
  0x0000013a6a061b40 WorkerThread "GC Thread#9"                     [id=23228, stack(0x0000000a67200000,0x0000000a67300000) (1024K)]
  0x0000013a6a52e1c0 WorkerThread "GC Thread#10"                    [id=14340, stack(0x0000000a67500000,0x0000000a67600000) (1024K)]
  0x0000013a6a52e900 WorkerThread "GC Thread#11"                    [id=13176, stack(0x0000000a67600000,0x0000000a67700000) (1024K)]
  0x0000013a6a52d340 WorkerThread "GC Thread#12"                    [id=2116, stack(0x0000000a67700000,0x0000000a67800000) (1024K)]
  0x0000013a040b85d0 ConcurrentGCThread "G1 Main Marker"            [id=5244, stack(0x0000000a65800000,0x0000000a65900000) (1024K)]
  0x0000013a040b9ce0 WorkerThread "G1 Conc#0"                       [id=21340, stack(0x0000000a65900000,0x0000000a65a00000) (1024K)]
  0x0000013a6a52cfa0 WorkerThread "G1 Conc#1"                       [id=17696, stack(0x0000000a67800000,0x0000000a67900000) (1024K)]
  0x0000013a6a52da80 WorkerThread "G1 Conc#2"                       [id=20316, stack(0x0000000a67900000,0x0000000a67a00000) (1024K)]
  0x0000013a23289070 ConcurrentGCThread "G1 Refine#0"               [id=2440, stack(0x0000000a65a00000,0x0000000a65b00000) (1024K)]
  0x0000013a232899f0 ConcurrentGCThread "G1 Service"                [id=23928, stack(0x0000000a65b00000,0x0000000a65c00000) (1024K)]
Total: 21

Threads with active compile tasks:
C2 CompilerThread0  1563774 11222       4       org.springframework.core.ResolvableType::isAssignableFrom (503 bytes)
Total: 1

VM state: not at safepoint (normal execution)

VM Mutex/Monitor currently owned by a thread: None

Heap address: 0x0000000083600000, size: 1994 MB, Compressed Oops mode: 32-bit

CDS archive(s) mapped at: [0x0000013a24000000-0x0000013a24c90000-0x0000013a24c90000), size 13172736, SharedBaseAddress: 0x0000013a24000000, ArchiveRelocationMode: 1.
Compressed class space mapped at: 0x0000013a25000000-0x0000013a65000000, reserved size: 1073741824
Narrow klass base: 0x0000013a24000000, Narrow klass shift: 0, Narrow klass range: 0x100000000

GC Precious Log:
 CardTable entry size: 512
 Card Set container configuration: InlinePtr #cards 5 size 8 Array Of Cards #cards 12 size 40 Howl #buckets 4 coarsen threshold 1843 Howl Bitmap #cards 512 size 80 coarsen threshold 460 Card regions per heap region 1 cards per card region 2048
 CPUs: 16 total, 16 available
 Memory: 7968M
 Large Page Support: Disabled
 NUMA Support: Disabled
 Compressed Oops: Enabled (32-bit)
 Heap Region Size: 1M
 Heap Min Capacity: 8M
 Heap Initial Capacity: 126M
 Heap Max Capacity: 1994M
 Pre-touch: Disabled
 Parallel Workers: 13
 Concurrent Workers: 3
 Concurrent Refinement Workers: 13
 Periodic GC: Disabled

Heap:
 garbage-first heap   total 150528K, used 123260K [0x0000000083600000, 0x0000000100000000)
  region size 1024K, 61 young (62464K), 7 survivors (7168K)
 Metaspace       used 104618K, committed 105856K, reserved 1179648K
  class space    used 14079K, committed 14656K, reserved 1048576K

Heap Regions: E=young(eden), S=young(survivor), O=old, HS=humongous(starts), HC=humongous(continues), CS=collection set, F=free, TAMS=top-at-mark-start, PB=parsable bottom
|   0|0x0000000083600000, 0x0000000083700000, 0x0000000083700000|100%|HS|  |TAMS 0x0000000083600000| PB 0x0000000083600000| Complete 
|   1|0x0000000083700000, 0x0000000083800000, 0x0000000083800000|100%| O|  |TAMS 0x0000000083700000| PB 0x0000000083700000| Untracked 
|   2|0x0000000083800000, 0x0000000083900000, 0x0000000083900000|100%|HS|  |TAMS 0x0000000083800000| PB 0x0000000083800000| Complete 
|   3|0x0000000083900000, 0x0000000083a00000, 0x0000000083a00000|100%| O|  |TAMS 0x0000000083900000| PB 0x0000000083900000| Untracked 
|   4|0x0000000083a00000, 0x0000000083b00000, 0x0000000083b00000|100%| O|  |TAMS 0x0000000083a00000| PB 0x0000000083a00000| Untracked 
|   5|0x0000000083b00000, 0x0000000083c00000, 0x0000000083c00000|100%| O|  |TAMS 0x0000000083b00000| PB 0x0000000083b00000| Untracked 
|   6|0x0000000083c00000, 0x0000000083d00000, 0x0000000083d00000|100%| O|  |TAMS 0x0000000083c00000| PB 0x0000000083c00000| Untracked 
|   7|0x0000000083d00000, 0x0000000083e00000, 0x0000000083e00000|100%| O|  |TAMS 0x0000000083d00000| PB 0x0000000083d00000| Untracked 
|   8|0x0000000083e00000, 0x0000000083f00000, 0x0000000083f00000|100%| O|  |TAMS 0x0000000083e00000| PB 0x0000000083e00000| Untracked 
|   9|0x0000000083f00000, 0x0000000084000000, 0x0000000084000000|100%| O|  |TAMS 0x0000000083f00000| PB 0x0000000083f00000| Untracked 
|  10|0x0000000084000000, 0x0000000084100000, 0x0000000084100000|100%| O|  |TAMS 0x0000000084000000| PB 0x0000000084000000| Untracked 
|  11|0x0000000084100000, 0x0000000084200000, 0x0000000084200000|100%| O|  |TAMS 0x0000000084100000| PB 0x0000000084100000| Untracked 
|  12|0x0000000084200000, 0x0000000084300000, 0x0000000084300000|100%| O|  |TAMS 0x0000000084200000| PB 0x0000000084200000| Untracked 
|  13|0x0000000084300000, 0x0000000084400000, 0x0000000084400000|100%| O|  |TAMS 0x0000000084300000| PB 0x0000000084300000| Untracked 
|  14|0x0000000084400000, 0x00000000844f5be0, 0x0000000084500000| 95%| O|  |TAMS 0x0000000084400000| PB 0x0000000084400000| Untracked 
|  15|0x0000000084500000, 0x0000000084600000, 0x0000000084600000|100%| O|  |TAMS 0x0000000084500000| PB 0x0000000084500000| Untracked 
|  16|0x0000000084600000, 0x0000000084700000, 0x0000000084700000|100%| O|  |TAMS 0x0000000084600000| PB 0x0000000084600000| Untracked 
|  17|0x0000000084700000, 0x0000000084800000, 0x0000000084800000|100%| O|  |TAMS 0x0000000084700000| PB 0x0000000084700000| Untracked 
|  18|0x0000000084800000, 0x0000000084900000, 0x0000000084900000|100%| O|  |TAMS 0x0000000084800000| PB 0x0000000084800000| Untracked 
|  19|0x0000000084900000, 0x0000000084a00000, 0x0000000084a00000|100%| O|  |TAMS 0x0000000084900000| PB 0x0000000084900000| Untracked 
|  20|0x0000000084a00000, 0x0000000084b00000, 0x0000000084b00000|100%| O|  |TAMS 0x0000000084a00000| PB 0x0000000084a00000| Untracked 
|  21|0x0000000084b00000, 0x0000000084c00000, 0x0000000084c00000|100%| O|  |TAMS 0x0000000084b00000| PB 0x0000000084b00000| Untracked 
|  22|0x0000000084c00000, 0x0000000084d00000, 0x0000000084d00000|100%| O|  |TAMS 0x0000000084c00000| PB 0x0000000084c00000| Untracked 
|  23|0x0000000084d00000, 0x0000000084e00000, 0x0000000084e00000|100%| O|  |TAMS 0x0000000084d00000| PB 0x0000000084d00000| Untracked 
|  24|0x0000000084e00000, 0x0000000084f00000, 0x0000000084f00000|100%| O|  |TAMS 0x0000000084e00000| PB 0x0000000084e00000| Untracked 
|  25|0x0000000084f00000, 0x0000000085000000, 0x0000000085000000|100%| O|  |TAMS 0x0000000084f00000| PB 0x0000000084f00000| Untracked 
|  26|0x0000000085000000, 0x0000000085100000, 0x0000000085100000|100%| O|  |TAMS 0x0000000085000000| PB 0x0000000085000000| Untracked 
|  27|0x0000000085100000, 0x0000000085200000, 0x0000000085200000|100%| O|  |TAMS 0x0000000085100000| PB 0x0000000085100000| Untracked 
|  28|0x0000000085200000, 0x0000000085300000, 0x0000000085300000|100%| O|  |TAMS 0x0000000085200000| PB 0x0000000085200000| Untracked 
|  29|0x0000000085300000, 0x0000000085400000, 0x0000000085400000|100%| O|  |TAMS 0x0000000085300000| PB 0x0000000085300000| Untracked 
|  30|0x0000000085400000, 0x0000000085500000, 0x0000000085500000|100%| O|  |TAMS 0x0000000085400000| PB 0x0000000085400000| Untracked 
|  31|0x0000000085500000, 0x0000000085600000, 0x0000000085600000|100%| O|  |TAMS 0x0000000085500000| PB 0x0000000085500000| Untracked 
|  32|0x0000000085600000, 0x0000000085700000, 0x0000000085700000|100%| O|  |TAMS 0x0000000085600000| PB 0x0000000085600000| Untracked 
|  33|0x0000000085700000, 0x0000000085800000, 0x0000000085800000|100%| O|  |TAMS 0x0000000085700000| PB 0x0000000085700000| Untracked 
|  34|0x0000000085800000, 0x0000000085900000, 0x0000000085900000|100%| O|  |TAMS 0x0000000085800000| PB 0x0000000085800000| Untracked 
|  35|0x0000000085900000, 0x0000000085a00000, 0x0000000085a00000|100%| O|  |TAMS 0x0000000085900000| PB 0x0000000085900000| Untracked 
|  36|0x0000000085a00000, 0x0000000085b00000, 0x0000000085b00000|100%| O|  |TAMS 0x0000000085a00000| PB 0x0000000085a00000| Untracked 
|  37|0x0000000085b00000, 0x0000000085c00000, 0x0000000085c00000|100%| O|  |TAMS 0x0000000085b00000| PB 0x0000000085b00000| Untracked 
|  38|0x0000000085c00000, 0x0000000085d00000, 0x0000000085d00000|100%| O|  |TAMS 0x0000000085c00000| PB 0x0000000085c00000| Untracked 
|  39|0x0000000085d00000, 0x0000000085e00000, 0x0000000085e00000|100%| O|  |TAMS 0x0000000085d00000| PB 0x0000000085d00000| Untracked 
|  40|0x0000000085e00000, 0x0000000085f00000, 0x0000000085f00000|100%| O|  |TAMS 0x0000000085e00000| PB 0x0000000085e00000| Untracked 
|  41|0x0000000085f00000, 0x0000000086000000, 0x0000000086000000|100%| O|  |TAMS 0x0000000085f00000| PB 0x0000000085f00000| Untracked 
|  42|0x0000000086000000, 0x0000000086100000, 0x0000000086100000|100%| O|  |TAMS 0x0000000086000000| PB 0x0000000086000000| Untracked 
|  43|0x0000000086100000, 0x0000000086200000, 0x0000000086200000|100%| O|  |TAMS 0x0000000086100000| PB 0x0000000086100000| Untracked 
|  44|0x0000000086200000, 0x0000000086300000, 0x0000000086300000|100%| O|  |TAMS 0x0000000086200000| PB 0x0000000086200000| Untracked 
|  45|0x0000000086300000, 0x0000000086400000, 0x0000000086400000|100%| O|  |TAMS 0x0000000086300000| PB 0x0000000086300000| Untracked 
|  46|0x0000000086400000, 0x0000000086500000, 0x0000000086500000|100%| O|  |TAMS 0x0000000086400000| PB 0x0000000086400000| Untracked 
|  47|0x0000000086500000, 0x0000000086600000, 0x0000000086600000|100%| O|  |TAMS 0x0000000086500000| PB 0x0000000086500000| Untracked 
|  48|0x0000000086600000, 0x0000000086700000, 0x0000000086700000|100%| O|  |TAMS 0x0000000086600000| PB 0x0000000086600000| Untracked 
|  49|0x0000000086700000, 0x0000000086800000, 0x0000000086800000|100%| O|  |TAMS 0x0000000086700000| PB 0x0000000086700000| Untracked 
|  50|0x0000000086800000, 0x0000000086900000, 0x0000000086900000|100%| O|  |TAMS 0x0000000086800000| PB 0x0000000086800000| Untracked 
|  51|0x0000000086900000, 0x0000000086a00000, 0x0000000086a00000|100%| O|  |TAMS 0x0000000086900000| PB 0x0000000086900000| Untracked 
|  52|0x0000000086a00000, 0x0000000086b00000, 0x0000000086b00000|100%| O|  |TAMS 0x0000000086a00000| PB 0x0000000086a00000| Untracked 
|  53|0x0000000086b00000, 0x0000000086c00000, 0x0000000086c00000|100%| O|  |TAMS 0x0000000086b00000| PB 0x0000000086b00000| Untracked 
|  54|0x0000000086c00000, 0x0000000086c00000, 0x0000000086d00000|  0%| F|  |TAMS 0x0000000086c00000| PB 0x0000000086c00000| Untracked 
|  55|0x0000000086d00000, 0x0000000086d00000, 0x0000000086e00000|  0%| F|  |TAMS 0x0000000086d00000| PB 0x0000000086d00000| Untracked 
|  56|0x0000000086e00000, 0x0000000086f00000, 0x0000000086f00000|100%| O|  |TAMS 0x0000000086e00000| PB 0x0000000086e00000| Untracked 
|  57|0x0000000086f00000, 0x0000000087000000, 0x0000000087000000|100%| O|  |TAMS 0x0000000086f00000| PB 0x0000000086f00000| Untracked 
|  58|0x0000000087000000, 0x0000000087100000, 0x0000000087100000|100%| O|  |TAMS 0x0000000087000000| PB 0x0000000087000000| Untracked 
|  59|0x0000000087100000, 0x0000000087200000, 0x0000000087200000|100%| O|  |TAMS 0x0000000087100000| PB 0x0000000087100000| Untracked 
|  60|0x0000000087200000, 0x0000000087300000, 0x0000000087300000|100%| O|  |TAMS 0x0000000087200000| PB 0x0000000087200000| Untracked 
|  61|0x0000000087300000, 0x0000000087400000, 0x0000000087400000|100%| O|  |TAMS 0x0000000087300000| PB 0x0000000087300000| Untracked 
|  62|0x0000000087400000, 0x0000000087500000, 0x0000000087500000|100%| O|  |TAMS 0x0000000087400000| PB 0x0000000087400000| Untracked 
|  63|0x0000000087500000, 0x0000000087600000, 0x0000000087600000|100%| O|  |TAMS 0x0000000087500000| PB 0x0000000087500000| Untracked 
|  64|0x0000000087600000, 0x0000000087600000, 0x0000000087700000|  0%| F|  |TAMS 0x0000000087600000| PB 0x0000000087600000| Untracked 
|  65|0x0000000087700000, 0x0000000087700000, 0x0000000087800000|  0%| F|  |TAMS 0x0000000087700000| PB 0x0000000087700000| Untracked 
|  66|0x0000000087800000, 0x0000000087800000, 0x0000000087900000|  0%| F|  |TAMS 0x0000000087800000| PB 0x0000000087800000| Untracked 
|  67|0x0000000087900000, 0x0000000087900000, 0x0000000087a00000|  0%| F|  |TAMS 0x0000000087900000| PB 0x0000000087900000| Untracked 
|  68|0x0000000087a00000, 0x0000000087a00000, 0x0000000087b00000|  0%| F|  |TAMS 0x0000000087a00000| PB 0x0000000087a00000| Untracked 
|  69|0x0000000087b00000, 0x0000000087b69660, 0x0000000087c00000| 41%| S|CS|TAMS 0x0000000087b00000| PB 0x0000000087b00000| Complete 
|  70|0x0000000087c00000, 0x0000000087c00000, 0x0000000087d00000|  0%| F|  |TAMS 0x0000000087c00000| PB 0x0000000087c00000| Untracked 
|  71|0x0000000087d00000, 0x0000000087d00000, 0x0000000087e00000|  0%| F|  |TAMS 0x0000000087d00000| PB 0x0000000087d00000| Untracked 
|  72|0x0000000087e00000, 0x0000000087f00000, 0x0000000087f00000|100%| S|CS|TAMS 0x0000000087e00000| PB 0x0000000087e00000| Complete 
|  73|0x0000000087f00000, 0x0000000088000000, 0x0000000088000000|100%| S|CS|TAMS 0x0000000087f00000| PB 0x0000000087f00000| Complete 
|  74|0x0000000088000000, 0x0000000088100000, 0x0000000088100000|100%| S|CS|TAMS 0x0000000088000000| PB 0x0000000088000000| Complete 
|  75|0x0000000088100000, 0x0000000088100000, 0x0000000088200000|  0%| F|  |TAMS 0x0000000088100000| PB 0x0000000088100000| Untracked 
|  76|0x0000000088200000, 0x0000000088200000, 0x0000000088300000|  0%| F|  |TAMS 0x0000000088200000| PB 0x0000000088200000| Untracked 
|  77|0x0000000088300000, 0x0000000088300000, 0x0000000088400000|  0%| F|  |TAMS 0x0000000088300000| PB 0x0000000088300000| Untracked 
|  78|0x0000000088400000, 0x0000000088400000, 0x0000000088500000|  0%| F|  |TAMS 0x0000000088400000| PB 0x0000000088400000| Untracked 
|  79|0x0000000088500000, 0x0000000088600000, 0x0000000088600000|100%| S|CS|TAMS 0x0000000088500000| PB 0x0000000088500000| Complete 
|  80|0x0000000088600000, 0x0000000088700000, 0x0000000088700000|100%| S|CS|TAMS 0x0000000088600000| PB 0x0000000088600000| Complete 
|  81|0x0000000088700000, 0x0000000088800000, 0x0000000088800000|100%| S|CS|TAMS 0x0000000088700000| PB 0x0000000088700000| Complete 
|  82|0x0000000088800000, 0x0000000088800000, 0x0000000088900000|  0%| F|  |TAMS 0x0000000088800000| PB 0x0000000088800000| Untracked 
|  83|0x0000000088900000, 0x0000000088900000, 0x0000000088a00000|  0%| F|  |TAMS 0x0000000088900000| PB 0x0000000088900000| Untracked 
|  84|0x0000000088a00000, 0x0000000088a00000, 0x0000000088b00000|  0%| F|  |TAMS 0x0000000088a00000| PB 0x0000000088a00000| Untracked 
|  85|0x0000000088b00000, 0x0000000088b00000, 0x0000000088c00000|  0%| F|  |TAMS 0x0000000088b00000| PB 0x0000000088b00000| Untracked 
|  86|0x0000000088c00000, 0x0000000088c00000, 0x0000000088d00000|  0%| F|  |TAMS 0x0000000088c00000| PB 0x0000000088c00000| Untracked 
|  87|0x0000000088d00000, 0x0000000088d00000, 0x0000000088e00000|  0%| F|  |TAMS 0x0000000088d00000| PB 0x0000000088d00000| Untracked 
|  88|0x0000000088e00000, 0x0000000088e00000, 0x0000000088f00000|  0%| F|  |TAMS 0x0000000088e00000| PB 0x0000000088e00000| Untracked 
|  89|0x0000000088f00000, 0x0000000088f00000, 0x0000000089000000|  0%| F|  |TAMS 0x0000000088f00000| PB 0x0000000088f00000| Untracked 
|  90|0x0000000089000000, 0x0000000089000000, 0x0000000089100000|  0%| F|  |TAMS 0x0000000089000000| PB 0x0000000089000000| Untracked 
|  91|0x0000000089100000, 0x0000000089100000, 0x0000000089200000|  0%| F|  |TAMS 0x0000000089100000| PB 0x0000000089100000| Untracked 
|  92|0x0000000089200000, 0x0000000089200000, 0x0000000089300000|  0%| F|  |TAMS 0x0000000089200000| PB 0x0000000089200000| Untracked 
|  93|0x0000000089300000, 0x00000000893c5ae8, 0x0000000089400000| 77%| E|  |TAMS 0x0000000089300000| PB 0x0000000089300000| Complete 
|  94|0x0000000089400000, 0x0000000089500000, 0x0000000089500000|100%| E|CS|TAMS 0x0000000089400000| PB 0x0000000089400000| Complete 
|  95|0x0000000089500000, 0x0000000089600000, 0x0000000089600000|100%| E|CS|TAMS 0x0000000089500000| PB 0x0000000089500000| Complete 
|  96|0x0000000089600000, 0x0000000089700000, 0x0000000089700000|100%| E|CS|TAMS 0x0000000089600000| PB 0x0000000089600000| Complete 
|  97|0x0000000089700000, 0x0000000089800000, 0x0000000089800000|100%| E|CS|TAMS 0x0000000089700000| PB 0x0000000089700000| Complete 
|  98|0x0000000089800000, 0x0000000089900000, 0x0000000089900000|100%| E|CS|TAMS 0x0000000089800000| PB 0x0000000089800000| Complete 
|  99|0x0000000089900000, 0x0000000089a00000, 0x0000000089a00000|100%| E|CS|TAMS 0x0000000089900000| PB 0x0000000089900000| Complete 
| 100|0x0000000089a00000, 0x0000000089b00000, 0x0000000089b00000|100%| E|CS|TAMS 0x0000000089a00000| PB 0x0000000089a00000| Complete 
| 101|0x0000000089b00000, 0x0000000089c00000, 0x0000000089c00000|100%| E|CS|TAMS 0x0000000089b00000| PB 0x0000000089b00000| Complete 
| 102|0x0000000089c00000, 0x0000000089d00000, 0x0000000089d00000|100%| E|CS|TAMS 0x0000000089c00000| PB 0x0000000089c00000| Complete 
| 103|0x0000000089d00000, 0x0000000089e00000, 0x0000000089e00000|100%| E|CS|TAMS 0x0000000089d00000| PB 0x0000000089d00000| Complete 
| 104|0x0000000089e00000, 0x0000000089f00000, 0x0000000089f00000|100%| E|CS|TAMS 0x0000000089e00000| PB 0x0000000089e00000| Complete 
| 105|0x0000000089f00000, 0x000000008a000000, 0x000000008a000000|100%| E|CS|TAMS 0x0000000089f00000| PB 0x0000000089f00000| Complete 
| 106|0x000000008a000000, 0x000000008a100000, 0x000000008a100000|100%| E|CS|TAMS 0x000000008a000000| PB 0x000000008a000000| Complete 
| 107|0x000000008a100000, 0x000000008a200000, 0x000000008a200000|100%| E|CS|TAMS 0x000000008a100000| PB 0x000000008a100000| Complete 
| 108|0x000000008a200000, 0x000000008a300000, 0x000000008a300000|100%| E|CS|TAMS 0x000000008a200000| PB 0x000000008a200000| Complete 
| 109|0x000000008a300000, 0x000000008a400000, 0x000000008a400000|100%| E|CS|TAMS 0x000000008a300000| PB 0x000000008a300000| Complete 
| 110|0x000000008a400000, 0x000000008a500000, 0x000000008a500000|100%| E|CS|TAMS 0x000000008a400000| PB 0x000000008a400000| Complete 
| 111|0x000000008a500000, 0x000000008a600000, 0x000000008a600000|100%| E|CS|TAMS 0x000000008a500000| PB 0x000000008a500000| Complete 
| 112|0x000000008a600000, 0x000000008a700000, 0x000000008a700000|100%| E|CS|TAMS 0x000000008a600000| PB 0x000000008a600000| Complete 
| 113|0x000000008a700000, 0x000000008a800000, 0x000000008a800000|100%| E|CS|TAMS 0x000000008a700000| PB 0x000000008a700000| Complete 
| 114|0x000000008a800000, 0x000000008a900000, 0x000000008a900000|100%| E|CS|TAMS 0x000000008a800000| PB 0x000000008a800000| Complete 
| 115|0x000000008a900000, 0x000000008aa00000, 0x000000008aa00000|100%| E|CS|TAMS 0x000000008a900000| PB 0x000000008a900000| Complete 
| 116|0x000000008aa00000, 0x000000008ab00000, 0x000000008ab00000|100%| E|CS|TAMS 0x000000008aa00000| PB 0x000000008aa00000| Complete 
| 117|0x000000008ab00000, 0x000000008ac00000, 0x000000008ac00000|100%| E|CS|TAMS 0x000000008ab00000| PB 0x000000008ab00000| Complete 
| 118|0x000000008ac00000, 0x000000008ad00000, 0x000000008ad00000|100%| E|  |TAMS 0x000000008ac00000| PB 0x000000008ac00000| Complete 
| 119|0x000000008ad00000, 0x000000008ae00000, 0x000000008ae00000|100%| E|CS|TAMS 0x000000008ad00000| PB 0x000000008ad00000| Complete 
| 120|0x000000008ae00000, 0x000000008af00000, 0x000000008af00000|100%| E|CS|TAMS 0x000000008ae00000| PB 0x000000008ae00000| Complete 
| 121|0x000000008af00000, 0x000000008b000000, 0x000000008b000000|100%| E|CS|TAMS 0x000000008af00000| PB 0x000000008af00000| Complete 
| 122|0x000000008b000000, 0x000000008b100000, 0x000000008b100000|100%| E|CS|TAMS 0x000000008b000000| PB 0x000000008b000000| Complete 
| 123|0x000000008b100000, 0x000000008b200000, 0x000000008b200000|100%| E|CS|TAMS 0x000000008b100000| PB 0x000000008b100000| Complete 
| 124|0x000000008b200000, 0x000000008b300000, 0x000000008b300000|100%| E|CS|TAMS 0x000000008b200000| PB 0x000000008b200000| Complete 
| 125|0x000000008b300000, 0x000000008b400000, 0x000000008b400000|100%| E|CS|TAMS 0x000000008b300000| PB 0x000000008b300000| Complete 
| 126|0x000000008b400000, 0x000000008b500000, 0x000000008b500000|100%| E|CS|TAMS 0x000000008b400000| PB 0x000000008b400000| Complete 
| 127|0x000000008b500000, 0x000000008b600000, 0x000000008b600000|100%| E|CS|TAMS 0x000000008b500000| PB 0x000000008b500000| Complete 
| 128|0x000000008b600000, 0x000000008b700000, 0x000000008b700000|100%| E|CS|TAMS 0x000000008b600000| PB 0x000000008b600000| Complete 
| 129|0x000000008b700000, 0x000000008b800000, 0x000000008b800000|100%| E|CS|TAMS 0x000000008b700000| PB 0x000000008b700000| Complete 
| 130|0x000000008b800000, 0x000000008b900000, 0x000000008b900000|100%| E|CS|TAMS 0x000000008b800000| PB 0x000000008b800000| Complete 
| 131|0x000000008b900000, 0x000000008ba00000, 0x000000008ba00000|100%| E|CS|TAMS 0x000000008b900000| PB 0x000000008b900000| Complete 
| 132|0x000000008ba00000, 0x000000008bb00000, 0x000000008bb00000|100%| E|CS|TAMS 0x000000008ba00000| PB 0x000000008ba00000| Complete 
| 133|0x000000008bb00000, 0x000000008bc00000, 0x000000008bc00000|100%| E|CS|TAMS 0x000000008bb00000| PB 0x000000008bb00000| Complete 
| 134|0x000000008bc00000, 0x000000008bd00000, 0x000000008bd00000|100%| E|CS|TAMS 0x000000008bc00000| PB 0x000000008bc00000| Complete 
| 135|0x000000008bd00000, 0x000000008be00000, 0x000000008be00000|100%| E|CS|TAMS 0x000000008bd00000| PB 0x000000008bd00000| Complete 
| 136|0x000000008be00000, 0x000000008bf00000, 0x000000008bf00000|100%| E|CS|TAMS 0x000000008be00000| PB 0x000000008be00000| Complete 
| 137|0x000000008bf00000, 0x000000008c000000, 0x000000008c000000|100%| E|CS|TAMS 0x000000008bf00000| PB 0x000000008bf00000| Complete 
| 138|0x000000008c000000, 0x000000008c100000, 0x000000008c100000|100%| E|CS|TAMS 0x000000008c000000| PB 0x000000008c000000| Complete 
| 139|0x000000008c100000, 0x000000008c200000, 0x000000008c200000|100%| E|CS|TAMS 0x000000008c100000| PB 0x000000008c100000| Complete 
| 140|0x000000008c200000, 0x000000008c300000, 0x000000008c300000|100%| E|CS|TAMS 0x000000008c200000| PB 0x000000008c200000| Complete 
| 141|0x000000008c300000, 0x000000008c400000, 0x000000008c400000|100%| E|CS|TAMS 0x000000008c300000| PB 0x000000008c300000| Complete 
| 142|0x000000008c400000, 0x000000008c500000, 0x000000008c500000|100%| E|CS|TAMS 0x000000008c400000| PB 0x000000008c400000| Complete 
| 143|0x000000008c500000, 0x000000008c600000, 0x000000008c600000|100%| E|CS|TAMS 0x000000008c500000| PB 0x000000008c500000| Complete 
| 144|0x000000008c600000, 0x000000008c700000, 0x000000008c700000|100%| E|CS|TAMS 0x000000008c600000| PB 0x000000008c600000| Complete 
| 145|0x000000008c700000, 0x000000008c800000, 0x000000008c800000|100%| E|CS|TAMS 0x000000008c700000| PB 0x000000008c700000| Complete 
| 146|0x000000008c800000, 0x000000008c900000, 0x000000008c900000|100%| E|CS|TAMS 0x000000008c800000| PB 0x000000008c800000| Complete 

Card table byte_map: [0x0000013a1e060000,0x0000013a1e450000] _byte_map_base: 0x0000013a1dc45000

Marking Bits: (CMBitMap*) 0x0000013a040a6a50
 Bits: [0x0000013a1e450000, 0x0000013a20378000)

Polling page: 0x0000013a04100000

Metaspace:

Usage:
  Non-class:     88.42 MB used.
      Class:     13.75 MB used.
       Both:    102.17 MB used.

Virtual space:
  Non-class space:      128.00 MB reserved,      89.06 MB ( 70%) committed,  2 nodes.
      Class space:        1.00 GB reserved,      14.31 MB (  1%) committed,  1 nodes.
             Both:        1.12 GB reserved,     103.38 MB (  9%) committed. 

Chunk freelists:
   Non-Class:  6.87 MB
       Class:  1.68 MB
        Both:  8.55 MB

MaxMetaspaceSize: unlimited
CompressedClassSpaceSize: 1.00 GB
Initial GC threshold: 21.00 MB
Current GC threshold: 149.69 MB
CDS: on
 - commit_granule_bytes: 65536.
 - commit_granule_words: 8192.
 - virtual_space_node_default_size: 8388608.
 - enlarge_chunks_in_place: 1.
 - use_allocation_guard: 0.


Internal statistics:

num_allocs_failed_limit: 9.
num_arena_births: 1784.
num_arena_deaths: 0.
num_vsnodes_births: 3.
num_vsnodes_deaths: 0.
num_space_committed: 1654.
num_space_uncommitted: 0.
num_chunks_returned_to_freelist: 9.
num_chunks_taken_from_freelist: 5522.
num_chunk_merges: 6.
num_chunk_splits: 3996.
num_chunks_enlarged: 3111.
num_inconsistent_stats: 0.

CodeHeap 'non-profiled nmethods': size=119168Kb used=6795Kb max_used=6795Kb free=112372Kb
 bounds [0x0000013a15860000, 0x0000013a15f10000, 0x0000013a1ccc0000]
CodeHeap 'profiled nmethods': size=119104Kb used=18857Kb max_used=18857Kb free=100247Kb
 bounds [0x0000013a0dcc0000, 0x0000013a0ef30000, 0x0000013a15110000]
CodeHeap 'non-nmethods': size=7488Kb used=1800Kb max_used=3487Kb free=5687Kb
 bounds [0x0000013a15110000, 0x0000013a154a0000, 0x0000013a15860000]
 total_blobs=10342 nmethods=9537 adapters=708
 compilation: enabled
              stopped_count=0, restarted_count=0
 full_count=0

Compilation events (20 events):
Event: 1527.072 Thread 0x0000013a6db3b010 11208       3       org.apache.http.impl.client.DefaultRedirectStrategy::isRedirected (131 bytes)
Event: 1527.077 Thread 0x0000013a6db3b010 nmethod 11208 0x0000013a0ef23910 code [0x0000013a0ef23ca0, 0x0000013a0ef250d0]
Event: 1527.086 Thread 0x0000013a23406ac0 nmethod 11207 0x0000013a0ef25890 code [0x0000013a0ef25d40, 0x0000013a0ef28190]
Event: 1557.876 Thread 0x0000013a23406ac0 11213       3       com.ecwid.consul.v1.Response::<init> (18 bytes)
Event: 1557.884 Thread 0x0000013a23406ac0 nmethod 11213 0x0000013a0ef28d90 code [0x0000013a0ef28f60, 0x0000013a0ef292e8]
Event: 1557.969 Thread 0x0000013a233fc3f0 11214       4       java.lang.Thread::isVirtual (5 bytes)
Event: 1557.975 Thread 0x0000013a233fc3f0 nmethod 11214 0x0000013a15efc290 code [0x0000013a15efc420, 0x0000013a15efc4d8]
Event: 1561.250 Thread 0x0000013a23406ac0 11215       3       com.google.gson.reflect.TypeToken::<init> (35 bytes)
Event: 1561.256 Thread 0x0000013a23406ac0 nmethod 11215 0x0000013a0ef29410 code [0x0000013a0ef295e0, 0x0000013a0ef29950]
Event: 1561.479 Thread 0x0000013a23406ac0 11216       3       java.lang.invoke.MethodHandles::dropArgumentsTrusted (111 bytes)
Event: 1561.549 Thread 0x0000013a23406ac0 nmethod 11216 0x0000013a0ef29a90 code [0x0000013a0ef29d20, 0x0000013a0ef2a750]
Event: 1562.017 Thread 0x0000013a233fc3f0 11217       4       java.lang.invoke.InvokerBytecodeGenerator::emitStaticInvoke (258 bytes)
Event: 1562.414 Thread 0x0000013a233fc3f0 nmethod 11217 0x0000013a15efc890 code [0x0000013a15efce20, 0x0000013a15f002c0]
Event: 1562.415 Thread 0x0000013a233fc3f0 11218       4       java.lang.invoke.InvokerBytecodeGenerator::refKindOpcode (112 bytes)
Event: 1562.416 Thread 0x0000013a233fc3f0 nmethod 11218 0x0000013a15f02310 code [0x0000013a15f024a0, 0x0000013a15f02578]
Event: 1562.533 Thread 0x0000013a23406ac0 11220       3       java.lang.invoke.MethodHandles::foldArgumentsWithCombiner (9 bytes)
Event: 1562.534 Thread 0x0000013a23406ac0 nmethod 11220 0x0000013a0ef2ac90 code [0x0000013a0ef2ae40, 0x0000013a0ef2af78]
Event: 1562.642 Thread 0x0000013a233fc3f0 11221       4       java.lang.invoke.LambdaFormEditor::getInCache (165 bytes)
Event: 1562.654 Thread 0x0000013a233fc3f0 nmethod 11221 0x0000013a15f02610 code [0x0000013a15f027e0, 0x0000013a15f02d10]
Event: 1563.151 Thread 0x0000013a233fc3f0 11222       4       org.springframework.core.ResolvableType::isAssignableFrom (503 bytes)

GC Heap History (20 events):
Event: 4.759 GC heap before
{Heap before GC invocations=12 (full 0):
 garbage-first heap   total 124928K, used 77228K [0x0000000083600000, 0x0000000100000000)
  region size 1024K, 45 young (46080K), 7 survivors (7168K)
 Metaspace       used 59659K, committed 60288K, reserved 1114112K
  class space    used 7699K, committed 8000K, reserved 1048576K
}
Event: 4.766 GC heap after
{Heap after GC invocations=13 (full 0):
 garbage-first heap   total 124928K, used 42349K [0x0000000083600000, 0x0000000100000000)
  region size 1024K, 6 young (6144K), 6 survivors (6144K)
 Metaspace       used 59659K, committed 60288K, reserved 1114112K
  class space    used 7699K, committed 8000K, reserved 1048576K
}
Event: 5.892 GC heap before
{Heap before GC invocations=14 (full 0):
 garbage-first heap   total 124928K, used 108909K [0x0000000083600000, 0x0000000100000000)
  region size 1024K, 72 young (73728K), 6 survivors (6144K)
 Metaspace       used 76541K, committed 77248K, reserved 1179648K
  class space    used 10111K, committed 10432K, reserved 1048576K
}
Event: 5.897 GC heap after
{Heap after GC invocations=15 (full 0):
 garbage-first heap   total 124928K, used 46699K [0x0000000083600000, 0x0000000100000000)
  region size 1024K, 8 young (8192K), 8 survivors (8192K)
 Metaspace       used 76541K, committed 77248K, reserved 1179648K
  class space    used 10111K, committed 10432K, reserved 1048576K
}
Event: 6.315 GC heap before
{Heap before GC invocations=15 (full 0):
 garbage-first heap   total 124928K, used 108139K [0x0000000083600000, 0x0000000100000000)
  region size 1024K, 68 young (69632K), 8 survivors (8192K)
 Metaspace       used 80783K, committed 81472K, reserved 1179648K
  class space    used 10697K, committed 11008K, reserved 1048576K
}
Event: 6.322 GC heap after
{Heap after GC invocations=16 (full 0):
 garbage-first heap   total 124928K, used 49571K [0x0000000083600000, 0x0000000100000000)
  region size 1024K, 8 young (8192K), 8 survivors (8192K)
 Metaspace       used 80783K, committed 81472K, reserved 1179648K
  class space    used 10697K, committed 11008K, reserved 1048576K
}
Event: 6.667 GC heap before
{Heap before GC invocations=16 (full 0):
 garbage-first heap   total 124928K, used 108963K [0x0000000083600000, 0x0000000100000000)
  region size 1024K, 66 young (67584K), 8 survivors (8192K)
 Metaspace       used 82936K, committed 83648K, reserved 1179648K
  class space    used 11029K, committed 11328K, reserved 1048576K
}
Event: 6.674 GC heap after
{Heap after GC invocations=17 (full 0):
 garbage-first heap   total 124928K, used 53791K [0x0000000083600000, 0x0000000100000000)
  region size 1024K, 8 young (8192K), 8 survivors (8192K)
 Metaspace       used 82936K, committed 83648K, reserved 1179648K
  class space    used 11029K, committed 11328K, reserved 1048576K
}
Event: 7.012 GC heap before
{Heap before GC invocations=17 (full 0):
 garbage-first heap   total 124928K, used 109087K [0x0000000083600000, 0x0000000100000000)
  region size 1024K, 62 young (63488K), 8 survivors (8192K)
 Metaspace       used 85494K, committed 86272K, reserved 1179648K
  class space    used 11369K, committed 11712K, reserved 1048576K
}
Event: 7.017 GC heap after
{Heap after GC invocations=18 (full 0):
 garbage-first heap   total 124928K, used 56398K [0x0000000083600000, 0x0000000100000000)
  region size 1024K, 7 young (7168K), 7 survivors (7168K)
 Metaspace       used 85494K, committed 86272K, reserved 1179648K
  class space    used 11369K, committed 11712K, reserved 1048576K
}
Event: 7.296 GC heap before
{Heap before GC invocations=19 (full 0):
 garbage-first heap   total 124928K, used 109646K [0x0000000083600000, 0x0000000100000000)
  region size 1024K, 59 young (60416K), 7 survivors (7168K)
 Metaspace       used 87031K, committed 87872K, reserved 1179648K
  class space    used 11657K, committed 12032K, reserved 1048576K
}
Event: 7.302 GC heap after
{Heap after GC invocations=20 (full 0):
 garbage-first heap   total 124928K, used 59430K [0x0000000083600000, 0x0000000100000000)
  region size 1024K, 6 young (6144K), 6 survivors (6144K)
 Metaspace       used 87031K, committed 87872K, reserved 1179648K
  class space    used 11657K, committed 12032K, reserved 1048576K
}
Event: 7.573 GC heap before
{Heap before GC invocations=20 (full 0):
 garbage-first heap   total 124928K, used 110630K [0x0000000083600000, 0x0000000100000000)
  region size 1024K, 56 young (57344K), 6 survivors (6144K)
 Metaspace       used 87974K, committed 88960K, reserved 1179648K
  class space    used 11818K, committed 12288K, reserved 1048576K
}
Event: 7.581 GC heap after
{Heap after GC invocations=21 (full 0):
 garbage-first heap   total 150528K, used 61081K [0x0000000083600000, 0x0000000100000000)
  region size 1024K, 6 young (6144K), 6 survivors (6144K)
 Metaspace       used 87974K, committed 88960K, reserved 1179648K
  class space    used 11818K, committed 12288K, reserved 1048576K
}
Event: 8.181 GC heap before
{Heap before GC invocations=21 (full 0):
 garbage-first heap   total 150528K, used 134809K [0x0000000083600000, 0x0000000100000000)
  region size 1024K, 78 young (79872K), 6 survivors (6144K)
 Metaspace       used 90663K, committed 91648K, reserved 1179648K
  class space    used 12250K, committed 12672K, reserved 1048576K
}
Event: 8.188 GC heap after
{Heap after GC invocations=22 (full 0):
 garbage-first heap   total 150528K, used 64462K [0x0000000083600000, 0x0000000100000000)
  region size 1024K, 7 young (7168K), 7 survivors (7168K)
 Metaspace       used 90663K, committed 91648K, reserved 1179648K
  class space    used 12250K, committed 12672K, reserved 1048576K
}
Event: 8.536 GC heap before
{Heap before GC invocations=23 (full 0):
 garbage-first heap   total 150528K, used 134094K [0x0000000083600000, 0x0000000100000000)
  region size 1024K, 75 young (76800K), 7 survivors (7168K)
 Metaspace       used 92737K, committed 93760K, reserved 1179648K
  class space    used 12583K, committed 13056K, reserved 1048576K
}
Event: 8.543 GC heap after
{Heap after GC invocations=24 (full 0):
 garbage-first heap   total 150528K, used 68022K [0x0000000083600000, 0x0000000100000000)
  region size 1024K, 7 young (7168K), 7 survivors (7168K)
 Metaspace       used 92737K, committed 93760K, reserved 1179648K
  class space    used 12583K, committed 13056K, reserved 1048576K
}
Event: 8.920 GC heap before
{Heap before GC invocations=24 (full 0):
 garbage-first heap   total 150528K, used 134582K [0x0000000083600000, 0x0000000100000000)
  region size 1024K, 72 young (73728K), 7 survivors (7168K)
 Metaspace       used 95194K, committed 96256K, reserved 1179648K
  class space    used 12948K, committed 13440K, reserved 1048576K
}
Event: 8.927 GC heap after
{Heap after GC invocations=25 (full 0):
 garbage-first heap   total 150528K, used 70012K [0x0000000083600000, 0x0000000100000000)
  region size 1024K, 7 young (7168K), 7 survivors (7168K)
 Metaspace       used 95194K, committed 96256K, reserved 1179648K
  class space    used 12948K, committed 13440K, reserved 1048576K
}

Dll operation events (11 events):
Event: 0.011 Loaded shared library C:\Program Files\Java\jdk-21\bin\java.dll
Event: 0.041 Loaded shared library C:\Program Files\Java\jdk-21\bin\jsvml.dll
Event: 0.135 Loaded shared library C:\Program Files\Java\jdk-21\bin\net.dll
Event: 0.137 Loaded shared library C:\Program Files\Java\jdk-21\bin\nio.dll
Event: 0.142 Loaded shared library C:\Program Files\Java\jdk-21\bin\zip.dll
Event: 0.312 Loaded shared library C:\Program Files\Java\jdk-21\bin\jimage.dll
Event: 0.976 Loaded shared library C:\Program Files\Java\jdk-21\bin\extnet.dll
Event: 1.454 Loaded shared library C:\Program Files\Java\jdk-21\bin\sunmscapi.dll
Event: 3.796 Loaded shared library C:\Program Files\Java\jdk-21\bin\management.dll
Event: 3.799 Loaded shared library C:\Program Files\Java\jdk-21\bin\management_ext.dll
Event: 4.422 Loaded shared library C:\Program Files\Java\jdk-21\bin\verify.dll

Deoptimization events (20 events):
Event: 1348.502 Thread 0x0000013a6fd4c8a0 Uncommon trap: trap_request=0xffffffd6 fr.pc=0x0000013a15ef45a0 relative=0x00000000000014e0
Event: 1348.502 Thread 0x0000013a6fd4c8a0 Uncommon trap: reason=array_check action=maybe_recompile pc=0x0000013a15ef45a0 method=com.google.gson.internal.$Gson$Types$ParameterizedTypeImpl.<init>(Ljava/lang/reflect/Type;Ljava/lang/reflect/Type;[Ljava/lang/reflect/Type;)V @ 154 c2
Event: 1348.502 Thread 0x0000013a6fd4c8a0 DEOPT PACKING pc=0x0000013a15ef45a0 sp=0x0000000a681ff0e0
Event: 1348.502 Thread 0x0000013a6fd4c8a0 DEOPT UNPACKING pc=0x0000013a151646a2 sp=0x0000000a681ff050 mode 2
Event: 1348.502 Thread 0x0000013a6fd4c8a0 Uncommon trap: trap_request=0xffffffd6 fr.pc=0x0000013a15ef45a0 relative=0x00000000000014e0
Event: 1348.502 Thread 0x0000013a6fd4c8a0 Uncommon trap: reason=array_check action=maybe_recompile pc=0x0000013a15ef45a0 method=com.google.gson.internal.$Gson$Types$ParameterizedTypeImpl.<init>(Ljava/lang/reflect/Type;Ljava/lang/reflect/Type;[Ljava/lang/reflect/Type;)V @ 154 c2
Event: 1348.502 Thread 0x0000013a6fd4c8a0 DEOPT PACKING pc=0x0000013a15ef45a0 sp=0x0000000a681fefd0
Event: 1348.502 Thread 0x0000013a6fd4c8a0 DEOPT UNPACKING pc=0x0000013a151646a2 sp=0x0000000a681fef48 mode 2
Event: 1557.905 Thread 0x0000013a23625460 Uncommon trap: trap_request=0xffffff45 fr.pc=0x0000013a15eef688 relative=0x0000000000000e48
Event: 1557.908 Thread 0x0000013a23625460 Uncommon trap: reason=unstable_if action=reinterpret pc=0x0000013a15eef688 method=java.util.concurrent.locks.AbstractQueuedSynchronizer.acquire(Ljava/util/concurrent/locks/AbstractQueuedSynchronizer$Node;IZZZJ)I @ 206 c2
Event: 1557.910 Thread 0x0000013a23625460 DEOPT PACKING pc=0x0000013a15eef688 sp=0x0000000a653fede0
Event: 1557.917 Thread 0x0000013a23625460 DEOPT UNPACKING pc=0x0000013a151646a2 sp=0x0000000a653fed68 mode 2
Event: 1557.917 Thread 0x0000013a23625460 Uncommon trap: trap_request=0xffffff45 fr.pc=0x0000013a15ef0d90 relative=0x0000000000000070
Event: 1557.917 Thread 0x0000013a23625460 Uncommon trap: reason=unstable_if action=reinterpret pc=0x0000013a15ef0d90 method=java.util.concurrent.locks.AbstractQueuedSynchronizer.tryInitializeHead()Ljava/util/concurrent/locks/AbstractQueuedSynchronizer$Node; @ 8 c2
Event: 1557.917 Thread 0x0000013a23625460 DEOPT PACKING pc=0x0000013a15ef0d90 sp=0x0000000a653fed60
Event: 1557.948 Thread 0x0000013a23625460 DEOPT UNPACKING pc=0x0000013a151646a2 sp=0x0000000a653fece8 mode 2
Event: 1557.953 Thread 0x0000013a23625460 Uncommon trap: trap_request=0xffffff45 fr.pc=0x0000013a15ef1cec relative=0x000000000000004c
Event: 1557.953 Thread 0x0000013a23625460 Uncommon trap: reason=unstable_if action=reinterpret pc=0x0000013a15ef1cec method=java.util.concurrent.ThreadPoolExecutor.runStateAtLeast(II)Z @ 2 c2
Event: 1557.953 Thread 0x0000013a23625460 DEOPT PACKING pc=0x0000013a15ef1cec sp=0x0000000a653fee50
Event: 1557.953 Thread 0x0000013a23625460 DEOPT UNPACKING pc=0x0000013a151646a2 sp=0x0000000a653fede8 mode 2

Classes loaded (20 events):
Event: 14.541 Loading class sun/security/rsa/RSAPrivateCrtKeyImpl
Event: 14.542 Loading class java/security/interfaces/RSAPrivateCrtKey
Event: 14.542 Loading class java/security/interfaces/RSAPrivateCrtKey done
Event: 14.542 Loading class sun/security/rsa/RSAPrivateCrtKeyImpl done
Event: 14.542 Loading class sun/security/rsa/RSAPadding
Event: 14.542 Loading class sun/security/rsa/RSAPadding done
Event: 14.544 Loading class java/time/Instant$1
Event: 14.544 Loading class java/time/Instant$1 done
Event: 14.545 Loading class java/util/ArrayDeque$DescendingIterator
Event: 14.545 Loading class java/util/ArrayDeque$DescendingIterator done
Event: 14.667 Loading class javax/xml/datatype/XMLGregorianCalendar
Event: 14.667 Loading class javax/xml/datatype/XMLGregorianCalendar done
Event: 14.712 Loading class org/w3c/dom/Node
Event: 14.712 Loading class org/w3c/dom/Node done
Event: 14.712 Loading class org/w3c/dom/Document
Event: 14.712 Loading class org/w3c/dom/Document done
Event: 1555.902 Loading class sun/net/ConnectionResetException
Event: 1555.941 Loading class sun/net/ConnectionResetException done
Event: 1560.692 Loading class java/util/concurrent/ConcurrentHashMap$ValueSpliterator
Event: 1561.124 Loading class java/util/concurrent/ConcurrentHashMap$ValueSpliterator done

Classes unloaded (0 events):
No events

Classes redefined (0 events):
No events

Internal exceptions (20 events):
Event: 8.732 Thread 0x0000013a03e9c250 Exception <a 'java/lang/IncompatibleClassChangeError'{0x000000008a55aab8}: Found class java.lang.Object, but interface was expected> (0x000000008a55aab8) 
thrown [s\open\src\hotspot\share\interpreter\linkResolver.cpp, line 840]
Event: 8.887 Thread 0x0000013a03e9c250 Exception <a 'java/lang/NoSuchMethodError'{0x0000000088afe760}: 'void java.lang.invoke.DirectMethodHandle$Holder.invokeVirtual(java.lang.Object, java.lang.Object, double)'> (0x0000000088afe760) 
thrown [s\open\src\hotspot\share\interpreter\linkResolver.cpp, line 773]
Event: 8.887 Thread 0x0000013a03e9c250 Exception <a 'java/lang/NoSuchMethodError'{0x0000000088908df0}: 'double java.lang.invoke.DelegatingMethodHandle$Holder.reinvoke_L(java.lang.Object, java.lang.Object, int)'> (0x0000000088908df0) 
thrown [s\open\src\hotspot\share\interpreter\linkResolver.cpp, line 773]
Event: 8.959 Thread 0x0000013a03e9c250 Exception <a 'java/lang/NoSuchMethodError'{0x000000008c6eb5e0}: 'java.lang.Object java.lang.invoke.DelegatingMethodHandle$Holder.reinvoke_L(java.lang.Object, java.lang.Object, java.lang.Object, java.lang.Object, int, int, int, java.lang.Object)'> (0x000000008c6eb5e0) 
thrown [s\open\src\hotspot\share\interpreter\linkResolver.cpp, line 773]
Event: 8.962 Thread 0x0000013a03e9c250 Exception <a 'java/lang/NoSuchMethodError'{0x000000008c5189e0}: 'java.lang.Object java.lang.invoke.DirectMethodHandle$Holder.invokeInterface(java.lang.Object, java.lang.Object, java.lang.Object, int, int, int, java.lang.Object)'> (0x000000008c5189e0) 
thrown [s\open\src\hotspot\share\interpreter\linkResolver.cpp, line 773]
Event: 8.963 Thread 0x0000013a03e9c250 Exception <a 'java/lang/NoSuchMethodError'{0x000000008c51caa8}: 'java.lang.Object java.lang.invoke.DirectMethodHandle$Holder.invokeSpecial(java.lang.Object, java.lang.Object, java.lang.Object, java.lang.Object, int, int, int, java.lang.Object)'> (0x000000008c51caa8) 
thrown [s\open\src\hotspot\share\interpreter\linkResolver.cpp, line 773]
Event: 8.963 Thread 0x0000013a03e9c250 Exception <a 'java/lang/NoSuchMethodError'{0x000000008c520470}: 'java.lang.Object java.lang.invoke.DelegatingMethodHandle$Holder.reinvoke_L(java.lang.Object, java.lang.Object, java.lang.Object, int, int, int, java.lang.Object)'> (0x000000008c520470) 
thrown [s\open\src\hotspot\share\interpreter\linkResolver.cpp, line 773]
Event: 8.969 Thread 0x0000013a03e9c250 Exception <a 'java/lang/NoSuchMethodError'{0x000000008c54fa98}: 'java.lang.Object java.lang.invoke.DirectMethodHandle$Holder.invokeInterface(java.lang.Object, java.lang.Object, java.lang.Object, java.lang.Object, java.lang.Object, java.lang.Object)'> (0x000000008c54fa98) 
thrown [s\open\src\hotspot\share\interpreter\linkResolver.cpp, line 773]
Event: 8.993 Thread 0x0000013a23626ea0 Exception <a 'java/lang/NoSuchMethodError'{0x000000008c49fe58}: 'void java.lang.invoke.DirectMethodHandle$Holder.invokeInterface(java.lang.Object, java.lang.Object, int, int)'> (0x000000008c49fe58) 
thrown [s\open\src\hotspot\share\interpreter\linkResolver.cpp, line 773]
Event: 8.994 Thread 0x0000013a23626ea0 Exception <a 'java/lang/NoSuchMethodError'{0x000000008c4c9d18}: 'void java.lang.invoke.DelegatingMethodHandle$Holder.reinvoke_L(java.lang.Object, java.lang.Object, int, int)'> (0x000000008c4c9d18) 
thrown [s\open\src\hotspot\share\interpreter\linkResolver.cpp, line 773]
Event: 8.996 Thread 0x0000013a23626ea0 Exception <a 'java/lang/NoSuchMethodError'{0x000000008c4ebc30}: 'java.lang.Object java.lang.invoke.DelegatingMethodHandle$Holder.reinvoke_L(java.lang.Object, java.lang.Object, java.lang.Object, int, java.lang.Object, int, int, java.lang.Object, java.lang.Object)'> (0x000000008c4ebc30) 
thrown [s\open\src\hotspot\share\interpreter\linkResolver.cpp, line 773]
Event: 9.049 Thread 0x0000013a03e9c250 Exception <a 'java/lang/IncompatibleClassChangeError'{0x000000008bf14038}: Found class java.lang.Object, but interface was expected> (0x000000008bf14038) 
thrown [s\open\src\hotspot\share\interpreter\linkResolver.cpp, line 840]
Event: 9.070 Thread 0x0000013a03e9c250 Implicit null exception at 0x0000013a15a2eb77 to 0x0000013a15a2f490
Event: 14.370 Thread 0x0000013a6fd4a140 Exception <a 'java/lang/NoSuchMethodError'{0x000000008b9a65a0}: 'java.lang.Object java.lang.invoke.DirectMethodHandle$Holder.invokeSpecial(java.lang.Object, java.lang.Object, java.lang.Object, java.lang.Object, java.lang.Object, long)'> (0x000000008b9a65a0) 
thrown [s\open\src\hotspot\share\interpreter\linkResolver.cpp, line 773]
Event: 14.370 Thread 0x0000013a6fd4a140 Exception <a 'java/lang/NoSuchMethodError'{0x000000008b9a9d28}: 'java.lang.Object java.lang.invoke.Invokers$Holder.linkToTargetMethod(java.lang.Object, java.lang.Object, java.lang.Object, long, java.lang.Object)'> (0x000000008b9a9d28) 
thrown [s\open\src\hotspot\share\interpreter\linkResolver.cpp, line 773]
Event: 14.661 Thread 0x0000013a6fd4a140 Exception <a 'java/lang/NoSuchMethodError'{0x000000008aa0a4e0}: 'java.lang.Object java.lang.invoke.DirectMethodHandle$Holder.newInvokeSpecial(java.lang.Object, java.lang.Object, java.lang.Object, long)'> (0x000000008aa0a4e0) 
thrown [s\open\src\hotspot\share\interpreter\linkResolver.cpp, line 773]
Event: 14.661 Thread 0x0000013a6fd4a140 Exception <a 'java/lang/NoSuchMethodError'{0x000000008aa0f018}: 'java.lang.Object java.lang.invoke.DirectMethodHandle$Holder.invokeSpecial(java.lang.Object, java.lang.Object, java.lang.Object, java.lang.Object, long)'> (0x000000008aa0f018) 
thrown [s\open\src\hotspot\share\interpreter\linkResolver.cpp, line 773]
Event: 14.661 Thread 0x0000013a6fd4a140 Exception <a 'java/lang/NoSuchMethodError'{0x000000008aa134b0}: 'java.lang.Object java.lang.invoke.Invokers$Holder.linkToTargetMethod(java.lang.Object, java.lang.Object, long, java.lang.Object)'> (0x000000008aa134b0) 
thrown [s\open\src\hotspot\share\interpreter\linkResolver.cpp, line 773]
Event: 1555.952 Thread 0x0000013a6fd48d90 Exception <a 'sun/net/ConnectionResetException'{0x000000008c71d618}: Connection reset> (0x000000008c71d618) 
thrown [s\open\src\hotspot\share\prims\jni.cpp, line 539]
Event: 1562.252 Thread 0x0000013a23626ea0 Exception <a 'java/lang/NoSuchMethodError'{0x00000000893880c0}: 'java.lang.Object java.lang.invoke.Invokers$Holder.linkToTargetMethod(java.lang.Object, java.lang.Object, java.lang.Object, java.lang.Object, int, java.lang.Object)'> (0x00000000893880c0) 
thrown [s\open\src\hotspot\share\interpreter\linkResolver.cpp, line 773]

ZGC Phase Switch (0 events):
No events

VM Operations (20 events):
Event: 1229.231 Executing VM operation: Cleanup
Event: 1229.231 Executing VM operation: Cleanup done
Event: 1231.245 Executing VM operation: Cleanup
Event: 1231.245 Executing VM operation: Cleanup done
Event: 1295.763 Executing VM operation: Cleanup
Event: 1295.766 Executing VM operation: Cleanup done
Event: 1462.978 Executing VM operation: Cleanup
Event: 1462.982 Executing VM operation: Cleanup done
Event: 1528.424 Executing VM operation: Cleanup
Event: 1528.425 Executing VM operation: Cleanup done
Event: 1530.444 Executing VM operation: Cleanup
Event: 1530.444 Executing VM operation: Cleanup done
Event: 1556.622 Executing VM operation: Cleanup
Event: 1556.637 Executing VM operation: Cleanup done
Event: 1557.640 Executing VM operation: Cleanup
Event: 1557.640 Executing VM operation: Cleanup done
Event: 1558.652 Executing VM operation: Cleanup
Event: 1558.699 Executing VM operation: Cleanup done
Event: 1562.732 Executing VM operation: Cleanup
Event: 1562.748 Executing VM operation: Cleanup done

Events (20 events):
Event: 554.895 Thread 0x0000013a2380db90 Thread added: 0x0000013a2380db90
Event: 562.010 Thread 0x0000013a2380db90 Thread exited: 0x0000013a2380db90
Event: 562.010 Thread 0x0000013a6b45e920 Thread exited: 0x0000013a6b45e920
Event: 1137.162 Thread 0x0000013a6b45e920 Thread added: 0x0000013a6b45e920
Event: 1140.195 Thread 0x0000013a6b45e920 Thread exited: 0x0000013a6b45e920
Event: 1140.199 Thread 0x0000013a6b45e920 Thread added: 0x0000013a6b45e920
Event: 1145.226 Thread 0x0000013a6b45e920 Thread exited: 0x0000013a6b45e920
Event: 1161.680 Thread 0x0000013a6b45e920 Thread added: 0x0000013a6b45e920
Event: 1165.000 Thread 0x0000013a6b45e920 Thread exited: 0x0000013a6b45e920
Event: 1524.964 Thread 0x0000013a6db3b010 Thread added: 0x0000013a6db3b010
Event: 1532.085 Thread 0x0000013a6db3b010 Thread exited: 0x0000013a6db3b010
Event: 1556.478 Thread 0x0000013a23823ca0 Thread exited: 0x0000013a23823ca0
Event: 1557.222 Thread 0x0000013a23625460 Thread added: 0x0000013a23625460
Event: 1557.886 Thread 0x0000013a23628f70 Thread added: 0x0000013a23628f70
Event: 1557.981 Thread 0x0000013a23628f70 Thread exited: 0x0000013a23628f70
Event: 1557.982 Thread 0x0000013a2362b6d0 Thread exited: 0x0000013a2362b6d0
Event: 1557.982 Thread 0x0000013a23625460 Thread exited: 0x0000013a23625460
Event: 1558.247 Thread 0x0000013a6fd48d90 Thread exited: 0x0000013a6fd48d90
Event: 1563.218 Thread 0x0000013a2362b040 Thread added: 0x0000013a2362b040
Event: 1563.231 Thread 0x0000013a23626ea0 Thread exited: 0x0000013a23626ea0


Dynamic libraries:
0x00007ff6d4da0000 - 0x00007ff6d4db0000 	C:\Program Files\Java\jdk-21\bin\javaw.exe
0x00007ffcfa040000 - 0x00007ffcfa249000 	C:\windows\SYSTEM32\ntdll.dll
0x00007ffcf86c0000 - 0x00007ffcf877d000 	C:\windows\System32\KERNEL32.DLL
0x00007ffcf7790000 - 0x00007ffcf7b14000 	C:\windows\System32\KERNELBASE.dll
0x00007ffcf74d0000 - 0x00007ffcf75e1000 	C:\windows\System32\ucrtbase.dll
0x00007ffceae80000 - 0x00007ffceae9b000 	C:\Program Files\Java\jdk-21\bin\VCRUNTIME140.dll
0x00007ffcd9fe0000 - 0x00007ffcd9ff9000 	C:\Program Files\Java\jdk-21\bin\jli.dll
0x00007ffcf8410000 - 0x00007ffcf84be000 	C:\windows\System32\ADVAPI32.dll
0x00007ffcf7e90000 - 0x00007ffcf7f33000 	C:\windows\System32\msvcrt.dll
0x00007ffcf9f60000 - 0x00007ffcf9ffe000 	C:\windows\System32\sechost.dll
0x00007ffcf8790000 - 0x00007ffcf88b1000 	C:\windows\System32\RPCRT4.dll
0x00007ffcf8140000 - 0x00007ffcf82ed000 	C:\windows\System32\USER32.dll
0x00007ffcf7dc0000 - 0x00007ffcf7de6000 	C:\windows\System32\win32u.dll
0x00007ffcf8690000 - 0x00007ffcf86ba000 	C:\windows\System32\GDI32.dll
0x00007ffcf7670000 - 0x00007ffcf778e000 	C:\windows\System32\gdi32full.dll
0x00007ffcf7df0000 - 0x00007ffcf7e8d000 	C:\windows\System32\msvcp_win.dll
0x00007ffcd70f0000 - 0x00007ffcd7395000 	C:\windows\WinSxS\amd64_microsoft.windows.common-controls_6595b64144ccf1df_6.0.22000.120_none_9d947278b86cc467\COMCTL32.dll
0x00007ffcf2fb0000 - 0x00007ffcf2fba000 	C:\windows\SYSTEM32\VERSION.dll
0x00007ffcf8930000 - 0x00007ffcf8961000 	C:\windows\System32\IMM32.DLL
0x00007ffcd9fd0000 - 0x00007ffcd9fdc000 	C:\Program Files\Java\jdk-21\bin\vcruntime140_1.dll
0x00007ffc8a200000 - 0x00007ffc8a28e000 	C:\Program Files\Java\jdk-21\bin\msvcp140.dll
0x00007ffc81980000 - 0x00007ffc8269a000 	C:\Program Files\Java\jdk-21\bin\server\jvm.dll
0x00007ffcf9ef0000 - 0x00007ffcf9f5f000 	C:\windows\System32\WS2_32.dll
0x00007ffcf6f90000 - 0x00007ffcf6fdd000 	C:\windows\SYSTEM32\POWRPROF.dll
0x00007ffceaef0000 - 0x00007ffceaf23000 	C:\windows\SYSTEM32\WINMM.dll
0x00007ffcf6f70000 - 0x00007ffcf6f83000 	C:\windows\SYSTEM32\UMPDC.dll
0x00007ffcf6350000 - 0x00007ffcf6368000 	C:\windows\SYSTEM32\kernel.appcore.dll
0x00007ffcd9fc0000 - 0x00007ffcd9fca000 	C:\Program Files\Java\jdk-21\bin\jimage.dll
0x00007ffcf1690000 - 0x00007ffcf18b1000 	C:\windows\SYSTEM32\DBGHELP.DLL
0x00007ffcf1650000 - 0x00007ffcf1681000 	C:\windows\SYSTEM32\dbgcore.DLL
0x00007ffcf75f0000 - 0x00007ffcf766f000 	C:\windows\System32\bcryptPrimitives.dll
0x00007ffcd9fa0000 - 0x00007ffcd9fbf000 	C:\Program Files\Java\jdk-21\bin\java.dll
0x00007ffcf8a70000 - 0x00007ffcf9235000 	C:\windows\System32\SHELL32.dll
0x00007ffcf53b0000 - 0x00007ffcf5c12000 	C:\windows\SYSTEM32\windows.storage.dll
0x00007ffcf9330000 - 0x00007ffcf96a6000 	C:\windows\System32\combase.dll
0x00007ffcf5240000 - 0x00007ffcf53a7000 	C:\windows\SYSTEM32\wintypes.dll
0x00007ffcf9240000 - 0x00007ffcf932a000 	C:\windows\System32\SHCORE.dll
0x00007ffcf9710000 - 0x00007ffcf976d000 	C:\windows\System32\shlwapi.dll
0x00007ffcf7400000 - 0x00007ffcf7425000 	C:\windows\SYSTEM32\profapi.dll
0x00007ffc868a0000 - 0x00007ffc86977000 	C:\Program Files\Java\jdk-21\bin\jsvml.dll
0x00007ffcd9f90000 - 0x00007ffcd9fa0000 	C:\Program Files\Java\jdk-21\bin\net.dll
0x00007ffcf2d90000 - 0x00007ffcf2ea4000 	C:\windows\SYSTEM32\WINHTTP.dll
0x00007ffcf67f0000 - 0x00007ffcf6857000 	C:\windows\system32\mswsock.dll
0x00007ffcd9f70000 - 0x00007ffcd9f86000 	C:\Program Files\Java\jdk-21\bin\nio.dll
0x00007ffcad340000 - 0x00007ffcad358000 	C:\Program Files\Java\jdk-21\bin\zip.dll
0x00007ffcf5e70000 - 0x00007ffcf5e9d000 	C:\windows\SYSTEM32\IPHLPAPI.DLL
0x00007ffcf8780000 - 0x00007ffcf8789000 	C:\windows\System32\NSI.dll
0x00007ffcf5ea0000 - 0x00007ffcf5f87000 	C:\windows\SYSTEM32\DNSAPI.dll
0x00007ffcf1e00000 - 0x00007ffcf1e0a000 	C:\Windows\System32\rasadhlp.dll
0x00007ffcf2220000 - 0x00007ffcf22a1000 	C:\windows\System32\fwpuclnt.dll
0x00007ffcf6ac0000 - 0x00007ffcf6ad8000 	C:\windows\SYSTEM32\CRYPTSP.dll
0x00007ffcf62b0000 - 0x00007ffcf62e5000 	C:\windows\system32\rsaenh.dll
0x00007ffcf6890000 - 0x00007ffcf68bc000 	C:\windows\SYSTEM32\USERENV.dll
0x00007ffcf6c70000 - 0x00007ffcf6c97000 	C:\windows\SYSTEM32\bcrypt.dll
0x00007ffcf69e0000 - 0x00007ffcf69ec000 	C:\windows\SYSTEM32\CRYPTBASE.dll
0x00007ffcc0490000 - 0x00007ffcc0499000 	C:\Program Files\Java\jdk-21\bin\extnet.dll
0x00007ffccbf20000 - 0x00007ffccbf2e000 	C:\Program Files\Java\jdk-21\bin\sunmscapi.dll
0x00007ffcf7b90000 - 0x00007ffcf7cf2000 	C:\windows\System32\CRYPT32.dll
0x00007ffcf6c40000 - 0x00007ffcf6c68000 	C:\windows\SYSTEM32\ncrypt.dll
0x00007ffcf6c00000 - 0x00007ffcf6c37000 	C:\windows\SYSTEM32\NTASN1.dll
0x00007ffcf43a0000 - 0x00007ffcf43aa000 	C:\Program Files\Java\jdk-21\bin\management.dll
0x00007ffcf4360000 - 0x00007ffcf436b000 	C:\Program Files\Java\jdk-21\bin\management_ext.dll
0x00007ffcf8680000 - 0x00007ffcf8688000 	C:\windows\System32\PSAPI.DLL
0x00007ffccc2b0000 - 0x00007ffccc2c0000 	C:\Program Files\Java\jdk-21\bin\verify.dll
0x00007ffccc370000 - 0x00007ffccc378000 	C:\windows\system32\wshunix.dll

dbghelp: loaded successfully - version: 4.0.5 - missing functions: none
symbol engine: initialized successfully - sym options: 0x614 - pdb path: .;C:\Program Files\Java\jdk-21\bin;C:\windows\SYSTEM32;C:\windows\WinSxS\amd64_microsoft.windows.common-controls_6595b64144ccf1df_6.0.22000.120_none_9d947278b86cc467;C:\Program Files\Java\jdk-21\bin\server

VM Arguments:
jvm_args: -Dfile.encoding=UTF-8 -Dstdout.encoding=UTF-8 -Dstderr.encoding=UTF-8 -XX:+ShowCodeDetailsInExceptionMessages 
java_command: com.hamch.customerservice.CustomerServiceApplication
java_class_path (initial): B:\Java091024\MyEcomGitHub\myEcomm091024\customer-service\target\classes;C:\Users\Abdella Hamch\.m2\repository\net\bytebuddy\byte-buddy\1.14.10\byte-buddy-1.14.10.jar;C:\Users\Abdella Hamch\.m2\repository\org\modelmapper\modelmapper\3.2.0\modelmapper-3.2.0.jar;C:\Users\Abdella Hamch\.m2\repository\org\springframework\boot\spring-boot-autoconfigure\3.2.1\spring-boot-autoconfigure-3.2.1.jar;C:\Users\Abdella Hamch\.m2\repository\org\springframework\boot\spring-boot\3.2.1\spring-boot-3.2.1.jar;C:\Users\Abdella Hamch\.m2\repository\org\jetbrains\annotations\17.0.0\annotations-17.0.0.jar;C:\Users\Abdella Hamch\.m2\repository\org\springframework\boot\spring-boot-starter-validation\3.2.1\spring-boot-starter-validation-3.2.1.jar;C:\Users\Abdella Hamch\.m2\repository\org\springframework\boot\spring-boot-starter\3.2.1\spring-boot-starter-3.2.1.jar;C:\Users\Abdella Hamch\.m2\repository\org\springframework\boot\spring-boot-starter-logging\3.2.1\spring-boot-starter-logging-3.2.1.jar;C:\Users\Abdella Hamch\.m2\repository\ch\qos\logback\logback-classic\1.4.14\logback-classic-1.4.14.jar;C:\Users\Abdella Hamch\.m2\repository\ch\qos\logback\logback-core\1.4.14\logback-core-1.4.14.jar;C:\Users\Abdella Hamch\.m2\repository\org\apache\logging\log4j\log4j-to-slf4j\2.21.1\log4j-to-slf4j-2.21.1.jar;C:\Users\Abdella Hamch\.m2\repository\org\apache\logging\log4j\log4j-api\2.21.1\log4j-api-2.21.1.jar;C:\Users\Abdella Hamch\.m2\repository\org\slf4j\jul-to-slf4j\2.0.9\jul-to-slf4j-2.0.9.jar;C:\Users\Abdella Hamch\.m2\repository\jakarta\annotation\jakarta.annotation-api\2.1.1\jakarta.annotation-api-2.1.1.jar;C:\Users\Abdella Hamch\.m2\repository\org\yaml\snakeyaml\2.2\snakeyaml-2.2.jar;C:\Users\Abdella Hamch\.m2\repository\org\apache\tomcat\embed\tomcat-embed-el\10.1.17\tomcat-embed-el-10.1.17.jar;C:\Users\Abdella Hamch\.m2\repository\org\hibernate\validator\hibernate-validator\8.0.1.Final\hibernate-validator-8.0.1.Final.jar;C:\Users\Abdella Hamch\.m2\repository\jakarta\validation\jakarta.validation-api\3.0.2\jakarta.validation-api-3.0.2.jar;C:\Users\Abdella Hamch\.m2\repository\org\jboss\logging\jboss-logging\3.5.3.Final\jboss-logging-3.5.3.Final.jar;C:\Users\Abdella Hamch\.m2\repository\com\fasterxml\classmate\1.6.0\classmate-1.6.0.jar;C:\Users\Abdella Hamch\.m2\repository\org\springframework\boot\spring-boot-starter-jdbc\3.2.1\spring-boot-starter-jdbc-3.2.1.jar;C:\Users\Abdella Hamch\.m2\repository\com\zaxxer\HikariCP\5.0.1\HikariCP-5.0.1.jar;C:\Users\Abdella Hamch\.m2\repository\org\springframework\spring-jdbc\6.1.2\spring-jdbc-6.1.2.jar;C:\Users\Abdella Hamch\.m2\repository\org\springframework\spring-beans\6.1.2\spring-beans-6.1.2.jar;C:\Users\Abdella Hamch\.m2\repository\org\postgresql\postgresql\42.6.0\postgresql-42.6.0.jar;C:\Users\Abdella Hamch\.m2\repository\org\checkerframework\checker-qual\3.31.0\checker-qual-3.31.0.jar;C:\Users\Abdella Hamch\.m2\repository\org\springdoc\springdoc-openapi-starter-webmvc-ui\2.3.0\springdoc-openapi-starter-webmvc-ui-2.3.0.jar;C:\Users\Abdella Hamch\.m2\repository\org\springdoc\springdoc-openapi-starter-webmvc-api\2.3.0\springdoc-openapi-starter-webmvc-api-2.3.0.jar;C:\Users\Abdella Hamch\.m2\repository\org\springdoc\springdoc-openapi-starter-common\2.3.0\springdoc-openapi-starter-common-2.3.0.jar;C:\Users\Abdella Hamch\.m2\repository\io\swagger\core\v3\swagger-core-jakarta\2.2.19\swagger-core-jakarta-2.2.19.jar;C:\Users\Abdella Hamch\.m2\repository\org\apache\commons\commons-lang3\3.13.0\commons-lang3-3.13.0.jar;C:\Users\Abdella Hamch\.m2\repository\io\swagger\core\v3\swagger-annotations-jakarta\2.2.19\swagger-annotations-jakarta-2.2.19.jar;C:\Users\Abdella Hamch\.m2\repository\io\swagger\core\v3\swagger-models-jakarta\2.2.19\swagger-models-jakarta-2.2.19.jar;C:\Users\Abdella Hamch\.m2\repository\com\fasterxml\jackson\dataformat\jackson-dataformat-yaml\2.15.3\jackson-dataformat-yaml-2.15.3.jar;C:\Users\Abdella Hamch\.m2\repository\org\webjars\swagger-ui\5.10.3\swagger-ui-5.10.3.jar;C:\Users\Abdella Hamch\.m2\repository\org\springframework\boot\spring-boot-starter-data-jpa\3.2.1\spring-boot-starter-data-jpa-3.2.1.jar;C:\Users\Abdella Hamch\.m2\repository\org\springframework\boot\spring-boot-starter-aop\3.2.1\spring-boot-starter-aop-3.2.1.jar;C:\Users\Abdella Hamch\.m2\repository\org\aspectj\aspectjweaver\1.9.21\aspectjweaver-1.9.21.jar;C:\Users\Abdella Hamch\.m2\repository\org\hibernate\orm\hibernate-core\6.4.1.Final\hibernate-core-6.4.1.Final.jar;C:\Users\Abdella Hamch\.m2\repository\jakarta\persistence\jakarta.persistence-api\3.1.0\jakarta.persistence-api-3.1.0.jar;C:\Users\Abdella Hamch\.m2\repository\jakarta\transaction\jakarta.transaction-api\2.0.1\jakarta.transaction-api-2.0.1.jar;C:\Users\Abdella Hamch\.m2\repository\org\hibernate\common\hibernate-commons-annotations\6.0.6.Final\hibernate-commons-annotations-6.0.6.Final.jar;C:\Users\Abdella Hamch\.m2\repository\io\smallrye\jandex\3.1.2\jandex-3.1.2.jar;C:\Users\Abdella Hamch\.m2\repository\org\glassfish\jaxb\jaxb-runtime\4.0.4\jaxb-runtime-4.0.4.jar;C:\Users\Abdella Hamch\.m2\repository\org\glassfish\jaxb\jaxb-core\4.0.4\jaxb-core-4.0.4.jar;C:\Users\Abdella Hamch\.m2\repository\org\eclipse\angus\angus-activation\2.0.1\angus-activation-2.0.1.jar;C:\Users\Abdella Hamch\.m2\repository\org\glassfish\jaxb\txw2\4.0.4\txw2-4.0.4.jar;C:\Users\Abdella Hamch\.m2\repository\com\sun\istack\istack-commons-runtime\4.1.2\istack-commons-runtime-4.1.2.jar;C:\Users\Abdella Hamch\.m2\repository\jakarta\inject\jakarta.inject-api\2.0.1\jakarta.inject-api-2.0.1.jar;C:\Users\Abdella Hamch\.m2\repository\org\antlr\antlr4-runtime\4.13.0\antlr4-runtime-4.13.0.jar;C:\Users\Abdella Hamch\.m2\repository\org\springframework\data\spring-data-jpa\3.2.1\spring-data-jpa-3.2.1.jar;C:\Users\Abdella Hamch\.m2\repository\org\springframework\spring-orm\6.1.2\spring-orm-6.1.2.jar;C:\Users\Abdella Hamch\.m2\repository\org\springframework\spring-context\6.1.2\spring-context-6.1.2.jar;C:\Users\Abdella Hamch\.m2\repository\org\springframework\spring-aspects\6.1.2\spring-aspects-6.1.2.jar;C:\Users\Abdella Hamch\.m2\repository\org\springframework\security\spring-security-oauth2-resource-server\6.2.1\spring-security-oauth2-resource-server-6.2.1.jar;C:\Users\Abdella Hamch\.m2\repository\org\springframework\security\spring-security-core\6.2.1\spring-security-core-6.2.1.jar;C:\Users\Abdella Hamch\.m2\repository\org\springframework\security\spring-security-crypto\6.2.1\spring-security-crypto-6.2.1.jar;C:\Users\Abdella Hamch\.m2\repository\org\springframework\spring-expression\6.1.2\spring-expression-6.1.2.jar;C:\Users\Abdella Hamch\.m2\repository\org\springframework\security\spring-security-oauth2-core\6.2.1\spring-security-oauth2-core-6.2.1.jar;C:\Users\Abdella Hamch\.m2\repository\org\springframework\security\spring-security-web\6.2.1\spring-security-web-6.2.1.jar;C:\Users\Abdella Hamch\.m2\repository\org\springframework\spring-core\6.1.2\spring-core-6.1.2.jar;C:\Users\Abdella Hamch\.m2\repository\org\springframework\spring-jcl\6.1.2\spring-jcl-6.1.2.jar;C:\Users\Abdella Hamch\.m2\repository\org\springframework\security\spring-security-oauth2-jose\6.2.1\spring-security-oauth2-jose-6.2.1.jar;C:\Users\Abdella Hamch\.m2\repository\com\nimbusds\nimbus-jose-jwt\9.24.4\nimbus-jose-jwt-9.24.4.jar;C:\Users\Abdella Hamch\.m2\repository\com\github\stephenc\jcip\jcip-annotations\1.0-1\jcip-annotations-1.0-1.jar;C:\Users\Abdella Hamch\.m2\repository\org\springframework\boot\spring-boot-starter-security\3.2.1\spring-boot-starter-security-3.2.1.jar;C:\Users\Abdella Hamch\.m2\repository\org\springframework\spring-aop\6.1.2\spring-aop-6.1.2.jar;C:\Users\Abdella Hamch\.m2\repository\org\springframework\security\spring-security-config\6.2.1\spring-security-config-6.2.1.jar;C:\Users\Abdella Hamch\.m2\repository\org\keycloak\keycloak-spring-boot-starter\21.0.2\keycloak-spring-boot-starter-21.0.2.jar;C:\Users\Abdella Hamch\.m2\repository\org\keycloak\keycloak-spring-boot-2-adapter\21.0.2\keycloak-spring-boot-2-adapter-21.0.2.jar;C:\Users\Abdella Hamch\.m2\repository\org\keycloak\keycloak-spring-boot-adapter-core\21.0.2\keycloak-spring-boot-adapter-core-21.0.2.jar;C:\Users\Abdella Hamch\.m2\repository\org\keycloak\keycloak-core\21.0.2\keycloak-core-21.0.2.jar;C:\Users\Abdella Hamch\.m2\repository\org\keycloak\keycloak-common\21.0.2\keycloak-common-21.0.2.jar;C:\Users\Abdella Hamch\.m2\repository\com\sun\activation\jakarta.activation\1.2.2\jakarta.activation-1.2.2.jar;C:\Users\Abdella Hamch\.m2\repository\org\keycloak\keycloak-authz-client\21.0.2\keycloak-authz-client-21.0.2.jar;C:\Users\Abdella Hamch\.m2\repository\org\keycloak\spring-boot-container-bundle\21.0.2\spring-boot-container-bundle-21.0.2.jar;C:\Users\Abdella Hamch\.m2\repository\org\keycloak\keycloak-adapter-core\21.0.2\keycloak-adapter-core-21.0.2.jar;C:\Users\Abdella Hamch\.m2\repository\org\keycloak\keycloak-crypto-default\21.0.2\keycloak-crypto-default-21.0.2.jar;C:\Users\Abdella Hamch\.m2\repository\org\keycloak\keycloak-server-spi\21.0.2\keycloak-server-spi-21.0.2.jar;C:\Users\Abdella Hamch\.m2\repository\org\keycloak\keycloak-server-spi-private\21.0.2\keycloak-server-spi-private-21.0.2.jar;C:\Users\Abdella Hamch\.m2\repository\org\bouncycastle\bcpkix-jdk15on\1.70\bcpkix-jdk15on-1.70.jar;C:\Users\Abdella Hamch\.m2\repository\org\bouncycastle\bcutil-jdk15on\1.70\bcutil-jdk15on-1.70.jar;C:\Users\Abdella Hamch\.m2\repository\org\keycloak\keycloak-spring-security-adapter\21.0.2\keycloak-spring-security-adapter-21.0.2.jar;C:\Users\Abdella Hamch\.m2\repository\org\keycloak\keycloak-adapter-spi\21.0.2\keycloak-adapter-spi-21.0.2.jar;C:\Users\Abdella Hamch\.m2\repository\org\bouncycastle\bcprov-jdk15on\1.70\bcprov-jdk15on-1.70.jar;C:\Users\Abdella Hamch\.m2\repository\com\fasterxml\jackson\core\jackson-core\2.15.3\jackson-core-2.15.3.jar;C:\Users\Abdella Hamch\.m2\repository\com\fasterxml\jackson\core\jackson-databind\2.15.3\jackson-databind-2.15.3.jar;C:\Users\Abdella Hamch\.m2\repository\org\springframework\boot\spring-boot-starter-web\3.2.1\spring-boot-starter-web-3.2.1.jar;C:\Users\Abdella Hamch\.m2\repository\org\springframework\boot\spring-boot-starter-json\3.2.1\spring-boot-starter-json-3.2.1.jar;C:\Users\Abdella Hamch\.m2\repository\com\fasterxml\jackson\datatype\jackson-datatype-jsr310\2.15.3\jackson-datatype-jsr310-2.15.3.jar;C:\Users\Abdella Hamch\.m2\repository\com\fasterxml\jackson\module\jackson-module-parameter-names\2.15.3\jackson-module-parameter-names-2.15.3.jar;C:\Users\Abdella Hamch\.m2\repository\org\springframework\boot\spring-boot-starter-tomcat\3.2.1\spring-boot-starter-tomcat-3.2.1.jar;C:\Users\Abdella Hamch\.m2\repository\org\apache\tomcat\embed\tomcat-embed-core\10.1.17\tomcat-embed-core-10.1.17.jar;C:\Users\Abdella Hamch\.m2\repository\org\apache\tomcat\embed\tomcat-embed-websocket\10.1.17\tomcat-embed-websocket-10.1.17.jar;C:\Users\Abdella Hamch\.m2\repository\org\springframework\spring-web\6.1.2\spring-web-6.1.2.jar;C:\Users\Abdella Hamch\.m2\repository\org\springframework\spring-webmvc\6.1.2\spring-webmvc-6.1.2.jar;C:\Users\Abdella Hamch\.m2\repository\org\springframework\cloud\spring-cloud-stream-binder-rabbit\4.1.0\spring-cloud-stream-binder-rabbit-4.1.0.jar;C:\Users\Abdella Hamch\.m2\repository\org\springframework\cloud\spring-cloud-stream-binder-rabbit-core\4.1.0\spring-cloud-stream-binder-rabbit-core-4.1.0.jar;C:\Users\Abdella Hamch\.m2\repository\org\springframework\boot\spring-boot-starter-webflux\3.2.1\spring-boot-starter-webflux-3.2.1.jar;C:\Users\Abdella Hamch\.m2\repository\org\springframework\boot\spring-boot-starter-reactor-netty\3.2.1\spring-boot-starter-reactor-netty-3.2.1.jar;C:\Users\Abdella Hamch\.m2\repository\org\springframework\spring-webflux\6.1.2\spring-webflux-6.1.2.jar;C:\Users\Abdella Hamch\.m2\repository\io\projectreactor\netty\reactor-netty\1.1.14\reactor-netty-1.1.14.jar;C:\Users\Abdella Hamch\.m2\repository\io\projectreactor\netty\reactor-netty-core\1.1.14\reactor-netty-core-1.1.14.jar;C:\Users\Abdella Hamch\.m2\repository\io\netty\netty-handler\4.1.104.Final\netty-handler-4.1.104.Final.jar;C:\Users\Abdella Hamch\.m2\repository\io\netty\netty-common\4.1.104.Final\netty-common-4.1.104.Final.jar;C:\Users\Abdella Hamch\.m2\repository\io\netty\netty-resolver\4.1.104.Final\netty-resolver-4.1.104.Final.jar;C:\Users\Abdella Hamch\.m2\repository\io\netty\netty-buffer\4.1.104.Final\netty-buffer-4.1.104.Final.jar;C:\Users\Abdella Hamch\.m2\repository\io\netty\netty-transport\4.1.104.Final\netty-transport-4.1.104.Final.jar;C:\Users\Abdella Hamch\.m2\repository\io\netty\netty-transport-native-unix-common\4.1.104.Final\netty-transport-native-unix-common-4.1.104.Final.jar;C:\Users\Abdella Hamch\.m2\repository\io\netty\netty-codec\4.1.104.Final\netty-codec-4.1.104.Final.jar;C:\Users\Abdella Hamch\.m2\repository\io\netty\netty-handler-proxy\4.1.104.Final\netty-handler-proxy-4.1.104.Final.jar;C:\Users\Abdella Hamch\.m2\repository\io\netty\netty-codec-socks\4.1.104.Final\netty-codec-socks-4.1.104.Final.jar;C:\Users\Abdella Hamch\.m2\repository\io\netty\netty-resolver-dns\4.1.104.Final\netty-resolver-dns-4.1.104.Final.jar;C:\Users\Abdella Hamch\.m2\repository\io\netty\netty-codec-dns\4.1.104.Final\netty-codec-dns-4.1.104.Final.jar;C:\Users\Abdella Hamch\.m2\repository\io\netty\netty-resolver-dns-native-macos\4.1.104.Final\netty-resolver-dns-native-macos-4.1.104.Final-osx-x86_64.jar;C:\Users\Abdella Hamch\.m2\repository\io\netty\netty-resolver-dns-classes-macos\4.1.104.Final\netty-resolver-dns-classes-macos-4.1.104.Final.jar;C:\Users\Abdella Hamch\.m2\repository\io\netty\netty-transport-native-epoll\4.1.104.Final\netty-transport-native-epoll-4.1.104.Final-linux-x86_64.jar;C:\Users\Abdella Hamch\.m2\repository\io\netty\netty-transport-classes-epoll\4.1.104.Final\netty-transport-classes-epoll-4.1.104.Final.jar;C:\Users\Abdella Hamch\.m2\repository\io\projectreactor\netty\reactor-netty-http\1.1.14\reactor-netty-http-1.1.14.jar;C:\Users\Abdella Hamch\.m2\repository\io\netty\netty-codec-http\4.1.104.Final\netty-codec-http-4.1.104.Final.jar;C:\Users\Abdella Hamch\.m2\repository\io\netty\netty-codec-http2\4.1.104.Final\netty-codec-http2-4.1.104.Final.jar;C:\Users\Abdella Hamch\.m2\repository\io\projectreactor\netty\incubator\reactor-netty-incubator-quic\0.1.14\reactor-netty-incubator-quic-0.1.14.jar;C:\Users\Abdella Hamch\.m2\repository\io\netty\incubator\netty-incubator-codec-native-quic\0.0.54.Final\netty-incubator-codec-native-quic-0.0.54.Final-linux-x86_64.jar;C:\Users\Abdella Hamch\.m2\repository\io\netty\incubator\netty-incubator-codec-classes-quic\0.0.54.Final\netty-incubator-codec-classes-quic-0.0.54.Final.jar;C:\Users\Abdella Hamch\.m2\repository\org\springframework\cloud\spring-cloud-stream\4.1.0\spring-cloud-stream-4.1.0.jar;C:\Users\Abdella Hamch\.m2\repository\org\springframework\spring-messaging\6.1.2\spring-messaging-6.1.2.jar;C:\Users\Abdella Hamch\.m2\repository\org\springframework\retry\spring-retry\2.0.5\spring-retry-2.0.5.jar;C:\Users\Abdella Hamch\.m2\repository\org\springframework\cloud\spring-cloud-function-context\4.1.0\spring-cloud-function-context-4.1.0.jar;C:\Users\Abdella Hamch\.m2\repository\net\jodah\typetools\0.6.2\typetools-0.6.2.jar;C:\Users\Abdella Hamch\.m2\repository\org\springframework\cloud\spring-cloud-function-core\4.1.0\spring-cloud-function-core-4.1.0.jar;C:\Users\Abdella Hamch\.m2\repository\org\jetbrains\kotlin\kotlin-stdlib-jdk8\1.9.21\kotlin-stdlib-jdk8-1.9.21.jar;C:\Users\Abdella Hamch\.m2\repository\org\jetbrains\kotlin\kotlin-stdlib\1.9.21\kotlin-stdlib-1.9.21.jar;C:\Users\Abdella Hamch\.m2\repository\org\jetbrains\kotlin\kotlin-stdlib-jdk7\1.9.21\kotlin-stdlib-jdk7-1.9.21.jar;C:\Users\Abdella Hamch\.m2\repository\org\springframework\boot\spring-boot-starter-amqp\3.2.1\spring-boot-starter-amqp-3.2.1.jar;C:\Users\Abdella Hamch\.m2\repository\org\springframework\amqp\spring-rabbit\3.1.1\spring-rabbit-3.1.1.jar;C:\Users\Abdella Hamch\.m2\repository\org\springframework\amqp\spring-amqp\3.1.1\spring-amqp-3.1.1.jar;C:\Users\Abdella Hamch\.m2\repository\com\rabbitmq\amqp-client\5.19.0\amqp-client-5.19.0.jar;C:\Users\Abdella Hamch\.m2\repository\org\springframework\integration\spring-integration-amqp\6.2.1\spring-integration-amqp-6.2.1.jar;C:\Users\Abdella Hamch\.m2\repository\org\springframework\integration\spring-integration-core\6.2.1\spring-integration-core-6.2.1.jar;C:\Users\Abdella Hamch\.m2\repository\io\projectreactor\reactor-core\3.6.1\reactor-core-3.6.1.jar;C:\Users\Abdella Hamch\.m2\repository\org\reactivestreams\reactive-streams\1.0.4\reactive-streams-1.0.4.jar;C:\Users\Abdella Hamch\.m2\repository\org\springframework\integration\spring-integration-jmx\6.2.1\spring-integration-jmx-6.2.1.jar;C:\Users\Abdella Hamch\.m2\repository\org\apache\httpcomponents\httpclient\4.5.14\httpclient-4.5.14.jar;C:\Users\Abdella Hamch\.m2\repository\org\apache\httpcomponents\httpcore\4.4.16\httpcore-4.4.16.jar;C:\Users\Abdella Hamch\.m2\repository\commons-logging\commons-logging\1.2\commons-logging-1.2.jar;C:\Users\Abdella Hamch\.m2\repository\commons-codec\commons-codec\1.16.0\commons-codec-1.16.0.jar;C:\Users\Abdella Hamch\.m2\repository\org\springframework\cloud\spring-cloud-starter-bus-amqp\4.1.0\spring-cloud-starter-bus-amqp-4.1.0.jar;C:\Users\Abdella Hamch\.m2\repository\org\springframework\cloud\spring-cloud-starter-stream-rabbit\4.1.0\spring-cloud-starter-stream-rabbit-4.1.0.jar;C:\Users\Abdella Hamch\.m2\repository\org\springframework\cloud\spring-cloud-bus\4.1.0\spring-cloud-bus-4.1.0.jar;C:\Users\Abdella Hamch\.m2\repository\org\springframework\cloud\spring-cloud-starter-consul-discovery\4.1.0\spring-cloud-starter-consul-discovery-4.1.0.jar;C:\Users\Abdella Hamch\.m2\repository\org\springframework\cloud\spring-cloud-starter-consul\4.1.0\spring-cloud-starter-consul-4.1.0.jar;C:\Users\Abdella Hamch\.m2\repository\org\springframework\cloud\spring-cloud-consul-core\4.1.0\spring-cloud-consul-core-4.1.0.jar;C:\Users\Abdella Hamch\.m2\repository\com\ecwid\consul\consul-api\1.4.5\consul-api-1.4.5.jar;C:\Users\Abdella Hamch\.m2\repository\com\google\code\gson\gson\2.10.1\gson-2.10.1.jar;C:\Users\Abdella Hamch\.m2\repository\org\springframework\cloud\spring-cloud-consul-discovery\4.1.0\spring-cloud-consul-discovery-4.1.0.jar;C:\Users\Abdella Hamch\.m2\repository\org\springframework\cloud\spring-cloud-starter-loadbalancer\4.1.0\spring-cloud-starter-loadbalancer-4.1.0.jar;C:\Users\Abdella Hamch\.m2\repository\org\springframework\cloud\spring-cloud-loadbalancer\4.1.0\spring-cloud-loadbalancer-4.1.0.jar;C:\Users\Abdella Hamch\.m2\repository\io\projectreactor\addons\reactor-extra\3.5.1\reactor-extra-3.5.1.jar;C:\Users\Abdella Hamch\.m2\repository\org\springframework\boot\spring-boot-starter-cache\3.2.1\spring-boot-starter-cache-3.2.1.jar;C:\Users\Abdella Hamch\.m2\repository\org\springframework\spring-context-support\6.1.2\spring-context-support-6.1.2.jar;C:\Users\Abdella Hamch\.m2\repository\com\stoyanr\evictor\1.0.0\evictor-1.0.0.jar;C:\Users\Abdella Hamch\.m2\repository\org\springframework\cloud\spring-cloud-starter-consul-config\4.1.0\spring-cloud-starter-consul-config-4.1.0.jar;C:\Users\Abdella Hamch\.m2\repository\org\springframework\cloud\spring-cloud-consul-config\4.1.0\spring-cloud-consul-config-4.1.0.jar;C:\Users\Abdella Hamch\.m2\repository\org\springframework\cloud\spring-cloud-commons\4.1.0\spring-cloud-commons-4.1.0.jar;C:\Users\Abdella Hamch\.m2\repository\org\springframework\boot\spring-boot-starter-actuator\3.0.1\spring-boot-starter-actuator-3.0.1.jar;C:\Users\Abdella Hamch\.m2\repository\org\springframework\boot\spring-boot-actuator-autoconfigure\3.2.1\spring-boot-actuator-autoconfigure-3.2.1.jar;C:\Users\Abdella Hamch\.m2\repository\org\springframework\boot\spring-boot-actuator\3.2.1\spring-boot-actuator-3.2.1.jar;C:\Users\Abdella Hamch\.m2\repository\io\micrometer\micrometer-observation\1.12.1\micrometer-observation-1.12.1.jar;C:\Users\Abdella Hamch\.m2\repository\io\micrometer\micrometer-commons\1.12.1\micrometer-commons-1.12.1.jar;C:\Users\Abdella Hamch\.m2\repository\io\micrometer\micrometer-core\1.12.1\micrometer-core-1.12.1.jar;C:\Users\Abdella Hamch\.m2\repository\org\hdrhistogram\HdrHistogram\2.1.12\HdrHistogram-2.1.12.jar;C:\Users\Abdella Hamch\.m2\repository\org\latencyutils\LatencyUtils\2.0.3\LatencyUtils-2.0.3.jar;C:\Users\Abdella Hamch\.m2\repository\com\mysql\mysql-connector-j\8.1.0\mysql-connector-j-8.1.0.jar;C:\Users\Abdella Hamch\.m2\repository\org\projectlombok\lombok\1.18.30\lombok-1.18.30.jar;C:\Users\Abdella Hamch\.m2\repository\com\jayway\jsonpath\json-path\2.8.0\json-path-2.8.0.jar;C:\Users\Abdella Hamch\.m2\repository\jakarta\xml\bind\jakarta.xml.bind-api\4.0.1\jakarta.xml.bind-api-4.0.1.jar;C:\Users\Abdella Hamch\.m2\repository\jakarta\activation\jakarta.activation-api\2.1.2\jakarta.activation-api-2.1.2.jar;C:\Users\Abdella Hamch\.m2\repository\net\minidev\json-smart\2.5.0\json-smart-2.5.0.jar;C:\Users\Abdella Hamch\.m2\repository\net\minidev\accessors-smart\2.5.0\accessors-smart-2.5.0.jar;C:\Users\Abdella Hamch\.m2\repository\org\ow2\asm\asm\9.3\asm-9.3.jar;C:\Users\Abdella Hamch\.m2\repository\org\springframework\cloud\spring-cloud-starter-bootstrap\4.1.0\spring-cloud-starter-bootstrap-4.1.0.jar;C:\Users\Abdella Hamch\.m2\repository\org\springframework\cloud\spring-cloud-starter\4.1.0\spring-cloud-starter-4.1.0.jar;C:\Users\Abdella Hamch\.m2\repository\org\springframework\cloud\spring-cloud-context\4.1.0\spring-cloud-context-4.1.0.jar;C:\Users\Abdella Hamch\.m2\repository\org\springframework\security\spring-security-rsa\1.1.1\spring-security-rsa-1.1.1.jar;C:\Users\Abdella Hamch\.m2\repository\org\bouncycastle\bcprov-jdk18on\1.74\bcprov-jdk18on-1.74.jar;C:\Users\Abdella Hamch\.m2\repository\org\springframework\data\spring-data-rest-core\4.2.1\spring-data-rest-core-4.2.1.jar;C:\Users\Abdella Hamch\.m2\repository\org\springframework\spring-tx\6.1.2\spring-tx-6.1.2.jar;C:\Users\Abdella Hamch\.m2\repository\org\springframework\hateoas\spring-hateoas\2.2.0\spring-hateoas-2.2.0.jar;C:\Users\Abdella Hamch\.m2\repository\org\springframework\data\spring-data-commons\3.2.1\spring-data-commons-3.2.1.jar;C:\Users\Abdella Hamch\.m2\repository\org\springframework\plugin\spring-plugin-core\3.0.0\spring-plugin-core-3.0.0.jar;C:\Users\Abdella Hamch\.m2\repository\org\atteo\evo-inflector\1.3\evo-inflector-1.3.jar;C:\Users\Abdella Hamch\.m2\repository\com\fasterxml\jackson\core\jackson-annotations\2.15.3\jackson-annotations-2.15.3.jar;C:\Users\Abdella Hamch\.m2\repository\com\fasterxml\jackson\datatype\jackson-datatype-jdk8\2.15.3\jackson-datatype-jdk8-2.15.3.jar;C:\Users\Abdella Hamch\.m2\repository\org\slf4j\slf4j-api\2.0.9\slf4j-api-2.0.9.jar;C:\Users\Abdella Hamch\.m2\repository\org\springframework\boot\spring-boot-starter-data-rest\3.2.1\spring-boot-starter-data-rest-3.2.1.jar;C:\Users\Abdella Hamch\.m2\repository\org\springframework\data\spring-data-rest-webmvc\4.2.1\spring-data-rest-webmvc-4.2.1.jar
Launcher Type: SUN_STANDARD

[Global flags]
     intx CICompilerCount                          = 12                                        {product} {ergonomic}
     uint ConcGCThreads                            = 3                                         {product} {ergonomic}
     uint G1ConcRefinementThreads                  = 13                                        {product} {ergonomic}
   size_t G1HeapRegionSize                         = 1048576                                   {product} {ergonomic}
    uintx GCDrainStackTargetSize                   = 64                                        {product} {ergonomic}
   size_t InitialHeapSize                          = 132120576                                 {product} {ergonomic}
   size_t MarkStackSize                            = 4194304                                   {product} {ergonomic}
   size_t MaxHeapSize                              = 2090860544                                {product} {ergonomic}
   size_t MaxNewSize                               = 1254096896                                {product} {ergonomic}
   size_t MinHeapDeltaBytes                        = 1048576                                   {product} {ergonomic}
   size_t MinHeapSize                              = 8388608                                   {product} {ergonomic}
    uintx NonNMethodCodeHeapSize                   = 7602480                                {pd product} {ergonomic}
    uintx NonProfiledCodeHeapSize                  = 122027880                              {pd product} {ergonomic}
    uintx ProfiledCodeHeapSize                     = 122027880                              {pd product} {ergonomic}
    uintx ReservedCodeCacheSize                    = 251658240                              {pd product} {ergonomic}
     bool SegmentedCodeCache                       = true                                      {product} {ergonomic}
     bool ShowCodeDetailsInExceptionMessages       = true                                   {manageable} {command line}
   size_t SoftMaxHeapSize                          = 2090860544                             {manageable} {ergonomic}
     bool UseCompressedOops                        = true                           {product lp64_product} {ergonomic}
     bool UseG1GC                                  = true                                      {product} {ergonomic}
     bool UseLargePagesIndividualAllocation        = false                                  {pd product} {ergonomic}

Logging:
Log output configuration:
 #0: stdout all=warning uptime,level,tags foldmultilines=false
 #1: stderr all=off uptime,level,tags foldmultilines=false

Environment Variables:
JAVA_HOME=C:\Program Files\Java\jdk-21
PATH=C:/Users/Abdella Hamch/.p2/pool/plugins/org.eclipse.justj.openjdk.hotspot.jre.full.win32.x86_64_23.0.0.v20240919-1706/jre/bin/server;C:/Users/Abdella Hamch/.p2/pool/plugins/org.eclipse.justj.openjdk.hotspot.jre.full.win32.x86_64_23.0.0.v20240919-1706/jre/bin;C:\ProgramData\Oracle\Java\javapath;C:\Program Files\Common Files\Oracle\Java\javapath;C:\Python312\Scripts\;C:\Python312\;C:\Python311\Scripts\;C:\Python311\;C:\windows\system32;C:\windows;C:\windows\System32\Wbem;C:\windows\System32\WindowsPowerShell\v1.0\;C:\windows\System32\OpenSSH\;C:\Program Files (x86)\Microsoft SQL Server\160\DTS\Binn\;C:\ProgramData\chocolatey\bin;C:\Program Files\Java\jdk-17\bin;C:\Program Files\PuTTY\;C:\Program Files\Microsoft SQL Server\Client SDK\ODBC\170\Tools\Binn\;C:\Program Files (x86)\Microsoft SQL Server\150\Tools\Binn\;C:\Program Files\Microsoft SQL Server\150\Tools\Binn\;C:\Program Files\Microsoft SQL Server\150\DTS\Binn\;C:\Program Files (x86)\Microsoft SQL Server\160\Tools\Binn\;C:\Program Files\Microsoft SQL Server\160\Tools\Binn\;C:\Program Files\Microsoft SQL Server\160\DTS\Binn\;C:\Program Files\Microsoft SQL Server\130\DTS\Binn\;C:\Program Files\Microsoft SQL Server\140\DTS\Binn\;C:\Program Files\Git\cmd;C:\Program Files\nodejs\;C:\Program Files\Docker\Docker\resources\bin;C:\Users\Abdella Hamch\AppData\Local\Microsoft\WindowsApps;C:\Program Files\Azure Data Studio\bin;C:\Users\Abdella Hamch\AppData\Local\GitHubDesktop\bin;C:\Program Files\Java\jdk-21\bin;C:\Program Files\nodejs;C:\Users\Abdella Hamch\AppData\Roaming\npm\ng.ps1;C:\Users\Abdella Hamch\AppData\Local\JetBrains\Toolbox\scripts;C:\Program Files\Java\jdk-21;C:\Program Files\Erlang OTP\bin;C:\Program Files\RabbitMQ Server\rabbitmq_server-4.0.2\sbin;B:\Java091024\pgsql\bin;C:\Users\Abdella Hamch\AppData\Roaming\npm;C:\windows\system32;
USERNAME=A.HAMCH
OS=Windows_NT
PROCESSOR_IDENTIFIER=Intel64 Family 6 Model 165 Stepping 5, GenuineIntel
TMP=C:\Users\ABDELL~1\AppData\Local\Temp
TEMP=C:\Users\ABDELL~1\AppData\Local\Temp




Periodic native trim disabled

---------------  S Y S T E M  ---------------

OS:
 Windows 11 , 64 bit Build 22000 (10.0.22000.2538)
OS uptime: 1 days 1:40 hours
Hyper-V role detected

CPU: total 16 (initial active 16) (8 cores per cpu, 2 threads per core) family 6 model 165 stepping 5 microcode 0xfe, cx8, cmov, fxsr, ht, mmx, 3dnowpref, sse, sse2, sse3, ssse3, sse4.1, sse4.2, popcnt, lzcnt, tsc, tscinvbit, avx, avx2, aes, erms, clmul, bmi1, bmi2, adx, fma, vzeroupper, clflush, clflushopt, hv, rdtscp, f16c
Processor Information for all 16 processors :
  Max Mhz: 2904, Current Mhz: 2904, Mhz Limit: 2904

Memory: 4k page, system-wide physical 7968M (28M free)
TotalPageFile size 32544M (AvailPageFile size 9M)
current process WorkingSet (physical memory assigned to process): 62M, peak: 423M
current process commit charge ("private bytes"): 453M, peak: 473M

vm_info: Java HotSpot(TM) 64-Bit Server VM (21.0.6+8-LTS-188) for windows-amd64 JRE (21.0.6+8-LTS-188), built on 2024-12-03T10:50:54Z by "mach5one" with MS VC++ 17.6 (VS2022)

END.
