#
# There is insufficient memory for the Java Runtime Environment to continue.
# Native memory allocation (malloc) failed to allocate 971008 bytes for Chunk::new
# Possible reasons:
#   The system is out of physical RAM or swap space
#   The process is running with CompressedOops enabled, and the Java Heap may be blocking the growth of the native heap
# Possible solutions:
#   Reduce memory load on the system
#   Increase physical memory or swap space
#   Check if swap backing store is full
#   Decrease Java heap size (-Xmx/-Xms)
#   Decrease number of Java threads
#   Decrease Java thread stack sizes (-Xss)
#   Set larger code cache with -XX:ReservedCodeCacheSize=
#   JVM is running with Unscaled Compressed Oops mode in which the Java heap is
#     placed in the first 4GB address space. The Java Heap base address is the
#     maximum limit for the native heap growth. Please use -XX:HeapBaseMinAddress
#     to set the Java Heap base and to place the Java Heap above 4GB virtual address.
# This output file may be truncated or incomplete.
#
#  Out of Memory Error (arena.cpp:168), pid=20236, tid=5028
#
# JRE version: Java(TM) SE Runtime Environment (21.0.6+8) (build 21.0.6+8-LTS-188)
# Java VM: Java HotSpot(TM) 64-Bit Server VM (21.0.6+8-LTS-188, mixed mode, sharing, tiered, compressed oops, compressed class ptrs, g1 gc, windows-amd64)
# No core dump will be written. Minidumps are not enabled by default on client versions of Windows
#

---------------  S U M M A R Y ------------

Command Line: -Dfile.encoding=UTF-8 -Dstdout.encoding=UTF-8 -Dstderr.encoding=UTF-8 -XX:+ShowCodeDetailsInExceptionMessages com.hamch.customerservice.CustomerServiceApplication

Host: Intel(R) Core(TM) i7-10700 CPU @ 2.90GHz, 16 cores, 7G,  Windows 11 , 64 bit Build 22000 (10.0.22000.2538)
Time: Wed Jul 23 11:11:59 2025 Maroc (heure d64 bit Build 22000 (10.0.22000.2538) elapsed time: 1616.360836 seconds (0d 0h 26m 56s)

---------------  T H R E A D  ---------------

Current thread (0x0000024ae255e700):  JavaThread "C2 CompilerThread0" daemon [_thread_in_native, id=5028, stack(0x000000858a600000,0x000000858a700000) (1024K)]


Current CompileTask:
C2:1616361 11032       4       java.lang.invoke.InvokerBytecodeGenerator::emitStaticInvoke (258 bytes)

Stack: [0x000000858a600000,0x000000858a700000]
Native frames: (J=compiled Java code, j=interpreted, Vv=VM code, C=native code)
V  [jvm.dll+0x6ca6d9]
V  [jvm.dll+0x854f51]
V  [jvm.dll+0x85747e]
V  [jvm.dll+0x857b53]
V  [jvm.dll+0x27dcc6]
V  [jvm.dll+0xc4c2d]
V  [jvm.dll+0xc5163]
V  [jvm.dll+0x3b515c]
V  [jvm.dll+0x381855]
V  [jvm.dll+0x380cca]
V  [jvm.dll+0x246920]
V  [jvm.dll+0x245eff]
V  [jvm.dll+0x1c6d2e]
V  [jvm.dll+0x2554f9]
V  [jvm.dll+0x253a8a]
V  [jvm.dll+0x3ee576]
V  [jvm.dll+0x7ff2fb]
V  [jvm.dll+0x6c8dbd]
C  [ucrtbase.dll+0x26c0c]
C  [KERNEL32.DLL+0x153e0]
C  [ntdll.dll+0x485b]


---------------  P R O C E S S  ---------------

Threads class SMR info:
_java_thread_list=0x0000024ae9973bf0, length=31, elements={
0x0000024ae326ad40, 0x0000024ae326b790, 0x0000024ae2557ee0, 0x0000024ae2558ce0,
0x0000024ae3274fe0, 0x0000024ae2559b40, 0x0000024ae255e700, 0x0000024ae32796c0,
0x0000024ae352ce60, 0x0000024ae3531ae0, 0x0000024aebc64a50, 0x0000024aeaff5840,
0x0000024aeb0d3f80, 0x0000024aeb220020, 0x0000024aeae645f0, 0x0000024ae9eb96f0,
0x0000024aead91ed0, 0x0000024af19e1120, 0x0000024af1d05d90, 0x0000024af1d084f0,
0x0000024af1d07140, 0x0000024af1d05070, 0x0000024af1d05700, 0x0000024af1d06420,
0x0000024af1d06ab0, 0x0000024af1d077d0, 0x0000024af1d07e60, 0x0000024aec0ee8b0,
0x0000024aec0ebac0, 0x0000024aec0eada0, 0x0000024aec0ece70
}

Java Threads: ( => current thread )
  0x0000024ae326ad40 JavaThread "Reference Handler"          daemon [_thread_blocked, id=20620, stack(0x000000858a000000,0x000000858a100000) (1024K)]
  0x0000024ae326b790 JavaThread "Finalizer"                  daemon [_thread_blocked, id=4052, stack(0x000000858a100000,0x000000858a200000) (1024K)]
  0x0000024ae2557ee0 JavaThread "Signal Dispatcher"          daemon [_thread_blocked, id=13784, stack(0x000000858a200000,0x000000858a300000) (1024K)]
  0x0000024ae2558ce0 JavaThread "Attach Listener"            daemon [_thread_blocked, id=14576, stack(0x000000858a300000,0x000000858a400000) (1024K)]
  0x0000024ae3274fe0 JavaThread "Service Thread"             daemon [_thread_blocked, id=21256, stack(0x000000858a400000,0x000000858a500000) (1024K)]
  0x0000024ae2559b40 JavaThread "Monitor Deflation Thread"   daemon [_thread_blocked, id=1372, stack(0x000000858a500000,0x000000858a600000) (1024K)]
=>0x0000024ae255e700 JavaThread "C2 CompilerThread0"         daemon [_thread_in_native, id=5028, stack(0x000000858a600000,0x000000858a700000) (1024K)]
  0x0000024ae32796c0 JavaThread "C1 CompilerThread0"         daemon [_thread_blocked, id=18256, stack(0x000000858a700000,0x000000858a800000) (1024K)]
  0x0000024ae352ce60 JavaThread "Notification Thread"        daemon [_thread_blocked, id=16176, stack(0x000000858a900000,0x000000858aa00000) (1024K)]
  0x0000024ae3531ae0 JavaThread "Common-Cleaner"             daemon [_thread_blocked, id=5396, stack(0x000000858aa00000,0x000000858ab00000) (1024K)]
  0x0000024aebc64a50 JavaThread "Catalina-utility-1"                [_thread_blocked, id=23880, stack(0x000000858b600000,0x000000858b700000) (1024K)]
  0x0000024aeaff5840 JavaThread "Catalina-utility-2"                [_thread_blocked, id=20044, stack(0x000000858bc00000,0x000000858bd00000) (1024K)]
  0x0000024aeb0d3f80 JavaThread "container-0"                       [_thread_blocked, id=11828, stack(0x000000858bd00000,0x000000858be00000) (1024K)]
  0x0000024aeb220020 JavaThread "mysql-cj-abandoned-connection-cleanup" daemon [_thread_blocked, id=24388, stack(0x000000858be00000,0x000000858bf00000) (1024K)]
  0x0000024aeae645f0 JavaThread "HikariPool-1 housekeeper"   daemon [_thread_blocked, id=1812, stack(0x000000858bf00000,0x000000858c000000) (1024K)]
  0x0000024ae9eb96f0 JavaThread "spring.cloud.inetutils"     daemon [_thread_blocked, id=20516, stack(0x000000858c100000,0x000000858c200000) (1024K)]
  0x0000024aead91ed0 JavaThread "catalogWatchTaskScheduler-1"        [_thread_in_native, id=16128, stack(0x000000858c200000,0x000000858c300000) (1024K)]
  0x0000024af19e1120 JavaThread "http-nio-auto-1-exec-1"     daemon [_thread_blocked, id=3756, stack(0x000000858c300000,0x000000858c400000) (1024K)]
  0x0000024af1d05d90 JavaThread "http-nio-auto-1-exec-2"     daemon [_thread_blocked, id=5248, stack(0x000000858c400000,0x000000858c500000) (1024K)]
  0x0000024af1d084f0 JavaThread "http-nio-auto-1-exec-3"     daemon [_thread_blocked, id=10264, stack(0x000000858c500000,0x000000858c600000) (1024K)]
  0x0000024af1d07140 JavaThread "http-nio-auto-1-exec-4"     daemon [_thread_blocked, id=18804, stack(0x000000858c600000,0x000000858c700000) (1024K)]
  0x0000024af1d05070 JavaThread "http-nio-auto-1-exec-5"     daemon [_thread_blocked, id=19296, stack(0x000000858c700000,0x000000858c800000) (1024K)]
  0x0000024af1d05700 JavaThread "http-nio-auto-1-exec-6"     daemon [_thread_blocked, id=19760, stack(0x000000858c800000,0x000000858c900000) (1024K)]
  0x0000024af1d06420 JavaThread "http-nio-auto-1-exec-7"     daemon [_thread_blocked, id=17288, stack(0x000000858c900000,0x000000858ca00000) (1024K)]
  0x0000024af1d06ab0 JavaThread "http-nio-auto-1-exec-8"     daemon [_thread_blocked, id=11648, stack(0x000000858ca00000,0x000000858cb00000) (1024K)]
  0x0000024af1d077d0 JavaThread "http-nio-auto-1-exec-9"     daemon [_thread_blocked, id=2404, stack(0x000000858cb00000,0x000000858cc00000) (1024K)]
  0x0000024af1d07e60 JavaThread "http-nio-auto-1-exec-10"    daemon [_thread_blocked, id=8412, stack(0x000000858cc00000,0x000000858cd00000) (1024K)]
  0x0000024aec0ee8b0 JavaThread "http-nio-auto-1-Poller"     daemon [_thread_in_native, id=15428, stack(0x000000858cd00000,0x000000858ce00000) (1024K)]
  0x0000024aec0ebac0 JavaThread "http-nio-auto-1-Acceptor"   daemon [_thread_in_native, id=13156, stack(0x000000858ce00000,0x000000858cf00000) (1024K)]
  0x0000024aec0eada0 JavaThread "springCloudBus.anonymous.E4-x0WNeRZmUYyBmfpY-dQ-1"        [_thread_in_vm, id=9604, stack(0x000000858d100000,0x000000858d200000) (1024K)]
  0x0000024aec0ece70 JavaThread "DestroyJavaVM"                     [_thread_blocked, id=15096, stack(0x0000008589800000,0x0000008589900000) (1024K)]
Total: 31

Other Threads:
  0x0000024ae2547380 VMThread "VM Thread"                           [id=11044, stack(0x0000008589f00000,0x000000858a000000) (1024K)]
  0x0000024ae2534ae0 WatcherThread "VM Periodic Task Thread"        [id=21468, stack(0x0000008589e00000,0x0000008589f00000) (1024K)]
  0x0000024ac3dc22b0 WorkerThread "GC Thread#0"                     [id=7052, stack(0x0000008589900000,0x0000008589a00000) (1024K)]
  0x0000024ae84ca0f0 WorkerThread "GC Thread#1"                     [id=21216, stack(0x000000858ac00000,0x000000858ad00000) (1024K)]
  0x0000024ae84c6a70 WorkerThread "GC Thread#2"                     [id=21440, stack(0x000000858ad00000,0x000000858ae00000) (1024K)]
  0x0000024ae862e3c0 WorkerThread "GC Thread#3"                     [id=23312, stack(0x000000858ae00000,0x000000858af00000) (1024K)]
  0x0000024ae87447c0 WorkerThread "GC Thread#4"                     [id=13228, stack(0x000000858af00000,0x000000858b000000) (1024K)]
  0x0000024ae885c9d0 WorkerThread "GC Thread#5"                     [id=18436, stack(0x000000858b000000,0x000000858b100000) (1024K)]
  0x0000024ae8971960 WorkerThread "GC Thread#6"                     [id=6216, stack(0x000000858b100000,0x000000858b200000) (1024K)]
  0x0000024ae8971d00 WorkerThread "GC Thread#7"                     [id=15152, stack(0x000000858b200000,0x000000858b300000) (1024K)]
  0x0000024ae89724b0 WorkerThread "GC Thread#8"                     [id=13004, stack(0x000000858b300000,0x000000858b400000) (1024K)]
  0x0000024ae8973060 WorkerThread "GC Thread#9"                     [id=22580, stack(0x000000858b400000,0x000000858b500000) (1024K)]
  0x0000024ae8a5cdb0 WorkerThread "GC Thread#10"                    [id=5288, stack(0x000000858b700000,0x000000858b800000) (1024K)]
  0x0000024ae8a5e370 WorkerThread "GC Thread#11"                    [id=4032, stack(0x000000858b800000,0x000000858b900000) (1024K)]
  0x0000024ae8a5ca10 WorkerThread "GC Thread#12"                    [id=3220, stack(0x000000858b900000,0x000000858ba00000) (1024K)]
  0x0000024ac3e12010 ConcurrentGCThread "G1 Main Marker"            [id=22156, stack(0x0000008589a00000,0x0000008589b00000) (1024K)]
  0x0000024ac3e13320 WorkerThread "G1 Conc#0"                       [id=4932, stack(0x0000008589b00000,0x0000008589c00000) (1024K)]
  0x0000024ae8a5d890 WorkerThread "G1 Conc#1"                       [id=4024, stack(0x000000858ba00000,0x000000858bb00000) (1024K)]
  0x0000024ae8a5dfd0 WorkerThread "G1 Conc#2"                       [id=4592, stack(0x000000858bb00000,0x000000858bc00000) (1024K)]
  0x0000024ae24054d0 ConcurrentGCThread "G1 Refine#0"               [id=5644, stack(0x0000008589c00000,0x0000008589d00000) (1024K)]
  0x0000024ae2406040 ConcurrentGCThread "G1 Service"                [id=13108, stack(0x0000008589d00000,0x0000008589e00000) (1024K)]
Total: 21

Threads with active compile tasks:
C2 CompilerThread0  1616451 11032       4       java.lang.invoke.InvokerBytecodeGenerator::emitStaticInvoke (258 bytes)
Total: 1

VM state: not at safepoint (normal execution)

VM Mutex/Monitor currently owned by a thread: None

Heap address: 0x0000000083600000, size: 1994 MB, Compressed Oops mode: 32-bit

CDS archive(s) mapped at: [0x0000024a80000000-0x0000024a80c90000-0x0000024a80c90000), size 13172736, SharedBaseAddress: 0x0000024a80000000, ArchiveRelocationMode: 1.
Compressed class space mapped at: 0x0000024a81000000-0x0000024ac1000000, reserved size: 1073741824
Narrow klass base: 0x0000024a80000000, Narrow klass shift: 0, Narrow klass range: 0x100000000

GC Precious Log:
 CardTable entry size: 512
 Card Set container configuration: InlinePtr #cards 5 size 8 Array Of Cards #cards 12 size 40 Howl #buckets 4 coarsen threshold 1843 Howl Bitmap #cards 512 size 80 coarsen threshold 460 Card regions per heap region 1 cards per card region 2048
 CPUs: 16 total, 16 available
 Memory: 7968M
 Large Page Support: Disabled
 NUMA Support: Disabled
 Compressed Oops: Enabled (32-bit)
 Heap Region Size: 1M
 Heap Min Capacity: 8M
 Heap Initial Capacity: 126M
 Heap Max Capacity: 1994M
 Pre-touch: Disabled
 Parallel Workers: 13
 Concurrent Workers: 3
 Concurrent Refinement Workers: 13
 Periodic GC: Disabled

Heap:
 garbage-first heap   total 177152K, used 72547K [0x0000000083600000, 0x0000000100000000)
  region size 1024K, 9 young (9216K), 7 survivors (7168K)
 Metaspace       used 104543K, committed 105728K, reserved 1179648K
  class space    used 14080K, committed 14656K, reserved 1048576K

Heap Regions: E=young(eden), S=young(survivor), O=old, HS=humongous(starts), HC=humongous(continues), CS=collection set, F=free, TAMS=top-at-mark-start, PB=parsable bottom
|   0|0x0000000083600000, 0x0000000083700000, 0x0000000083700000|100%|HS|  |TAMS 0x0000000083600000| PB 0x0000000083600000| Complete 
|   1|0x0000000083700000, 0x0000000083800000, 0x0000000083800000|100%| O|  |TAMS 0x0000000083700000| PB 0x0000000083700000| Untracked 
|   2|0x0000000083800000, 0x0000000083900000, 0x0000000083900000|100%|HS|  |TAMS 0x0000000083800000| PB 0x0000000083800000| Complete 
|   3|0x0000000083900000, 0x0000000083a00000, 0x0000000083a00000|100%| O|  |TAMS 0x0000000083900000| PB 0x0000000083900000| Untracked 
|   4|0x0000000083a00000, 0x0000000083b00000, 0x0000000083b00000|100%| O|  |TAMS 0x0000000083a00000| PB 0x0000000083a00000| Untracked 
|   5|0x0000000083b00000, 0x0000000083c00000, 0x0000000083c00000|100%| O|  |TAMS 0x0000000083b00000| PB 0x0000000083b00000| Untracked 
|   6|0x0000000083c00000, 0x0000000083d00000, 0x0000000083d00000|100%| O|  |TAMS 0x0000000083c00000| PB 0x0000000083c00000| Untracked 
|   7|0x0000000083d00000, 0x0000000083e00000, 0x0000000083e00000|100%| O|  |TAMS 0x0000000083d00000| PB 0x0000000083d00000| Untracked 
|   8|0x0000000083e00000, 0x0000000083f00000, 0x0000000083f00000|100%| O|  |TAMS 0x0000000083e00000| PB 0x0000000083e00000| Untracked 
|   9|0x0000000083f00000, 0x0000000084000000, 0x0000000084000000|100%| O|  |TAMS 0x0000000083f00000| PB 0x0000000083f00000| Untracked 
|  10|0x0000000084000000, 0x0000000084100000, 0x0000000084100000|100%| O|  |TAMS 0x0000000084000000| PB 0x0000000084000000| Untracked 
|  11|0x0000000084100000, 0x0000000084200000, 0x0000000084200000|100%| O|  |TAMS 0x0000000084100000| PB 0x0000000084100000| Untracked 
|  12|0x0000000084200000, 0x0000000084300000, 0x0000000084300000|100%| O|  |TAMS 0x0000000084200000| PB 0x0000000084200000| Untracked 
|  13|0x0000000084300000, 0x0000000084400000, 0x0000000084400000|100%| O|  |TAMS 0x0000000084300000| PB 0x0000000084300000| Untracked 
|  14|0x0000000084400000, 0x0000000084500000, 0x0000000084500000|100%| O|  |TAMS 0x0000000084400000| PB 0x0000000084400000| Untracked 
|  15|0x0000000084500000, 0x0000000084600000, 0x0000000084600000|100%| O|  |TAMS 0x0000000084500000| PB 0x0000000084500000| Untracked 
|  16|0x0000000084600000, 0x0000000084700000, 0x0000000084700000|100%| O|  |TAMS 0x0000000084600000| PB 0x0000000084600000| Untracked 
|  17|0x0000000084700000, 0x0000000084800000, 0x0000000084800000|100%| O|  |TAMS 0x0000000084700000| PB 0x0000000084700000| Untracked 
|  18|0x0000000084800000, 0x0000000084900000, 0x0000000084900000|100%| O|  |TAMS 0x0000000084800000| PB 0x0000000084800000| Untracked 
|  19|0x0000000084900000, 0x0000000084a00000, 0x0000000084a00000|100%| O|  |TAMS 0x0000000084900000| PB 0x0000000084900000| Untracked 
|  20|0x0000000084a00000, 0x0000000084b00000, 0x0000000084b00000|100%| O|  |TAMS 0x0000000084a00000| PB 0x0000000084a00000| Untracked 
|  21|0x0000000084b00000, 0x0000000084c00000, 0x0000000084c00000|100%| O|  |TAMS 0x0000000084b00000| PB 0x0000000084b00000| Untracked 
|  22|0x0000000084c00000, 0x0000000084d00000, 0x0000000084d00000|100%| O|  |TAMS 0x0000000084c00000| PB 0x0000000084c00000| Untracked 
|  23|0x0000000084d00000, 0x0000000084e00000, 0x0000000084e00000|100%| O|  |TAMS 0x0000000084d00000| PB 0x0000000084d00000| Untracked 
|  24|0x0000000084e00000, 0x0000000084f00000, 0x0000000084f00000|100%| O|  |TAMS 0x0000000084e00000| PB 0x0000000084e00000| Untracked 
|  25|0x0000000084f00000, 0x0000000085000000, 0x0000000085000000|100%| O|  |TAMS 0x0000000084f00000| PB 0x0000000084f00000| Untracked 
|  26|0x0000000085000000, 0x0000000085100000, 0x0000000085100000|100%| O|  |TAMS 0x0000000085000000| PB 0x0000000085000000| Untracked 
|  27|0x0000000085100000, 0x0000000085200000, 0x0000000085200000|100%| O|  |TAMS 0x0000000085100000| PB 0x0000000085100000| Untracked 
|  28|0x0000000085200000, 0x0000000085300000, 0x0000000085300000|100%| O|  |TAMS 0x0000000085200000| PB 0x0000000085200000| Untracked 
|  29|0x0000000085300000, 0x0000000085400000, 0x0000000085400000|100%| O|  |TAMS 0x0000000085300000| PB 0x0000000085300000| Untracked 
|  30|0x0000000085400000, 0x0000000085500000, 0x0000000085500000|100%| O|  |TAMS 0x0000000085400000| PB 0x0000000085400000| Untracked 
|  31|0x0000000085500000, 0x0000000085600000, 0x0000000085600000|100%| O|  |TAMS 0x0000000085500000| PB 0x0000000085500000| Untracked 
|  32|0x0000000085600000, 0x0000000085700000, 0x0000000085700000|100%| O|  |TAMS 0x0000000085600000| PB 0x0000000085600000| Untracked 
|  33|0x0000000085700000, 0x0000000085800000, 0x0000000085800000|100%| O|  |TAMS 0x0000000085700000| PB 0x0000000085700000| Untracked 
|  34|0x0000000085800000, 0x0000000085900000, 0x0000000085900000|100%| O|  |TAMS 0x0000000085800000| PB 0x0000000085800000| Untracked 
|  35|0x0000000085900000, 0x0000000085a00000, 0x0000000085a00000|100%| O|  |TAMS 0x0000000085900000| PB 0x0000000085900000| Untracked 
|  36|0x0000000085a00000, 0x0000000085b00000, 0x0000000085b00000|100%| O|  |TAMS 0x0000000085a00000| PB 0x0000000085a00000| Untracked 
|  37|0x0000000085b00000, 0x0000000085c00000, 0x0000000085c00000|100%| O|  |TAMS 0x0000000085b00000| PB 0x0000000085b00000| Untracked 
|  38|0x0000000085c00000, 0x0000000085d00000, 0x0000000085d00000|100%| O|  |TAMS 0x0000000085c00000| PB 0x0000000085c00000| Untracked 
|  39|0x0000000085d00000, 0x0000000085e00000, 0x0000000085e00000|100%| O|  |TAMS 0x0000000085d00000| PB 0x0000000085d00000| Untracked 
|  40|0x0000000085e00000, 0x0000000085f00000, 0x0000000085f00000|100%| O|  |TAMS 0x0000000085e00000| PB 0x0000000085e00000| Untracked 
|  41|0x0000000085f00000, 0x0000000086000000, 0x0000000086000000|100%| O|  |TAMS 0x0000000085f00000| PB 0x0000000085f00000| Untracked 
|  42|0x0000000086000000, 0x0000000086100000, 0x0000000086100000|100%| O|  |TAMS 0x0000000086000000| PB 0x0000000086000000| Untracked 
|  43|0x0000000086100000, 0x0000000086200000, 0x0000000086200000|100%| O|  |TAMS 0x0000000086100000| PB 0x0000000086100000| Untracked 
|  44|0x0000000086200000, 0x0000000086300000, 0x0000000086300000|100%| O|  |TAMS 0x0000000086200000| PB 0x0000000086200000| Untracked 
|  45|0x0000000086300000, 0x0000000086400000, 0x0000000086400000|100%| O|  |TAMS 0x0000000086300000| PB 0x0000000086300000| Untracked 
|  46|0x0000000086400000, 0x0000000086500000, 0x0000000086500000|100%| O|  |TAMS 0x0000000086400000| PB 0x0000000086400000| Untracked 
|  47|0x0000000086500000, 0x0000000086600000, 0x0000000086600000|100%| O|  |TAMS 0x0000000086500000| PB 0x0000000086500000| Untracked 
|  48|0x0000000086600000, 0x0000000086600000, 0x0000000086700000|  0%| F|  |TAMS 0x0000000086600000| PB 0x0000000086600000| Untracked 
|  49|0x0000000086700000, 0x0000000086800000, 0x0000000086800000|100%| O|  |TAMS 0x0000000086700000| PB 0x0000000086700000| Untracked 
|  50|0x0000000086800000, 0x0000000086900000, 0x0000000086900000|100%| O|  |TAMS 0x0000000086800000| PB 0x0000000086800000| Untracked 
|  51|0x0000000086900000, 0x0000000086900000, 0x0000000086a00000|  0%| F|  |TAMS 0x0000000086900000| PB 0x0000000086900000| Untracked 
|  52|0x0000000086a00000, 0x0000000086b00000, 0x0000000086b00000|100%| O|  |TAMS 0x0000000086a00000| PB 0x0000000086a00000| Untracked 
|  53|0x0000000086b00000, 0x0000000086c00000, 0x0000000086c00000|100%| O|  |TAMS 0x0000000086b00000| PB 0x0000000086b00000| Untracked 
|  54|0x0000000086c00000, 0x0000000086d00000, 0x0000000086d00000|100%| O|  |TAMS 0x0000000086c00000| PB 0x0000000086c00000| Untracked 
|  55|0x0000000086d00000, 0x0000000086e00000, 0x0000000086e00000|100%| O|  |TAMS 0x0000000086d00000| PB 0x0000000086d00000| Untracked 
|  56|0x0000000086e00000, 0x0000000086f00000, 0x0000000086f00000|100%| O|  |TAMS 0x0000000086e00000| PB 0x0000000086e00000| Untracked 
|  57|0x0000000086f00000, 0x0000000087000000, 0x0000000087000000|100%| O|  |TAMS 0x0000000086f00000| PB 0x0000000086f00000| Untracked 
|  58|0x0000000087000000, 0x0000000087100000, 0x0000000087100000|100%| O|  |TAMS 0x0000000087000000| PB 0x0000000087000000| Untracked 
|  59|0x0000000087100000, 0x0000000087200000, 0x0000000087200000|100%| O|  |TAMS 0x0000000087100000| PB 0x0000000087100000| Untracked 
|  60|0x0000000087200000, 0x0000000087300000, 0x0000000087300000|100%| O|  |TAMS 0x0000000087200000| PB 0x0000000087200000| Untracked 
|  61|0x0000000087300000, 0x0000000087400000, 0x0000000087400000|100%| O|  |TAMS 0x0000000087300000| PB 0x0000000087300000| Untracked 
|  62|0x0000000087400000, 0x0000000087500000, 0x0000000087500000|100%| O|  |TAMS 0x0000000087400000| PB 0x0000000087400000| Untracked 
|  63|0x0000000087500000, 0x0000000087600000, 0x0000000087600000|100%| O|  |TAMS 0x0000000087500000| PB 0x0000000087500000| Untracked 
|  64|0x0000000087600000, 0x00000000876dafc0, 0x0000000087700000| 85%| O|  |TAMS 0x0000000087600000| PB 0x0000000087600000| Untracked 
|  65|0x0000000087700000, 0x0000000087700000, 0x0000000087800000|  0%| F|  |TAMS 0x0000000087700000| PB 0x0000000087700000| Untracked 
|  66|0x0000000087800000, 0x0000000087800000, 0x0000000087900000|  0%| F|  |TAMS 0x0000000087800000| PB 0x0000000087800000| Untracked 
|  67|0x0000000087900000, 0x0000000087900000, 0x0000000087a00000|  0%| F|  |TAMS 0x0000000087900000| PB 0x0000000087900000| Untracked 
|  68|0x0000000087a00000, 0x0000000087a00000, 0x0000000087b00000|  0%| F|  |TAMS 0x0000000087a00000| PB 0x0000000087a00000| Untracked 
|  69|0x0000000087b00000, 0x0000000087b00000, 0x0000000087c00000|  0%| F|  |TAMS 0x0000000087b00000| PB 0x0000000087b00000| Untracked 
|  70|0x0000000087c00000, 0x0000000087c00000, 0x0000000087d00000|  0%| F|  |TAMS 0x0000000087c00000| PB 0x0000000087c00000| Untracked 
|  71|0x0000000087d00000, 0x0000000087d00000, 0x0000000087e00000|  0%| F|  |TAMS 0x0000000087d00000| PB 0x0000000087d00000| Untracked 
|  72|0x0000000087e00000, 0x0000000087e00000, 0x0000000087f00000|  0%| F|  |TAMS 0x0000000087e00000| PB 0x0000000087e00000| Untracked 
|  73|0x0000000087f00000, 0x0000000087f00000, 0x0000000088000000|  0%| F|  |TAMS 0x0000000087f00000| PB 0x0000000087f00000| Untracked 
|  74|0x0000000088000000, 0x0000000088000000, 0x0000000088100000|  0%| F|  |TAMS 0x0000000088000000| PB 0x0000000088000000| Untracked 
|  75|0x0000000088100000, 0x0000000088100000, 0x0000000088200000|  0%| F|  |TAMS 0x0000000088100000| PB 0x0000000088100000| Untracked 
|  76|0x0000000088200000, 0x00000000882fdc88, 0x0000000088300000| 99%| S|CS|TAMS 0x0000000088200000| PB 0x0000000088200000| Complete 
|  77|0x0000000088300000, 0x0000000088300000, 0x0000000088400000|  0%| F|  |TAMS 0x0000000088300000| PB 0x0000000088300000| Untracked 
|  78|0x0000000088400000, 0x0000000088400000, 0x0000000088500000|  0%| F|  |TAMS 0x0000000088400000| PB 0x0000000088400000| Untracked 
|  79|0x0000000088500000, 0x0000000088600000, 0x0000000088600000|100%| S|CS|TAMS 0x0000000088500000| PB 0x0000000088500000| Complete 
|  80|0x0000000088600000, 0x0000000088700000, 0x0000000088700000|100%| S|CS|TAMS 0x0000000088600000| PB 0x0000000088600000| Complete 
|  81|0x0000000088700000, 0x0000000088800000, 0x0000000088800000|100%| S|CS|TAMS 0x0000000088700000| PB 0x0000000088700000| Complete 
|  82|0x0000000088800000, 0x0000000088900000, 0x0000000088900000|100%| S|CS|TAMS 0x0000000088800000| PB 0x0000000088800000| Complete 
|  83|0x0000000088900000, 0x0000000088a00000, 0x0000000088a00000|100%| S|CS|TAMS 0x0000000088900000| PB 0x0000000088900000| Complete 
|  84|0x0000000088a00000, 0x0000000088b00000, 0x0000000088b00000|100%| S|CS|TAMS 0x0000000088a00000| PB 0x0000000088a00000| Complete 
|  85|0x0000000088b00000, 0x0000000088b00000, 0x0000000088c00000|  0%| F|  |TAMS 0x0000000088b00000| PB 0x0000000088b00000| Untracked 
|  86|0x0000000088c00000, 0x0000000088c00000, 0x0000000088d00000|  0%| F|  |TAMS 0x0000000088c00000| PB 0x0000000088c00000| Untracked 
|  87|0x0000000088d00000, 0x0000000088d00000, 0x0000000088e00000|  0%| F|  |TAMS 0x0000000088d00000| PB 0x0000000088d00000| Untracked 
|  88|0x0000000088e00000, 0x0000000088e00000, 0x0000000088f00000|  0%| F|  |TAMS 0x0000000088e00000| PB 0x0000000088e00000| Untracked 
|  89|0x0000000088f00000, 0x0000000088f00000, 0x0000000089000000|  0%| F|  |TAMS 0x0000000088f00000| PB 0x0000000088f00000| Untracked 
|  90|0x0000000089000000, 0x0000000089000000, 0x0000000089100000|  0%| F|  |TAMS 0x0000000089000000| PB 0x0000000089000000| Untracked 
|  91|0x0000000089100000, 0x0000000089100000, 0x0000000089200000|  0%| F|  |TAMS 0x0000000089100000| PB 0x0000000089100000| Untracked 
|  92|0x0000000089200000, 0x0000000089200000, 0x0000000089300000|  0%| F|  |TAMS 0x0000000089200000| PB 0x0000000089200000| Untracked 
|  93|0x0000000089300000, 0x0000000089300000, 0x0000000089400000|  0%| F|  |TAMS 0x0000000089300000| PB 0x0000000089300000| Untracked 
|  94|0x0000000089400000, 0x0000000089400000, 0x0000000089500000|  0%| F|  |TAMS 0x0000000089400000| PB 0x0000000089400000| Untracked 
|  95|0x0000000089500000, 0x0000000089500000, 0x0000000089600000|  0%| F|  |TAMS 0x0000000089500000| PB 0x0000000089500000| Untracked 
|  96|0x0000000089600000, 0x0000000089600000, 0x0000000089700000|  0%| F|  |TAMS 0x0000000089600000| PB 0x0000000089600000| Untracked 
|  97|0x0000000089700000, 0x0000000089700000, 0x0000000089800000|  0%| F|  |TAMS 0x0000000089700000| PB 0x0000000089700000| Untracked 
|  98|0x0000000089800000, 0x0000000089800000, 0x0000000089900000|  0%| F|  |TAMS 0x0000000089800000| PB 0x0000000089800000| Untracked 
|  99|0x0000000089900000, 0x0000000089900000, 0x0000000089a00000|  0%| F|  |TAMS 0x0000000089900000| PB 0x0000000089900000| Untracked 
| 100|0x0000000089a00000, 0x0000000089a00000, 0x0000000089b00000|  0%| F|  |TAMS 0x0000000089a00000| PB 0x0000000089a00000| Untracked 
| 101|0x0000000089b00000, 0x0000000089b00000, 0x0000000089c00000|  0%| F|  |TAMS 0x0000000089b00000| PB 0x0000000089b00000| Untracked 
| 102|0x0000000089c00000, 0x0000000089c00000, 0x0000000089d00000|  0%| F|  |TAMS 0x0000000089c00000| PB 0x0000000089c00000| Untracked 
| 103|0x0000000089d00000, 0x0000000089d00000, 0x0000000089e00000|  0%| F|  |TAMS 0x0000000089d00000| PB 0x0000000089d00000| Untracked 
| 104|0x0000000089e00000, 0x0000000089e00000, 0x0000000089f00000|  0%| F|  |TAMS 0x0000000089e00000| PB 0x0000000089e00000| Untracked 
| 105|0x0000000089f00000, 0x0000000089f00000, 0x000000008a000000|  0%| F|  |TAMS 0x0000000089f00000| PB 0x0000000089f00000| Untracked 
| 106|0x000000008a000000, 0x000000008a000000, 0x000000008a100000|  0%| F|  |TAMS 0x000000008a000000| PB 0x000000008a000000| Untracked 
| 107|0x000000008a100000, 0x000000008a100000, 0x000000008a200000|  0%| F|  |TAMS 0x000000008a100000| PB 0x000000008a100000| Untracked 
| 108|0x000000008a200000, 0x000000008a200000, 0x000000008a300000|  0%| F|  |TAMS 0x000000008a200000| PB 0x000000008a200000| Untracked 
| 109|0x000000008a300000, 0x000000008a300000, 0x000000008a400000|  0%| F|  |TAMS 0x000000008a300000| PB 0x000000008a300000| Untracked 
| 110|0x000000008a400000, 0x000000008a400000, 0x000000008a500000|  0%| F|  |TAMS 0x000000008a400000| PB 0x000000008a400000| Untracked 
| 111|0x000000008a500000, 0x000000008a500000, 0x000000008a600000|  0%| F|  |TAMS 0x000000008a500000| PB 0x000000008a500000| Untracked 
| 112|0x000000008a600000, 0x000000008a600000, 0x000000008a700000|  0%| F|  |TAMS 0x000000008a600000| PB 0x000000008a600000| Untracked 
| 113|0x000000008a700000, 0x000000008a700000, 0x000000008a800000|  0%| F|  |TAMS 0x000000008a700000| PB 0x000000008a700000| Untracked 
| 114|0x000000008a800000, 0x000000008a800000, 0x000000008a900000|  0%| F|  |TAMS 0x000000008a800000| PB 0x000000008a800000| Untracked 
| 115|0x000000008a900000, 0x000000008a900000, 0x000000008aa00000|  0%| F|  |TAMS 0x000000008a900000| PB 0x000000008a900000| Untracked 
| 116|0x000000008aa00000, 0x000000008aa00000, 0x000000008ab00000|  0%| F|  |TAMS 0x000000008aa00000| PB 0x000000008aa00000| Untracked 
| 117|0x000000008ab00000, 0x000000008ab00000, 0x000000008ac00000|  0%| F|  |TAMS 0x000000008ab00000| PB 0x000000008ab00000| Untracked 
| 118|0x000000008ac00000, 0x000000008ac00000, 0x000000008ad00000|  0%| F|  |TAMS 0x000000008ac00000| PB 0x000000008ac00000| Untracked 
| 119|0x000000008ad00000, 0x000000008ad00000, 0x000000008ae00000|  0%| F|  |TAMS 0x000000008ad00000| PB 0x000000008ad00000| Untracked 
| 120|0x000000008ae00000, 0x000000008ae00000, 0x000000008af00000|  0%| F|  |TAMS 0x000000008ae00000| PB 0x000000008ae00000| Untracked 
| 121|0x000000008af00000, 0x000000008af00000, 0x000000008b000000|  0%| F|  |TAMS 0x000000008af00000| PB 0x000000008af00000| Untracked 
| 122|0x000000008b000000, 0x000000008b000000, 0x000000008b100000|  0%| F|  |TAMS 0x000000008b000000| PB 0x000000008b000000| Untracked 
| 123|0x000000008b100000, 0x000000008b100000, 0x000000008b200000|  0%| F|  |TAMS 0x000000008b100000| PB 0x000000008b100000| Untracked 
| 124|0x000000008b200000, 0x000000008b200000, 0x000000008b300000|  0%| F|  |TAMS 0x000000008b200000| PB 0x000000008b200000| Untracked 
| 125|0x000000008b300000, 0x000000008b300000, 0x000000008b400000|  0%| F|  |TAMS 0x000000008b300000| PB 0x000000008b300000| Untracked 
| 126|0x000000008b400000, 0x000000008b400000, 0x000000008b500000|  0%| F|  |TAMS 0x000000008b400000| PB 0x000000008b400000| Untracked 
| 127|0x000000008b500000, 0x000000008b500000, 0x000000008b600000|  0%| F|  |TAMS 0x000000008b500000| PB 0x000000008b500000| Untracked 
| 128|0x000000008b600000, 0x000000008b600000, 0x000000008b700000|  0%| F|  |TAMS 0x000000008b600000| PB 0x000000008b600000| Untracked 
| 129|0x000000008b700000, 0x000000008b700000, 0x000000008b800000|  0%| F|  |TAMS 0x000000008b700000| PB 0x000000008b700000| Untracked 
| 130|0x000000008b800000, 0x000000008b800000, 0x000000008b900000|  0%| F|  |TAMS 0x000000008b800000| PB 0x000000008b800000| Untracked 
| 131|0x000000008b900000, 0x000000008b900000, 0x000000008ba00000|  0%| F|  |TAMS 0x000000008b900000| PB 0x000000008b900000| Untracked 
| 132|0x000000008ba00000, 0x000000008ba00000, 0x000000008bb00000|  0%| F|  |TAMS 0x000000008ba00000| PB 0x000000008ba00000| Untracked 
| 133|0x000000008bb00000, 0x000000008bb00000, 0x000000008bc00000|  0%| F|  |TAMS 0x000000008bb00000| PB 0x000000008bb00000| Untracked 
| 134|0x000000008bc00000, 0x000000008bc00000, 0x000000008bd00000|  0%| F|  |TAMS 0x000000008bc00000| PB 0x000000008bc00000| Untracked 
| 135|0x000000008bd00000, 0x000000008bd00000, 0x000000008be00000|  0%| F|  |TAMS 0x000000008bd00000| PB 0x000000008bd00000| Untracked 
| 136|0x000000008be00000, 0x000000008be00000, 0x000000008bf00000|  0%| F|  |TAMS 0x000000008be00000| PB 0x000000008be00000| Untracked 
| 137|0x000000008bf00000, 0x000000008bf00000, 0x000000008c000000|  0%| F|  |TAMS 0x000000008bf00000| PB 0x000000008bf00000| Untracked 
| 138|0x000000008c000000, 0x000000008c000000, 0x000000008c100000|  0%| F|  |TAMS 0x000000008c000000| PB 0x000000008c000000| Untracked 
| 139|0x000000008c100000, 0x000000008c100000, 0x000000008c200000|  0%| F|  |TAMS 0x000000008c100000| PB 0x000000008c100000| Untracked 
| 140|0x000000008c200000, 0x000000008c200000, 0x000000008c300000|  0%| F|  |TAMS 0x000000008c200000| PB 0x000000008c200000| Untracked 
| 141|0x000000008c300000, 0x000000008c300000, 0x000000008c400000|  0%| F|  |TAMS 0x000000008c300000| PB 0x000000008c300000| Untracked 
| 142|0x000000008c400000, 0x000000008c400000, 0x000000008c500000|  0%| F|  |TAMS 0x000000008c400000| PB 0x000000008c400000| Untracked 
| 143|0x000000008c500000, 0x000000008c500000, 0x000000008c600000|  0%| F|  |TAMS 0x000000008c500000| PB 0x000000008c500000| Untracked 
| 144|0x000000008c600000, 0x000000008c600000, 0x000000008c700000|  0%| F|  |TAMS 0x000000008c600000| PB 0x000000008c600000| Untracked 
| 145|0x000000008c700000, 0x000000008c700000, 0x000000008c800000|  0%| F|  |TAMS 0x000000008c700000| PB 0x000000008c700000| Untracked 
| 146|0x000000008c800000, 0x000000008c800000, 0x000000008c900000|  0%| F|  |TAMS 0x000000008c800000| PB 0x000000008c800000| Untracked 
| 147|0x000000008c900000, 0x000000008c900000, 0x000000008ca00000|  0%| F|  |TAMS 0x000000008c900000| PB 0x000000008c900000| Untracked 
| 148|0x000000008ca00000, 0x000000008ca00000, 0x000000008cb00000|  0%| F|  |TAMS 0x000000008ca00000| PB 0x000000008ca00000| Untracked 
| 149|0x000000008cb00000, 0x000000008cb00000, 0x000000008cc00000|  0%| F|  |TAMS 0x000000008cb00000| PB 0x000000008cb00000| Untracked 
| 150|0x000000008cc00000, 0x000000008cc00000, 0x000000008cd00000|  0%| F|  |TAMS 0x000000008cc00000| PB 0x000000008cc00000| Untracked 
| 151|0x000000008cd00000, 0x000000008cd00000, 0x000000008ce00000|  0%| F|  |TAMS 0x000000008cd00000| PB 0x000000008cd00000| Untracked 
| 152|0x000000008ce00000, 0x000000008ce00000, 0x000000008cf00000|  0%| F|  |TAMS 0x000000008ce00000| PB 0x000000008ce00000| Untracked 
| 153|0x000000008cf00000, 0x000000008cf00000, 0x000000008d000000|  0%| F|  |TAMS 0x000000008cf00000| PB 0x000000008cf00000| Untracked 
| 154|0x000000008d000000, 0x000000008d000000, 0x000000008d100000|  0%| F|  |TAMS 0x000000008d000000| PB 0x000000008d000000| Untracked 
| 155|0x000000008d100000, 0x000000008d100000, 0x000000008d200000|  0%| F|  |TAMS 0x000000008d100000| PB 0x000000008d100000| Untracked 
| 156|0x000000008d200000, 0x000000008d200000, 0x000000008d300000|  0%| F|  |TAMS 0x000000008d200000| PB 0x000000008d200000| Untracked 
| 157|0x000000008d300000, 0x000000008d300000, 0x000000008d400000|  0%| F|  |TAMS 0x000000008d300000| PB 0x000000008d300000| Untracked 
| 158|0x000000008d400000, 0x000000008d400000, 0x000000008d500000|  0%| F|  |TAMS 0x000000008d400000| PB 0x000000008d400000| Untracked 
| 159|0x000000008d500000, 0x000000008d500000, 0x000000008d600000|  0%| F|  |TAMS 0x000000008d500000| PB 0x000000008d500000| Untracked 
| 160|0x000000008d600000, 0x000000008d600000, 0x000000008d700000|  0%| F|  |TAMS 0x000000008d600000| PB 0x000000008d600000| Untracked 
| 161|0x000000008d700000, 0x000000008d700000, 0x000000008d800000|  0%| F|  |TAMS 0x000000008d700000| PB 0x000000008d700000| Untracked 
| 162|0x000000008d800000, 0x000000008d800000, 0x000000008d900000|  0%| F|  |TAMS 0x000000008d800000| PB 0x000000008d800000| Untracked 
| 163|0x000000008d900000, 0x000000008d900000, 0x000000008da00000|  0%| F|  |TAMS 0x000000008d900000| PB 0x000000008d900000| Untracked 
| 164|0x000000008da00000, 0x000000008da00000, 0x000000008db00000|  0%| F|  |TAMS 0x000000008da00000| PB 0x000000008da00000| Untracked 
| 165|0x000000008db00000, 0x000000008db00000, 0x000000008dc00000|  0%| F|  |TAMS 0x000000008db00000| PB 0x000000008db00000| Untracked 
| 166|0x000000008dc00000, 0x000000008dc00000, 0x000000008dd00000|  0%| F|  |TAMS 0x000000008dc00000| PB 0x000000008dc00000| Untracked 
| 167|0x000000008dd00000, 0x000000008dd00000, 0x000000008de00000|  0%| F|  |TAMS 0x000000008dd00000| PB 0x000000008dd00000| Untracked 
| 168|0x000000008de00000, 0x000000008de00000, 0x000000008df00000|  0%| F|  |TAMS 0x000000008de00000| PB 0x000000008de00000| Untracked 
| 169|0x000000008df00000, 0x000000008df00000, 0x000000008e000000|  0%| F|  |TAMS 0x000000008df00000| PB 0x000000008df00000| Untracked 
| 170|0x000000008e000000, 0x000000008e000000, 0x000000008e100000|  0%| F|  |TAMS 0x000000008e000000| PB 0x000000008e000000| Untracked 
| 171|0x000000008e100000, 0x000000008e200000, 0x000000008e200000|100%| E|  |TAMS 0x000000008e100000| PB 0x000000008e100000| Complete 
| 172|0x000000008e200000, 0x000000008e300000, 0x000000008e300000|100%| E|CS|TAMS 0x000000008e200000| PB 0x000000008e200000| Complete 

Card table byte_map: [0x0000024addd60000,0x0000024ade150000] _byte_map_base: 0x0000024add945000

Marking Bits: (CMBitMap*) 0x0000024ac3dc29b0
 Bits: [0x0000024ade150000, 0x0000024ae0078000)

Polling page: 0x0000024ac3e20000

Metaspace:

Usage:
  Non-class:     88.34 MB used.
      Class:     13.75 MB used.
       Both:    102.09 MB used.

Virtual space:
  Non-class space:      128.00 MB reserved,      88.94 MB ( 69%) committed,  2 nodes.
      Class space:        1.00 GB reserved,      14.31 MB (  1%) committed,  1 nodes.
             Both:        1.12 GB reserved,     103.25 MB (  9%) committed. 

Chunk freelists:
   Non-Class:  6.95 MB
       Class:  1.68 MB
        Both:  8.63 MB

MaxMetaspaceSize: unlimited
CompressedClassSpaceSize: 1.00 GB
Initial GC threshold: 21.00 MB
Current GC threshold: 152.00 MB
CDS: on
 - commit_granule_bytes: 65536.
 - commit_granule_words: 8192.
 - virtual_space_node_default_size: 8388608.
 - enlarge_chunks_in_place: 1.
 - use_allocation_guard: 0.


Internal statistics:

num_allocs_failed_limit: 11.
num_arena_births: 1786.
num_arena_deaths: 0.
num_vsnodes_births: 3.
num_vsnodes_deaths: 0.
num_space_committed: 1652.
num_space_uncommitted: 0.
num_chunks_returned_to_freelist: 11.
num_chunks_taken_from_freelist: 5519.
num_chunk_merges: 8.
num_chunk_splits: 3992.
num_chunks_enlarged: 3124.
num_inconsistent_stats: 0.

CodeHeap 'non-profiled nmethods': size=119168Kb used=5159Kb max_used=5159Kb free=114008Kb
 bounds [0x0000024ad5550000, 0x0000024ad5a60000, 0x0000024adc9b0000]
CodeHeap 'profiled nmethods': size=119104Kb used=18412Kb max_used=18412Kb free=100691Kb
 bounds [0x0000024acd9b0000, 0x0000024acebb0000, 0x0000024ad4e00000]
CodeHeap 'non-nmethods': size=7488Kb used=1799Kb max_used=3487Kb free=5688Kb
 bounds [0x0000024ad4e00000, 0x0000024ad5180000, 0x0000024ad5550000]
 total_blobs=10372 nmethods=9567 adapters=708
 compilation: enabled
              stopped_count=0, restarted_count=0
 full_count=0

Compilation events (20 events):
Event: 1612.381 Thread 0x0000024ae255e700 nmethod 11021 0x0000024ad5a55390 code [0x0000024ad5a55560, 0x0000024ad5a55b70]
Event: 1612.424 Thread 0x0000024ae255e700 11023   !   4       java.util.concurrent.ConcurrentHashMap::replaceNode (437 bytes)
Event: 1612.466 Thread 0x0000024ae255e700 nmethod 11023 0x0000024ad5a55d90 code [0x0000024ad5a55f80, 0x0000024ad5a56b00]
Event: 1612.632 Thread 0x0000024ae32796c0 11024       3       javax.management.openmbean.CompositeType::getType (18 bytes)
Event: 1612.636 Thread 0x0000024ae255e700 11025       4       java.util.TreeMap$PrivateEntryIterator::nextEntry (54 bytes)
Event: 1612.646 Thread 0x0000024ae32796c0 nmethod 11024 0x0000024aceba7510 code [0x0000024aceba76e0, 0x0000024aceba7a38]
Event: 1612.646 Thread 0x0000024ae32796c0 11026       3       javax.management.openmbean.CompositeType::isAssignableFrom (98 bytes)
Event: 1612.646 Thread 0x0000024ae255e700 nmethod 11025 0x0000024ad5a57010 code [0x0000024ad5a571a0, 0x0000024ad5a57508]
Event: 1612.646 Thread 0x0000024ae255e700 11027       4       java.util.TreeMap::getEntry (77 bytes)
Event: 1612.667 Thread 0x0000024ae32796c0 nmethod 11026 0x0000024aceba7b90 code [0x0000024aceba7ec0, 0x0000024aceba9520]
Event: 1612.667 Thread 0x0000024ae32796c0 11028       1       javax.management.openmbean.TabularType::getRowType (5 bytes)
Event: 1612.668 Thread 0x0000024ae32796c0 nmethod 11028 0x0000024ad5a57690 code [0x0000024ad5a57820, 0x0000024ad5a578e8]
Event: 1612.729 Thread 0x0000024ae255e700 nmethod 11027 0x0000024ad5a57990 code [0x0000024ad5a57b80, 0x0000024ad5a584f8]
Event: 1613.191 Thread 0x0000024ae255e700 11029       4       java.lang.ThreadLocal$ThreadLocalMap::getEntry (42 bytes)
Event: 1613.195 Thread 0x0000024ae255e700 nmethod 11029 0x0000024ad5a58b10 code [0x0000024ad5a58ca0, 0x0000024ad5a58df0]
Event: 1615.755 Thread 0x0000024ae32796c0 11030       3       java.lang.invoke.MethodHandles::dropArgumentsTrusted (111 bytes)
Event: 1615.800 Thread 0x0000024ae32796c0 nmethod 11030 0x0000024aceba9b90 code [0x0000024aceba9e20, 0x0000024acebaa850]
Event: 1616.080 Thread 0x0000024ae255e700 11031       4       java.lang.invoke.LambdaForm$Name::<init> (19 bytes)
Event: 1616.099 Thread 0x0000024ae255e700 nmethod 11031 0x0000024ad5a58f10 code [0x0000024ad5a59100, 0x0000024ad5a598c0]
Event: 1616.137 Thread 0x0000024ae255e700 11032       4       java.lang.invoke.InvokerBytecodeGenerator::emitStaticInvoke (258 bytes)

GC Heap History (20 events):
Event: 4.582 GC heap before
{Heap before GC invocations=12 (full 0):
 garbage-first heap   total 122880K, used 73888K [0x0000000083600000, 0x0000000100000000)
  region size 1024K, 43 young (44032K), 7 survivors (7168K)
 Metaspace       used 59705K, committed 60288K, reserved 1114112K
  class space    used 7706K, committed 8000K, reserved 1048576K
}
Event: 4.586 GC heap after
{Heap after GC invocations=13 (full 0):
 garbage-first heap   total 122880K, used 40942K [0x0000000083600000, 0x0000000100000000)
  region size 1024K, 6 young (6144K), 6 survivors (6144K)
 Metaspace       used 59705K, committed 60288K, reserved 1114112K
  class space    used 7706K, committed 8000K, reserved 1048576K
}
Event: 5.594 GC heap before
{Heap before GC invocations=14 (full 0):
 garbage-first heap   total 122880K, used 106478K [0x0000000083600000, 0x0000000100000000)
  region size 1024K, 70 young (71680K), 6 survivors (6144K)
 Metaspace       used 76515K, committed 77184K, reserved 1179648K
  class space    used 10109K, committed 10432K, reserved 1048576K
}
Event: 5.599 GC heap after
{Heap after GC invocations=15 (full 0):
 garbage-first heap   total 122880K, used 45120K [0x0000000083600000, 0x0000000100000000)
  region size 1024K, 7 young (7168K), 7 survivors (7168K)
 Metaspace       used 76515K, committed 77184K, reserved 1179648K
  class space    used 10109K, committed 10432K, reserved 1048576K
}
Event: 5.985 GC heap before
{Heap before GC invocations=15 (full 0):
 garbage-first heap   total 122880K, used 107584K [0x0000000083600000, 0x0000000100000000)
  region size 1024K, 68 young (69632K), 7 survivors (7168K)
 Metaspace       used 80746K, committed 81408K, reserved 1179648K
  class space    used 10693K, committed 11008K, reserved 1048576K
}
Event: 5.992 GC heap after
{Heap after GC invocations=16 (full 0):
 garbage-first heap   total 122880K, used 48193K [0x0000000083600000, 0x0000000100000000)
  region size 1024K, 8 young (8192K), 8 survivors (8192K)
 Metaspace       used 80746K, committed 81408K, reserved 1179648K
  class space    used 10693K, committed 11008K, reserved 1048576K
}
Event: 6.304 GC heap before
{Heap before GC invocations=16 (full 0):
 garbage-first heap   total 122880K, used 107585K [0x0000000083600000, 0x0000000100000000)
  region size 1024K, 66 young (67584K), 8 survivors (8192K)
 Metaspace       used 82894K, committed 83648K, reserved 1179648K
  class space    used 11022K, committed 11328K, reserved 1048576K
}
Event: 6.311 GC heap after
{Heap after GC invocations=17 (full 0):
 garbage-first heap   total 122880K, used 52191K [0x0000000083600000, 0x0000000100000000)
  region size 1024K, 8 young (8192K), 8 survivors (8192K)
 Metaspace       used 82894K, committed 83648K, reserved 1179648K
  class space    used 11022K, committed 11328K, reserved 1048576K
}
Event: 6.683 GC heap before
{Heap before GC invocations=17 (full 0):
 garbage-first heap   total 122880K, used 107487K [0x0000000083600000, 0x0000000100000000)
  region size 1024K, 62 young (63488K), 8 survivors (8192K)
 Metaspace       used 85450K, committed 86208K, reserved 1179648K
  class space    used 11359K, committed 11712K, reserved 1048576K
}
Event: 6.689 GC heap after
{Heap after GC invocations=18 (full 0):
 garbage-first heap   total 147456K, used 55478K [0x0000000083600000, 0x0000000100000000)
  region size 1024K, 7 young (7168K), 7 survivors (7168K)
 Metaspace       used 85450K, committed 86208K, reserved 1179648K
  class space    used 11359K, committed 11712K, reserved 1048576K
}
Event: 7.079 GC heap before
{Heap before GC invocations=19 (full 0):
 garbage-first heap   total 147456K, used 131254K [0x0000000083600000, 0x0000000100000000)
  region size 1024K, 81 young (82944K), 7 survivors (7168K)
 Metaspace       used 87260K, committed 88128K, reserved 1179648K
  class space    used 11692K, committed 12096K, reserved 1048576K
}
Event: 7.086 GC heap after
{Heap after GC invocations=20 (full 0):
 garbage-first heap   total 147456K, used 59354K [0x0000000083600000, 0x0000000100000000)
  region size 1024K, 7 young (7168K), 7 survivors (7168K)
 Metaspace       used 87260K, committed 88128K, reserved 1179648K
  class space    used 11692K, committed 12096K, reserved 1048576K
}
Event: 7.469 GC heap before
{Heap before GC invocations=20 (full 0):
 garbage-first heap   total 147456K, used 132058K [0x0000000083600000, 0x0000000100000000)
  region size 1024K, 78 young (79872K), 7 survivors (7168K)
 Metaspace       used 88956K, committed 89856K, reserved 1179648K
  class space    used 11972K, committed 12416K, reserved 1048576K
}
Event: 7.477 GC heap after
{Heap after GC invocations=21 (full 0):
 garbage-first heap   total 147456K, used 61753K [0x0000000083600000, 0x0000000100000000)
  region size 1024K, 8 young (8192K), 8 survivors (8192K)
 Metaspace       used 88956K, committed 89856K, reserved 1179648K
  class space    used 11972K, committed 12416K, reserved 1048576K
}
Event: 7.865 GC heap before
{Heap before GC invocations=21 (full 0):
 garbage-first heap   total 147456K, used 130361K [0x0000000083600000, 0x0000000100000000)
  region size 1024K, 75 young (76800K), 8 survivors (8192K)
 Metaspace       used 92103K, committed 93056K, reserved 1179648K
  class space    used 12479K, committed 12928K, reserved 1048576K
}
Event: 7.872 GC heap after
{Heap after GC invocations=22 (full 0):
 garbage-first heap   total 147456K, used 65243K [0x0000000083600000, 0x0000000100000000)
  region size 1024K, 7 young (7168K), 7 survivors (7168K)
 Metaspace       used 92103K, committed 93056K, reserved 1179648K
  class space    used 12479K, committed 12928K, reserved 1048576K
}
Event: 8.165 GC heap before
{Heap before GC invocations=23 (full 0):
 garbage-first heap   total 147456K, used 131803K [0x0000000083600000, 0x0000000100000000)
  region size 1024K, 72 young (73728K), 7 survivors (7168K)
 Metaspace       used 93235K, committed 94272K, reserved 1179648K
  class space    used 12645K, committed 13120K, reserved 1048576K
}
Event: 8.173 GC heap after
{Heap after GC invocations=24 (full 0):
 garbage-first heap   total 177152K, used 68803K [0x0000000083600000, 0x0000000100000000)
  region size 1024K, 7 young (7168K), 7 survivors (7168K)
 Metaspace       used 93235K, committed 94272K, reserved 1179648K
  class space    used 12645K, committed 13120K, reserved 1048576K
}
Event: 1611.588 GC heap before
{Heap before GC invocations=24 (full 0):
 garbage-first heap   total 177152K, used 158915K [0x0000000083600000, 0x0000000100000000)
  region size 1024K, 95 young (97280K), 7 survivors (7168K)
 Metaspace       used 104498K, committed 105664K, reserved 1179648K
  class space    used 14069K, committed 14592K, reserved 1048576K
}
Event: 1612.337 GC heap after
{Heap after GC invocations=25 (full 0):
 garbage-first heap   total 177152K, used 71523K [0x0000000083600000, 0x0000000100000000)
  region size 1024K, 7 young (7168K), 7 survivors (7168K)
 Metaspace       used 104498K, committed 105664K, reserved 1179648K
  class space    used 14069K, committed 14592K, reserved 1048576K
}

Dll operation events (11 events):
Event: 0.009 Loaded shared library C:\Program Files\Java\jdk-21\bin\java.dll
Event: 0.036 Loaded shared library C:\Program Files\Java\jdk-21\bin\jsvml.dll
Event: 0.131 Loaded shared library C:\Program Files\Java\jdk-21\bin\net.dll
Event: 0.133 Loaded shared library C:\Program Files\Java\jdk-21\bin\nio.dll
Event: 0.138 Loaded shared library C:\Program Files\Java\jdk-21\bin\zip.dll
Event: 0.318 Loaded shared library C:\Program Files\Java\jdk-21\bin\jimage.dll
Event: 0.873 Loaded shared library C:\Program Files\Java\jdk-21\bin\sunmscapi.dll
Event: 1.125 Loaded shared library C:\Program Files\Java\jdk-21\bin\extnet.dll
Event: 3.717 Loaded shared library C:\Program Files\Java\jdk-21\bin\management.dll
Event: 3.721 Loaded shared library C:\Program Files\Java\jdk-21\bin\management_ext.dll
Event: 4.274 Loaded shared library C:\Program Files\Java\jdk-21\bin\verify.dll

Deoptimization events (20 events):
Event: 1344.081 Thread 0x0000024aead91ed0 Uncommon trap: trap_request=0xffffffd6 fr.pc=0x0000024ad5a4bd20 relative=0x00000000000014e0
Event: 1344.081 Thread 0x0000024aead91ed0 Uncommon trap: reason=array_check action=maybe_recompile pc=0x0000024ad5a4bd20 method=com.google.gson.internal.$Gson$Types$ParameterizedTypeImpl.<init>(Ljava/lang/reflect/Type;Ljava/lang/reflect/Type;[Ljava/lang/reflect/Type;)V @ 154 c2
Event: 1344.081 Thread 0x0000024aead91ed0 DEOPT PACKING pc=0x0000024ad5a4bd20 sp=0x000000858c2feaf0
Event: 1344.081 Thread 0x0000024aead91ed0 DEOPT UNPACKING pc=0x0000024ad4e546a2 sp=0x000000858c2fea60 mode 2
Event: 1344.081 Thread 0x0000024aead91ed0 Uncommon trap: trap_request=0xffffffd6 fr.pc=0x0000024ad5a4bd20 relative=0x00000000000014e0
Event: 1344.081 Thread 0x0000024aead91ed0 Uncommon trap: reason=array_check action=maybe_recompile pc=0x0000024ad5a4bd20 method=com.google.gson.internal.$Gson$Types$ParameterizedTypeImpl.<init>(Ljava/lang/reflect/Type;Ljava/lang/reflect/Type;[Ljava/lang/reflect/Type;)V @ 154 c2
Event: 1344.081 Thread 0x0000024aead91ed0 DEOPT PACKING pc=0x0000024ad5a4bd20 sp=0x000000858c2fe9e0
Event: 1344.081 Thread 0x0000024aead91ed0 DEOPT UNPACKING pc=0x0000024ad4e546a2 sp=0x000000858c2fe958 mode 2
Event: 1566.269 Thread 0x0000024aeaff5840 Uncommon trap: trap_request=0xffffff45 fr.pc=0x0000024ad5a3bb74 relative=0x00000000000000d4
Event: 1566.270 Thread 0x0000024aeaff5840 Uncommon trap: reason=unstable_if action=reinterpret pc=0x0000024ad5a3bb74 method=java.util.concurrent.ScheduledThreadPoolExecutor$ScheduledFutureTask.compareTo(Ljava/util/concurrent/Delayed;)I @ 40 c2
Event: 1566.271 Thread 0x0000024aeaff5840 DEOPT PACKING pc=0x0000024ad5a3bb74 sp=0x000000858bcfed20
Event: 1566.274 Thread 0x0000024aeaff5840 DEOPT UNPACKING pc=0x0000024ad4e546a2 sp=0x000000858bcfeca8 mode 2
Event: 1613.171 Thread 0x0000024aec0f02f0 Uncommon trap: trap_request=0xffffff45 fr.pc=0x0000024ad5a46f6c relative=0x000000000000004c
Event: 1613.173 Thread 0x0000024aec0ee220 Uncommon trap: trap_request=0xffffff45 fr.pc=0x0000024ad5a51820 relative=0x0000000000000080
Event: 1613.173 Thread 0x0000024aec0f02f0 Uncommon trap: reason=unstable_if action=reinterpret pc=0x0000024ad5a46f6c method=java.util.concurrent.ThreadPoolExecutor.runStateAtLeast(II)Z @ 2 c2
Event: 1613.175 Thread 0x0000024aec0f02f0 DEOPT PACKING pc=0x0000024ad5a46f6c sp=0x00000085895ff440
Event: 1613.176 Thread 0x0000024aec0ee220 Uncommon trap: reason=unstable_if action=reinterpret pc=0x0000024ad5a51820 method=java.util.concurrent.locks.AbstractQueuedSynchronizer$ConditionNode.isReleasable()Z @ 14 c2
Event: 1613.176 Thread 0x0000024aec0ee220 DEOPT PACKING pc=0x0000024ad5a51820 sp=0x000000858d2fee30
Event: 1613.176 Thread 0x0000024aec0f02f0 DEOPT UNPACKING pc=0x0000024ad4e546a2 sp=0x00000085895ff3d8 mode 2
Event: 1613.181 Thread 0x0000024aec0ee220 DEOPT UNPACKING pc=0x0000024ad4e546a2 sp=0x000000858d2fedc0 mode 2

Classes loaded (20 events):
Event: 19.453 Loading class sun/security/rsa/RSAPrivateCrtKeyImpl
Event: 19.453 Loading class java/security/interfaces/RSAPrivateCrtKey
Event: 19.454 Loading class java/security/interfaces/RSAPrivateCrtKey done
Event: 19.454 Loading class sun/security/rsa/RSAPrivateCrtKeyImpl done
Event: 19.454 Loading class sun/security/rsa/RSAPadding
Event: 19.454 Loading class sun/security/rsa/RSAPadding done
Event: 19.456 Loading class java/time/Instant$1
Event: 19.457 Loading class java/time/Instant$1 done
Event: 19.521 Loading class java/security/CodeSigner
Event: 19.521 Loading class java/security/CodeSigner done
Event: 19.605 Loading class javax/xml/datatype/XMLGregorianCalendar
Event: 19.605 Loading class javax/xml/datatype/XMLGregorianCalendar done
Event: 19.655 Loading class org/w3c/dom/Node
Event: 19.656 Loading class org/w3c/dom/Node done
Event: 19.656 Loading class org/w3c/dom/Document
Event: 19.656 Loading class org/w3c/dom/Document done
Event: 1609.951 Loading class sun/net/ConnectionResetException
Event: 1610.020 Loading class sun/net/ConnectionResetException done
Event: 1615.218 Loading class java/util/concurrent/ConcurrentHashMap$ValueSpliterator
Event: 1615.446 Loading class java/util/concurrent/ConcurrentHashMap$ValueSpliterator done

Classes unloaded (0 events):
No events

Classes redefined (0 events):
No events

Internal exceptions (20 events):
Event: 8.401 Thread 0x0000024ac3d6c680 Exception <a 'java/lang/NoSuchMethodError'{0x000000008c14e4a8}: 'double java.lang.invoke.DelegatingMethodHandle$Holder.reinvoke_L(java.lang.Object, java.lang.Object, int)'> (0x000000008c14e4a8) 
thrown [s\open\src\hotspot\share\interpreter\linkResolver.cpp, line 773]
Event: 8.485 Thread 0x0000024ac3d6c680 Exception <a 'java/lang/NoSuchMethodError'{0x000000008bc0fe40}: 'java.lang.Object java.lang.invoke.DelegatingMethodHandle$Holder.reinvoke_L(java.lang.Object, java.lang.Object, java.lang.Object, java.lang.Object, int, int, int, java.lang.Object)'> (0x000000008bc0fe40) 
thrown [s\open\src\hotspot\share\interpreter\linkResolver.cpp, line 773]
Event: 8.489 Thread 0x0000024ac3d6c680 Exception <a 'java/lang/NoSuchMethodError'{0x000000008bc3d368}: 'java.lang.Object java.lang.invoke.DirectMethodHandle$Holder.invokeInterface(java.lang.Object, java.lang.Object, java.lang.Object, int, int, int, java.lang.Object)'> (0x000000008bc3d368) 
thrown [s\open\src\hotspot\share\interpreter\linkResolver.cpp, line 773]
Event: 8.490 Thread 0x0000024ac3d6c680 Exception <a 'java/lang/NoSuchMethodError'{0x000000008bc41478}: 'java.lang.Object java.lang.invoke.DirectMethodHandle$Holder.invokeSpecial(java.lang.Object, java.lang.Object, java.lang.Object, java.lang.Object, int, int, int, java.lang.Object)'> (0x000000008bc41478) 
thrown [s\open\src\hotspot\share\interpreter\linkResolver.cpp, line 773]
Event: 8.490 Thread 0x0000024ac3d6c680 Exception <a 'java/lang/NoSuchMethodError'{0x000000008bc44e40}: 'java.lang.Object java.lang.invoke.DelegatingMethodHandle$Holder.reinvoke_L(java.lang.Object, java.lang.Object, java.lang.Object, int, int, int, java.lang.Object)'> (0x000000008bc44e40) 
thrown [s\open\src\hotspot\share\interpreter\linkResolver.cpp, line 773]
Event: 8.496 Thread 0x0000024ac3d6c680 Exception <a 'java/lang/NoSuchMethodError'{0x000000008bc750c0}: 'java.lang.Object java.lang.invoke.DirectMethodHandle$Holder.invokeInterface(java.lang.Object, java.lang.Object, java.lang.Object, java.lang.Object, java.lang.Object, java.lang.Object)'> (0x000000008bc750c0) 
thrown [s\open\src\hotspot\share\interpreter\linkResolver.cpp, line 773]
Event: 8.527 Thread 0x0000024aec0eada0 Exception <a 'java/lang/NoSuchMethodError'{0x000000008ba43400}: 'void java.lang.invoke.DirectMethodHandle$Holder.invokeInterface(java.lang.Object, java.lang.Object, int, int)'> (0x000000008ba43400) 
thrown [s\open\src\hotspot\share\interpreter\linkResolver.cpp, line 773]
Event: 8.527 Thread 0x0000024aec0eada0 Exception <a 'java/lang/NoSuchMethodError'{0x000000008ba4a208}: 'void java.lang.invoke.DelegatingMethodHandle$Holder.reinvoke_L(java.lang.Object, java.lang.Object, int, int)'> (0x000000008ba4a208) 
thrown [s\open\src\hotspot\share\interpreter\linkResolver.cpp, line 773]
Event: 8.530 Thread 0x0000024aec0eada0 Exception <a 'java/lang/NoSuchMethodError'{0x000000008ba6c550}: 'java.lang.Object java.lang.invoke.DelegatingMethodHandle$Holder.reinvoke_L(java.lang.Object, java.lang.Object, java.lang.Object, int, java.lang.Object, int, int, java.lang.Object, java.lang.Object)'> (0x000000008ba6c550) 
thrown [s\open\src\hotspot\share\interpreter\linkResolver.cpp, line 773]
Event: 8.584 Thread 0x0000024ac3d6c680 Exception <a 'java/lang/IncompatibleClassChangeError'{0x000000008b654768}: Found class java.lang.Object, but interface was expected> (0x000000008b654768) 
thrown [s\open\src\hotspot\share\interpreter\linkResolver.cpp, line 840]
Event: 8.608 Thread 0x0000024ac3d6c680 Implicit null exception at 0x0000024ad5705e77 to 0x0000024ad5706794
Event: 16.486 Thread 0x0000024af19e1120 Exception <a 'java/lang/NoSuchMethodError'{0x000000008b0daca0}: 'java.lang.Object java.lang.invoke.DirectMethodHandle$Holder.invokeSpecial(java.lang.Object, java.lang.Object, java.lang.Object, java.lang.Object, java.lang.Object, long)'> (0x000000008b0daca0) 
thrown [s\open\src\hotspot\share\interpreter\linkResolver.cpp, line 773]
Event: 16.486 Thread 0x0000024af19e1120 Exception <a 'java/lang/NoSuchMethodError'{0x000000008b0de470}: 'java.lang.Object java.lang.invoke.Invokers$Holder.linkToTargetMethod(java.lang.Object, java.lang.Object, java.lang.Object, long, java.lang.Object)'> (0x000000008b0de470) 
thrown [s\open\src\hotspot\share\interpreter\linkResolver.cpp, line 773]
Event: 19.414 Thread 0x0000024af1d05d90 Implicit null exception at 0x0000024ad5896ac4 to 0x0000024ad589703c
Event: 19.414 Thread 0x0000024af1d05d90 Implicit null exception at 0x0000024ad575bf0d to 0x0000024ad575cd20
Event: 19.598 Thread 0x0000024af1d05d90 Exception <a 'java/lang/NoSuchMethodError'{0x000000008a17bd98}: 'java.lang.Object java.lang.invoke.DirectMethodHandle$Holder.newInvokeSpecial(java.lang.Object, java.lang.Object, java.lang.Object, long)'> (0x000000008a17bd98) 
thrown [s\open\src\hotspot\share\interpreter\linkResolver.cpp, line 773]
Event: 19.598 Thread 0x0000024af1d05d90 Exception <a 'java/lang/NoSuchMethodError'{0x000000008a180978}: 'java.lang.Object java.lang.invoke.DirectMethodHandle$Holder.invokeSpecial(java.lang.Object, java.lang.Object, java.lang.Object, java.lang.Object, long)'> (0x000000008a180978) 
thrown [s\open\src\hotspot\share\interpreter\linkResolver.cpp, line 773]
Event: 19.599 Thread 0x0000024af1d05d90 Exception <a 'java/lang/NoSuchMethodError'{0x000000008a184e58}: 'java.lang.Object java.lang.invoke.Invokers$Holder.linkToTargetMethod(java.lang.Object, java.lang.Object, long, java.lang.Object)'> (0x000000008a184e58) 
thrown [s\open\src\hotspot\share\interpreter\linkResolver.cpp, line 773]
Event: 1610.053 Thread 0x0000024aec0eef40 Exception <a 'sun/net/ConnectionResetException'{0x000000008be40c90}: Connection reset> (0x000000008be40c90) 
thrown [s\open\src\hotspot\share\prims\jni.cpp, line 539]
Event: 1616.338 Thread 0x0000024aec0eada0 Exception <a 'java/lang/NoSuchMethodError'{0x000000008e1de730}: 'java.lang.Object java.lang.invoke.Invokers$Holder.linkToTargetMethod(java.lang.Object, java.lang.Object, java.lang.Object, java.lang.Object, int, java.lang.Object)'> (0x000000008e1de730) 
thrown [s\open\src\hotspot\share\interpreter\linkResolver.cpp, line 773]

ZGC Phase Switch (0 events):
No events

VM Operations (20 events):
Event: 1445.771 Executing VM operation: Cleanup
Event: 1445.774 Executing VM operation: Cleanup done
Event: 1457.839 Executing VM operation: Cleanup
Event: 1457.839 Executing VM operation: Cleanup done
Event: 1509.194 Executing VM operation: Cleanup
Event: 1509.194 Executing VM operation: Cleanup done
Event: 1523.297 Executing VM operation: Cleanup
Event: 1523.298 Executing VM operation: Cleanup done
Event: 1525.306 Executing VM operation: Cleanup
Event: 1525.307 Executing VM operation: Cleanup done
Event: 1610.944 Executing VM operation: Cleanup
Event: 1610.961 Executing VM operation: Cleanup done
Event: 1611.570 Executing VM operation: G1CollectForAllocation (G1 Evacuation Pause)
Event: 1612.339 Executing VM operation: G1CollectForAllocation (G1 Evacuation Pause) done
Event: 1613.352 Executing VM operation: Cleanup
Event: 1613.367 Executing VM operation: Cleanup done
Event: 1614.380 Executing VM operation: Cleanup
Event: 1614.537 Executing VM operation: Cleanup done
Event: 1615.538 Executing VM operation: Cleanup
Event: 1615.554 Executing VM operation: Cleanup done

Events (20 events):
Event: 552.002 Thread 0x0000024ae9f49780 Thread added: 0x0000024ae9f49780
Event: 555.122 Thread 0x0000024aeb27e6b0 Thread exited: 0x0000024aeb27e6b0
Event: 555.122 Thread 0x0000024ae9f49780 Thread exited: 0x0000024ae9f49780
Event: 1131.928 Thread 0x0000024af1ceadf0 Thread added: 0x0000024af1ceadf0
Event: 1131.929 Thread 0x0000024aea2fe590 Thread added: 0x0000024aea2fe590
Event: 1132.927 Thread 0x0000024aea2fe590 Thread exited: 0x0000024aea2fe590
Event: 1135.049 Thread 0x0000024af1ceadf0 Thread exited: 0x0000024af1ceadf0
Event: 1156.559 Thread 0x0000024af1ceadf0 Thread added: 0x0000024af1ceadf0
Event: 1156.559 Thread 0x0000024aea2fe590 Thread added: 0x0000024aea2fe590
Event: 1161.563 Thread 0x0000024aea2fe590 Thread exited: 0x0000024aea2fe590
Event: 1170.261 Thread 0x0000024af1ceadf0 Thread exited: 0x0000024af1ceadf0
Event: 1519.769 Thread 0x0000024ae8b05000 Thread added: 0x0000024ae8b05000
Event: 1526.911 Thread 0x0000024ae8b05000 Thread exited: 0x0000024ae8b05000
Event: 1610.659 Thread 0x0000024aec0ec150 Thread exited: 0x0000024aec0ec150
Event: 1611.558 Thread 0x0000024aec0f02f0 Thread added: 0x0000024aec0f02f0
Event: 1613.160 Thread 0x0000024aec0ec150 Thread added: 0x0000024aec0ec150
Event: 1613.172 Thread 0x0000024aec0ec150 Thread exited: 0x0000024aec0ec150
Event: 1613.176 Thread 0x0000024aec0f02f0 Thread exited: 0x0000024aec0f02f0
Event: 1613.191 Thread 0x0000024aec0ee220 Thread exited: 0x0000024aec0ee220
Event: 1613.276 Thread 0x0000024aec0eef40 Thread exited: 0x0000024aec0eef40


Dynamic libraries:
0x00007ff6d4da0000 - 0x00007ff6d4db0000 	C:\Program Files\Java\jdk-21\bin\javaw.exe
0x00007ffcfa040000 - 0x00007ffcfa249000 	C:\windows\SYSTEM32\ntdll.dll
0x00007ffcf86c0000 - 0x00007ffcf877d000 	C:\windows\System32\KERNEL32.DLL
0x00007ffcf7790000 - 0x00007ffcf7b14000 	C:\windows\System32\KERNELBASE.dll
0x00007ffcf74d0000 - 0x00007ffcf75e1000 	C:\windows\System32\ucrtbase.dll
0x00007ffceae80000 - 0x00007ffceae9b000 	C:\Program Files\Java\jdk-21\bin\VCRUNTIME140.dll
0x00007ffcd9fe0000 - 0x00007ffcd9ff9000 	C:\Program Files\Java\jdk-21\bin\jli.dll
0x00007ffcf8410000 - 0x00007ffcf84be000 	C:\windows\System32\ADVAPI32.dll
0x00007ffcf7e90000 - 0x00007ffcf7f33000 	C:\windows\System32\msvcrt.dll
0x00007ffcf9f60000 - 0x00007ffcf9ffe000 	C:\windows\System32\sechost.dll
0x00007ffcf8790000 - 0x00007ffcf88b1000 	C:\windows\System32\RPCRT4.dll
0x00007ffcf8140000 - 0x00007ffcf82ed000 	C:\windows\System32\USER32.dll
0x00007ffcf7dc0000 - 0x00007ffcf7de6000 	C:\windows\System32\win32u.dll
0x00007ffcf8690000 - 0x00007ffcf86ba000 	C:\windows\System32\GDI32.dll
0x00007ffcf7670000 - 0x00007ffcf778e000 	C:\windows\System32\gdi32full.dll
0x00007ffcf7df0000 - 0x00007ffcf7e8d000 	C:\windows\System32\msvcp_win.dll
0x00007ffcd70f0000 - 0x00007ffcd7395000 	C:\windows\WinSxS\amd64_microsoft.windows.common-controls_6595b64144ccf1df_6.0.22000.120_none_9d947278b86cc467\COMCTL32.dll
0x00007ffcf2fb0000 - 0x00007ffcf2fba000 	C:\windows\SYSTEM32\VERSION.dll
0x00007ffcf8930000 - 0x00007ffcf8961000 	C:\windows\System32\IMM32.DLL
0x00007ffcd9fd0000 - 0x00007ffcd9fdc000 	C:\Program Files\Java\jdk-21\bin\vcruntime140_1.dll
0x00007ffc8a200000 - 0x00007ffc8a28e000 	C:\Program Files\Java\jdk-21\bin\msvcp140.dll
0x00007ffc81980000 - 0x00007ffc8269a000 	C:\Program Files\Java\jdk-21\bin\server\jvm.dll
0x00007ffcf9ef0000 - 0x00007ffcf9f5f000 	C:\windows\System32\WS2_32.dll
0x00007ffcf6f90000 - 0x00007ffcf6fdd000 	C:\windows\SYSTEM32\POWRPROF.dll
0x00007ffceaef0000 - 0x00007ffceaf23000 	C:\windows\SYSTEM32\WINMM.dll
0x00007ffcf6f70000 - 0x00007ffcf6f83000 	C:\windows\SYSTEM32\UMPDC.dll
0x00007ffcf6350000 - 0x00007ffcf6368000 	C:\windows\SYSTEM32\kernel.appcore.dll
0x00007ffcd9fc0000 - 0x00007ffcd9fca000 	C:\Program Files\Java\jdk-21\bin\jimage.dll
0x00007ffcf1690000 - 0x00007ffcf18b1000 	C:\windows\SYSTEM32\DBGHELP.DLL
0x00007ffcf1650000 - 0x00007ffcf1681000 	C:\windows\SYSTEM32\dbgcore.DLL
0x00007ffcf75f0000 - 0x00007ffcf766f000 	C:\windows\System32\bcryptPrimitives.dll
0x00007ffcd9fa0000 - 0x00007ffcd9fbf000 	C:\Program Files\Java\jdk-21\bin\java.dll
0x00007ffcf8a70000 - 0x00007ffcf9235000 	C:\windows\System32\SHELL32.dll
0x00007ffcf53b0000 - 0x00007ffcf5c12000 	C:\windows\SYSTEM32\windows.storage.dll
0x00007ffcf9330000 - 0x00007ffcf96a6000 	C:\windows\System32\combase.dll
0x00007ffcf5240000 - 0x00007ffcf53a7000 	C:\windows\SYSTEM32\wintypes.dll
0x00007ffcf9240000 - 0x00007ffcf932a000 	C:\windows\System32\SHCORE.dll
0x00007ffcf9710000 - 0x00007ffcf976d000 	C:\windows\System32\shlwapi.dll
0x00007ffcf7400000 - 0x00007ffcf7425000 	C:\windows\SYSTEM32\profapi.dll
0x00007ffc868a0000 - 0x00007ffc86977000 	C:\Program Files\Java\jdk-21\bin\jsvml.dll
0x00007ffcd9f90000 - 0x00007ffcd9fa0000 	C:\Program Files\Java\jdk-21\bin\net.dll
0x00007ffcf2d90000 - 0x00007ffcf2ea4000 	C:\windows\SYSTEM32\WINHTTP.dll
0x00007ffcf67f0000 - 0x00007ffcf6857000 	C:\windows\system32\mswsock.dll
0x00007ffcd9f70000 - 0x00007ffcd9f86000 	C:\Program Files\Java\jdk-21\bin\nio.dll
0x00007ffcad340000 - 0x00007ffcad358000 	C:\Program Files\Java\jdk-21\bin\zip.dll
0x00007ffcf5e70000 - 0x00007ffcf5e9d000 	C:\windows\SYSTEM32\IPHLPAPI.DLL
0x00007ffcf8780000 - 0x00007ffcf8789000 	C:\windows\System32\NSI.dll
0x00007ffcf5ea0000 - 0x00007ffcf5f87000 	C:\windows\SYSTEM32\DNSAPI.dll
0x00007ffcf1e00000 - 0x00007ffcf1e0a000 	C:\Windows\System32\rasadhlp.dll
0x00007ffcf2220000 - 0x00007ffcf22a1000 	C:\windows\System32\fwpuclnt.dll
0x00007ffccbf20000 - 0x00007ffccbf2e000 	C:\Program Files\Java\jdk-21\bin\sunmscapi.dll
0x00007ffcf7b90000 - 0x00007ffcf7cf2000 	C:\windows\System32\CRYPT32.dll
0x00007ffcf6c40000 - 0x00007ffcf6c68000 	C:\windows\SYSTEM32\ncrypt.dll
0x00007ffcf6c00000 - 0x00007ffcf6c37000 	C:\windows\SYSTEM32\NTASN1.dll
0x00007ffcf6ac0000 - 0x00007ffcf6ad8000 	C:\windows\SYSTEM32\CRYPTSP.dll
0x00007ffcf62b0000 - 0x00007ffcf62e5000 	C:\windows\system32\rsaenh.dll
0x00007ffcf6890000 - 0x00007ffcf68bc000 	C:\windows\SYSTEM32\USERENV.dll
0x00007ffcf6c70000 - 0x00007ffcf6c97000 	C:\windows\SYSTEM32\bcrypt.dll
0x00007ffcf69e0000 - 0x00007ffcf69ec000 	C:\windows\SYSTEM32\CRYPTBASE.dll
0x00007ffcc0490000 - 0x00007ffcc0499000 	C:\Program Files\Java\jdk-21\bin\extnet.dll
0x00007ffcf43a0000 - 0x00007ffcf43aa000 	C:\Program Files\Java\jdk-21\bin\management.dll
0x00007ffcf4360000 - 0x00007ffcf436b000 	C:\Program Files\Java\jdk-21\bin\management_ext.dll
0x00007ffcf8680000 - 0x00007ffcf8688000 	C:\windows\System32\PSAPI.DLL
0x00007ffccc2b0000 - 0x00007ffccc2c0000 	C:\Program Files\Java\jdk-21\bin\verify.dll
0x00007ffccc370000 - 0x00007ffccc378000 	C:\windows\system32\wshunix.dll

dbghelp: loaded successfully - version: 4.0.5 - missing functions: none
symbol engine: initialized successfully - sym options: 0x614 - pdb path: .;C:\Program Files\Java\jdk-21\bin;C:\windows\SYSTEM32;C:\windows\WinSxS\amd64_microsoft.windows.common-controls_6595b64144ccf1df_6.0.22000.120_none_9d947278b86cc467;C:\Program Files\Java\jdk-21\bin\server

VM Arguments:
jvm_args: -Dfile.encoding=UTF-8 -Dstdout.encoding=UTF-8 -Dstderr.encoding=UTF-8 -XX:+ShowCodeDetailsInExceptionMessages 
java_command: com.hamch.customerservice.CustomerServiceApplication
java_class_path (initial): B:\Java091024\MyEcomGitHub\myEcomm091024\customer-service\target\classes;C:\Users\Abdella Hamch\.m2\repository\net\bytebuddy\byte-buddy\1.14.10\byte-buddy-1.14.10.jar;C:\Users\Abdella Hamch\.m2\repository\org\modelmapper\modelmapper\3.2.0\modelmapper-3.2.0.jar;C:\Users\Abdella Hamch\.m2\repository\org\springframework\boot\spring-boot-autoconfigure\3.2.1\spring-boot-autoconfigure-3.2.1.jar;C:\Users\Abdella Hamch\.m2\repository\org\springframework\boot\spring-boot\3.2.1\spring-boot-3.2.1.jar;C:\Users\Abdella Hamch\.m2\repository\org\jetbrains\annotations\17.0.0\annotations-17.0.0.jar;C:\Users\Abdella Hamch\.m2\repository\org\springframework\boot\spring-boot-starter-validation\3.2.1\spring-boot-starter-validation-3.2.1.jar;C:\Users\Abdella Hamch\.m2\repository\org\springframework\boot\spring-boot-starter\3.2.1\spring-boot-starter-3.2.1.jar;C:\Users\Abdella Hamch\.m2\repository\org\springframework\boot\spring-boot-starter-logging\3.2.1\spring-boot-starter-logging-3.2.1.jar;C:\Users\Abdella Hamch\.m2\repository\ch\qos\logback\logback-classic\1.4.14\logback-classic-1.4.14.jar;C:\Users\Abdella Hamch\.m2\repository\ch\qos\logback\logback-core\1.4.14\logback-core-1.4.14.jar;C:\Users\Abdella Hamch\.m2\repository\org\apache\logging\log4j\log4j-to-slf4j\2.21.1\log4j-to-slf4j-2.21.1.jar;C:\Users\Abdella Hamch\.m2\repository\org\apache\logging\log4j\log4j-api\2.21.1\log4j-api-2.21.1.jar;C:\Users\Abdella Hamch\.m2\repository\org\slf4j\jul-to-slf4j\2.0.9\jul-to-slf4j-2.0.9.jar;C:\Users\Abdella Hamch\.m2\repository\jakarta\annotation\jakarta.annotation-api\2.1.1\jakarta.annotation-api-2.1.1.jar;C:\Users\Abdella Hamch\.m2\repository\org\yaml\snakeyaml\2.2\snakeyaml-2.2.jar;C:\Users\Abdella Hamch\.m2\repository\org\apache\tomcat\embed\tomcat-embed-el\10.1.17\tomcat-embed-el-10.1.17.jar;C:\Users\Abdella Hamch\.m2\repository\org\hibernate\validator\hibernate-validator\8.0.1.Final\hibernate-validator-8.0.1.Final.jar;C:\Users\Abdella Hamch\.m2\repository\jakarta\validation\jakarta.validation-api\3.0.2\jakarta.validation-api-3.0.2.jar;C:\Users\Abdella Hamch\.m2\repository\org\jboss\logging\jboss-logging\3.5.3.Final\jboss-logging-3.5.3.Final.jar;C:\Users\Abdella Hamch\.m2\repository\com\fasterxml\classmate\1.6.0\classmate-1.6.0.jar;C:\Users\Abdella Hamch\.m2\repository\org\springframework\boot\spring-boot-starter-jdbc\3.2.1\spring-boot-starter-jdbc-3.2.1.jar;C:\Users\Abdella Hamch\.m2\repository\com\zaxxer\HikariCP\5.0.1\HikariCP-5.0.1.jar;C:\Users\Abdella Hamch\.m2\repository\org\springframework\spring-jdbc\6.1.2\spring-jdbc-6.1.2.jar;C:\Users\Abdella Hamch\.m2\repository\org\springframework\spring-beans\6.1.2\spring-beans-6.1.2.jar;C:\Users\Abdella Hamch\.m2\repository\org\postgresql\postgresql\42.6.0\postgresql-42.6.0.jar;C:\Users\Abdella Hamch\.m2\repository\org\checkerframework\checker-qual\3.31.0\checker-qual-3.31.0.jar;C:\Users\Abdella Hamch\.m2\repository\org\springdoc\springdoc-openapi-starter-webmvc-ui\2.3.0\springdoc-openapi-starter-webmvc-ui-2.3.0.jar;C:\Users\Abdella Hamch\.m2\repository\org\springdoc\springdoc-openapi-starter-webmvc-api\2.3.0\springdoc-openapi-starter-webmvc-api-2.3.0.jar;C:\Users\Abdella Hamch\.m2\repository\org\springdoc\springdoc-openapi-starter-common\2.3.0\springdoc-openapi-starter-common-2.3.0.jar;C:\Users\Abdella Hamch\.m2\repository\io\swagger\core\v3\swagger-core-jakarta\2.2.19\swagger-core-jakarta-2.2.19.jar;C:\Users\Abdella Hamch\.m2\repository\org\apache\commons\commons-lang3\3.13.0\commons-lang3-3.13.0.jar;C:\Users\Abdella Hamch\.m2\repository\io\swagger\core\v3\swagger-annotations-jakarta\2.2.19\swagger-annotations-jakarta-2.2.19.jar;C:\Users\Abdella Hamch\.m2\repository\io\swagger\core\v3\swagger-models-jakarta\2.2.19\swagger-models-jakarta-2.2.19.jar;C:\Users\Abdella Hamch\.m2\repository\com\fasterxml\jackson\dataformat\jackson-dataformat-yaml\2.15.3\jackson-dataformat-yaml-2.15.3.jar;C:\Users\Abdella Hamch\.m2\repository\org\webjars\swagger-ui\5.10.3\swagger-ui-5.10.3.jar;C:\Users\Abdella Hamch\.m2\repository\org\springframework\boot\spring-boot-starter-data-jpa\3.2.1\spring-boot-starter-data-jpa-3.2.1.jar;C:\Users\Abdella Hamch\.m2\repository\org\springframework\boot\spring-boot-starter-aop\3.2.1\spring-boot-starter-aop-3.2.1.jar;C:\Users\Abdella Hamch\.m2\repository\org\aspectj\aspectjweaver\1.9.21\aspectjweaver-1.9.21.jar;C:\Users\Abdella Hamch\.m2\repository\org\hibernate\orm\hibernate-core\6.4.1.Final\hibernate-core-6.4.1.Final.jar;C:\Users\Abdella Hamch\.m2\repository\jakarta\persistence\jakarta.persistence-api\3.1.0\jakarta.persistence-api-3.1.0.jar;C:\Users\Abdella Hamch\.m2\repository\jakarta\transaction\jakarta.transaction-api\2.0.1\jakarta.transaction-api-2.0.1.jar;C:\Users\Abdella Hamch\.m2\repository\org\hibernate\common\hibernate-commons-annotations\6.0.6.Final\hibernate-commons-annotations-6.0.6.Final.jar;C:\Users\Abdella Hamch\.m2\repository\io\smallrye\jandex\3.1.2\jandex-3.1.2.jar;C:\Users\Abdella Hamch\.m2\repository\org\glassfish\jaxb\jaxb-runtime\4.0.4\jaxb-runtime-4.0.4.jar;C:\Users\Abdella Hamch\.m2\repository\org\glassfish\jaxb\jaxb-core\4.0.4\jaxb-core-4.0.4.jar;C:\Users\Abdella Hamch\.m2\repository\org\eclipse\angus\angus-activation\2.0.1\angus-activation-2.0.1.jar;C:\Users\Abdella Hamch\.m2\repository\org\glassfish\jaxb\txw2\4.0.4\txw2-4.0.4.jar;C:\Users\Abdella Hamch\.m2\repository\com\sun\istack\istack-commons-runtime\4.1.2\istack-commons-runtime-4.1.2.jar;C:\Users\Abdella Hamch\.m2\repository\jakarta\inject\jakarta.inject-api\2.0.1\jakarta.inject-api-2.0.1.jar;C:\Users\Abdella Hamch\.m2\repository\org\antlr\antlr4-runtime\4.13.0\antlr4-runtime-4.13.0.jar;C:\Users\Abdella Hamch\.m2\repository\org\springframework\data\spring-data-jpa\3.2.1\spring-data-jpa-3.2.1.jar;C:\Users\Abdella Hamch\.m2\repository\org\springframework\spring-orm\6.1.2\spring-orm-6.1.2.jar;C:\Users\Abdella Hamch\.m2\repository\org\springframework\spring-context\6.1.2\spring-context-6.1.2.jar;C:\Users\Abdella Hamch\.m2\repository\org\springframework\spring-aspects\6.1.2\spring-aspects-6.1.2.jar;C:\Users\Abdella Hamch\.m2\repository\org\springframework\security\spring-security-oauth2-resource-server\6.2.1\spring-security-oauth2-resource-server-6.2.1.jar;C:\Users\Abdella Hamch\.m2\repository\org\springframework\security\spring-security-core\6.2.1\spring-security-core-6.2.1.jar;C:\Users\Abdella Hamch\.m2\repository\org\springframework\security\spring-security-crypto\6.2.1\spring-security-crypto-6.2.1.jar;C:\Users\Abdella Hamch\.m2\repository\org\springframework\spring-expression\6.1.2\spring-expression-6.1.2.jar;C:\Users\Abdella Hamch\.m2\repository\org\springframework\security\spring-security-oauth2-core\6.2.1\spring-security-oauth2-core-6.2.1.jar;C:\Users\Abdella Hamch\.m2\repository\org\springframework\security\spring-security-web\6.2.1\spring-security-web-6.2.1.jar;C:\Users\Abdella Hamch\.m2\repository\org\springframework\spring-core\6.1.2\spring-core-6.1.2.jar;C:\Users\Abdella Hamch\.m2\repository\org\springframework\spring-jcl\6.1.2\spring-jcl-6.1.2.jar;C:\Users\Abdella Hamch\.m2\repository\org\springframework\security\spring-security-oauth2-jose\6.2.1\spring-security-oauth2-jose-6.2.1.jar;C:\Users\Abdella Hamch\.m2\repository\com\nimbusds\nimbus-jose-jwt\9.24.4\nimbus-jose-jwt-9.24.4.jar;C:\Users\Abdella Hamch\.m2\repository\com\github\stephenc\jcip\jcip-annotations\1.0-1\jcip-annotations-1.0-1.jar;C:\Users\Abdella Hamch\.m2\repository\org\springframework\boot\spring-boot-starter-security\3.2.1\spring-boot-starter-security-3.2.1.jar;C:\Users\Abdella Hamch\.m2\repository\org\springframework\spring-aop\6.1.2\spring-aop-6.1.2.jar;C:\Users\Abdella Hamch\.m2\repository\org\springframework\security\spring-security-config\6.2.1\spring-security-config-6.2.1.jar;C:\Users\Abdella Hamch\.m2\repository\org\keycloak\keycloak-spring-boot-starter\21.0.2\keycloak-spring-boot-starter-21.0.2.jar;C:\Users\Abdella Hamch\.m2\repository\org\keycloak\keycloak-spring-boot-2-adapter\21.0.2\keycloak-spring-boot-2-adapter-21.0.2.jar;C:\Users\Abdella Hamch\.m2\repository\org\keycloak\keycloak-spring-boot-adapter-core\21.0.2\keycloak-spring-boot-adapter-core-21.0.2.jar;C:\Users\Abdella Hamch\.m2\repository\org\keycloak\keycloak-core\21.0.2\keycloak-core-21.0.2.jar;C:\Users\Abdella Hamch\.m2\repository\org\keycloak\keycloak-common\21.0.2\keycloak-common-21.0.2.jar;C:\Users\Abdella Hamch\.m2\repository\com\sun\activation\jakarta.activation\1.2.2\jakarta.activation-1.2.2.jar;C:\Users\Abdella Hamch\.m2\repository\org\keycloak\keycloak-authz-client\21.0.2\keycloak-authz-client-21.0.2.jar;C:\Users\Abdella Hamch\.m2\repository\org\keycloak\spring-boot-container-bundle\21.0.2\spring-boot-container-bundle-21.0.2.jar;C:\Users\Abdella Hamch\.m2\repository\org\keycloak\keycloak-adapter-core\21.0.2\keycloak-adapter-core-21.0.2.jar;C:\Users\Abdella Hamch\.m2\repository\org\keycloak\keycloak-crypto-default\21.0.2\keycloak-crypto-default-21.0.2.jar;C:\Users\Abdella Hamch\.m2\repository\org\keycloak\keycloak-server-spi\21.0.2\keycloak-server-spi-21.0.2.jar;C:\Users\Abdella Hamch\.m2\repository\org\keycloak\keycloak-server-spi-private\21.0.2\keycloak-server-spi-private-21.0.2.jar;C:\Users\Abdella Hamch\.m2\repository\org\bouncycastle\bcpkix-jdk15on\1.70\bcpkix-jdk15on-1.70.jar;C:\Users\Abdella Hamch\.m2\repository\org\bouncycastle\bcutil-jdk15on\1.70\bcutil-jdk15on-1.70.jar;C:\Users\Abdella Hamch\.m2\repository\org\keycloak\keycloak-spring-security-adapter\21.0.2\keycloak-spring-security-adapter-21.0.2.jar;C:\Users\Abdella Hamch\.m2\repository\org\keycloak\keycloak-adapter-spi\21.0.2\keycloak-adapter-spi-21.0.2.jar;C:\Users\Abdella Hamch\.m2\repository\org\bouncycastle\bcprov-jdk15on\1.70\bcprov-jdk15on-1.70.jar;C:\Users\Abdella Hamch\.m2\repository\com\fasterxml\jackson\core\jackson-core\2.15.3\jackson-core-2.15.3.jar;C:\Users\Abdella Hamch\.m2\repository\com\fasterxml\jackson\core\jackson-databind\2.15.3\jackson-databind-2.15.3.jar;C:\Users\Abdella Hamch\.m2\repository\org\springframework\boot\spring-boot-starter-web\3.2.1\spring-boot-starter-web-3.2.1.jar;C:\Users\Abdella Hamch\.m2\repository\org\springframework\boot\spring-boot-starter-json\3.2.1\spring-boot-starter-json-3.2.1.jar;C:\Users\Abdella Hamch\.m2\repository\com\fasterxml\jackson\datatype\jackson-datatype-jsr310\2.15.3\jackson-datatype-jsr310-2.15.3.jar;C:\Users\Abdella Hamch\.m2\repository\com\fasterxml\jackson\module\jackson-module-parameter-names\2.15.3\jackson-module-parameter-names-2.15.3.jar;C:\Users\Abdella Hamch\.m2\repository\org\springframework\boot\spring-boot-starter-tomcat\3.2.1\spring-boot-starter-tomcat-3.2.1.jar;C:\Users\Abdella Hamch\.m2\repository\org\apache\tomcat\embed\tomcat-embed-core\10.1.17\tomcat-embed-core-10.1.17.jar;C:\Users\Abdella Hamch\.m2\repository\org\apache\tomcat\embed\tomcat-embed-websocket\10.1.17\tomcat-embed-websocket-10.1.17.jar;C:\Users\Abdella Hamch\.m2\repository\org\springframework\spring-web\6.1.2\spring-web-6.1.2.jar;C:\Users\Abdella Hamch\.m2\repository\org\springframework\spring-webmvc\6.1.2\spring-webmvc-6.1.2.jar;C:\Users\Abdella Hamch\.m2\repository\org\springframework\cloud\spring-cloud-stream-binder-rabbit\4.1.0\spring-cloud-stream-binder-rabbit-4.1.0.jar;C:\Users\Abdella Hamch\.m2\repository\org\springframework\cloud\spring-cloud-stream-binder-rabbit-core\4.1.0\spring-cloud-stream-binder-rabbit-core-4.1.0.jar;C:\Users\Abdella Hamch\.m2\repository\org\springframework\boot\spring-boot-starter-webflux\3.2.1\spring-boot-starter-webflux-3.2.1.jar;C:\Users\Abdella Hamch\.m2\repository\org\springframework\boot\spring-boot-starter-reactor-netty\3.2.1\spring-boot-starter-reactor-netty-3.2.1.jar;C:\Users\Abdella Hamch\.m2\repository\org\springframework\spring-webflux\6.1.2\spring-webflux-6.1.2.jar;C:\Users\Abdella Hamch\.m2\repository\io\projectreactor\netty\reactor-netty\1.1.14\reactor-netty-1.1.14.jar;C:\Users\Abdella Hamch\.m2\repository\io\projectreactor\netty\reactor-netty-core\1.1.14\reactor-netty-core-1.1.14.jar;C:\Users\Abdella Hamch\.m2\repository\io\netty\netty-handler\4.1.104.Final\netty-handler-4.1.104.Final.jar;C:\Users\Abdella Hamch\.m2\repository\io\netty\netty-common\4.1.104.Final\netty-common-4.1.104.Final.jar;C:\Users\Abdella Hamch\.m2\repository\io\netty\netty-resolver\4.1.104.Final\netty-resolver-4.1.104.Final.jar;C:\Users\Abdella Hamch\.m2\repository\io\netty\netty-buffer\4.1.104.Final\netty-buffer-4.1.104.Final.jar;C:\Users\Abdella Hamch\.m2\repository\io\netty\netty-transport\4.1.104.Final\netty-transport-4.1.104.Final.jar;C:\Users\Abdella Hamch\.m2\repository\io\netty\netty-transport-native-unix-common\4.1.104.Final\netty-transport-native-unix-common-4.1.104.Final.jar;C:\Users\Abdella Hamch\.m2\repository\io\netty\netty-codec\4.1.104.Final\netty-codec-4.1.104.Final.jar;C:\Users\Abdella Hamch\.m2\repository\io\netty\netty-handler-proxy\4.1.104.Final\netty-handler-proxy-4.1.104.Final.jar;C:\Users\Abdella Hamch\.m2\repository\io\netty\netty-codec-socks\4.1.104.Final\netty-codec-socks-4.1.104.Final.jar;C:\Users\Abdella Hamch\.m2\repository\io\netty\netty-resolver-dns\4.1.104.Final\netty-resolver-dns-4.1.104.Final.jar;C:\Users\Abdella Hamch\.m2\repository\io\netty\netty-codec-dns\4.1.104.Final\netty-codec-dns-4.1.104.Final.jar;C:\Users\Abdella Hamch\.m2\repository\io\netty\netty-resolver-dns-native-macos\4.1.104.Final\netty-resolver-dns-native-macos-4.1.104.Final-osx-x86_64.jar;C:\Users\Abdella Hamch\.m2\repository\io\netty\netty-resolver-dns-classes-macos\4.1.104.Final\netty-resolver-dns-classes-macos-4.1.104.Final.jar;C:\Users\Abdella Hamch\.m2\repository\io\netty\netty-transport-native-epoll\4.1.104.Final\netty-transport-native-epoll-4.1.104.Final-linux-x86_64.jar;C:\Users\Abdella Hamch\.m2\repository\io\netty\netty-transport-classes-epoll\4.1.104.Final\netty-transport-classes-epoll-4.1.104.Final.jar;C:\Users\Abdella Hamch\.m2\repository\io\projectreactor\netty\reactor-netty-http\1.1.14\reactor-netty-http-1.1.14.jar;C:\Users\Abdella Hamch\.m2\repository\io\netty\netty-codec-http\4.1.104.Final\netty-codec-http-4.1.104.Final.jar;C:\Users\Abdella Hamch\.m2\repository\io\netty\netty-codec-http2\4.1.104.Final\netty-codec-http2-4.1.104.Final.jar;C:\Users\Abdella Hamch\.m2\repository\io\projectreactor\netty\incubator\reactor-netty-incubator-quic\0.1.14\reactor-netty-incubator-quic-0.1.14.jar;C:\Users\Abdella Hamch\.m2\repository\io\netty\incubator\netty-incubator-codec-native-quic\0.0.54.Final\netty-incubator-codec-native-quic-0.0.54.Final-linux-x86_64.jar;C:\Users\Abdella Hamch\.m2\repository\io\netty\incubator\netty-incubator-codec-classes-quic\0.0.54.Final\netty-incubator-codec-classes-quic-0.0.54.Final.jar;C:\Users\Abdella Hamch\.m2\repository\org\springframework\cloud\spring-cloud-stream\4.1.0\spring-cloud-stream-4.1.0.jar;C:\Users\Abdella Hamch\.m2\repository\org\springframework\spring-messaging\6.1.2\spring-messaging-6.1.2.jar;C:\Users\Abdella Hamch\.m2\repository\org\springframework\retry\spring-retry\2.0.5\spring-retry-2.0.5.jar;C:\Users\Abdella Hamch\.m2\repository\org\springframework\cloud\spring-cloud-function-context\4.1.0\spring-cloud-function-context-4.1.0.jar;C:\Users\Abdella Hamch\.m2\repository\net\jodah\typetools\0.6.2\typetools-0.6.2.jar;C:\Users\Abdella Hamch\.m2\repository\org\springframework\cloud\spring-cloud-function-core\4.1.0\spring-cloud-function-core-4.1.0.jar;C:\Users\Abdella Hamch\.m2\repository\org\jetbrains\kotlin\kotlin-stdlib-jdk8\1.9.21\kotlin-stdlib-jdk8-1.9.21.jar;C:\Users\Abdella Hamch\.m2\repository\org\jetbrains\kotlin\kotlin-stdlib\1.9.21\kotlin-stdlib-1.9.21.jar;C:\Users\Abdella Hamch\.m2\repository\org\jetbrains\kotlin\kotlin-stdlib-jdk7\1.9.21\kotlin-stdlib-jdk7-1.9.21.jar;C:\Users\Abdella Hamch\.m2\repository\org\springframework\boot\spring-boot-starter-amqp\3.2.1\spring-boot-starter-amqp-3.2.1.jar;C:\Users\Abdella Hamch\.m2\repository\org\springframework\amqp\spring-rabbit\3.1.1\spring-rabbit-3.1.1.jar;C:\Users\Abdella Hamch\.m2\repository\org\springframework\amqp\spring-amqp\3.1.1\spring-amqp-3.1.1.jar;C:\Users\Abdella Hamch\.m2\repository\com\rabbitmq\amqp-client\5.19.0\amqp-client-5.19.0.jar;C:\Users\Abdella Hamch\.m2\repository\org\springframework\integration\spring-integration-amqp\6.2.1\spring-integration-amqp-6.2.1.jar;C:\Users\Abdella Hamch\.m2\repository\org\springframework\integration\spring-integration-core\6.2.1\spring-integration-core-6.2.1.jar;C:\Users\Abdella Hamch\.m2\repository\io\projectreactor\reactor-core\3.6.1\reactor-core-3.6.1.jar;C:\Users\Abdella Hamch\.m2\repository\org\reactivestreams\reactive-streams\1.0.4\reactive-streams-1.0.4.jar;C:\Users\Abdella Hamch\.m2\repository\org\springframework\integration\spring-integration-jmx\6.2.1\spring-integration-jmx-6.2.1.jar;C:\Users\Abdella Hamch\.m2\repository\org\apache\httpcomponents\httpclient\4.5.14\httpclient-4.5.14.jar;C:\Users\Abdella Hamch\.m2\repository\org\apache\httpcomponents\httpcore\4.4.16\httpcore-4.4.16.jar;C:\Users\Abdella Hamch\.m2\repository\commons-logging\commons-logging\1.2\commons-logging-1.2.jar;C:\Users\Abdella Hamch\.m2\repository\commons-codec\commons-codec\1.16.0\commons-codec-1.16.0.jar;C:\Users\Abdella Hamch\.m2\repository\org\springframework\cloud\spring-cloud-starter-bus-amqp\4.1.0\spring-cloud-starter-bus-amqp-4.1.0.jar;C:\Users\Abdella Hamch\.m2\repository\org\springframework\cloud\spring-cloud-starter-stream-rabbit\4.1.0\spring-cloud-starter-stream-rabbit-4.1.0.jar;C:\Users\Abdella Hamch\.m2\repository\org\springframework\cloud\spring-cloud-bus\4.1.0\spring-cloud-bus-4.1.0.jar;C:\Users\Abdella Hamch\.m2\repository\org\springframework\cloud\spring-cloud-starter-consul-discovery\4.1.0\spring-cloud-starter-consul-discovery-4.1.0.jar;C:\Users\Abdella Hamch\.m2\repository\org\springframework\cloud\spring-cloud-starter-consul\4.1.0\spring-cloud-starter-consul-4.1.0.jar;C:\Users\Abdella Hamch\.m2\repository\org\springframework\cloud\spring-cloud-consul-core\4.1.0\spring-cloud-consul-core-4.1.0.jar;C:\Users\Abdella Hamch\.m2\repository\com\ecwid\consul\consul-api\1.4.5\consul-api-1.4.5.jar;C:\Users\Abdella Hamch\.m2\repository\com\google\code\gson\gson\2.10.1\gson-2.10.1.jar;C:\Users\Abdella Hamch\.m2\repository\org\springframework\cloud\spring-cloud-consul-discovery\4.1.0\spring-cloud-consul-discovery-4.1.0.jar;C:\Users\Abdella Hamch\.m2\repository\org\springframework\cloud\spring-cloud-starter-loadbalancer\4.1.0\spring-cloud-starter-loadbalancer-4.1.0.jar;C:\Users\Abdella Hamch\.m2\repository\org\springframework\cloud\spring-cloud-loadbalancer\4.1.0\spring-cloud-loadbalancer-4.1.0.jar;C:\Users\Abdella Hamch\.m2\repository\io\projectreactor\addons\reactor-extra\3.5.1\reactor-extra-3.5.1.jar;C:\Users\Abdella Hamch\.m2\repository\org\springframework\boot\spring-boot-starter-cache\3.2.1\spring-boot-starter-cache-3.2.1.jar;C:\Users\Abdella Hamch\.m2\repository\org\springframework\spring-context-support\6.1.2\spring-context-support-6.1.2.jar;C:\Users\Abdella Hamch\.m2\repository\com\stoyanr\evictor\1.0.0\evictor-1.0.0.jar;C:\Users\Abdella Hamch\.m2\repository\org\springframework\cloud\spring-cloud-starter-consul-config\4.1.0\spring-cloud-starter-consul-config-4.1.0.jar;C:\Users\Abdella Hamch\.m2\repository\org\springframework\cloud\spring-cloud-consul-config\4.1.0\spring-cloud-consul-config-4.1.0.jar;C:\Users\Abdella Hamch\.m2\repository\org\springframework\cloud\spring-cloud-commons\4.1.0\spring-cloud-commons-4.1.0.jar;C:\Users\Abdella Hamch\.m2\repository\org\springframework\boot\spring-boot-starter-actuator\3.0.1\spring-boot-starter-actuator-3.0.1.jar;C:\Users\Abdella Hamch\.m2\repository\org\springframework\boot\spring-boot-actuator-autoconfigure\3.2.1\spring-boot-actuator-autoconfigure-3.2.1.jar;C:\Users\Abdella Hamch\.m2\repository\org\springframework\boot\spring-boot-actuator\3.2.1\spring-boot-actuator-3.2.1.jar;C:\Users\Abdella Hamch\.m2\repository\io\micrometer\micrometer-observation\1.12.1\micrometer-observation-1.12.1.jar;C:\Users\Abdella Hamch\.m2\repository\io\micrometer\micrometer-commons\1.12.1\micrometer-commons-1.12.1.jar;C:\Users\Abdella Hamch\.m2\repository\io\micrometer\micrometer-core\1.12.1\micrometer-core-1.12.1.jar;C:\Users\Abdella Hamch\.m2\repository\org\hdrhistogram\HdrHistogram\2.1.12\HdrHistogram-2.1.12.jar;C:\Users\Abdella Hamch\.m2\repository\org\latencyutils\LatencyUtils\2.0.3\LatencyUtils-2.0.3.jar;C:\Users\Abdella Hamch\.m2\repository\com\mysql\mysql-connector-j\8.1.0\mysql-connector-j-8.1.0.jar;C:\Users\Abdella Hamch\.m2\repository\org\projectlombok\lombok\1.18.30\lombok-1.18.30.jar;C:\Users\Abdella Hamch\.m2\repository\com\jayway\jsonpath\json-path\2.8.0\json-path-2.8.0.jar;C:\Users\Abdella Hamch\.m2\repository\jakarta\xml\bind\jakarta.xml.bind-api\4.0.1\jakarta.xml.bind-api-4.0.1.jar;C:\Users\Abdella Hamch\.m2\repository\jakarta\activation\jakarta.activation-api\2.1.2\jakarta.activation-api-2.1.2.jar;C:\Users\Abdella Hamch\.m2\repository\net\minidev\json-smart\2.5.0\json-smart-2.5.0.jar;C:\Users\Abdella Hamch\.m2\repository\net\minidev\accessors-smart\2.5.0\accessors-smart-2.5.0.jar;C:\Users\Abdella Hamch\.m2\repository\org\ow2\asm\asm\9.3\asm-9.3.jar;C:\Users\Abdella Hamch\.m2\repository\org\springframework\cloud\spring-cloud-starter-bootstrap\4.1.0\spring-cloud-starter-bootstrap-4.1.0.jar;C:\Users\Abdella Hamch\.m2\repository\org\springframework\cloud\spring-cloud-starter\4.1.0\spring-cloud-starter-4.1.0.jar;C:\Users\Abdella Hamch\.m2\repository\org\springframework\cloud\spring-cloud-context\4.1.0\spring-cloud-context-4.1.0.jar;C:\Users\Abdella Hamch\.m2\repository\org\springframework\security\spring-security-rsa\1.1.1\spring-security-rsa-1.1.1.jar;C:\Users\Abdella Hamch\.m2\repository\org\bouncycastle\bcprov-jdk18on\1.74\bcprov-jdk18on-1.74.jar;C:\Users\Abdella Hamch\.m2\repository\org\springframework\data\spring-data-rest-core\4.2.1\spring-data-rest-core-4.2.1.jar;C:\Users\Abdella Hamch\.m2\repository\org\springframework\spring-tx\6.1.2\spring-tx-6.1.2.jar;C:\Users\Abdella Hamch\.m2\repository\org\springframework\hateoas\spring-hateoas\2.2.0\spring-hateoas-2.2.0.jar;C:\Users\Abdella Hamch\.m2\repository\org\springframework\data\spring-data-commons\3.2.1\spring-data-commons-3.2.1.jar;C:\Users\Abdella Hamch\.m2\repository\org\springframework\plugin\spring-plugin-core\3.0.0\spring-plugin-core-3.0.0.jar;C:\Users\Abdella Hamch\.m2\repository\org\atteo\evo-inflector\1.3\evo-inflector-1.3.jar;C:\Users\Abdella Hamch\.m2\repository\com\fasterxml\jackson\core\jackson-annotations\2.15.3\jackson-annotations-2.15.3.jar;C:\Users\Abdella Hamch\.m2\repository\com\fasterxml\jackson\datatype\jackson-datatype-jdk8\2.15.3\jackson-datatype-jdk8-2.15.3.jar;C:\Users\Abdella Hamch\.m2\repository\org\slf4j\slf4j-api\2.0.9\slf4j-api-2.0.9.jar;C:\Users\Abdella Hamch\.m2\repository\org\springframework\boot\spring-boot-starter-data-rest\3.2.1\spring-boot-starter-data-rest-3.2.1.jar;C:\Users\Abdella Hamch\.m2\repository\org\springframework\data\spring-data-rest-webmvc\4.2.1\spring-data-rest-webmvc-4.2.1.jar
Launcher Type: SUN_STANDARD

[Global flags]
     intx CICompilerCount                          = 12                                        {product} {ergonomic}
     uint ConcGCThreads                            = 3                                         {product} {ergonomic}
     uint G1ConcRefinementThreads                  = 13                                        {product} {ergonomic}
   size_t G1HeapRegionSize                         = 1048576                                   {product} {ergonomic}
    uintx GCDrainStackTargetSize                   = 64                                        {product} {ergonomic}
   size_t InitialHeapSize                          = 132120576                                 {product} {ergonomic}
   size_t MarkStackSize                            = 4194304                                   {product} {ergonomic}
   size_t MaxHeapSize                              = 2090860544                                {product} {ergonomic}
   size_t MaxNewSize                               = 1254096896                                {product} {ergonomic}
   size_t MinHeapDeltaBytes                        = 1048576                                   {product} {ergonomic}
   size_t MinHeapSize                              = 8388608                                   {product} {ergonomic}
    uintx NonNMethodCodeHeapSize                   = 7602480                                {pd product} {ergonomic}
    uintx NonProfiledCodeHeapSize                  = 122027880                              {pd product} {ergonomic}
    uintx ProfiledCodeHeapSize                     = 122027880                              {pd product} {ergonomic}
    uintx ReservedCodeCacheSize                    = 251658240                              {pd product} {ergonomic}
     bool SegmentedCodeCache                       = true                                      {product} {ergonomic}
     bool ShowCodeDetailsInExceptionMessages       = true                                   {manageable} {command line}
   size_t SoftMaxHeapSize                          = 2090860544                             {manageable} {ergonomic}
     bool UseCompressedOops                        = true                           {product lp64_product} {ergonomic}
     bool UseG1GC                                  = true                                      {product} {ergonomic}
     bool UseLargePagesIndividualAllocation        = false                                  {pd product} {ergonomic}

Logging:
Log output configuration:
 #0: stdout all=warning uptime,level,tags foldmultilines=false
 #1: stderr all=off uptime,level,tags foldmultilines=false

Environment Variables:
JAVA_HOME=C:\Program Files\Java\jdk-21
PATH=C:/Users/Abdella Hamch/.p2/pool/plugins/org.eclipse.justj.openjdk.hotspot.jre.full.win32.x86_64_23.0.0.v20240919-1706/jre/bin/server;C:/Users/Abdella Hamch/.p2/pool/plugins/org.eclipse.justj.openjdk.hotspot.jre.full.win32.x86_64_23.0.0.v20240919-1706/jre/bin;C:\ProgramData\Oracle\Java\javapath;C:\Program Files\Common Files\Oracle\Java\javapath;C:\Python312\Scripts\;C:\Python312\;C:\Python311\Scripts\;C:\Python311\;C:\windows\system32;C:\windows;C:\windows\System32\Wbem;C:\windows\System32\WindowsPowerShell\v1.0\;C:\windows\System32\OpenSSH\;C:\Program Files (x86)\Microsoft SQL Server\160\DTS\Binn\;C:\ProgramData\chocolatey\bin;C:\Program Files\Java\jdk-17\bin;C:\Program Files\PuTTY\;C:\Program Files\Microsoft SQL Server\Client SDK\ODBC\170\Tools\Binn\;C:\Program Files (x86)\Microsoft SQL Server\150\Tools\Binn\;C:\Program Files\Microsoft SQL Server\150\Tools\Binn\;C:\Program Files\Microsoft SQL Server\150\DTS\Binn\;C:\Program Files (x86)\Microsoft SQL Server\160\Tools\Binn\;C:\Program Files\Microsoft SQL Server\160\Tools\Binn\;C:\Program Files\Microsoft SQL Server\160\DTS\Binn\;C:\Program Files\Microsoft SQL Server\130\DTS\Binn\;C:\Program Files\Microsoft SQL Server\140\DTS\Binn\;C:\Program Files\Git\cmd;C:\Program Files\nodejs\;C:\Program Files\Docker\Docker\resources\bin;C:\Users\Abdella Hamch\AppData\Local\Microsoft\WindowsApps;C:\Program Files\Azure Data Studio\bin;C:\Users\Abdella Hamch\AppData\Local\GitHubDesktop\bin;C:\Program Files\Java\jdk-21\bin;C:\Program Files\nodejs;C:\Users\Abdella Hamch\AppData\Roaming\npm\ng.ps1;C:\Users\Abdella Hamch\AppData\Local\JetBrains\Toolbox\scripts;C:\Program Files\Java\jdk-21;C:\Program Files\Erlang OTP\bin;C:\Program Files\RabbitMQ Server\rabbitmq_server-4.0.2\sbin;B:\Java091024\pgsql\bin;C:\Users\Abdella Hamch\AppData\Roaming\npm;C:\windows\system32;
USERNAME=A.HAMCH
OS=Windows_NT
PROCESSOR_IDENTIFIER=Intel64 Family 6 Model 165 Stepping 5, GenuineIntel
TMP=C:\Users\ABDELL~1\AppData\Local\Temp
TEMP=C:\Users\ABDELL~1\AppData\Local\Temp




Periodic native trim disabled

---------------  S Y S T E M  ---------------

OS:
 Windows 11 , 64 bit Build 22000 (10.0.22000.2538)
OS uptime: 1 days 1:40 hours
Hyper-V role detected

CPU: total 16 (initial active 16) (8 cores per cpu, 2 threads per core) family 6 model 165 stepping 5 microcode 0xfe, cx8, cmov, fxsr, ht, mmx, 3dnowpref, sse, sse2, sse3, ssse3, sse4.1, sse4.2, popcnt, lzcnt, tsc, tscinvbit, avx, avx2, aes, erms, clmul, bmi1, bmi2, adx, fma, vzeroupper, clflush, clflushopt, hv, rdtscp, f16c
Processor Information for all 16 processors :
  Max Mhz: 2904, Current Mhz: 2904, Mhz Limit: 2904

Memory: 4k page, system-wide physical 7968M (18M free)
TotalPageFile size 32544M (AvailPageFile size 1M)
current process WorkingSet (physical memory assigned to process): 126M, peak: 424M
current process commit charge ("private bytes"): 469M, peak: 477M

vm_info: Java HotSpot(TM) 64-Bit Server VM (21.0.6+8-LTS-188) for windows-amd64 JRE (21.0.6+8-LTS-188), built on 2024-12-03T10:50:54Z by "mach5one" with MS VC++ 17.6 (VS2022)

END.
