#
# There is insufficient memory for the Java Runtime Environment to continue.
# Native memory allocation (malloc) failed to allocate 2070128 bytes for Chunk::new
# Possible reasons:
#   The system is out of physical RAM or swap space
#   The process is running with CompressedOops enabled, and the Java Heap may be blocking the growth of the native heap
# Possible solutions:
#   Reduce memory load on the system
#   Increase physical memory or swap space
#   Check if swap backing store is full
#   Decrease Java heap size (-Xmx/-Xms)
#   Decrease number of Java threads
#   Decrease Java thread stack sizes (-Xss)
#   Set larger code cache with -XX:ReservedCodeCacheSize=
#   JVM is running with Unscaled Compressed Oops mode in which the Java heap is
#     placed in the first 4GB address space. The Java Heap base address is the
#     maximum limit for the native heap growth. Please use -XX:HeapBaseMinAddress
#     to set the Java Heap base and to place the Java Heap above 4GB virtual address.
# This output file may be truncated or incomplete.
#
#  Out of Memory Error (arena.cpp:168), pid=23120, tid=32116
#
# JRE version: Java(TM) SE Runtime Environment (21.0.6+8) (build 21.0.6+8-LTS-188)
# Java VM: Java HotSpot(TM) 64-Bit Server VM (21.0.6+8-LTS-188, mixed mode, sharing, tiered, compressed oops, compressed class ptrs, g1 gc, windows-amd64)
# No core dump will be written. Minidumps are not enabled by default on client versions of Windows
#

---------------  S U M M A R Y ------------

Command Line: -Dfile.encoding=UTF-8 -Dstdout.encoding=UTF-8 -Dstderr.encoding=UTF-8 -XX:+ShowCodeDetailsInExceptionMessages com.hamch.customerservice.CustomerServiceApplication

Host: Intel(R) Core(TM) i7-10700 CPU @ 2.90GHz, 16 cores, 7G,  Windows 11 , 64 bit Build 22000 (10.0.22000.2538)
Time: Tue Jul  8 11:55:44 2025 Maroc (heure d64 bit Build 22000 (10.0.22000.2538) elapsed time: 5.815705 seconds (0d 0h 0m 5s)

---------------  T H R E A D  ---------------

Current thread (0x0000014cbf9ce490):  JavaThread "C2 CompilerThread0" daemon [_thread_in_native, id=32116, stack(0x0000004673400000,0x0000004673500000) (1024K)]


Current CompileTask:
C2:   5816 5800       4       org.springframework.core.ResolvableType::as (86 bytes)

Stack: [0x0000004673400000,0x0000004673500000]
Native frames: (J=compiled Java code, j=interpreted, Vv=VM code, C=native code)
V  [jvm.dll+0x6ca6d9]
V  [jvm.dll+0x854f51]
V  [jvm.dll+0x85747e]
V  [jvm.dll+0x857b53]
V  [jvm.dll+0x27dcc6]
V  [jvm.dll+0xc4c2d]
V  [jvm.dll+0xc5163]
V  [jvm.dll+0x3b515c]
V  [jvm.dll+0x381855]
V  [jvm.dll+0x380cca]
V  [jvm.dll+0x246920]
V  [jvm.dll+0x245eff]
V  [jvm.dll+0x1c6d2e]
V  [jvm.dll+0x2554f9]
V  [jvm.dll+0x253a8a]
V  [jvm.dll+0x3ee576]
V  [jvm.dll+0x7ff2fb]
V  [jvm.dll+0x6c8dbd]
C  [ucrtbase.dll+0x26c0c]
C  [KERNEL32.DLL+0x153e0]
C  [ntdll.dll+0x485b]


---------------  P R O C E S S  ---------------

Threads class SMR info:
_java_thread_list=0x0000014d078f64f0, length=11, elements={
0x0000014ca251cf70, 0x0000014cbf9b4510, 0x0000014cbf9b7b80, 0x0000014cbf9bca40,
0x0000014cbf9bd490, 0x0000014cbf9beb10, 0x0000014cbf9c3a10, 0x0000014cbf9ce490,
0x0000014cbf9d0b40, 0x0000014cbf9c4730, 0x0000014cbf9c5450
}

Java Threads: ( => current thread )
  0x0000014ca251cf70 JavaThread "main"                              [_thread_in_Java, id=18344, stack(0x0000004672600000,0x0000004672700000) (1024K)]
  0x0000014cbf9b4510 JavaThread "Reference Handler"          daemon [_thread_blocked, id=1000, stack(0x0000004672e00000,0x0000004672f00000) (1024K)]
  0x0000014cbf9b7b80 JavaThread "Finalizer"                  daemon [_thread_blocked, id=10376, stack(0x0000004672f00000,0x0000004673000000) (1024K)]
  0x0000014cbf9bca40 JavaThread "Signal Dispatcher"          daemon [_thread_blocked, id=31384, stack(0x0000004673000000,0x0000004673100000) (1024K)]
  0x0000014cbf9bd490 JavaThread "Attach Listener"            daemon [_thread_blocked, id=4376, stack(0x0000004673100000,0x0000004673200000) (1024K)]
  0x0000014cbf9beb10 JavaThread "Service Thread"             daemon [_thread_blocked, id=15452, stack(0x0000004673200000,0x0000004673300000) (1024K)]
  0x0000014cbf9c3a10 JavaThread "Monitor Deflation Thread"   daemon [_thread_blocked, id=34168, stack(0x0000004673300000,0x0000004673400000) (1024K)]
=>0x0000014cbf9ce490 JavaThread "C2 CompilerThread0"         daemon [_thread_in_native, id=32116, stack(0x0000004673400000,0x0000004673500000) (1024K)]
  0x0000014cbf9d0b40 JavaThread "C1 CompilerThread0"         daemon [_thread_blocked, id=5112, stack(0x0000004673500000,0x0000004673600000) (1024K)]
  0x0000014cbf9c4730 JavaThread "Notification Thread"        daemon [_thread_blocked, id=29020, stack(0x0000004673600000,0x0000004673700000) (1024K)]
  0x0000014cbf9c5450 JavaThread "Common-Cleaner"             daemon [_thread_blocked, id=8092, stack(0x0000004673700000,0x0000004673800000) (1024K)]
Total: 11

Other Threads:
  0x0000014cbf9978f0 VMThread "VM Thread"                           [id=11628, stack(0x0000004672d00000,0x0000004672e00000) (1024K)]
  0x0000014cbf985c40 WatcherThread "VM Periodic Task Thread"        [id=916, stack(0x0000004672c00000,0x0000004672d00000) (1024K)]
  0x0000014ca25734e0 WorkerThread "GC Thread#0"                     [id=9424, stack(0x0000004672700000,0x0000004672800000) (1024K)]
  0x0000014d05b8c220 WorkerThread "GC Thread#1"                     [id=22356, stack(0x0000004673800000,0x0000004673900000) (1024K)]
  0x0000014d05b8c5c0 WorkerThread "GC Thread#2"                     [id=25312, stack(0x0000004673900000,0x0000004673a00000) (1024K)]
  0x0000014d05e78d10 WorkerThread "GC Thread#3"                     [id=22748, stack(0x0000004673a00000,0x0000004673b00000) (1024K)]
  0x0000014d05eb8ce0 WorkerThread "GC Thread#4"                     [id=26736, stack(0x0000004673b00000,0x0000004673c00000) (1024K)]
  0x0000014d064c1af0 WorkerThread "GC Thread#5"                     [id=22912, stack(0x0000004673c00000,0x0000004673d00000) (1024K)]
  0x0000014d0605e5a0 WorkerThread "GC Thread#6"                     [id=29540, stack(0x0000004673d00000,0x0000004673e00000) (1024K)]
  0x0000014d0605e940 WorkerThread "GC Thread#7"                     [id=25156, stack(0x0000004673e00000,0x0000004673f00000) (1024K)]
  0x0000014d0605ece0 WorkerThread "GC Thread#8"                     [id=16596, stack(0x0000004673f00000,0x0000004674000000) (1024K)]
  0x0000014d0605f080 WorkerThread "GC Thread#9"                     [id=25048, stack(0x0000004674000000,0x0000004674100000) (1024K)]
  0x0000014d0610ca90 WorkerThread "GC Thread#10"                    [id=16064, stack(0x0000004674300000,0x0000004674400000) (1024K)]
  0x0000014d0610bfb0 WorkerThread "GC Thread#11"                    [id=28732, stack(0x0000004674400000,0x0000004674500000) (1024K)]
  0x0000014d0610c6f0 WorkerThread "GC Thread#12"                    [id=14280, stack(0x0000004674500000,0x0000004674600000) (1024K)]
  0x0000014ca25847d0 ConcurrentGCThread "G1 Main Marker"            [id=24104, stack(0x0000004672800000,0x0000004672900000) (1024K)]
  0x0000014ca2585ae0 WorkerThread "G1 Conc#0"                       [id=13940, stack(0x0000004672900000,0x0000004672a00000) (1024K)]
  0x0000014d0610d570 WorkerThread "G1 Conc#1"                       [id=34560, stack(0x0000004674600000,0x0000004674700000) (1024K)]
  0x0000014d0610bc10 WorkerThread "G1 Conc#2"                       [id=34768, stack(0x0000004674700000,0x0000004674800000) (1024K)]
  0x0000014ca25ceaa0 ConcurrentGCThread "G1 Refine#0"               [id=34096, stack(0x0000004672a00000,0x0000004672b00000) (1024K)]
  0x0000014cbf856b70 ConcurrentGCThread "G1 Service"                [id=32904, stack(0x0000004672b00000,0x0000004672c00000) (1024K)]
Total: 21

Threads with active compile tasks:
C2 CompilerThread0     5900 5800       4       org.springframework.core.ResolvableType::as (86 bytes)
Total: 1

VM state: not at safepoint (normal execution)

VM Mutex/Monitor currently owned by a thread: None

Heap address: 0x0000000083600000, size: 1994 MB, Compressed Oops mode: 32-bit

CDS archive(s) mapped at: [0x0000014cc0000000-0x0000014cc0c90000-0x0000014cc0c90000), size 13172736, SharedBaseAddress: 0x0000014cc0000000, ArchiveRelocationMode: 1.
Compressed class space mapped at: 0x0000014cc1000000-0x0000014d01000000, reserved size: 1073741824
Narrow klass base: 0x0000014cc0000000, Narrow klass shift: 0, Narrow klass range: 0x100000000

GC Precious Log:
 CardTable entry size: 512
 Card Set container configuration: InlinePtr #cards 5 size 8 Array Of Cards #cards 12 size 40 Howl #buckets 4 coarsen threshold 1843 Howl Bitmap #cards 512 size 80 coarsen threshold 460 Card regions per heap region 1 cards per card region 2048
 CPUs: 16 total, 16 available
 Memory: 7968M
 Large Page Support: Disabled
 NUMA Support: Disabled
 Compressed Oops: Enabled (32-bit)
 Heap Region Size: 1M
 Heap Min Capacity: 8M
 Heap Initial Capacity: 126M
 Heap Max Capacity: 1994M
 Pre-touch: Disabled
 Parallel Workers: 13
 Concurrent Workers: 3
 Concurrent Refinement Workers: 13
 Periodic GC: Disabled

Heap:
 garbage-first heap   total 84992K, used 60795K [0x0000000083600000, 0x0000000100000000)
  region size 1024K, 32 young (32768K), 6 survivors (6144K)
 Metaspace       used 45958K, committed 46464K, reserved 1114112K
  class space    used 5899K, committed 6144K, reserved 1048576K

Heap Regions: E=young(eden), S=young(survivor), O=old, HS=humongous(starts), HC=humongous(continues), CS=collection set, F=free, TAMS=top-at-mark-start, PB=parsable bottom
|   0|0x0000000083600000, 0x0000000083700000, 0x0000000083700000|100%|HS|  |TAMS 0x0000000083600000| PB 0x0000000083600000| Complete 
|   1|0x0000000083700000, 0x0000000083800000, 0x0000000083800000|100%| O|  |TAMS 0x0000000083700000| PB 0x0000000083700000| Untracked 
|   2|0x0000000083800000, 0x0000000083900000, 0x0000000083900000|100%|HS|  |TAMS 0x0000000083800000| PB 0x0000000083800000| Complete 
|   3|0x0000000083900000, 0x0000000083a00000, 0x0000000083a00000|100%| O|  |TAMS 0x0000000083900000| PB 0x0000000083900000| Untracked 
|   4|0x0000000083a00000, 0x0000000083b00000, 0x0000000083b00000|100%| O|  |TAMS 0x0000000083a00000| PB 0x0000000083a00000| Untracked 
|   5|0x0000000083b00000, 0x0000000083c00000, 0x0000000083c00000|100%| O|  |TAMS 0x0000000083b00000| PB 0x0000000083b00000| Untracked 
|   6|0x0000000083c00000, 0x0000000083d00000, 0x0000000083d00000|100%| O|  |TAMS 0x0000000083c00000| PB 0x0000000083c00000| Untracked 
|   7|0x0000000083d00000, 0x0000000083d00000, 0x0000000083e00000|  0%| F|  |TAMS 0x0000000083d00000| PB 0x0000000083d00000| Untracked 
|   8|0x0000000083e00000, 0x0000000083f00000, 0x0000000083f00000|100%| O|  |TAMS 0x0000000083e00000| PB 0x0000000083e00000| Untracked 
|   9|0x0000000083f00000, 0x0000000084000000, 0x0000000084000000|100%| O|  |TAMS 0x0000000083f00000| PB 0x0000000083f00000| Untracked 
|  10|0x0000000084000000, 0x0000000084100000, 0x0000000084100000|100%| O|  |TAMS 0x0000000084000000| PB 0x0000000084000000| Untracked 
|  11|0x0000000084100000, 0x0000000084200000, 0x0000000084200000|100%| O|  |TAMS 0x0000000084100000| PB 0x0000000084100000| Untracked 
|  12|0x0000000084200000, 0x0000000084300000, 0x0000000084300000|100%| O|  |TAMS 0x0000000084200000| PB 0x0000000084200000| Untracked 
|  13|0x0000000084300000, 0x0000000084400000, 0x0000000084400000|100%| O|  |TAMS 0x0000000084300000| PB 0x0000000084300000| Untracked 
|  14|0x0000000084400000, 0x0000000084500000, 0x0000000084500000|100%| O|  |TAMS 0x0000000084400000| PB 0x0000000084400000| Untracked 
|  15|0x0000000084500000, 0x0000000084600000, 0x0000000084600000|100%| O|  |TAMS 0x0000000084500000| PB 0x0000000084500000| Untracked 
|  16|0x0000000084600000, 0x0000000084700000, 0x0000000084700000|100%| O|  |TAMS 0x0000000084600000| PB 0x0000000084600000| Untracked 
|  17|0x0000000084700000, 0x0000000084800000, 0x0000000084800000|100%| O|  |TAMS 0x0000000084700000| PB 0x0000000084700000| Untracked 
|  18|0x0000000084800000, 0x0000000084900000, 0x0000000084900000|100%| O|  |TAMS 0x0000000084800000| PB 0x0000000084800000| Untracked 
|  19|0x0000000084900000, 0x0000000084a00000, 0x0000000084a00000|100%| O|  |TAMS 0x0000000084900000| PB 0x0000000084900000| Untracked 
|  20|0x0000000084a00000, 0x0000000084b00000, 0x0000000084b00000|100%| O|  |TAMS 0x0000000084a00000| PB 0x0000000084a00000| Untracked 
|  21|0x0000000084b00000, 0x0000000084c00000, 0x0000000084c00000|100%| O|  |TAMS 0x0000000084b00000| PB 0x0000000084b00000| Untracked 
|  22|0x0000000084c00000, 0x0000000084d00000, 0x0000000084d00000|100%| O|  |TAMS 0x0000000084c00000| PB 0x0000000084c00000| Untracked 
|  23|0x0000000084d00000, 0x0000000084e00000, 0x0000000084e00000|100%| O|  |TAMS 0x0000000084d00000| PB 0x0000000084d00000| Untracked 
|  24|0x0000000084e00000, 0x0000000084f00000, 0x0000000084f00000|100%| O|  |TAMS 0x0000000084e00000| PB 0x0000000084e00000| Untracked 
|  25|0x0000000084f00000, 0x0000000085000000, 0x0000000085000000|100%| O|  |TAMS 0x0000000084f00000| PB 0x0000000084f00000| Untracked 
|  26|0x0000000085000000, 0x0000000085100000, 0x0000000085100000|100%| O|  |TAMS 0x0000000085000000| PB 0x0000000085000000| Untracked 
|  27|0x0000000085100000, 0x0000000085200000, 0x0000000085200000|100%| O|  |TAMS 0x0000000085100000| PB 0x0000000085100000| Untracked 
|  28|0x0000000085200000, 0x0000000085300000, 0x0000000085300000|100%| O|  |TAMS 0x0000000085200000| PB 0x0000000085200000| Untracked 
|  29|0x0000000085300000, 0x0000000085380cd0, 0x0000000085400000| 50%| O|  |TAMS 0x0000000085300000| PB 0x0000000085300000| Untracked 
|  30|0x0000000085400000, 0x0000000085400000, 0x0000000085500000|  0%| F|  |TAMS 0x0000000085400000| PB 0x0000000085400000| Untracked 
|  31|0x0000000085500000, 0x0000000085500000, 0x0000000085600000|  0%| F|  |TAMS 0x0000000085500000| PB 0x0000000085500000| Untracked 
|  32|0x0000000085600000, 0x0000000085600000, 0x0000000085700000|  0%| F|  |TAMS 0x0000000085600000| PB 0x0000000085600000| Untracked 
|  33|0x0000000085700000, 0x0000000085700000, 0x0000000085800000|  0%| F|  |TAMS 0x0000000085700000| PB 0x0000000085700000| Untracked 
|  34|0x0000000085800000, 0x00000000858de2f0, 0x0000000085900000| 86%| S|CS|TAMS 0x0000000085800000| PB 0x0000000085800000| Complete 
|  35|0x0000000085900000, 0x0000000085a00000, 0x0000000085a00000|100%| S|CS|TAMS 0x0000000085900000| PB 0x0000000085900000| Complete 
|  36|0x0000000085a00000, 0x0000000085b00000, 0x0000000085b00000|100%| S|CS|TAMS 0x0000000085a00000| PB 0x0000000085a00000| Complete 
|  37|0x0000000085b00000, 0x0000000085b00000, 0x0000000085c00000|  0%| F|  |TAMS 0x0000000085b00000| PB 0x0000000085b00000| Untracked 
|  38|0x0000000085c00000, 0x0000000085c00000, 0x0000000085d00000|  0%| F|  |TAMS 0x0000000085c00000| PB 0x0000000085c00000| Untracked 
|  39|0x0000000085d00000, 0x0000000085d00000, 0x0000000085e00000|  0%| F|  |TAMS 0x0000000085d00000| PB 0x0000000085d00000| Untracked 
|  40|0x0000000085e00000, 0x0000000085e00000, 0x0000000085f00000|  0%| F|  |TAMS 0x0000000085e00000| PB 0x0000000085e00000| Untracked 
|  41|0x0000000085f00000, 0x0000000085f00000, 0x0000000086000000|  0%| F|  |TAMS 0x0000000085f00000| PB 0x0000000085f00000| Untracked 
|  42|0x0000000086000000, 0x0000000086100000, 0x0000000086100000|100%| S|CS|TAMS 0x0000000086000000| PB 0x0000000086000000| Complete 
|  43|0x0000000086100000, 0x0000000086200000, 0x0000000086200000|100%| S|CS|TAMS 0x0000000086100000| PB 0x0000000086100000| Complete 
|  44|0x0000000086200000, 0x0000000086300000, 0x0000000086300000|100%| S|CS|TAMS 0x0000000086200000| PB 0x0000000086200000| Complete 
|  45|0x0000000086300000, 0x0000000086300000, 0x0000000086400000|  0%| F|  |TAMS 0x0000000086300000| PB 0x0000000086300000| Untracked 
|  46|0x0000000086400000, 0x0000000086400000, 0x0000000086500000|  0%| F|  |TAMS 0x0000000086400000| PB 0x0000000086400000| Untracked 
|  47|0x0000000086500000, 0x0000000086500000, 0x0000000086600000|  0%| F|  |TAMS 0x0000000086500000| PB 0x0000000086500000| Untracked 
|  48|0x0000000086600000, 0x0000000086600000, 0x0000000086700000|  0%| F|  |TAMS 0x0000000086600000| PB 0x0000000086600000| Untracked 
|  49|0x0000000086700000, 0x0000000086700000, 0x0000000086800000|  0%| F|  |TAMS 0x0000000086700000| PB 0x0000000086700000| Untracked 
|  50|0x0000000086800000, 0x0000000086800000, 0x0000000086900000|  0%| F|  |TAMS 0x0000000086800000| PB 0x0000000086800000| Untracked 
|  51|0x0000000086900000, 0x0000000086900000, 0x0000000086a00000|  0%| F|  |TAMS 0x0000000086900000| PB 0x0000000086900000| Untracked 
|  52|0x0000000086a00000, 0x0000000086a00000, 0x0000000086b00000|  0%| F|  |TAMS 0x0000000086a00000| PB 0x0000000086a00000| Untracked 
|  53|0x0000000086b00000, 0x0000000086b00000, 0x0000000086c00000|  0%| F|  |TAMS 0x0000000086b00000| PB 0x0000000086b00000| Untracked 
|  54|0x0000000086c00000, 0x0000000086c00000, 0x0000000086d00000|  0%| F|  |TAMS 0x0000000086c00000| PB 0x0000000086c00000| Untracked 
|  55|0x0000000086d00000, 0x0000000086d00000, 0x0000000086e00000|  0%| F|  |TAMS 0x0000000086d00000| PB 0x0000000086d00000| Untracked 
|  56|0x0000000086e00000, 0x0000000086e80800, 0x0000000086f00000| 50%| E|  |TAMS 0x0000000086e00000| PB 0x0000000086e00000| Complete 
|  57|0x0000000086f00000, 0x0000000087000000, 0x0000000087000000|100%| E|CS|TAMS 0x0000000086f00000| PB 0x0000000086f00000| Complete 
|  58|0x0000000087000000, 0x0000000087100000, 0x0000000087100000|100%| E|CS|TAMS 0x0000000087000000| PB 0x0000000087000000| Complete 
|  59|0x0000000087100000, 0x0000000087200000, 0x0000000087200000|100%| E|CS|TAMS 0x0000000087100000| PB 0x0000000087100000| Complete 
|  60|0x0000000087200000, 0x0000000087300000, 0x0000000087300000|100%| E|CS|TAMS 0x0000000087200000| PB 0x0000000087200000| Complete 
|  61|0x0000000087300000, 0x0000000087400000, 0x0000000087400000|100%| E|CS|TAMS 0x0000000087300000| PB 0x0000000087300000| Complete 
|  62|0x0000000087400000, 0x0000000087500000, 0x0000000087500000|100%| E|CS|TAMS 0x0000000087400000| PB 0x0000000087400000| Complete 
|  63|0x0000000087500000, 0x0000000087600000, 0x0000000087600000|100%| E|CS|TAMS 0x0000000087500000| PB 0x0000000087500000| Complete 
|  64|0x0000000087600000, 0x0000000087700000, 0x0000000087700000|100%| E|CS|TAMS 0x0000000087600000| PB 0x0000000087600000| Complete 
|  65|0x0000000087700000, 0x0000000087800000, 0x0000000087800000|100%| E|CS|TAMS 0x0000000087700000| PB 0x0000000087700000| Complete 
|  66|0x0000000087800000, 0x0000000087900000, 0x0000000087900000|100%| E|CS|TAMS 0x0000000087800000| PB 0x0000000087800000| Complete 
|  67|0x0000000087900000, 0x0000000087a00000, 0x0000000087a00000|100%| E|CS|TAMS 0x0000000087900000| PB 0x0000000087900000| Complete 
|  68|0x0000000087a00000, 0x0000000087b00000, 0x0000000087b00000|100%| E|CS|TAMS 0x0000000087a00000| PB 0x0000000087a00000| Complete 
|  69|0x0000000087b00000, 0x0000000087c00000, 0x0000000087c00000|100%| E|CS|TAMS 0x0000000087b00000| PB 0x0000000087b00000| Complete 
|  70|0x0000000087c00000, 0x0000000087d00000, 0x0000000087d00000|100%| E|CS|TAMS 0x0000000087c00000| PB 0x0000000087c00000| Complete 
|  71|0x0000000087d00000, 0x0000000087e00000, 0x0000000087e00000|100%| E|CS|TAMS 0x0000000087d00000| PB 0x0000000087d00000| Complete 
|  72|0x0000000087e00000, 0x0000000087f00000, 0x0000000087f00000|100%| E|CS|TAMS 0x0000000087e00000| PB 0x0000000087e00000| Complete 
|  73|0x0000000087f00000, 0x0000000088000000, 0x0000000088000000|100%| E|CS|TAMS 0x0000000087f00000| PB 0x0000000087f00000| Complete 
|  74|0x0000000088000000, 0x0000000088100000, 0x0000000088100000|100%| E|CS|TAMS 0x0000000088000000| PB 0x0000000088000000| Complete 
|  75|0x0000000088100000, 0x0000000088200000, 0x0000000088200000|100%| E|CS|TAMS 0x0000000088100000| PB 0x0000000088100000| Complete 
|  76|0x0000000088200000, 0x0000000088300000, 0x0000000088300000|100%| E|CS|TAMS 0x0000000088200000| PB 0x0000000088200000| Complete 
| 115|0x000000008a900000, 0x000000008aa00000, 0x000000008aa00000|100%| E|CS|TAMS 0x000000008a900000| PB 0x000000008a900000| Complete 
| 116|0x000000008aa00000, 0x000000008ab00000, 0x000000008ab00000|100%| E|CS|TAMS 0x000000008aa00000| PB 0x000000008aa00000| Complete 
| 117|0x000000008ab00000, 0x000000008ac00000, 0x000000008ac00000|100%| E|CS|TAMS 0x000000008ab00000| PB 0x000000008ab00000| Complete 
| 118|0x000000008ac00000, 0x000000008ad00000, 0x000000008ad00000|100%| E|CS|TAMS 0x000000008ac00000| PB 0x000000008ac00000| Complete 
| 119|0x000000008ad00000, 0x000000008ae00000, 0x000000008ae00000|100%| E|CS|TAMS 0x000000008ad00000| PB 0x000000008ad00000| Complete 
| 125|0x000000008b300000, 0x000000008b400000, 0x000000008b400000|100%| E|CS|TAMS 0x000000008b300000| PB 0x000000008b300000| Complete 

Card table byte_map: [0x0000014cba610000,0x0000014cbaa00000] _byte_map_base: 0x0000014cba1f5000

Marking Bits: (CMBitMap*) 0x0000014ca2573be0
 Bits: [0x0000014cbaa00000, 0x0000014cbc928000)

Polling page: 0x0000014ca0460000

Metaspace:

Usage:
  Non-class:     39.15 MB used.
      Class:      5.78 MB used.
       Both:     44.93 MB used.

Virtual space:
  Non-class space:       64.00 MB reserved,      39.44 MB ( 62%) committed,  1 nodes.
      Class space:        1.00 GB reserved,       6.00 MB ( <1%) committed,  1 nodes.
             Both:        1.06 GB reserved,      45.44 MB (  4%) committed. 

Chunk freelists:
   Non-Class:  7.78 MB
       Class:  9.95 MB
        Both:  17.73 MB

MaxMetaspaceSize: unlimited
CompressedClassSpaceSize: 1.00 GB
Initial GC threshold: 21.00 MB
Current GC threshold: 59.06 MB
CDS: on
 - commit_granule_bytes: 65536.
 - commit_granule_words: 8192.
 - virtual_space_node_default_size: 8388608.
 - enlarge_chunks_in_place: 1.
 - use_allocation_guard: 0.


Internal statistics:

num_allocs_failed_limit: 8.
num_arena_births: 676.
num_arena_deaths: 0.
num_vsnodes_births: 2.
num_vsnodes_deaths: 0.
num_space_committed: 727.
num_space_uncommitted: 0.
num_chunks_returned_to_freelist: 8.
num_chunks_taken_from_freelist: 2285.
num_chunk_merges: 8.
num_chunk_splits: 1616.
num_chunks_enlarged: 1244.
num_inconsistent_stats: 0.

CodeHeap 'non-profiled nmethods': size=119168Kb used=2608Kb max_used=2608Kb free=116559Kb
 bounds [0x0000014cb2530000, 0x0000014cb27c0000, 0x0000014cb9990000]
CodeHeap 'profiled nmethods': size=119104Kb used=11888Kb max_used=11888Kb free=107215Kb
 bounds [0x0000014caa990000, 0x0000014cab530000, 0x0000014cb1de0000]
CodeHeap 'non-nmethods': size=7488Kb used=1510Kb max_used=1583Kb free=5977Kb
 bounds [0x0000014cb1de0000, 0x0000014cb2050000, 0x0000014cb2530000]
 total_blobs=6102 nmethods=5519 adapters=487
 compilation: enabled
              stopped_count=0, restarted_count=0
 full_count=0

Compilation events (20 events):
Event: 5.729 Thread 0x0000014cbf9d0b40 5884       2       org.aspectj.weaver.internal.tools.PointcutExpressionImpl::couldMatchJoinPointsInType (75 bytes)
Event: 5.729 Thread 0x0000014cbf9d0b40 nmethod 5884 0x0000014cab4f9d90 code [0x0000014cab4f9fc0, 0x0000014cab4fa4d0]
Event: 5.729 Thread 0x0000014cbf9d0b40 5885       2       org.aspectj.weaver.reflect.ReflectionFastMatchInfo::<init> (14 bytes)
Event: 5.729 Thread 0x0000014cbf9d0b40 nmethod 5885 0x0000014cab4fa790 code [0x0000014cab4fa940, 0x0000014cab4fabb0]
Event: 5.729 Thread 0x0000014cbf9d0b40 5886       2       org.aspectj.weaver.patterns.FastMatchInfo::<init> (20 bytes)
Event: 5.729 Thread 0x0000014cbf9d0b40 nmethod 5886 0x0000014cab4fac90 code [0x0000014cab4fae40, 0x0000014cab4fb058]
Event: 5.729 Thread 0x0000014cbf9d0b40 5887       2       org.springframework.aop.aspectj.AspectJExpressionPointcut::getMethodMatcher (7 bytes)
Event: 5.729 Thread 0x0000014cbf9d0b40 nmethod 5887 0x0000014cab4fb110 code [0x0000014cab4fb2c0, 0x0000014cab4fb3e8]
Event: 5.730 Thread 0x0000014cbf9d0b40 5888 %     3       org.aspectj.apache.bcel.classfile.ConstantPool::<init> @ 58 (107 bytes)
Event: 5.730 Thread 0x0000014cbf9d0b40 nmethod 5888% 0x0000014cab4fb490 code [0x0000014cab4fb760, 0x0000014cab4fc958]
Event: 5.731 Thread 0x0000014cbf9d0b40 5889       2       org.springframework.core.annotation.TypeMappedAnnotations::getAggregates (50 bytes)
Event: 5.731 Thread 0x0000014cbf9d0b40 nmethod 5889 0x0000014cab4fcf90 code [0x0000014cab4fd160, 0x0000014cab4fd5b8]
Event: 5.738 Thread 0x0000014cbf9d0b40 5890       2       org.aspectj.weaver.ReferenceType::<init> (98 bytes)
Event: 5.739 Thread 0x0000014cbf9d0b40 nmethod 5890 0x0000014cab4fd710 code [0x0000014cab4fd920, 0x0000014cab4fe190]
Event: 5.742 Thread 0x0000014cbf9d0b40 5892       2       java.util.TimSort::reverseRange (32 bytes)
Event: 5.743 Thread 0x0000014cbf9d0b40 nmethod 5892 0x0000014cab4fe310 code [0x0000014cab4fe4c0, 0x0000014cab4fe800]
Event: 5.762 Thread 0x0000014cbf9d0b40 5896   !   2       java.nio.CharBuffer::wrap (21 bytes)
Event: 5.763 Thread 0x0000014cbf9d0b40 nmethod 5896 0x0000014cab4fe990 code [0x0000014cab4feb60, 0x0000014cab4fedc8]
Event: 5.763 Thread 0x0000014cbf9d0b40 5897       2       java.nio.HeapCharBuffer::<init> (23 bytes)
Event: 5.763 Thread 0x0000014cbf9d0b40 nmethod 5897 0x0000014cab4fef10 code [0x0000014cab4ff0c0, 0x0000014cab4ff220]

GC Heap History (18 events):
Event: 1.175 GC heap before
{Heap before GC invocations=0 (full 0):
 garbage-first heap   total 129024K, used 26624K [0x0000000083600000, 0x0000000100000000)
  region size 1024K, 23 young (23552K), 0 survivors (0K)
 Metaspace       used 4282K, committed 4480K, reserved 1114112K
  class space    used 450K, committed 512K, reserved 1048576K
}
Event: 1.184 GC heap after
{Heap after GC invocations=1 (full 0):
 garbage-first heap   total 129024K, used 12212K [0x0000000083600000, 0x0000000100000000)
  region size 1024K, 3 young (3072K), 3 survivors (3072K)
 Metaspace       used 4282K, committed 4480K, reserved 1114112K
  class space    used 450K, committed 512K, reserved 1048576K
}
Event: 1.842 GC heap before
{Heap before GC invocations=1 (full 0):
 garbage-first heap   total 129024K, used 33716K [0x0000000083600000, 0x0000000100000000)
  region size 1024K, 25 young (25600K), 3 survivors (3072K)
 Metaspace       used 10814K, committed 11072K, reserved 1114112K
  class space    used 1280K, committed 1408K, reserved 1048576K
}
Event: 1.848 GC heap after
{Heap after GC invocations=2 (full 0):
 garbage-first heap   total 129024K, used 15751K [0x0000000083600000, 0x0000000100000000)
  region size 1024K, 3 young (3072K), 3 survivors (3072K)
 Metaspace       used 10814K, committed 11072K, reserved 1114112K
  class space    used 1280K, committed 1408K, reserved 1048576K
}
Event: 2.579 GC heap before
{Heap before GC invocations=2 (full 0):
 garbage-first heap   total 129024K, used 57735K [0x0000000083600000, 0x0000000100000000)
  region size 1024K, 45 young (46080K), 3 survivors (3072K)
 Metaspace       used 20367K, committed 20736K, reserved 1114112K
  class space    used 2582K, committed 2752K, reserved 1048576K
}
Event: 2.586 GC heap after
{Heap after GC invocations=3 (full 0):
 garbage-first heap   total 129024K, used 19456K [0x0000000083600000, 0x0000000100000000)
  region size 1024K, 6 young (6144K), 6 survivors (6144K)
 Metaspace       used 20367K, committed 20736K, reserved 1114112K
  class space    used 2582K, committed 2752K, reserved 1048576K
}
Event: 2.626 GC heap before
{Heap before GC invocations=3 (full 0):
 garbage-first heap   total 129024K, used 23552K [0x0000000083600000, 0x0000000100000000)
  region size 1024K, 12 young (12288K), 6 survivors (6144K)
 Metaspace       used 21189K, committed 21504K, reserved 1114112K
  class space    used 2650K, committed 2816K, reserved 1048576K
}
Event: 2.632 GC heap after
{Heap after GC invocations=4 (full 0):
 garbage-first heap   total 129024K, used 20199K [0x0000000083600000, 0x0000000100000000)
  region size 1024K, 5 young (5120K), 5 survivors (5120K)
 Metaspace       used 21189K, committed 21504K, reserved 1114112K
  class space    used 2650K, committed 2816K, reserved 1048576K
}
Event: 3.260 GC heap before
{Heap before GC invocations=5 (full 0):
 garbage-first heap   total 75776K, used 73447K [0x0000000083600000, 0x0000000100000000)
  region size 1024K, 58 young (59392K), 5 survivors (5120K)
 Metaspace       used 30513K, committed 30912K, reserved 1114112K
  class space    used 3784K, committed 3968K, reserved 1048576K
}
Event: 3.268 GC heap after
{Heap after GC invocations=6 (full 0):
 garbage-first heap   total 84992K, used 24672K [0x0000000083600000, 0x0000000100000000)
  region size 1024K, 9 young (9216K), 9 survivors (9216K)
 Metaspace       used 30513K, committed 30912K, reserved 1114112K
  class space    used 3784K, committed 3968K, reserved 1048576K
}
Event: 3.830 GC heap before
{Heap before GC invocations=6 (full 0):
 garbage-first heap   total 84992K, used 63584K [0x0000000083600000, 0x0000000100000000)
  region size 1024K, 48 young (49152K), 9 survivors (9216K)
 Metaspace       used 33023K, committed 33536K, reserved 1114112K
  class space    used 4078K, committed 4288K, reserved 1048576K
}
Event: 3.840 GC heap after
{Heap after GC invocations=7 (full 0):
 garbage-first heap   total 84992K, used 29051K [0x0000000083600000, 0x0000000100000000)
  region size 1024K, 5 young (5120K), 5 survivors (5120K)
 Metaspace       used 33023K, committed 33536K, reserved 1114112K
  class space    used 4078K, committed 4288K, reserved 1048576K
}
Event: 4.231 GC heap before
{Heap before GC invocations=7 (full 0):
 garbage-first heap   total 84992K, used 49531K [0x0000000083600000, 0x0000000100000000)
  region size 1024K, 26 young (26624K), 5 survivors (5120K)
 Metaspace       used 35598K, committed 36096K, reserved 1114112K
  class space    used 4531K, committed 4800K, reserved 1048576K
}
Event: 4.238 GC heap after
{Heap after GC invocations=8 (full 0):
 garbage-first heap   total 84992K, used 30080K [0x0000000083600000, 0x0000000100000000)
  region size 1024K, 2 young (2048K), 2 survivors (2048K)
 Metaspace       used 35598K, committed 36096K, reserved 1114112K
  class space    used 4531K, committed 4800K, reserved 1048576K
}
Event: 4.913 GC heap before
{Heap before GC invocations=9 (full 0):
 garbage-first heap   total 84992K, used 70016K [0x0000000083600000, 0x0000000100000000)
  region size 1024K, 41 young (41984K), 2 survivors (2048K)
 Metaspace       used 39656K, committed 40128K, reserved 1114112K
  class space    used 5086K, committed 5312K, reserved 1048576K
}
Event: 4.918 GC heap after
{Heap after GC invocations=10 (full 0):
 garbage-first heap   total 84992K, used 32703K [0x0000000083600000, 0x0000000100000000)
  region size 1024K, 5 young (5120K), 5 survivors (5120K)
 Metaspace       used 39656K, committed 40128K, reserved 1114112K
  class space    used 5086K, committed 5312K, reserved 1048576K
}
Event: 5.510 GC heap before
{Heap before GC invocations=10 (full 0):
 garbage-first heap   total 84992K, used 71615K [0x0000000083600000, 0x0000000100000000)
  region size 1024K, 43 young (44032K), 5 survivors (5120K)
 Metaspace       used 44465K, committed 44992K, reserved 1114112K
  class space    used 5709K, committed 5952K, reserved 1048576K
}
Event: 5.521 GC heap after
{Heap after GC invocations=11 (full 0):
 garbage-first heap   total 84992K, used 35195K [0x0000000083600000, 0x0000000100000000)
  region size 1024K, 6 young (6144K), 6 survivors (6144K)
 Metaspace       used 44465K, committed 44992K, reserved 1114112K
  class space    used 5709K, committed 5952K, reserved 1048576K
}

Dll operation events (8 events):
Event: 0.083 Loaded shared library C:\Program Files\Java\jdk-21\bin\java.dll
Event: 0.324 Loaded shared library C:\Program Files\Java\jdk-21\bin\jsvml.dll
Event: 0.504 Loaded shared library C:\Program Files\Java\jdk-21\bin\net.dll
Event: 0.514 Loaded shared library C:\Program Files\Java\jdk-21\bin\nio.dll
Event: 0.524 Loaded shared library C:\Program Files\Java\jdk-21\bin\zip.dll
Event: 0.850 Loaded shared library C:\Program Files\Java\jdk-21\bin\jimage.dll
Event: 1.735 Loaded shared library C:\Program Files\Java\jdk-21\bin\sunmscapi.dll
Event: 2.109 Loaded shared library C:\Program Files\Java\jdk-21\bin\extnet.dll

Deoptimization events (20 events):
Event: 5.637 Thread 0x0000014ca251cf70 Uncommon trap: trap_request=0xffffffde fr.pc=0x0000014cb26c0964 relative=0x0000000000000f04
Event: 5.637 Thread 0x0000014ca251cf70 Uncommon trap: reason=class_check action=maybe_recompile pc=0x0000014cb26c0964 method=org.springframework.boot.context.properties.source.SpringConfigurationPropertySources$SourcesIterator.fetchNext()Lorg/springframework/boot/context/properties/source/Conf
Event: 5.637 Thread 0x0000014ca251cf70 DEOPT PACKING pc=0x0000014cb26c0964 sp=0x00000046726faaa0
Event: 5.637 Thread 0x0000014ca251cf70 DEOPT UNPACKING pc=0x0000014cb1e346a2 sp=0x00000046726faa80 mode 2
Event: 5.637 Thread 0x0000014ca251cf70 Uncommon trap: trap_request=0xffffffde fr.pc=0x0000014cb26c0964 relative=0x0000000000000f04
Event: 5.637 Thread 0x0000014ca251cf70 Uncommon trap: reason=class_check action=maybe_recompile pc=0x0000014cb26c0964 method=org.springframework.boot.context.properties.source.SpringConfigurationPropertySources$SourcesIterator.fetchNext()Lorg/springframework/boot/context/properties/source/Conf
Event: 5.637 Thread 0x0000014ca251cf70 DEOPT PACKING pc=0x0000014cb26c0964 sp=0x00000046726fa710
Event: 5.637 Thread 0x0000014ca251cf70 DEOPT UNPACKING pc=0x0000014cb1e346a2 sp=0x00000046726fa6f0 mode 2
Event: 5.637 Thread 0x0000014ca251cf70 Uncommon trap: trap_request=0xffffffbe fr.pc=0x0000014cb272ed3c relative=0x000000000000037c
Event: 5.637 Thread 0x0000014ca251cf70 Uncommon trap: reason=profile_predicate action=maybe_recompile pc=0x0000014cb272ed3c method=java.util.HashMap.keysToArray([Ljava/lang/Object;)[Ljava/lang/Object; @ 32 c2
Event: 5.637 Thread 0x0000014ca251cf70 DEOPT PACKING pc=0x0000014cb272ed3c sp=0x00000046726fa3d0
Event: 5.637 Thread 0x0000014ca251cf70 DEOPT UNPACKING pc=0x0000014cb1e346a2 sp=0x00000046726fa380 mode 2
Event: 5.641 Thread 0x0000014ca251cf70 DEOPT PACKING pc=0x0000014caafab99a sp=0x00000046726fadf0
Event: 5.641 Thread 0x0000014ca251cf70 DEOPT UNPACKING pc=0x0000014cb1e34e42 sp=0x00000046726fa300 mode 0
Event: 5.646 Thread 0x0000014ca251cf70 Uncommon trap: trap_request=0xffffffd6 fr.pc=0x0000014cb27aaae4 relative=0x0000000000005e64
Event: 5.646 Thread 0x0000014ca251cf70 Uncommon trap: reason=array_check action=maybe_recompile pc=0x0000014cb27aaae4 method=org.springframework.util.ConcurrentReferenceHashMap$Segment.lambda$doTask$0(Ljava/lang/Object;ILorg/springframework/util/ConcurrentReferenceHashMap$Reference;ILjava/lang
Event: 5.646 Thread 0x0000014ca251cf70 DEOPT PACKING pc=0x0000014cb27aaae4 sp=0x00000046726fb970
Event: 5.646 Thread 0x0000014ca251cf70 DEOPT UNPACKING pc=0x0000014cb1e346a2 sp=0x00000046726fb430 mode 2
Event: 5.762 Thread 0x0000014ca251cf70 DEOPT PACKING pc=0x0000014cab16e5b0 sp=0x00000046726fce50
Event: 5.762 Thread 0x0000014ca251cf70 DEOPT UNPACKING pc=0x0000014cb1e34e42 sp=0x00000046726fc308 mode 0

Classes loaded (20 events):
Event: 5.448 Loading class jdk/internal/jimage/ImageBufferCache$1
Event: 5.448 Loading class jdk/internal/jimage/ImageBufferCache$1 done
Event: 5.448 Loading class jdk/internal/jimage/ImageBufferCache$2
Event: 5.448 Loading class jdk/internal/jimage/ImageBufferCache$2 done
Event: 5.448 Loading class java/util/AbstractMap$SimpleEntry
Event: 5.448 Loading class java/util/AbstractMap$SimpleEntry done
Event: 5.482 Loading class java/io/ObjectInputStream
Event: 5.483 Loading class java/io/ObjectInput
Event: 5.484 Loading class java/io/ObjectInput done
Event: 5.484 Loading class java/io/ObjectStreamConstants
Event: 5.484 Loading class java/io/ObjectStreamConstants done
Event: 5.484 Loading class java/io/ObjectInputStream done
Event: 5.484 Loading class java/io/ObjectOutputStream
Event: 5.485 Loading class java/io/ObjectOutput
Event: 5.485 Loading class java/io/ObjectOutput done
Event: 5.485 Loading class java/io/ObjectOutputStream done
Event: 5.648 Loading class sun/reflect/generics/reflectiveObjects/GenericArrayTypeImpl
Event: 5.649 Loading class sun/reflect/generics/reflectiveObjects/GenericArrayTypeImpl done
Event: 5.759 Loading class java/nio/file/InvalidPathException
Event: 5.760 Loading class java/nio/file/InvalidPathException done

Classes unloaded (0 events):
No events

Classes redefined (0 events):
No events

Internal exceptions (20 events):
Event: 5.132 Thread 0x0000014ca251cf70 Implicit null exception at 0x0000014cb2666f52 to 0x0000014cb2666ff2
Event: 5.169 Thread 0x0000014ca251cf70 Exception <a 'java/lang/NoClassDefFoundError'{0x00000000876563a0}: org/flywaydb/core/Flyway> (0x00000000876563a0) 
thrown [s\open\src\hotspot\share\classfile\systemDictionary.cpp, line 301]
Event: 5.169 Thread 0x0000014ca251cf70 Exception <a 'java/lang/NoClassDefFoundError'{0x0000000087657c10}: liquibase/integration/spring/SpringLiquibase> (0x0000000087657c10) 
thrown [s\open\src\hotspot\share\classfile\systemDictionary.cpp, line 301]
Event: 5.177 Thread 0x0000014ca251cf70 Exception <a 'java/lang/NoClassDefFoundError'{0x00000000876bcc60}: org/springframework/batch/core/repository/JobRepository> (0x00000000876bcc60) 
thrown [s\open\src\hotspot\share\classfile\systemDictionary.cpp, line 301]
Event: 5.177 Thread 0x0000014ca251cf70 Exception <a 'java/lang/NoClassDefFoundError'{0x00000000876be118}: org/quartz/Scheduler> (0x00000000876be118) 
thrown [s\open\src\hotspot\share\classfile\systemDictionary.cpp, line 301]
Event: 5.177 Thread 0x0000014ca251cf70 Exception <a 'java/lang/NoClassDefFoundError'{0x00000000876bfc48}: org/springframework/session/jdbc/JdbcIndexedSessionRepository> (0x00000000876bfc48) 
thrown [s\open\src\hotspot\share\classfile\systemDictionary.cpp, line 301]
Event: 5.220 Thread 0x0000014ca251cf70 Exception <a 'java/lang/NoClassDefFoundError'{0x00000000871dc8a0}: org/jooq/DSLContext> (0x00000000871dc8a0) 
thrown [s\open\src\hotspot\share\classfile\systemDictionary.cpp, line 301]
Event: 5.293 Thread 0x0000014ca251cf70 Implicit null exception at 0x0000014cb26ffe80 to 0x0000014cb26fff21
Event: 5.373 Thread 0x0000014ca251cf70 Exception <a 'java/lang/ArrayIndexOutOfBoundsException'{0x00000000869fccc0}: Index 5 out of bounds for length 5> (0x00000000869fccc0) 
thrown [s\open\src\hotspot\share\interpreter\interpreterRuntime.cpp, line 439]
Event: 5.373 Thread 0x0000014ca251cf70 Exception <a 'java/lang/ArrayIndexOutOfBoundsException'{0x00000000869fd2e8}: Index 5 out of bounds for length 5> (0x00000000869fd2e8) 
thrown [s\open\src\hotspot\share\interpreter\interpreterRuntime.cpp, line 439]
Event: 5.441 Thread 0x0000014ca251cf70 Exception <a 'java/lang/ArrayIndexOutOfBoundsException'{0x00000000866618c8}: Index 13 out of bounds for length 13> (0x00000000866618c8) 
thrown [s\open\src\hotspot\share\interpreter\interpreterRuntime.cpp, line 439]
Event: 5.441 Thread 0x0000014ca251cf70 Exception <a 'java/lang/ArrayIndexOutOfBoundsException'{0x0000000086661ea0}: Index 13 out of bounds for length 13> (0x0000000086661ea0) 
thrown [s\open\src\hotspot\share\interpreter\interpreterRuntime.cpp, line 439]
Event: 5.455 Thread 0x0000014ca251cf70 Exception <a 'java/lang/ArrayIndexOutOfBoundsException'{0x00000000866f30e0}: Index 21 out of bounds for length 21> (0x00000000866f30e0) 
thrown [s\open\src\hotspot\share\interpreter\interpreterRuntime.cpp, line 439]
Event: 5.455 Thread 0x0000014ca251cf70 Exception <a 'java/lang/ArrayIndexOutOfBoundsException'{0x00000000866f36b8}: Index 21 out of bounds for length 21> (0x00000000866f36b8) 
thrown [s\open\src\hotspot\share\interpreter\interpreterRuntime.cpp, line 439]
Event: 5.460 Thread 0x0000014ca251cf70 Exception <a 'java/lang/ArrayIndexOutOfBoundsException'{0x000000008653fdb8}: Index 13 out of bounds for length 13> (0x000000008653fdb8) 
thrown [s\open\src\hotspot\share\interpreter\interpreterRuntime.cpp, line 439]
Event: 5.460 Thread 0x0000014ca251cf70 Exception <a 'java/lang/ArrayIndexOutOfBoundsException'{0x0000000086540390}: Index 13 out of bounds for length 13> (0x0000000086540390) 
thrown [s\open\src\hotspot\share\interpreter\interpreterRuntime.cpp, line 439]
Event: 5.464 Thread 0x0000014ca251cf70 Exception <a 'java/lang/ArrayIndexOutOfBoundsException'{0x000000008657af08}: Index 21 out of bounds for length 21> (0x000000008657af08) 
thrown [s\open\src\hotspot\share\interpreter\interpreterRuntime.cpp, line 439]
Event: 5.464 Thread 0x0000014ca251cf70 Exception <a 'java/lang/ArrayIndexOutOfBoundsException'{0x000000008657b4e0}: Index 21 out of bounds for length 21> (0x000000008657b4e0) 
thrown [s\open\src\hotspot\share\interpreter\interpreterRuntime.cpp, line 439]
Event: 5.701 Thread 0x0000014ca251cf70 Exception <a 'java/lang/NoSuchMethodError'{0x0000000087b163e0}: 'java.lang.Object java.lang.invoke.DirectMethodHandle$Holder.invokeVirtual(java.lang.Object, java.lang.Object, java.lang.Object, java.lang.Object, java.lang.Object, java.lang.Object)'> (0x0000000087b163e0) 
thrown [s\open\src\hotspot\share\interpreter\linkResolver.cpp, line 773]
Event: 5.749 Thread 0x0000014ca251cf70 Exception <a 'java/lang/NoSuchMethodError'{0x0000000087861258}: 'java.lang.Object java.lang.invoke.DirectMethodHandle$Holder.invokeVirtual(java.lang.Object, java.lang.Object, java.lang.Object, java.lang.Object, java.lang.Object)'> (0x0000000087861258) 
thrown [s\open\src\hotspot\share\interpreter\linkResolver.cpp, line 773]

ZGC Phase Switch (0 events):
No events

VM Operations (20 events):
Event: 4.177 Executing VM operation: HandshakeAllThreads (Deoptimize)
Event: 4.177 Executing VM operation: HandshakeAllThreads (Deoptimize) done
Event: 4.230 Executing VM operation: CollectForMetadataAllocation (Metadata GC Threshold)
Event: 4.238 Executing VM operation: CollectForMetadataAllocation (Metadata GC Threshold) done
Event: 4.262 Executing VM operation: G1PauseRemark
Event: 4.267 Executing VM operation: G1PauseRemark done
Event: 4.273 Executing VM operation: G1PauseCleanup
Event: 4.273 Executing VM operation: G1PauseCleanup done
Event: 4.913 Executing VM operation: G1CollectForAllocation (G1 Evacuation Pause)
Event: 4.918 Executing VM operation: G1CollectForAllocation (G1 Evacuation Pause) done
Event: 5.371 Executing VM operation: HandshakeAllThreads (Deoptimize)
Event: 5.371 Executing VM operation: HandshakeAllThreads (Deoptimize) done
Event: 5.377 Executing VM operation: HandshakeAllThreads (Deoptimize)
Event: 5.377 Executing VM operation: HandshakeAllThreads (Deoptimize) done
Event: 5.455 Executing VM operation: ICBufferFull
Event: 5.455 Executing VM operation: ICBufferFull done
Event: 5.493 Executing VM operation: HandshakeAllThreads (Deoptimize)
Event: 5.493 Executing VM operation: HandshakeAllThreads (Deoptimize) done
Event: 5.510 Executing VM operation: G1CollectForAllocation (G1 Evacuation Pause)
Event: 5.521 Executing VM operation: G1CollectForAllocation (G1 Evacuation Pause) done

Events (20 events):
Event: 4.266 Thread 0x0000014cbf9978f0 flushing nmethod 0x0000014caac2de10
Event: 4.266 Thread 0x0000014cbf9978f0 flushing nmethod 0x0000014caac2e310
Event: 4.266 Thread 0x0000014cbf9978f0 flushing nmethod 0x0000014caac38010
Event: 4.266 Thread 0x0000014cbf9978f0 flushing nmethod 0x0000014caac5fd90
Event: 4.266 Thread 0x0000014cbf9978f0 flushing nmethod 0x0000014caac88e10
Event: 4.266 Thread 0x0000014cbf9978f0 flushing nmethod 0x0000014caaca2990
Event: 4.266 Thread 0x0000014cbf9978f0 flushing nmethod 0x0000014caaca2e90
Event: 4.266 Thread 0x0000014cbf9978f0 flushing nmethod 0x0000014caaca5690
Event: 4.266 Thread 0x0000014cbf9978f0 flushing nmethod 0x0000014caad3c110
Event: 4.266 Thread 0x0000014cbf9978f0 flushing nmethod 0x0000014caad6d110
Event: 4.266 Thread 0x0000014cbf9978f0 flushing nmethod 0x0000014caad6e590
Event: 4.266 Thread 0x0000014cbf9978f0 flushing nmethod 0x0000014caad6ea10
Event: 4.266 Thread 0x0000014cbf9978f0 flushing nmethod 0x0000014caad71010
Event: 4.266 Thread 0x0000014cbf9978f0 flushing nmethod 0x0000014caad71510
Event: 4.266 Thread 0x0000014cbf9978f0 flushing nmethod 0x0000014caad9f910
Event: 4.266 Thread 0x0000014cbf9978f0 flushing nmethod 0x0000014caae1cf10
Event: 4.266 Thread 0x0000014cbf9978f0 flushing nmethod 0x0000014caae33b10
Event: 4.266 Thread 0x0000014cbf9978f0 flushing nmethod 0x0000014caae57210
Event: 4.266 Thread 0x0000014cbf9978f0 flushing nmethod 0x0000014caae58110
Event: 4.266 Thread 0x0000014cbf9978f0 flushing nmethod 0x0000014caaeac710


Dynamic libraries:
0x00007ff70d2b0000 - 0x00007ff70d2c0000 	C:\Program Files\Java\jdk-21\bin\javaw.exe
0x00007ffaea640000 - 0x00007ffaea849000 	C:\windows\SYSTEM32\ntdll.dll
0x00007ffae8490000 - 0x00007ffae854d000 	C:\windows\System32\KERNEL32.DLL
0x00007ffae7c10000 - 0x00007ffae7f94000 	C:\windows\System32\KERNELBASE.dll
0x00007ffae8140000 - 0x00007ffae8251000 	C:\windows\System32\ucrtbase.dll
0x00007ffacb990000 - 0x00007ffacb9a9000 	C:\Program Files\Java\jdk-21\bin\jli.dll
0x00007ffae8d10000 - 0x00007ffae8dbe000 	C:\windows\System32\ADVAPI32.dll
0x00007ffae9d10000 - 0x00007ffae9db3000 	C:\windows\System32\msvcrt.dll
0x00007ffaea380000 - 0x00007ffaea41e000 	C:\windows\System32\sechost.dll
0x00007ffad45f0000 - 0x00007ffad460b000 	C:\Program Files\Java\jdk-21\bin\VCRUNTIME140.dll
0x00007ffaea1e0000 - 0x00007ffaea301000 	C:\windows\System32\RPCRT4.dll
0x00007ffae9fd0000 - 0x00007ffaea17d000 	C:\windows\System32\USER32.dll
0x00007ffae8110000 - 0x00007ffae8136000 	C:\windows\System32\win32u.dll
0x00007ffae8e40000 - 0x00007ffae8e6a000 	C:\windows\System32\GDI32.dll
0x00007ffae8300000 - 0x00007ffae841e000 	C:\windows\System32\gdi32full.dll
0x00007ffae8260000 - 0x00007ffae82fd000 	C:\windows\System32\msvcp_win.dll
0x00007ffae3200000 - 0x00007ffae320a000 	C:\windows\SYSTEM32\VERSION.dll
0x00007ffacb090000 - 0x00007ffacb335000 	C:\windows\WinSxS\amd64_microsoft.windows.common-controls_6595b64144ccf1df_6.0.22000.120_none_9d947278b86cc467\COMCTL32.dll
0x00007ffae8de0000 - 0x00007ffae8e11000 	C:\windows\System32\IMM32.DLL
0x00007ffad3f40000 - 0x00007ffad3f4c000 	C:\Program Files\Java\jdk-21\bin\vcruntime140_1.dll
0x00007ffa8cda0000 - 0x00007ffa8ce2e000 	C:\Program Files\Java\jdk-21\bin\msvcp140.dll
0x00007ffa00a80000 - 0x00007ffa0179a000 	C:\Program Files\Java\jdk-21\bin\server\jvm.dll
0x00007ffaea590000 - 0x00007ffaea5ff000 	C:\windows\System32\WS2_32.dll
0x00007ffae7590000 - 0x00007ffae75dd000 	C:\windows\SYSTEM32\POWRPROF.dll
0x00007ffadb2d0000 - 0x00007ffadb303000 	C:\windows\SYSTEM32\WINMM.dll
0x00007ffae7570000 - 0x00007ffae7583000 	C:\windows\SYSTEM32\UMPDC.dll
0x00007ffae6950000 - 0x00007ffae6968000 	C:\windows\SYSTEM32\kernel.appcore.dll
0x00007ffad30e0000 - 0x00007ffad30ea000 	C:\Program Files\Java\jdk-21\bin\jimage.dll
0x00007ffae1ca0000 - 0x00007ffae1ec1000 	C:\windows\SYSTEM32\DBGHELP.DLL
0x00007ffae1c60000 - 0x00007ffae1c91000 	C:\windows\SYSTEM32\dbgcore.DLL
0x00007ffae7ad0000 - 0x00007ffae7b4f000 	C:\windows\System32\bcryptPrimitives.dll
0x00007ffac2610000 - 0x00007ffac262f000 	C:\Program Files\Java\jdk-21\bin\java.dll
0x00007ffae8e70000 - 0x00007ffae9635000 	C:\windows\System32\SHELL32.dll
0x00007ffae59b0000 - 0x00007ffae6212000 	C:\windows\SYSTEM32\windows.storage.dll
0x00007ffae96e0000 - 0x00007ffae9a56000 	C:\windows\System32\combase.dll
0x00007ffae5840000 - 0x00007ffae59a7000 	C:\windows\SYSTEM32\wintypes.dll
0x00007ffae9ee0000 - 0x00007ffae9fca000 	C:\windows\System32\SHCORE.dll
0x00007ffaea310000 - 0x00007ffaea36d000 	C:\windows\System32\shlwapi.dll
0x00007ffae7a00000 - 0x00007ffae7a25000 	C:\windows\SYSTEM32\profapi.dll
0x00007ffa8a700000 - 0x00007ffa8a7d7000 	C:\Program Files\Java\jdk-21\bin\jsvml.dll
0x00007ffad30b0000 - 0x00007ffad30c0000 	C:\Program Files\Java\jdk-21\bin\net.dll
0x00007ffae3480000 - 0x00007ffae3594000 	C:\windows\SYSTEM32\WINHTTP.dll
0x00007ffae6df0000 - 0x00007ffae6e57000 	C:\windows\system32\mswsock.dll
0x00007ffac1eb0000 - 0x00007ffac1ec6000 	C:\Program Files\Java\jdk-21\bin\nio.dll
0x00007ffac1a80000 - 0x00007ffac1a98000 	C:\Program Files\Java\jdk-21\bin\zip.dll
0x00007ffae6470000 - 0x00007ffae649d000 	C:\windows\SYSTEM32\IPHLPAPI.DLL
0x00007ffae96d0000 - 0x00007ffae96d9000 	C:\windows\System32\NSI.dll
0x00007ffae64a0000 - 0x00007ffae6587000 	C:\windows\SYSTEM32\DNSAPI.dll
0x00007ffaa6430000 - 0x00007ffaa643a000 	C:\Windows\System32\rasadhlp.dll
0x00007ffae2820000 - 0x00007ffae28a1000 	C:\windows\System32\fwpuclnt.dll
0x00007ffad1c30000 - 0x00007ffad1c3e000 	C:\Program Files\Java\jdk-21\bin\sunmscapi.dll
0x00007ffae7fa0000 - 0x00007ffae8102000 	C:\windows\System32\CRYPT32.dll
0x00007ffae7240000 - 0x00007ffae7268000 	C:\windows\SYSTEM32\ncrypt.dll
0x00007ffae7200000 - 0x00007ffae7237000 	C:\windows\SYSTEM32\NTASN1.dll
0x00007ffae70c0000 - 0x00007ffae70d8000 	C:\windows\SYSTEM32\CRYPTSP.dll
0x00007ffae68b0000 - 0x00007ffae68e5000 	C:\windows\system32\rsaenh.dll
0x00007ffae6e90000 - 0x00007ffae6ebc000 	C:\windows\SYSTEM32\USERENV.dll
0x00007ffae7270000 - 0x00007ffae7297000 	C:\windows\SYSTEM32\bcrypt.dll
0x00007ffae6fe0000 - 0x00007ffae6fec000 	C:\windows\SYSTEM32\CRYPTBASE.dll
0x00007ffad1bd0000 - 0x00007ffad1bd9000 	C:\Program Files\Java\jdk-21\bin\extnet.dll

dbghelp: loaded successfully - version: 4.0.5 - missing functions: none
symbol engine: initialized successfully - sym options: 0x614 - pdb path: .;C:\Program Files\Java\jdk-21\bin;C:\windows\SYSTEM32;C:\windows\WinSxS\amd64_microsoft.windows.common-controls_6595b64144ccf1df_6.0.22000.120_none_9d947278b86cc467;C:\Program Files\Java\jdk-21\bin\server

VM Arguments:
jvm_args: -Dfile.encoding=UTF-8 -Dstdout.encoding=UTF-8 -Dstderr.encoding=UTF-8 -XX:+ShowCodeDetailsInExceptionMessages 
java_command: com.hamch.customerservice.CustomerServiceApplication
java_class_path (initial): B:\Java091024\MyEcomGitHub\myEcomm091024\customer-service\target\classes;C:\Users\Abdella Hamch\.m2\repository\net\bytebuddy\byte-buddy\1.14.10\byte-buddy-1.14.10.jar;C:\Users\Abdella Hamch\.m2\repository\org\modelmapper\modelmapper\3.2.0\modelmapper-3.2.0.jar;C:\Users\Abdella Hamch\.m2\repository\org\springframework\boot\spring-boot-autoconfigure\3.2.1\spring-boot-autoconfigure-3.2.1.jar;C:\Users\Abdella Hamch\.m2\repository\org\springframework\boot\spring-boot\3.2.1\spring-boot-3.2.1.jar;C:\Users\Abdella Hamch\.m2\repository\org\jetbrains\annotations\17.0.0\annotations-17.0.0.jar;C:\Users\Abdella Hamch\.m2\repository\org\springframework\boot\spring-boot-starter-validation\3.2.1\spring-boot-starter-validation-3.2.1.jar;C:\Users\Abdella Hamch\.m2\repository\org\springframework\boot\spring-boot-starter\3.2.1\spring-boot-starter-3.2.1.jar;C:\Users\Abdella Hamch\.m2\repository\org\springframework\boot\spring-boot-starter-logging\3.2.1\spring-boot-starter-logging-3.2.1.jar;C:\Users\Abdella Hamch\.m2\repository\ch\qos\logback\logback-classic\1.4.14\logback-classic-1.4.14.jar;C:\Users\Abdella Hamch\.m2\repository\ch\qos\logback\logback-core\1.4.14\logback-core-1.4.14.jar;C:\Users\Abdella Hamch\.m2\repository\org\apache\logging\log4j\log4j-to-slf4j\2.21.1\log4j-to-slf4j-2.21.1.jar;C:\Users\Abdella Hamch\.m2\repository\org\apache\logging\log4j\log4j-api\2.21.1\log4j-api-2.21.1.jar;C:\Users\Abdella Hamch\.m2\repository\org\slf4j\jul-to-slf4j\2.0.9\jul-to-slf4j-2.0.9.jar;C:\Users\Abdella Hamch\.m2\repository\jakarta\annotation\jakarta.annotation-api\2.1.1\jakarta.annotation-api-2.1.1.jar;C:\Users\Abdella Hamch\.m2\repository\org\yaml\snakeyaml\2.2\snakeyaml-2.2.jar;C:\Users\Abdella Hamch\.m2\repository\org\apache\tomcat\embed\tomcat-embed-el\10.1.17\tomcat-embed-el-10.1.17.jar;C:\Users\Abdella Hamch\.m2\repository\org\hibernate\validator\hibernate-validator\8.0.1.Final\hibernate-validator-8.0.1.Final.jar;C:\Users\Abdella Hamch\.m2\repository\jakarta\validation\jakarta.validation-api\3.0.2\jakarta.validation-api-3.0.2.jar;C:\Users\Abdella Hamch\.m2\repository\org\jboss\logging\jboss-logging\3.5.3.Final\jboss-logging-3.5.3.Final.jar;C:\Users\Abdella Hamch\.m2\repository\com\fasterxml\classmate\1.6.0\classmate-1.6.0.jar;C:\Users\Abdella Hamch\.m2\repository\org\springframework\boot\spring-boot-starter-jdbc\3.2.1\spring-boot-starter-jdbc-3.2.1.jar;C:\Users\Abdella Hamch\.m2\repository\com\zaxxer\HikariCP\5.0.1\HikariCP-5.0.1.jar;C:\Users\Abdella Hamch\.m2\repository\org\springframework\spring-jdbc\6.1.2\spring-jdbc-6.1.2.jar;C:\Users\Abdella Hamch\.m2\repository\org\springframework\spring-beans\6.1.2\spring-beans-6.1.2.jar;C:\Users\Abdella Hamch\.m2\repository\org\postgresql\postgresql\42.6.0\postgresql-42.6.0.jar;C:\Users\Abdella Hamch\.m2\repository\org\checkerframework\checker-qual\3.31.0\checker-qual-3.31.0.jar;C:\Users\Abdella Hamch\.m2\repository\org\springdoc\springdoc-openapi-starter-webmvc-ui\2.3.0\springdoc-openapi-starter-webmvc-ui-2.3.0.jar;C:\Users\Abdella Hamch\.m2\repository\org\springdoc\springdoc-openapi-starter-webmvc-api\2.3.0\springdoc-openapi-starter-webmvc-api-2.3.0.jar;C:\Users\Abdella Hamch\.m2\repository\org\springdoc\springdoc-openapi-starter-common\2.3.0\springdoc-openapi-starter-common-2.3.0.jar;C:\Users\Abdella Hamch\.m2\repository\io\swagger\core\v3\swagger-core-jakarta\2.2.19\swagger-core-jakarta-2.2.19.jar;C:\Users\Abdella Hamch\.m2\repository\org\apache\commons\commons-lang3\3.13.0\commons-lang3-3.13.0.jar;C:\Users\Abdella Hamch\.m2\repository\io\swagger\core\v3\swagger-annotations-jakarta\2.2.19\swagger-annotations-jakarta-2.2.19.jar;C:\Users\Abdella Hamch\.m2\repository\io\swagger\core\v3\swagger-models-jakarta\2.2.19\swagger-models-jakarta-2.2.19.jar;C:\Users\Abdella Hamch\.m2\repository\com\fasterxml\jackson\dataformat\jackson-dataformat-yaml\2.15.3\jackson-dataformat-yaml-2.15.3.jar;C:\Users\Abdella Hamch\.m2\repository\org\webjars\swagger-ui\5.10.3\swagger-ui-5.10.3.jar;C:\Users\Abdella Hamch\.m2\repository\org\springframework\boot\spring-boot-starter-data-jpa\3.2.1\spring-boot-starter-data-jpa-3.2.1.jar;C:\Users\Abdella Hamch\.m2\repository\org\springframework\boot\spring-boot-starter-aop\3.2.1\spring-boot-starter-aop-3.2.1.jar;C:\Users\Abdella Hamch\.m2\repository\org\aspectj\aspectjweaver\1.9.21\aspectjweaver-1.9.21.jar;C:\Users\Abdella Hamch\.m2\repository\org\hibernate\orm\hibernate-core\6.4.1.Final\hibernate-core-6.4.1.Final.jar;C:\Users\Abdella Hamch\.m2\repository\jakarta\persistence\jakarta.persistence-api\3.1.0\jakarta.persistence-api-3.1.0.jar;C:\Users\Abdella Hamch\.m2\repository\jakarta\transaction\jakarta.transaction-api\2.0.1\jakarta.transaction-api-2.0.1.jar;C:\Users\Abdella Hamch\.m2\repository\org\hibernate\common\hibernate-commons-annotations\6.0.6.Final\hibernate-commons-annotations-6.0.6.Final.jar;C:\Users\Abdella Hamch\.m2\repository\io\smallrye\jandex\3.1.2\jandex-3.1.2.jar;C:\Users\Abdella Hamch\.m2\repository\org\glassfish\jaxb\jaxb-runtime\4.0.4\jaxb-runtime-4.0.4.jar;C:\Users\Abdella Hamch\.m2\repository\org\glassfish\jaxb\jaxb-core\4.0.4\jaxb-core-4.0.4.jar;C:\Users\Abdella Hamch\.m2\repository\org\eclipse\angus\angus-activation\2.0.1\angus-activation-2.0.1.jar;C:\Users\Abdella Hamch\.m2\repository\org\glassfish\jaxb\txw2\4.0.4\txw2-4.0.4.jar;C:\Users\Abdella Hamch\.m2\repository\com\sun\istack\istack-commons-runtime\4.1.2\istack-commons-runtime-4.1.2.jar;C:\Users\Abdella Hamch\.m2\repository\jakarta\inject\jakarta.inject-api\2.0.1\jakarta.inject-api-2.0.1.jar;C:\Users\Abdella Hamch\.m2\repository\org\antlr\antlr4-runtime\4.13.0\antlr4-runtime-4.13.0.jar;C:\Users\Abdella Hamch\.m2\repository\org\springframework\data\spring-data-jpa\3.2.1\spring-data-jpa-3.2.1.jar;C:\Users\Abdella Hamch\.m2\repository\org\springframework\spring-orm\6.1.2\spring-orm-6.1.2.jar;C:\Users\Abdella Hamch\.m2\repository\org\springframework\spring-context\6.1.2\spring-context-6.1.2.jar;C:\Users\Abdella Hamch\.m2\repository\org\springframework\spring-aspects\6.1.2\spring-aspects-6.1.2.jar;C:\Users\Abdella Hamch\.m2\repository\org\springframework\security\spring-security-oauth2-resource-server\6.2.1\spring-security-oauth2-resource-server-6.2.1.jar;C:\Users\Abdella Hamch\.m2\repository\org\springframework\security\spring-security-core\6.2.1\spring-security-core-6.2.1.jar;C:\Users\Abdella Hamch\.m2\repository\org\springframework\security\spring-security-crypto\6.2.1\spring-security-crypto-6.2.1.jar;C:\Users\Abdella Hamch\.m2\repository\org\springframework\spring-expression\6.1.2\spring-expression-6.1.2.jar;C:\Users\Abdella Hamch\.m2\repository\org\springframework\security\spring-security-oauth2-core\6.2.1\spring-security-oauth2-core-6.2.1.jar;C:\Users\Abdella Hamch\.m2\repository\org\springframework\security\spring-security-web\6.2.1\spring-security-web-6.2.1.jar;C:\Users\Abdella Hamch\.m2\repository\org\springframework\spring-core\6.1.2\spring-core-6.1.2.jar;C:\Users\Abdella Hamch\.m2\repository\org\springframework\spring-jcl\6.1.2\spring-jcl-6.1.2.jar;C:\Users\Abdella Hamch\.m2\repository\org\springframework\security\spring-security-oauth2-jose\6.2.1\spring-security-oauth2-jose-6.2.1.jar;C:\Users\Abdella Hamch\.m2\repository\com\nimbusds\nimbus-jose-jwt\9.24.4\nimbus-jose-jwt-9.24.4.jar;C:\Users\Abdella Hamch\.m2\repository\com\github\stephenc\jcip\jcip-annotations\1.0-1\jcip-annotations-1.0-1.jar;C:\Users\Abdella Hamch\.m2\repository\org\springframework\boot\spring-boot-starter-security\3.2.1\spring-boot-starter-security-3.2.1.jar;C:\Users\Abdella Hamch\.m2\repository\org\springframework\spring-aop\6.1.2\spring-aop-6.1.2.jar;C:\Users\Abdella Hamch\.m2\repository\org\springframework\security\spring-security-config\6.2.1\spring-security-config-6.2.1.jar;C:\Users\Abdella Hamch\.m2\repository\org\keycloak\keycloak-spring-boot-starter\21.0.2\keycloak-spring-boot-starter-21.0.2.jar;C:\Users\Abdella Hamch\.m2\repository\org\keycloak\keycloak-spring-boot-2-adapter\21.0.2\keycloak-spring-boot-2-adapter-21.0.2.jar;C:\Users\Abdella Hamch\.m2\repository\org\keycloak\keycloak-spring-boot-adapter-core\21.0.2\keycloak-spring-boot-adapter-core-21.0.2.jar;C:\Users\Abdella Hamch\.m2\repository\org\keycloak\keycloak-core\21.0.2\keycloak-core-21.0.2.jar;C:\Users\Abdella Hamch\.m2\repository\org\keycloak\keycloak-common\21.0.2\keycloak-common-21.0.2.jar;C:\Users\Abdella Hamch\.m2\repository\com\sun\activation\jakarta.activation\1.2.2\jakarta.activation-1.2.2.jar;C:\Users\Abdella Hamch\.m2\repository\org\keycloak\keycloak-authz-client\21.0.2\keycloak-authz-client-21.0.2.jar;C:\Users\Abdella Hamch\.m2\repository\org\keycloak\spring-boot-container-bundle\21.0.2\spring-boot-container-bundle-21.0.2.jar;C:\Users\Abdella Hamch\.m2\repository\org\keycloak\keycloak-adapter-core\21.0.2\keycloak-adapter-core-21.0.2.jar;C:\Users\Abdella Hamch\.m2\repository\org\keycloak\keycloak-crypto-default\21.0.2\keycloak-crypto-default-21.0.2.jar;C:\Users\Abdella Hamch\.m2\repository\org\keycloak\keycloak-server-spi\21.0.2\keycloak-server-spi-21.0.2.jar;C:\Users\Abdella Hamch\.m2\repository\org\keycloak\keycloak-server-spi-private\21.0.2\keycloak-server-spi-private-21.0.2.jar;C:\Users\Abdella Hamch\.m2\repository\org\bouncycastle\bcpkix-jdk15on\1.70\bcpkix-jdk15on-1.70.jar;C:\Users\Abdella Hamch\.m2\repository\org\bouncycastle\bcutil-jdk15on\1.70\bcutil-jdk15on-1.70.jar;C:\Users\Abdella Hamch\.m2\repository\org\keycloak\keycloak-spring-security-adapter\21.0.2\keycloak-spring-security-adapter-21.0.2.jar;C:\Users\Abdella Hamch\.m2\repository\org\keycloak\keycloak-adapter-spi\21.0.2\keycloak-adapter-spi-21.0.2.jar;C:\Users\Abdella Hamch\.m2\repository\org\bouncycastle\bcprov-jdk15on\1.70\bcprov-jdk15on-1.70.jar;C:\Users\Abdella Hamch\.m2\repository\com\fasterxml\jackson\core\jackson-core\2.15.3\jackson-core-2.15.3.jar;C:\Users\Abdella Hamch\.m2\repository\com\fasterxml\jackson\core\jackson-databind\2.15.3\jackson-databind-2.15.3.jar;C:\Users\Abdella Hamch\.m2\repository\org\springframework\boot\spring-boot-starter-web\3.2.1\spring-boot-starter-web-3.2.1.jar;C:\Users\Abdella Hamch\.m2\repository\org\springframework\boot\spring-boot-starter-json\3.2.1\spring-boot-starter-json-3.2.1.jar;C:\Users\Abdella Hamch\.m2\repository\com\fasterxml\jackson\datatype\jackson-datatype-jsr310\2.15.3\jackson-datatype-jsr310-2.15.3.jar;C:\Users\Abdella Hamch\.m2\repository\com\fasterxml\jackson\module\jackson-module-parameter-names\2.15.3\jackson-module-parameter-names-2.15.3.jar;C:\Users\Abdella Hamch\.m2\repository\org\springframework\boot\spring-boot-starter-tomcat\3.2.1\spring-boot-starter-tomcat-3.2.1.jar;C:\Users\Abdella Hamch\.m2\repository\org\apache\tomcat\embed\tomcat-embed-core\10.1.17\tomcat-embed-core-10.1.17.jar;C:\Users\Abdella Hamch\.m2\repository\org\apache\tomcat\embed\tomcat-embed-websocket\10.1.17\tomcat-embed-websocket-10.1.17.jar;C:\Users\Abdella Hamch\.m2\repository\org\springframework\spring-web\6.1.2\spring-web-6.1.2.jar;C:\Users\Abdella Hamch\.m2\repository\org\springframework\spring-webmvc\6.1.2\spring-webmvc-6.1.2.jar;C:\Users\Abdella Hamch\.m2\repository\org\springframework\cloud\spring-cloud-stream-binder-rabbit\4.1.0\spring-cloud-stream-binder-rabbit-4.1.0.jar;C:\Users\Abdella Hamch\.m2\repository\org\springframework\cloud\spring-cloud-stream-binder-rabbit-core\4.1.0\spring-cloud-stream-binder-rabbit-core-4.1.0.jar;C:\Users\Abdella Hamch\.m2\repository\org\springframework\boot\spring-boot-starter-webflux\3.2.1\spring-boot-starter-webflux-3.2.1.jar;C:\Users\Abdella Hamch\.m2\repository\org\springframework\boot\spring-boot-starter-reactor-netty\3.2.1\spring-boot-starter-reactor-netty-3.2.1.jar;C:\Users\Abdella Hamch\.m2\repository\org\springframework\spring-webflux\6.1.2\spring-webflux-6.1.2.jar;C:\Users\Abdella Hamch\.m2\repository\io\projectreactor\netty\reactor-netty\1.1.14\reactor-netty-1.1.14.jar;C:\Users\Abdella Hamch\.m2\repository\io\projectreactor\netty\reactor-netty-core\1.1.14\reactor-netty-core-1.1.14.jar;C:\Users\Abdella Hamch\.m2\repository\io\netty\netty-handler\4.1.104.Final\netty-handler-4.1.104.Final.jar;C:\Users\Abdella Hamch\.m2\repository\io\netty\netty-common\4.1.104.Final\netty-common-4.1.104.Final.jar;C:\Users\Abdella Hamch\.m2\repository\io\netty\netty-resolver\4.1.104.Final\netty-resolver-4.1.104.Final.jar;C:\Users\Abdella Hamch\.m2\repository\io\netty\netty-buffer\4.1.104.Final\netty-buffer-4.1.104.Final.jar;C:\Users\Abdella Hamch\.m2\repository\io\netty\netty-transport\4.1.104.Final\netty-transport-4.1.104.Final.jar;C:\Users\Abdella Hamch\.m2\repository\io\netty\netty-transport-native-unix-common\4.1.104.Final\netty-transport-native-unix-common-4.1.104.Final.jar;C:\Users\Abdella Hamch\.m2\repository\io\netty\netty-codec\4.1.104.Final\netty-codec-4.1.104.Final.jar;C:\Users\Abdella Hamch\.m2\repository\io\netty\netty-handler-proxy\4.1.104.Final\netty-handler-proxy-4.1.104.Final.jar;C:\Users\Abdella Hamch\.m2\repository\io\netty\netty-codec-socks\4.1.104.Final\netty-codec-socks-4.1.104.Final.jar;C:\Users\Abdella Hamch\.m2\repository\io\netty\netty-resolver-dns\4.1.104.Final\netty-resolver-dns-4.1.104.Final.jar;C:\Users\Abdella Hamch\.m2\repository\io\netty\netty-codec-dns\4.1.104.Final\netty-codec-dns-4.1.104.Final.jar;C:\Users\Abdella Hamch\.m2\repository\io\netty\netty-resolver-dns-native-macos\4.1.104.Final\netty-resolver-dns-native-macos-4.1.104.Final-osx-x86_64.jar;C:\Users\Abdella Hamch\.m2\repository\io\netty\netty-resolver-dns-classes-macos\4.1.104.Final\netty-resolver-dns-classes-macos-4.1.104.Final.jar;C:\Users\Abdella Hamch\.m2\repository\io\netty\netty-transport-native-epoll\4.1.104.Final\netty-transport-native-epoll-4.1.104.Final-linux-x86_64.jar;C:\Users\Abdella Hamch\.m2\repository\io\netty\netty-transport-classes-epoll\4.1.104.Final\netty-transport-classes-epoll-4.1.104.Final.jar;C:\Users\Abdella Hamch\.m2\repository\io\projectreactor\netty\reactor-netty-http\1.1.14\reactor-netty-http-1.1.14.jar;C:\Users\Abdella Hamch\.m2\repository\io\netty\netty-codec-http\4.1.104.Final\netty-codec-http-4.1.104.Final.jar;C:\Users\Abdella Hamch\.m2\repository\io\netty\netty-codec-http2\4.1.104.Final\netty-codec-http2-4.1.104.Final.jar;C:\Users\Abdella Hamch\.m2\repository\io\projectreactor\netty\incubator\reactor-netty-incubator-quic\0.1.14\reactor-netty-incubator-quic-0.1.14.jar;C:\Users\Abdella Hamch\.m2\repository\io\netty\incubator\netty-incubator-codec-native-quic\0.0.54.Final\netty-incubator-codec-native-quic-0.0.54.Final-linux-x86_64.jar;C:\Users\Abdella Hamch\.m2\repository\io\netty\incubator\netty-incubator-codec-classes-quic\0.0.54.Final\netty-incubator-codec-classes-quic-0.0.54.Final.jar;C:\Users\Abdella Hamch\.m2\repository\org\springframework\cloud\spring-cloud-stream\4.1.0\spring-cloud-stream-4.1.0.jar;C:\Users\Abdella Hamch\.m2\repository\org\springframework\spring-messaging\6.1.2\spring-messaging-6.1.2.jar;C:\Users\Abdella Hamch\.m2\repository\org\springframework\retry\spring-retry\2.0.5\spring-retry-2.0.5.jar;C:\Users\Abdella Hamch\.m2\repository\org\springframework\cloud\spring-cloud-function-context\4.1.0\spring-cloud-function-context-4.1.0.jar;C:\Users\Abdella Hamch\.m2\repository\net\jodah\typetools\0.6.2\typetools-0.6.2.jar;C:\Users\Abdella Hamch\.m2\repository\org\springframework\cloud\spring-cloud-function-core\4.1.0\spring-cloud-function-core-4.1.0.jar;C:\Users\Abdella Hamch\.m2\repository\org\jetbrains\kotlin\kotlin-stdlib-jdk8\1.9.21\kotlin-stdlib-jdk8-1.9.21.jar;C:\Users\Abdella Hamch\.m2\repository\org\jetbrains\kotlin\kotlin-stdlib\1.9.21\kotlin-stdlib-1.9.21.jar;C:\Users\Abdella Hamch\.m2\repository\org\jetbrains\kotlin\kotlin-stdlib-jdk7\1.9.21\kotlin-stdlib-jdk7-1.9.21.jar;C:\Users\Abdella Hamch\.m2\repository\org\springframework\boot\spring-boot-starter-amqp\3.2.1\spring-boot-starter-amqp-3.2.1.jar;C:\Users\Abdella Hamch\.m2\repository\org\springframework\amqp\spring-rabbit\3.1.1\spring-rabbit-3.1.1.jar;C:\Users\Abdella Hamch\.m2\repository\org\springframework\amqp\spring-amqp\3.1.1\spring-amqp-3.1.1.jar;C:\Users\Abdella Hamch\.m2\repository\com\rabbitmq\amqp-client\5.19.0\amqp-client-5.19.0.jar;C:\Users\Abdella Hamch\.m2\repository\org\springframework\integration\spring-integration-amqp\6.2.1\spring-integration-amqp-6.2.1.jar;C:\Users\Abdella Hamch\.m2\repository\org\springframework\integration\spring-integration-core\6.2.1\spring-integration-core-6.2.1.jar;C:\Users\Abdella Hamch\.m2\repository\io\projectreactor\reactor-core\3.6.1\reactor-core-3.6.1.jar;C:\Users\Abdella Hamch\.m2\repository\org\reactivestreams\reactive-streams\1.0.4\reactive-streams-1.0.4.jar;C:\Users\Abdella Hamch\.m2\repository\org\springframework\integration\spring-integration-jmx\6.2.1\spring-integration-jmx-6.2.1.jar;C:\Users\Abdella Hamch\.m2\repository\org\apache\httpcomponents\httpclient\4.5.14\httpclient-4.5.14.jar;C:\Users\Abdella Hamch\.m2\repository\org\apache\httpcomponents\httpcore\4.4.16\httpcore-4.4.16.jar;C:\Users\Abdella Hamch\.m2\repository\commons-logging\commons-logging\1.2\commons-logging-1.2.jar;C:\Users\Abdella Hamch\.m2\repository\commons-codec\commons-codec\1.16.0\commons-codec-1.16.0.jar;C:\Users\Abdella Hamch\.m2\repository\org\springframework\cloud\spring-cloud-starter-bus-amqp\4.1.0\spring-cloud-starter-bus-amqp-4.1.0.jar;C:\Users\Abdella Hamch\.m2\repository\org\springframework\cloud\spring-cloud-starter-stream-rabbit\4.1.0\spring-cloud-starter-stream-rabbit-4.1.0.jar;C:\Users\Abdella Hamch\.m2\repository\org\springframework\cloud\spring-cloud-bus\4.1.0\spring-cloud-bus-4.1.0.jar;C:\Users\Abdella Hamch\.m2\repository\org\springframework\cloud\spring-cloud-starter-consul-discovery\4.1.0\spring-cloud-starter-consul-discovery-4.1.0.jar;C:\Users\Abdella Hamch\.m2\repository\org\springframework\cloud\spring-cloud-starter-consul\4.1.0\spring-cloud-starter-consul-4.1.0.jar;C:\Users\Abdella Hamch\.m2\repository\org\springframework\cloud\spring-cloud-consul-core\4.1.0\spring-cloud-consul-core-4.1.0.jar;C:\Users\Abdella Hamch\.m2\repository\com\ecwid\consul\consul-api\1.4.5\consul-api-1.4.5.jar;C:\Users\Abdella Hamch\.m2\repository\com\google\code\gson\gson\2.10.1\gson-2.10.1.jar;C:\Users\Abdella Hamch\.m2\repository\org\springframework\cloud\spring-cloud-consul-discovery\4.1.0\spring-cloud-consul-discovery-4.1.0.jar;C:\Users\Abdella Hamch\.m2\repository\org\springframework\cloud\spring-cloud-starter-loadbalancer\4.1.0\spring-cloud-starter-loadbalancer-4.1.0.jar;C:\Users\Abdella Hamch\.m2\repository\org\springframework\cloud\spring-cloud-loadbalancer\4.1.0\spring-cloud-loadbalancer-4.1.0.jar;C:\Users\Abdella Hamch\.m2\repository\io\projectreactor\addons\reactor-extra\3.5.1\reactor-extra-3.5.1.jar;C:\Users\Abdella Hamch\.m2\repository\org\springframework\boot\spring-boot-starter-cache\3.2.1\spring-boot-starter-cache-3.2.1.jar;C:\Users\Abdella Hamch\.m2\repository\org\springframework\spring-context-support\6.1.2\spring-context-support-6.1.2.jar;C:\Users\Abdella Hamch\.m2\repository\com\stoyanr\evictor\1.0.0\evictor-1.0.0.jar;C:\Users\Abdella Hamch\.m2\repository\org\springframework\cloud\spring-cloud-starter-consul-config\4.1.0\spring-cloud-starter-consul-config-4.1.0.jar;C:\Users\Abdella Hamch\.m2\repository\org\springframework\cloud\spring-cloud-consul-config\4.1.0\spring-cloud-consul-config-4.1.0.jar;C:\Users\Abdella Hamch\.m2\repository\org\springframework\cloud\spring-cloud-commons\4.1.0\spring-cloud-commons-4.1.0.jar;C:\Users\Abdella Hamch\.m2\repository\org\springframework\boot\spring-boot-starter-actuator\3.0.1\spring-boot-starter-actuator-3.0.1.jar;C:\Users\Abdella Hamch\.m2\repository\org\springframework\boot\spring-boot-actuator-autoconfigure\3.2.1\spring-boot-actuator-autoconfigure-3.2.1.jar;C:\Users\Abdella Hamch\.m2\repository\org\springframework\boot\spring-boot-actuator\3.2.1\spring-boot-actuator-3.2.1.jar;C:\Users\Abdella Hamch\.m2\repository\io\micrometer\micrometer-observation\1.12.1\micrometer-observation-1.12.1.jar;C:\Users\Abdella Hamch\.m2\repository\io\micrometer\micrometer-commons\1.12.1\micrometer-commons-1.12.1.jar;C:\Users\Abdella Hamch\.m2\repository\io\micrometer\micrometer-core\1.12.1\micrometer-core-1.12.1.jar;C:\Users\Abdella Hamch\.m2\repository\org\hdrhistogram\HdrHistogram\2.1.12\HdrHistogram-2.1.12.jar;C:\Users\Abdella Hamch\.m2\repository\org\latencyutils\LatencyUtils\2.0.3\LatencyUtils-2.0.3.jar;C:\Users\Abdella Hamch\.m2\repository\com\mysql\mysql-connector-j\8.1.0\mysql-connector-j-8.1.0.jar;C:\Users\Abdella Hamch\.m2\repository\org\projectlombok\lombok\1.18.30\lombok-1.18.30.jar;C:\Users\Abdella Hamch\.m2\repository\com\jayway\jsonpath\json-path\2.8.0\json-path-2.8.0.jar;C:\Users\Abdella Hamch\.m2\repository\jakarta\xml\bind\jakarta.xml.bind-api\4.0.1\jakarta.xml.bind-api-4.0.1.jar;C:\Users\Abdella Hamch\.m2\repository\jakarta\activation\jakarta.activation-api\2.1.2\jakarta.activation-api-2.1.2.jar;C:\Users\Abdella Hamch\.m2\repository\net\minidev\json-smart\2.5.0\json-smart-2.5.0.jar;C:\Users\Abdella Hamch\.m2\repository\net\minidev\accessors-smart\2.5.0\accessors-smart-2.5.0.jar;C:\Users\Abdella Hamch\.m2\repository\org\ow2\asm\asm\9.3\asm-9.3.jar;C:\Users\Abdella Hamch\.m2\repository\org\springframework\cloud\spring-cloud-starter-bootstrap\4.1.0\spring-cloud-starter-bootstrap-4.1.0.jar;C:\Users\Abdella Hamch\.m2\repository\org\springframework\cloud\spring-cloud-starter\4.1.0\spring-cloud-starter-4.1.0.jar;C:\Users\Abdella Hamch\.m2\repository\org\springframework\cloud\spring-cloud-context\4.1.0\spring-cloud-context-4.1.0.jar;C:\Users\Abdella Hamch\.m2\repository\org\springframework\security\spring-security-rsa\1.1.1\spring-security-rsa-1.1.1.jar;C:\Users\Abdella Hamch\.m2\repository\org\bouncycastle\bcprov-jdk18on\1.74\bcprov-jdk18on-1.74.jar;C:\Users\Abdella Hamch\.m2\repository\org\springframework\data\spring-data-rest-core\4.2.1\spring-data-rest-core-4.2.1.jar;C:\Users\Abdella Hamch\.m2\repository\org\springframework\spring-tx\6.1.2\spring-tx-6.1.2.jar;C:\Users\Abdella Hamch\.m2\repository\org\springframework\hateoas\spring-hateoas\2.2.0\spring-hateoas-2.2.0.jar;C:\Users\Abdella Hamch\.m2\repository\org\springframework\data\spring-data-commons\3.2.1\spring-data-commons-3.2.1.jar;C:\Users\Abdella Hamch\.m2\repository\org\springframework\plugin\spring-plugin-core\3.0.0\spring-plugin-core-3.0.0.jar;C:\Users\Abdella Hamch\.m2\repository\org\atteo\evo-inflector\1.3\evo-inflector-1.3.jar;C:\Users\Abdella Hamch\.m2\repository\com\fasterxml\jackson\core\jackson-annotations\2.15.3\jackson-annotations-2.15.3.jar;C:\Users\Abdella Hamch\.m2\repository\com\fasterxml\jackson\datatype\jackson-datatype-jdk8\2.15.3\jackson-datatype-jdk8-2.15.3.jar;C:\Users\Abdella Hamch\.m2\repository\org\slf4j\slf4j-api\2.0.9\slf4j-api-2.0.9.jar;C:\Users\Abdella Hamch\.m2\repository\org\springframework\boot\spring-boot-starter-data-rest\3.2.1\spring-boot-starter-data-rest-3.2.1.jar;C:\Users\Abdella Hamch\.m2\repository\org\springframework\data\spring-data-rest-webmvc\4.2.1\spring-data-rest-webmvc-4.2.1.jar
Launcher Type: SUN_STANDARD

[Global flags]
     intx CICompilerCount                          = 12                                        {product} {ergonomic}
     uint ConcGCThreads                            = 3                                         {product} {ergonomic}
     uint G1ConcRefinementThreads                  = 13                                        {product} {ergonomic}
   size_t G1HeapRegionSize                         = 1048576                                   {product} {ergonomic}
    uintx GCDrainStackTargetSize                   = 64                                        {product} {ergonomic}
   size_t InitialHeapSize                          = 132120576                                 {product} {ergonomic}
   size_t MarkStackSize                            = 4194304                                   {product} {ergonomic}
   size_t MaxHeapSize                              = 2090860544                                {product} {ergonomic}
   size_t MaxNewSize                               = 1254096896                                {product} {ergonomic}
   size_t MinHeapDeltaBytes                        = 1048576                                   {product} {ergonomic}
   size_t MinHeapSize                              = 8388608                                   {product} {ergonomic}
    uintx NonNMethodCodeHeapSize                   = 7602480                                {pd product} {ergonomic}
    uintx NonProfiledCodeHeapSize                  = 122027880                              {pd product} {ergonomic}
    uintx ProfiledCodeHeapSize                     = 122027880                              {pd product} {ergonomic}
    uintx ReservedCodeCacheSize                    = 251658240                              {pd product} {ergonomic}
     bool SegmentedCodeCache                       = true                                      {product} {ergonomic}
     bool ShowCodeDetailsInExceptionMessages       = true                                   {manageable} {command line}
   size_t SoftMaxHeapSize                          = 2090860544                             {manageable} {ergonomic}
     bool UseCompressedOops                        = true                           {product lp64_product} {ergonomic}
     bool UseG1GC                                  = true                                      {product} {ergonomic}
     bool UseLargePagesIndividualAllocation        = false                                  {pd product} {ergonomic}

Logging:
Log output configuration:
 #0: stdout all=warning uptime,level,tags foldmultilines=false
 #1: stderr all=off uptime,level,tags foldmultilines=false

Environment Variables:
JAVA_HOME=C:\Program Files\Java\jdk-21
PATH=C:/Users/Abdella Hamch/.p2/pool/plugins/org.eclipse.justj.openjdk.hotspot.jre.full.win32.x86_64_23.0.0.v20240919-1706/jre/bin/server;C:/Users/Abdella Hamch/.p2/pool/plugins/org.eclipse.justj.openjdk.hotspot.jre.full.win32.x86_64_23.0.0.v20240919-1706/jre/bin;C:\ProgramData\Oracle\Java\javapath;C:\Program Files\Common Files\Oracle\Java\javapath;C:\Python312\Scripts\;C:\Python312\;C:\Python311\Scripts\;C:\Python311\;C:\windows\system32;C:\windows;C:\windows\System32\Wbem;C:\windows\System32\WindowsPowerShell\v1.0\;C:\windows\System32\OpenSSH\;C:\Program Files (x86)\Microsoft SQL Server\160\DTS\Binn\;C:\Program Files\Azure Data Studio\bin;C:\ProgramData\chocolatey\bin;C:\Program Files\Java\jdk-17\bin;C:\Program Files\PuTTY\;C:\Program Files\Microsoft SQL Server\Client SDK\ODBC\170\Tools\Binn\;C:\Program Files (x86)\Microsoft SQL Server\150\Tools\Binn\;C:\Program Files\Microsoft SQL Server\150\Tools\Binn\;C:\Program Files\Microsoft SQL Server\150\DTS\Binn\;C:\Program Files (x86)\Microsoft SQL Server\160\Tools\Binn\;C:\Program Files\Microsoft SQL Server\160\Tools\Binn\;C:\Program Files\Microsoft SQL Server\160\DTS\Binn\;C:\Program Files\Microsoft SQL Server\130\DTS\Binn\;C:\Program Files\Microsoft SQL Server\140\DTS\Binn\;C:\Program Files\Git\cmd;C:\Program Files\nodejs\;C:\Program Files\Docker\Docker\resources\bin;C:\Users\Abdella Hamch\AppData\Local\Microsoft\WindowsApps;C:\Program Files\Azure Data Studio\bin;C:\Users\Abdella Hamch\AppData\Local\GitHubDesktop\bin;C:\Program Files\Java\jdk-21\bin;C:\Program Files\nodejs;C:\Users\Abdella Hamch\AppData\Roaming\npm\ng.ps1;C:\Users\Abdella Hamch\AppData\Local\JetBrains\Toolbox\scripts;C:\Program Files\Java\jdk-21;C:\Program Files\Erlang OTP\bin;C:\Program Files\RabbitMQ Server\rabbitmq_server-4.0.2\sbin;B:\Java091024\pgsql\bin;C:\Users\Abdella Hamch\AppData\Roaming\npm;C:\windows\system32;
USERNAME=A.HAMCH
OS=Windows_NT
PROCESSOR_IDENTIFIER=Intel64 Family 6 Model 165 Stepping 5, GenuineIntel
TMP=C:\Users\ABDELL~1\AppData\Local\Temp
TEMP=C:\Users\ABDELL~1\AppData\Local\Temp




Periodic native trim disabled

---------------  S Y S T E M  ---------------

OS:
 Windows 11 , 64 bit Build 22000 (10.0.22000.2538)
OS uptime: 3 days 22:24 hours
Hyper-V role detected

CPU: total 16 (initial active 16) (8 cores per cpu, 2 threads per core) family 6 model 165 stepping 5 microcode 0xfe, cx8, cmov, fxsr, ht, mmx, 3dnowpref, sse, sse2, sse3, ssse3, sse4.1, sse4.2, popcnt, lzcnt, tsc, tscinvbit, avx, avx2, aes, erms, clmul, bmi1, bmi2, adx, fma, vzeroupper, clflush, clflushopt, hv, rdtscp, f16c
Processor Information for all 16 processors :
  Max Mhz: 2904, Current Mhz: 2904, Mhz Limit: 2904

Memory: 4k page, system-wide physical 7968M (54M free)
TotalPageFile size 32544M (AvailPageFile size 6M)
current process WorkingSet (physical memory assigned to process): 220M, peak: 226M
current process commit charge ("private bytes"): 290M, peak: 293M

vm_info: Java HotSpot(TM) 64-Bit Server VM (21.0.6+8-LTS-188) for windows-amd64 JRE (21.0.6+8-LTS-188), built on 2024-12-03T10:50:54Z by "mach5one" with MS VC++ 17.6 (VS2022)

END.
