#
# There is insufficient memory for the Java Runtime Environment to continue.
# Native memory allocation (malloc) failed to allocate 692048 bytes for Chunk::new
# Possible reasons:
#   The system is out of physical RAM or swap space
#   The process is running with CompressedOops enabled, and the Java Heap may be blocking the growth of the native heap
# Possible solutions:
#   Reduce memory load on the system
#   Increase physical memory or swap space
#   Check if swap backing store is full
#   Decrease Java heap size (-Xmx/-Xms)
#   Decrease number of Java threads
#   Decrease Java thread stack sizes (-Xss)
#   Set larger code cache with -XX:ReservedCodeCacheSize=
#   JVM is running with Unscaled Compressed Oops mode in which the Java heap is
#     placed in the first 4GB address space. The Java Heap base address is the
#     maximum limit for the native heap growth. Please use -XX:HeapBaseMinAddress
#     to set the Java Heap base and to place the Java Heap above 4GB virtual address.
# This output file may be truncated or incomplete.
#
#  Out of Memory Error (arena.cpp:168), pid=29960, tid=32592
#
# JRE version: Java(TM) SE Runtime Environment (21.0.6+8) (build 21.0.6+8-LTS-188)
# Java VM: Java HotSpot(TM) 64-Bit Server VM (21.0.6+8-LTS-188, mixed mode, sharing, tiered, compressed oops, compressed class ptrs, g1 gc, windows-amd64)
# No core dump will be written. Minidumps are not enabled by default on client versions of Windows
#

---------------  S U M M A R Y ------------

Command Line: -Dfile.encoding=UTF-8 -Dstdout.encoding=UTF-8 -Dstderr.encoding=UTF-8 -XX:+ShowCodeDetailsInExceptionMessages com.hamch.orderserviceb.OrderServicebApplication

Host: Intel(R) Core(TM) i7-10700 CPU @ 2.90GHz, 16 cores, 7G,  Windows 11 , 64 bit Build 22000 (10.0.22000.1516)
Time: Wed Mar 12 11:08:58 2025 Maroc elapsed time: 30.360694 seconds (0d 0h 0m 30s)

---------------  T H R E A D  ---------------

Current thread (0x0000024f649b7880):  JavaThread "C2 CompilerThread0" daemon [_thread_in_native, id=32592, stack(0x000000b813800000,0x000000b813900000) (1024K)]


Current CompileTask:
C2:  30360 9977 % !   4       org.springframework.beans.factory.support.DefaultListableBeanFactory::doGetBeanNamesForType @ 20 (505 bytes)

Stack: [0x000000b813800000,0x000000b813900000]
Native frames: (J=compiled Java code, j=interpreted, Vv=VM code, C=native code)
V  [jvm.dll+0x6ca6d9]
V  [jvm.dll+0x854f51]
V  [jvm.dll+0x85747e]
V  [jvm.dll+0x857b53]
V  [jvm.dll+0x27dcc6]
V  [jvm.dll+0xc4c2d]
V  [jvm.dll+0xc5163]
V  [jvm.dll+0x3b515c]
V  [jvm.dll+0x1df633]
V  [jvm.dll+0x246a72]
V  [jvm.dll+0x245eff]
V  [jvm.dll+0x1c6d2e]
V  [jvm.dll+0x2554f9]
V  [jvm.dll+0x253a8a]
V  [jvm.dll+0x3ee576]
V  [jvm.dll+0x7ff2fb]
V  [jvm.dll+0x6c8dbd]
C  [ucrtbase.dll+0x26c0c]
C  [KERNEL32.DLL+0x155a0]
C  [ntdll.dll+0x485b]


---------------  P R O C E S S  ---------------

Threads class SMR info:
_java_thread_list=0x0000024f743cd2d0, length=35, elements={
0x0000024f6499bf30, 0x0000024f6499f130, 0x0000024f649a6a60, 0x0000024f649aac00,
0x0000024f649a91c0, 0x0000024f649a7780, 0x0000024f649b7880, 0x0000024f649b9f30,
0x0000024f649a9850, 0x0000024f649a9ee0, 0x0000024f649a7e10, 0x0000024f6a3667e0,
0x0000024f6a366e70, 0x0000024f6a361fb0, 0x0000024f6a362640, 0x0000024f6a367500,
0x0000024f6a360570, 0x0000024f746398e0, 0x0000024f74639f70, 0x0000024f7463b320,
0x0000024f7463ac90, 0x0000024f7463c040, 0x0000024f7463cd60, 0x0000024f7463b9b0,
0x0000024f7463c6d0, 0x0000024f74638530, 0x0000024f74638bc0, 0x0000024f7463d3f0,
0x0000024f7463e110, 0x0000024f7463da80, 0x0000024f6a364080, 0x0000024f6a364710,
0x0000024f6a365430, 0x0000024f6a366150, 0x0000024f6a361290
}

Java Threads: ( => current thread )
  0x0000024f6499bf30 JavaThread "Reference Handler"          daemon [_thread_blocked, id=31328, stack(0x000000b813200000,0x000000b813300000) (1024K)]
  0x0000024f6499f130 JavaThread "Finalizer"                  daemon [_thread_blocked, id=26136, stack(0x000000b813300000,0x000000b813400000) (1024K)]
  0x0000024f649a6a60 JavaThread "Signal Dispatcher"          daemon [_thread_blocked, id=32260, stack(0x000000b813400000,0x000000b813500000) (1024K)]
  0x0000024f649aac00 JavaThread "Attach Listener"            daemon [_thread_blocked, id=27984, stack(0x000000b813500000,0x000000b813600000) (1024K)]
  0x0000024f649a91c0 JavaThread "Service Thread"             daemon [_thread_blocked, id=24256, stack(0x000000b813600000,0x000000b813700000) (1024K)]
  0x0000024f649a7780 JavaThread "Monitor Deflation Thread"   daemon [_thread_blocked, id=26676, stack(0x000000b813700000,0x000000b813800000) (1024K)]
=>0x0000024f649b7880 JavaThread "C2 CompilerThread0"         daemon [_thread_in_native, id=32592, stack(0x000000b813800000,0x000000b813900000) (1024K)]
  0x0000024f649b9f30 JavaThread "C1 CompilerThread0"         daemon [_thread_blocked, id=29936, stack(0x000000b813900000,0x000000b813a00000) (1024K)]
  0x0000024f649a9850 JavaThread "Notification Thread"        daemon [_thread_blocked, id=13836, stack(0x000000b813a00000,0x000000b813b00000) (1024K)]
  0x0000024f649a9ee0 JavaThread "Common-Cleaner"             daemon [_thread_blocked, id=28020, stack(0x000000b813b00000,0x000000b813c00000) (1024K)]
  0x0000024f649a7e10 JavaThread "Keep-Alive-Timer"           daemon [_thread_blocked, id=23776, stack(0x000000b814400000,0x000000b814500000) (1024K)]
  0x0000024f6a3667e0 JavaThread "Catalina-utility-1"                [_thread_blocked, id=12928, stack(0x000000b814500000,0x000000b814600000) (1024K)]
  0x0000024f6a366e70 JavaThread "Catalina-utility-2"                [_thread_blocked, id=27968, stack(0x000000b814d00000,0x000000b814e00000) (1024K)]
  0x0000024f6a361fb0 JavaThread "container-0"                       [_thread_blocked, id=25000, stack(0x000000b814e00000,0x000000b814f00000) (1024K)]
  0x0000024f6a362640 JavaThread "mysql-cj-abandoned-connection-cleanup" daemon [_thread_blocked, id=31776, stack(0x000000b814f00000,0x000000b815000000) (1024K)]
  0x0000024f6a367500 JavaThread "HikariPool-1 housekeeper"   daemon [_thread_blocked, id=32252, stack(0x000000b815000000,0x000000b815100000) (1024K)]
  0x0000024f6a360570 JavaThread "spring.cloud.inetutils"     daemon [_thread_blocked, id=22020, stack(0x000000b815200000,0x000000b815300000) (1024K)]
  0x0000024f746398e0 JavaThread "catalogWatchTaskScheduler-1"        [_thread_in_native, id=30988, stack(0x000000b815400000,0x000000b815500000) (1024K)]
  0x0000024f74639f70 JavaThread "http-nio-auto-1-exec-1"     daemon [_thread_in_Java, id=14012, stack(0x000000b815500000,0x000000b815600000) (1024K)]
  0x0000024f7463b320 JavaThread "http-nio-auto-1-exec-2"     daemon [_thread_blocked, id=31492, stack(0x000000b815600000,0x000000b815700000) (1024K)]
  0x0000024f7463ac90 JavaThread "http-nio-auto-1-exec-3"     daemon [_thread_blocked, id=31964, stack(0x000000b815700000,0x000000b815800000) (1024K)]
  0x0000024f7463c040 JavaThread "http-nio-auto-1-exec-4"     daemon [_thread_blocked, id=31948, stack(0x000000b815800000,0x000000b815900000) (1024K)]
  0x0000024f7463cd60 JavaThread "http-nio-auto-1-exec-5"     daemon [_thread_blocked, id=30248, stack(0x000000b815900000,0x000000b815a00000) (1024K)]
  0x0000024f7463b9b0 JavaThread "http-nio-auto-1-exec-6"     daemon [_thread_blocked, id=29064, stack(0x000000b815a00000,0x000000b815b00000) (1024K)]
  0x0000024f7463c6d0 JavaThread "http-nio-auto-1-exec-7"     daemon [_thread_blocked, id=18656, stack(0x000000b815b00000,0x000000b815c00000) (1024K)]
  0x0000024f74638530 JavaThread "http-nio-auto-1-exec-8"     daemon [_thread_blocked, id=29072, stack(0x000000b815c00000,0x000000b815d00000) (1024K)]
  0x0000024f74638bc0 JavaThread "http-nio-auto-1-exec-9"     daemon [_thread_blocked, id=11548, stack(0x000000b815d00000,0x000000b815e00000) (1024K)]
  0x0000024f7463d3f0 JavaThread "http-nio-auto-1-exec-10"    daemon [_thread_blocked, id=31760, stack(0x000000b815e00000,0x000000b815f00000) (1024K)]
  0x0000024f7463e110 JavaThread "http-nio-auto-1-Poller"     daemon [_thread_in_native, id=31984, stack(0x000000b815f00000,0x000000b816000000) (1024K)]
  0x0000024f7463da80 JavaThread "http-nio-auto-1-Acceptor"   daemon [_thread_in_native, id=4792, stack(0x000000b816000000,0x000000b816100000) (1024K)]
  0x0000024f6a364080 JavaThread "AMQP Connection 127.0.0.1:5672"        [_thread_in_native, id=29268, stack(0x000000b815300000,0x000000b815400000) (1024K)]
  0x0000024f6a364710 JavaThread "pool-5-thread-2"                   [_thread_blocked, id=31860, stack(0x000000b816100000,0x000000b816200000) (1024K)]
  0x0000024f6a365430 JavaThread "springCloudBus.anonymous.SKqcCGlcRDyLwTUzMc207w-1"        [_thread_blocked, id=31412, stack(0x000000b815100000,0x000000b815200000) (1024K)]
  0x0000024f6a366150 JavaThread "pool-5-thread-3"                   [_thread_blocked, id=29648, stack(0x000000b816300000,0x000000b816400000) (1024K)]
  0x0000024f6a361290 JavaThread "DestroyJavaVM"                     [_thread_blocked, id=32292, stack(0x000000b812a00000,0x000000b812b00000) (1024K)]
Total: 35

Other Threads:
  0x0000024f649812c0 VMThread "VM Thread"                           [id=27416, stack(0x000000b813100000,0x000000b813200000) (1024K)]
  0x0000024f6496e640 WatcherThread "VM Periodic Task Thread"        [id=29920, stack(0x000000b813000000,0x000000b813100000) (1024K)]
  0x0000024f4764b6d0 WorkerThread "GC Thread#0"                     [id=28084, stack(0x000000b812b00000,0x000000b812c00000) (1024K)]
  0x0000024f69d45310 WorkerThread "GC Thread#1"                     [id=15016, stack(0x000000b813c00000,0x000000b813d00000) (1024K)]
  0x0000024f6964ff80 WorkerThread "GC Thread#2"                     [id=24540, stack(0x000000b813d00000,0x000000b813e00000) (1024K)]
  0x0000024f69641b90 WorkerThread "GC Thread#3"                     [id=32756, stack(0x000000b813e00000,0x000000b813f00000) (1024K)]
  0x0000024f699b8500 WorkerThread "GC Thread#4"                     [id=30040, stack(0x000000b813f00000,0x000000b814000000) (1024K)]
  0x0000024f69f3a7e0 WorkerThread "GC Thread#5"                     [id=32524, stack(0x000000b814000000,0x000000b814100000) (1024K)]
  0x0000024f69f3ab80 WorkerThread "GC Thread#6"                     [id=7760, stack(0x000000b814100000,0x000000b814200000) (1024K)]
  0x0000024f69f75000 WorkerThread "GC Thread#7"                     [id=32080, stack(0x000000b814200000,0x000000b814300000) (1024K)]
  0x0000024f6a7a2350 WorkerThread "GC Thread#8"                     [id=32024, stack(0x000000b814600000,0x000000b814700000) (1024K)]
  0x0000024f6bb01a10 WorkerThread "GC Thread#9"                     [id=7584, stack(0x000000b814700000,0x000000b814800000) (1024K)]
  0x0000024f6bb01db0 WorkerThread "GC Thread#10"                    [id=32348, stack(0x000000b814800000,0x000000b814900000) (1024K)]
  0x0000024f6b631b30 WorkerThread "GC Thread#11"                    [id=32388, stack(0x000000b814900000,0x000000b814a00000) (1024K)]
  0x0000024f6b631ed0 WorkerThread "GC Thread#12"                    [id=31280, stack(0x000000b814a00000,0x000000b814b00000) (1024K)]
  0x0000024f4765d2b0 ConcurrentGCThread "G1 Main Marker"            [id=15556, stack(0x000000b812c00000,0x000000b812d00000) (1024K)]
  0x0000024f4765ddb0 WorkerThread "G1 Conc#0"                       [id=32380, stack(0x000000b812d00000,0x000000b812e00000) (1024K)]
  0x0000024f6af99400 WorkerThread "G1 Conc#1"                       [id=13164, stack(0x000000b814b00000,0x000000b814c00000) (1024K)]
  0x0000024f6af9ad60 WorkerThread "G1 Conc#2"                       [id=29208, stack(0x000000b814c00000,0x000000b814d00000) (1024K)]
  0x0000024f6483e570 ConcurrentGCThread "G1 Refine#0"               [id=29816, stack(0x000000b812e00000,0x000000b812f00000) (1024K)]
  0x0000024f6483f0e0 ConcurrentGCThread "G1 Service"                [id=15012, stack(0x000000b812f00000,0x000000b813000000) (1024K)]
Total: 21

Threads with active compile tasks:
C2 CompilerThread0    30459 9977 % !   4       org.springframework.beans.factory.support.DefaultListableBeanFactory::doGetBeanNamesForType @ 20 (505 bytes)
Total: 1

VM state: not at safepoint (normal execution)

VM Mutex/Monitor currently owned by a thread: None

Heap address: 0x0000000083600000, size: 1994 MB, Compressed Oops mode: 32-bit

CDS archive(s) mapped at: [0x0000024f00000000-0x0000024f00c90000-0x0000024f00c90000), size 13172736, SharedBaseAddress: 0x0000024f00000000, ArchiveRelocationMode: 1.
Compressed class space mapped at: 0x0000024f01000000-0x0000024f41000000, reserved size: 1073741824
Narrow klass base: 0x0000024f00000000, Narrow klass shift: 0, Narrow klass range: 0x100000000

GC Precious Log:
 CardTable entry size: 512
 Card Set container configuration: InlinePtr #cards 5 size 8 Array Of Cards #cards 12 size 40 Howl #buckets 4 coarsen threshold 1843 Howl Bitmap #cards 512 size 80 coarsen threshold 460 Card regions per heap region 1 cards per card region 2048
 CPUs: 16 total, 16 available
 Memory: 7968M
 Large Page Support: Disabled
 NUMA Support: Disabled
 Compressed Oops: Enabled (32-bit)
 Heap Region Size: 1M
 Heap Min Capacity: 8M
 Heap Initial Capacity: 126M
 Heap Max Capacity: 1994M
 Pre-touch: Disabled
 Parallel Workers: 13
 Concurrent Workers: 3
 Concurrent Refinement Workers: 13
 Periodic GC: Disabled

Heap:
 garbage-first heap   total 145408K, used 98625K [0x0000000083600000, 0x0000000100000000)
  region size 1024K, 35 young (35840K), 7 survivors (7168K)
 Metaspace       used 98935K, committed 100032K, reserved 1179648K
  class space    used 13376K, committed 13888K, reserved 1048576K

Heap Regions: E=young(eden), S=young(survivor), O=old, HS=humongous(starts), HC=humongous(continues), CS=collection set, F=free, TAMS=top-at-mark-start, PB=parsable bottom
|   0|0x0000000083600000, 0x0000000083700000, 0x0000000083700000|100%|HS|  |TAMS 0x0000000083600000| PB 0x0000000083600000| Complete 
|   1|0x0000000083700000, 0x0000000083800000, 0x0000000083800000|100%|HS|  |TAMS 0x0000000083700000| PB 0x0000000083700000| Complete 
|   2|0x0000000083800000, 0x0000000083900000, 0x0000000083900000|100%| O|  |TAMS 0x0000000083800000| PB 0x0000000083800000| Untracked 
|   3|0x0000000083900000, 0x0000000083a00000, 0x0000000083a00000|100%| O|  |TAMS 0x0000000083900000| PB 0x0000000083900000| Untracked 
|   4|0x0000000083a00000, 0x0000000083b00000, 0x0000000083b00000|100%| O|  |TAMS 0x0000000083a00000| PB 0x0000000083a00000| Untracked 
|   5|0x0000000083b00000, 0x0000000083c00000, 0x0000000083c00000|100%| O|  |TAMS 0x0000000083b00000| PB 0x0000000083b00000| Untracked 
|   6|0x0000000083c00000, 0x0000000083d00000, 0x0000000083d00000|100%| O|  |TAMS 0x0000000083c00000| PB 0x0000000083c00000| Untracked 
|   7|0x0000000083d00000, 0x0000000083e00000, 0x0000000083e00000|100%| O|  |TAMS 0x0000000083d00000| PB 0x0000000083d00000| Untracked 
|   8|0x0000000083e00000, 0x0000000083f00000, 0x0000000083f00000|100%| O|  |TAMS 0x0000000083e00000| PB 0x0000000083e00000| Untracked 
|   9|0x0000000083f00000, 0x0000000084000000, 0x0000000084000000|100%| O|  |TAMS 0x0000000083f00000| PB 0x0000000083f00000| Untracked 
|  10|0x0000000084000000, 0x0000000084100000, 0x0000000084100000|100%| O|  |TAMS 0x0000000084000000| PB 0x0000000084000000| Untracked 
|  11|0x0000000084100000, 0x0000000084200000, 0x0000000084200000|100%| O|  |TAMS 0x0000000084100000| PB 0x0000000084100000| Untracked 
|  12|0x0000000084200000, 0x0000000084300000, 0x0000000084300000|100%| O|  |TAMS 0x0000000084200000| PB 0x0000000084200000| Untracked 
|  13|0x0000000084300000, 0x0000000084400000, 0x0000000084400000|100%| O|  |TAMS 0x0000000084300000| PB 0x0000000084300000| Untracked 
|  14|0x0000000084400000, 0x0000000084500000, 0x0000000084500000|100%| O|  |TAMS 0x0000000084400000| PB 0x0000000084400000| Untracked 
|  15|0x0000000084500000, 0x0000000084600000, 0x0000000084600000|100%| O|  |TAMS 0x0000000084500000| PB 0x0000000084500000| Untracked 
|  16|0x0000000084600000, 0x0000000084700000, 0x0000000084700000|100%| O|  |TAMS 0x0000000084600000| PB 0x0000000084600000| Untracked 
|  17|0x0000000084700000, 0x0000000084800000, 0x0000000084800000|100%| O|  |TAMS 0x0000000084700000| PB 0x0000000084700000| Untracked 
|  18|0x0000000084800000, 0x0000000084900000, 0x0000000084900000|100%| O|  |TAMS 0x0000000084800000| PB 0x0000000084800000| Untracked 
|  19|0x0000000084900000, 0x0000000084a00000, 0x0000000084a00000|100%| O|  |TAMS 0x0000000084900000| PB 0x0000000084900000| Untracked 
|  20|0x0000000084a00000, 0x0000000084b00000, 0x0000000084b00000|100%| O|  |TAMS 0x0000000084a00000| PB 0x0000000084a00000| Untracked 
|  21|0x0000000084b00000, 0x0000000084c00000, 0x0000000084c00000|100%| O|  |TAMS 0x0000000084b00000| PB 0x0000000084b00000| Untracked 
|  22|0x0000000084c00000, 0x0000000084d00000, 0x0000000084d00000|100%| O|  |TAMS 0x0000000084c00000| PB 0x0000000084c00000| Untracked 
|  23|0x0000000084d00000, 0x0000000084e00000, 0x0000000084e00000|100%| O|  |TAMS 0x0000000084d00000| PB 0x0000000084d00000| Untracked 
|  24|0x0000000084e00000, 0x0000000084f00000, 0x0000000084f00000|100%| O|  |TAMS 0x0000000084e00000| PB 0x0000000084e00000| Untracked 
|  25|0x0000000084f00000, 0x0000000085000000, 0x0000000085000000|100%| O|  |TAMS 0x0000000084f00000| PB 0x0000000084f00000| Untracked 
|  26|0x0000000085000000, 0x0000000085100000, 0x0000000085100000|100%| O|  |TAMS 0x0000000085000000| PB 0x0000000085000000| Untracked 
|  27|0x0000000085100000, 0x0000000085200000, 0x0000000085200000|100%| O|  |TAMS 0x0000000085100000| PB 0x0000000085100000| Untracked 
|  28|0x0000000085200000, 0x0000000085300000, 0x0000000085300000|100%| O|  |TAMS 0x0000000085200000| PB 0x0000000085200000| Untracked 
|  29|0x0000000085300000, 0x0000000085400000, 0x0000000085400000|100%| O|  |TAMS 0x0000000085300000| PB 0x0000000085300000| Untracked 
|  30|0x0000000085400000, 0x0000000085500000, 0x0000000085500000|100%| O|  |TAMS 0x0000000085400000| PB 0x0000000085400000| Untracked 
|  31|0x0000000085500000, 0x0000000085600000, 0x0000000085600000|100%| O|  |TAMS 0x0000000085500000| PB 0x0000000085500000| Untracked 
|  32|0x0000000085600000, 0x0000000085700000, 0x0000000085700000|100%| O|  |TAMS 0x0000000085600000| PB 0x0000000085600000| Untracked 
|  33|0x0000000085700000, 0x0000000085800000, 0x0000000085800000|100%| O|  |TAMS 0x0000000085700000| PB 0x0000000085700000| Untracked 
|  34|0x0000000085800000, 0x0000000085900000, 0x0000000085900000|100%| O|  |TAMS 0x0000000085800000| PB 0x0000000085800000| Untracked 
|  35|0x0000000085900000, 0x0000000085a00000, 0x0000000085a00000|100%| O|  |TAMS 0x0000000085900000| PB 0x0000000085900000| Untracked 
|  36|0x0000000085a00000, 0x0000000085b00000, 0x0000000085b00000|100%| O|  |TAMS 0x0000000085a00000| PB 0x0000000085a00000| Untracked 
|  37|0x0000000085b00000, 0x0000000085c00000, 0x0000000085c00000|100%| O|  |TAMS 0x0000000085b00000| PB 0x0000000085b00000| Untracked 
|  38|0x0000000085c00000, 0x0000000085d00000, 0x0000000085d00000|100%| O|  |TAMS 0x0000000085c00000| PB 0x0000000085c00000| Untracked 
|  39|0x0000000085d00000, 0x0000000085e00000, 0x0000000085e00000|100%| O|  |TAMS 0x0000000085d00000| PB 0x0000000085d00000| Untracked 
|  40|0x0000000085e00000, 0x0000000085f00000, 0x0000000085f00000|100%| O|  |TAMS 0x0000000085e00000| PB 0x0000000085e00000| Untracked 
|  41|0x0000000085f00000, 0x0000000086000000, 0x0000000086000000|100%| O|  |TAMS 0x0000000085f00000| PB 0x0000000085f00000| Untracked 
|  42|0x0000000086000000, 0x0000000086100000, 0x0000000086100000|100%| O|  |TAMS 0x0000000086000000| PB 0x0000000086000000| Untracked 
|  43|0x0000000086100000, 0x0000000086100000, 0x0000000086200000|  0%| F|  |TAMS 0x0000000086100000| PB 0x0000000086100000| Untracked 
|  44|0x0000000086200000, 0x0000000086300000, 0x0000000086300000|100%| O|  |TAMS 0x0000000086200000| PB 0x0000000086200000| Untracked 
|  45|0x0000000086300000, 0x0000000086400000, 0x0000000086400000|100%| O|  |TAMS 0x0000000086300000| PB 0x0000000086300000| Untracked 
|  46|0x0000000086400000, 0x0000000086500000, 0x0000000086500000|100%| O|  |TAMS 0x0000000086400000| PB 0x0000000086400000| Untracked 
|  47|0x0000000086500000, 0x0000000086600000, 0x0000000086600000|100%| O|  |TAMS 0x0000000086500000| PB 0x0000000086500000| Untracked 
|  48|0x0000000086600000, 0x0000000086700000, 0x0000000086700000|100%| O|  |TAMS 0x0000000086600000| PB 0x0000000086600000| Untracked 
|  49|0x0000000086700000, 0x0000000086800000, 0x0000000086800000|100%| O|  |TAMS 0x0000000086700000| PB 0x0000000086700000| Untracked 
|  50|0x0000000086800000, 0x0000000086900000, 0x0000000086900000|100%| O|  |TAMS 0x0000000086800000| PB 0x0000000086800000| Untracked 
|  51|0x0000000086900000, 0x0000000086a00000, 0x0000000086a00000|100%| O|  |TAMS 0x0000000086900000| PB 0x0000000086900000| Untracked 
|  52|0x0000000086a00000, 0x0000000086b00000, 0x0000000086b00000|100%| O|  |TAMS 0x0000000086a00000| PB 0x0000000086a00000| Untracked 
|  53|0x0000000086b00000, 0x0000000086c00000, 0x0000000086c00000|100%| O|  |TAMS 0x0000000086b00000| PB 0x0000000086b00000| Untracked 
|  54|0x0000000086c00000, 0x0000000086d00000, 0x0000000086d00000|100%| O|  |TAMS 0x0000000086c00000| PB 0x0000000086c00000| Untracked 
|  55|0x0000000086d00000, 0x0000000086e00000, 0x0000000086e00000|100%| O|  |TAMS 0x0000000086d00000| PB 0x0000000086d00000| Untracked 
|  56|0x0000000086e00000, 0x0000000086f00000, 0x0000000086f00000|100%| O|  |TAMS 0x0000000086e00000| PB 0x0000000086e00000| Untracked 
|  57|0x0000000086f00000, 0x0000000086f00000, 0x0000000087000000|  0%| F|  |TAMS 0x0000000086f00000| PB 0x0000000086f00000| Untracked 
|  58|0x0000000087000000, 0x0000000087000000, 0x0000000087100000|  0%| F|  |TAMS 0x0000000087000000| PB 0x0000000087000000| Untracked 
|  59|0x0000000087100000, 0x0000000087200000, 0x0000000087200000|100%| O|  |TAMS 0x0000000087100000| PB 0x0000000087100000| Untracked 
|  60|0x0000000087200000, 0x0000000087300000, 0x0000000087300000|100%| O|  |TAMS 0x0000000087200000| PB 0x0000000087200000| Untracked 
|  61|0x0000000087300000, 0x0000000087400000, 0x0000000087400000|100%| O|  |TAMS 0x0000000087300000| PB 0x0000000087300000| Untracked 
|  62|0x0000000087400000, 0x0000000087500000, 0x0000000087500000|100%| O|  |TAMS 0x0000000087400000| PB 0x0000000087400000| Untracked 
|  63|0x0000000087500000, 0x0000000087600000, 0x0000000087600000|100%| O|  |TAMS 0x0000000087500000| PB 0x0000000087500000| Untracked 
|  64|0x0000000087600000, 0x0000000087700000, 0x0000000087700000|100%| O|  |TAMS 0x0000000087600000| PB 0x0000000087600000| Untracked 
|  65|0x0000000087700000, 0x0000000087800000, 0x0000000087800000|100%| O|  |TAMS 0x0000000087700000| PB 0x0000000087700000| Untracked 
|  66|0x0000000087800000, 0x0000000087855320, 0x0000000087900000| 33%| O|  |TAMS 0x0000000087800000| PB 0x0000000087800000| Untracked 
|  67|0x0000000087900000, 0x0000000087900000, 0x0000000087a00000|  0%| F|  |TAMS 0x0000000087900000| PB 0x0000000087900000| Untracked 
|  68|0x0000000087a00000, 0x0000000087a00000, 0x0000000087b00000|  0%| F|  |TAMS 0x0000000087a00000| PB 0x0000000087a00000| Untracked 
|  69|0x0000000087b00000, 0x0000000087b00000, 0x0000000087c00000|  0%| F|  |TAMS 0x0000000087b00000| PB 0x0000000087b00000| Untracked 
|  70|0x0000000087c00000, 0x0000000087cfb270, 0x0000000087d00000| 98%| S|CS|TAMS 0x0000000087c00000| PB 0x0000000087c00000| Complete 
|  71|0x0000000087d00000, 0x0000000087e00000, 0x0000000087e00000|100%| S|CS|TAMS 0x0000000087d00000| PB 0x0000000087d00000| Complete 
|  72|0x0000000087e00000, 0x0000000087f00000, 0x0000000087f00000|100%| S|CS|TAMS 0x0000000087e00000| PB 0x0000000087e00000| Complete 
|  73|0x0000000087f00000, 0x0000000087f00000, 0x0000000088000000|  0%| F|  |TAMS 0x0000000087f00000| PB 0x0000000087f00000| Untracked 
|  74|0x0000000088000000, 0x0000000088000000, 0x0000000088100000|  0%| F|  |TAMS 0x0000000088000000| PB 0x0000000088000000| Untracked 
|  75|0x0000000088100000, 0x0000000088100000, 0x0000000088200000|  0%| F|  |TAMS 0x0000000088100000| PB 0x0000000088100000| Untracked 
|  76|0x0000000088200000, 0x0000000088200000, 0x0000000088300000|  0%| F|  |TAMS 0x0000000088200000| PB 0x0000000088200000| Untracked 
|  77|0x0000000088300000, 0x0000000088400000, 0x0000000088400000|100%| S|CS|TAMS 0x0000000088300000| PB 0x0000000088300000| Complete 
|  78|0x0000000088400000, 0x0000000088500000, 0x0000000088500000|100%| S|CS|TAMS 0x0000000088400000| PB 0x0000000088400000| Complete 
|  79|0x0000000088500000, 0x0000000088600000, 0x0000000088600000|100%| S|CS|TAMS 0x0000000088500000| PB 0x0000000088500000| Complete 
|  80|0x0000000088600000, 0x0000000088600000, 0x0000000088700000|  0%| F|  |TAMS 0x0000000088600000| PB 0x0000000088600000| Untracked 
|  81|0x0000000088700000, 0x0000000088800000, 0x0000000088800000|100%| S|CS|TAMS 0x0000000088700000| PB 0x0000000088700000| Complete 
|  82|0x0000000088800000, 0x0000000088800000, 0x0000000088900000|  0%| F|  |TAMS 0x0000000088800000| PB 0x0000000088800000| Untracked 
|  83|0x0000000088900000, 0x0000000088900000, 0x0000000088a00000|  0%| F|  |TAMS 0x0000000088900000| PB 0x0000000088900000| Untracked 
|  84|0x0000000088a00000, 0x0000000088a00000, 0x0000000088b00000|  0%| F|  |TAMS 0x0000000088a00000| PB 0x0000000088a00000| Untracked 
|  85|0x0000000088b00000, 0x0000000088b00000, 0x0000000088c00000|  0%| F|  |TAMS 0x0000000088b00000| PB 0x0000000088b00000| Untracked 
|  86|0x0000000088c00000, 0x0000000088c00000, 0x0000000088d00000|  0%| F|  |TAMS 0x0000000088c00000| PB 0x0000000088c00000| Untracked 
|  87|0x0000000088d00000, 0x0000000088d00000, 0x0000000088e00000|  0%| F|  |TAMS 0x0000000088d00000| PB 0x0000000088d00000| Untracked 
|  88|0x0000000088e00000, 0x0000000088e00000, 0x0000000088f00000|  0%| F|  |TAMS 0x0000000088e00000| PB 0x0000000088e00000| Untracked 
|  89|0x0000000088f00000, 0x0000000088f00000, 0x0000000089000000|  0%| F|  |TAMS 0x0000000088f00000| PB 0x0000000088f00000| Untracked 
|  90|0x0000000089000000, 0x0000000089000000, 0x0000000089100000|  0%| F|  |TAMS 0x0000000089000000| PB 0x0000000089000000| Untracked 
|  91|0x0000000089100000, 0x0000000089100000, 0x0000000089200000|  0%| F|  |TAMS 0x0000000089100000| PB 0x0000000089100000| Untracked 
|  92|0x0000000089200000, 0x0000000089200000, 0x0000000089300000|  0%| F|  |TAMS 0x0000000089200000| PB 0x0000000089200000| Untracked 
|  93|0x0000000089300000, 0x0000000089300000, 0x0000000089400000|  0%| F|  |TAMS 0x0000000089300000| PB 0x0000000089300000| Untracked 
|  94|0x0000000089400000, 0x0000000089400000, 0x0000000089500000|  0%| F|  |TAMS 0x0000000089400000| PB 0x0000000089400000| Untracked 
|  95|0x0000000089500000, 0x0000000089500000, 0x0000000089600000|  0%| F|  |TAMS 0x0000000089500000| PB 0x0000000089500000| Untracked 
|  96|0x0000000089600000, 0x0000000089600000, 0x0000000089700000|  0%| F|  |TAMS 0x0000000089600000| PB 0x0000000089600000| Untracked 
|  97|0x0000000089700000, 0x0000000089700000, 0x0000000089800000|  0%| F|  |TAMS 0x0000000089700000| PB 0x0000000089700000| Untracked 
|  98|0x0000000089800000, 0x0000000089800000, 0x0000000089900000|  0%| F|  |TAMS 0x0000000089800000| PB 0x0000000089800000| Untracked 
|  99|0x0000000089900000, 0x0000000089900000, 0x0000000089a00000|  0%| F|  |TAMS 0x0000000089900000| PB 0x0000000089900000| Untracked 
| 100|0x0000000089a00000, 0x0000000089a00000, 0x0000000089b00000|  0%| F|  |TAMS 0x0000000089a00000| PB 0x0000000089a00000| Untracked 
| 101|0x0000000089b00000, 0x0000000089b00000, 0x0000000089c00000|  0%| F|  |TAMS 0x0000000089b00000| PB 0x0000000089b00000| Untracked 
| 102|0x0000000089c00000, 0x0000000089c00000, 0x0000000089d00000|  0%| F|  |TAMS 0x0000000089c00000| PB 0x0000000089c00000| Untracked 
| 103|0x0000000089d00000, 0x0000000089d00000, 0x0000000089e00000|  0%| F|  |TAMS 0x0000000089d00000| PB 0x0000000089d00000| Untracked 
| 104|0x0000000089e00000, 0x0000000089e00000, 0x0000000089f00000|  0%| F|  |TAMS 0x0000000089e00000| PB 0x0000000089e00000| Untracked 
| 105|0x0000000089f00000, 0x0000000089f00000, 0x000000008a000000|  0%| F|  |TAMS 0x0000000089f00000| PB 0x0000000089f00000| Untracked 
| 106|0x000000008a000000, 0x000000008a000000, 0x000000008a100000|  0%| F|  |TAMS 0x000000008a000000| PB 0x000000008a000000| Untracked 
| 107|0x000000008a100000, 0x000000008a100000, 0x000000008a200000|  0%| F|  |TAMS 0x000000008a100000| PB 0x000000008a100000| Untracked 
| 108|0x000000008a200000, 0x000000008a200000, 0x000000008a300000|  0%| F|  |TAMS 0x000000008a200000| PB 0x000000008a200000| Untracked 
| 109|0x000000008a300000, 0x000000008a300000, 0x000000008a400000|  0%| F|  |TAMS 0x000000008a300000| PB 0x000000008a300000| Untracked 
| 110|0x000000008a400000, 0x000000008a400000, 0x000000008a500000|  0%| F|  |TAMS 0x000000008a400000| PB 0x000000008a400000| Untracked 
| 111|0x000000008a500000, 0x000000008a500000, 0x000000008a600000|  0%| F|  |TAMS 0x000000008a500000| PB 0x000000008a500000| Untracked 
| 112|0x000000008a600000, 0x000000008a600000, 0x000000008a700000|  0%| F|  |TAMS 0x000000008a600000| PB 0x000000008a600000| Untracked 
| 113|0x000000008a700000, 0x000000008a700800, 0x000000008a800000|  0%| E|  |TAMS 0x000000008a700000| PB 0x000000008a700000| Complete 
| 114|0x000000008a800000, 0x000000008a900000, 0x000000008a900000|100%| E|CS|TAMS 0x000000008a800000| PB 0x000000008a800000| Complete 
| 115|0x000000008a900000, 0x000000008aa00000, 0x000000008aa00000|100%| E|CS|TAMS 0x000000008a900000| PB 0x000000008a900000| Complete 
| 116|0x000000008aa00000, 0x000000008ab00000, 0x000000008ab00000|100%| E|  |TAMS 0x000000008aa00000| PB 0x000000008aa00000| Complete 
| 117|0x000000008ab00000, 0x000000008ac00000, 0x000000008ac00000|100%| E|CS|TAMS 0x000000008ab00000| PB 0x000000008ab00000| Complete 
| 118|0x000000008ac00000, 0x000000008ad00000, 0x000000008ad00000|100%| E|CS|TAMS 0x000000008ac00000| PB 0x000000008ac00000| Complete 
| 119|0x000000008ad00000, 0x000000008ae00000, 0x000000008ae00000|100%| E|CS|TAMS 0x000000008ad00000| PB 0x000000008ad00000| Complete 
| 120|0x000000008ae00000, 0x000000008af00000, 0x000000008af00000|100%| E|CS|TAMS 0x000000008ae00000| PB 0x000000008ae00000| Complete 
| 121|0x000000008af00000, 0x000000008b000000, 0x000000008b000000|100%| E|CS|TAMS 0x000000008af00000| PB 0x000000008af00000| Complete 
| 122|0x000000008b000000, 0x000000008b100000, 0x000000008b100000|100%| E|CS|TAMS 0x000000008b000000| PB 0x000000008b000000| Complete 
| 123|0x000000008b100000, 0x000000008b200000, 0x000000008b200000|100%| E|CS|TAMS 0x000000008b100000| PB 0x000000008b100000| Complete 
| 124|0x000000008b200000, 0x000000008b300000, 0x000000008b300000|100%| E|CS|TAMS 0x000000008b200000| PB 0x000000008b200000| Complete 
| 125|0x000000008b300000, 0x000000008b400000, 0x000000008b400000|100%| E|CS|TAMS 0x000000008b300000| PB 0x000000008b300000| Complete 
| 126|0x000000008b400000, 0x000000008b500000, 0x000000008b500000|100%| E|CS|TAMS 0x000000008b400000| PB 0x000000008b400000| Complete 
| 127|0x000000008b500000, 0x000000008b600000, 0x000000008b600000|100%| E|CS|TAMS 0x000000008b500000| PB 0x000000008b500000| Complete 
| 128|0x000000008b600000, 0x000000008b700000, 0x000000008b700000|100%| E|CS|TAMS 0x000000008b600000| PB 0x000000008b600000| Complete 
| 129|0x000000008b700000, 0x000000008b800000, 0x000000008b800000|100%| E|CS|TAMS 0x000000008b700000| PB 0x000000008b700000| Complete 
| 130|0x000000008b800000, 0x000000008b900000, 0x000000008b900000|100%| E|CS|TAMS 0x000000008b800000| PB 0x000000008b800000| Complete 
| 131|0x000000008b900000, 0x000000008ba00000, 0x000000008ba00000|100%| E|CS|TAMS 0x000000008b900000| PB 0x000000008b900000| Complete 
| 132|0x000000008ba00000, 0x000000008bb00000, 0x000000008bb00000|100%| E|CS|TAMS 0x000000008ba00000| PB 0x000000008ba00000| Complete 
| 133|0x000000008bb00000, 0x000000008bc00000, 0x000000008bc00000|100%| E|CS|TAMS 0x000000008bb00000| PB 0x000000008bb00000| Complete 
| 134|0x000000008bc00000, 0x000000008bd00000, 0x000000008bd00000|100%| E|CS|TAMS 0x000000008bc00000| PB 0x000000008bc00000| Complete 
| 135|0x000000008bd00000, 0x000000008be00000, 0x000000008be00000|100%| E|CS|TAMS 0x000000008bd00000| PB 0x000000008bd00000| Complete 
| 136|0x000000008be00000, 0x000000008bf00000, 0x000000008bf00000|100%| E|CS|TAMS 0x000000008be00000| PB 0x000000008be00000| Complete 
| 137|0x000000008bf00000, 0x000000008c000000, 0x000000008c000000|100%| E|CS|TAMS 0x000000008bf00000| PB 0x000000008bf00000| Complete 
| 138|0x000000008c000000, 0x000000008c100000, 0x000000008c100000|100%| E|CS|TAMS 0x000000008c000000| PB 0x000000008c000000| Complete 
| 139|0x000000008c100000, 0x000000008c200000, 0x000000008c200000|100%| E|CS|TAMS 0x000000008c100000| PB 0x000000008c100000| Complete 
| 140|0x000000008c200000, 0x000000008c300000, 0x000000008c300000|100%| E|CS|TAMS 0x000000008c200000| PB 0x000000008c200000| Complete 
| 141|0x000000008c300000, 0x000000008c400000, 0x000000008c400000|100%| E|CS|TAMS 0x000000008c300000| PB 0x000000008c300000| Complete 

Card table byte_map: [0x0000024f5f6e0000,0x0000024f5fad0000] _byte_map_base: 0x0000024f5f2c5000

Marking Bits: (CMBitMap*) 0x0000024f4764bdd0
 Bits: [0x0000024f5fad0000, 0x0000024f619f8000)

Polling page: 0x0000024f450d0000

Metaspace:

Usage:
  Non-class:     83.61 MB used.
      Class:     13.07 MB used.
       Both:     96.68 MB used.

Virtual space:
  Non-class space:      128.00 MB reserved,      84.19 MB ( 66%) committed,  2 nodes.
      Class space:        1.00 GB reserved,      13.56 MB (  1%) committed,  1 nodes.
             Both:        1.12 GB reserved,      97.75 MB (  8%) committed. 

Chunk freelists:
   Non-Class:  11.55 MB
       Class:  2.42 MB
        Both:  13.97 MB

MaxMetaspaceSize: unlimited
CompressedClassSpaceSize: 1.00 GB
Initial GC threshold: 21.00 MB
Current GC threshold: 150.31 MB
CDS: on
 - commit_granule_bytes: 65536.
 - commit_granule_words: 8192.
 - virtual_space_node_default_size: 8388608.
 - enlarge_chunks_in_place: 1.
 - use_allocation_guard: 0.


Internal statistics:

num_allocs_failed_limit: 12.
num_arena_births: 1632.
num_arena_deaths: 0.
num_vsnodes_births: 3.
num_vsnodes_deaths: 0.
num_space_committed: 1564.
num_space_uncommitted: 0.
num_chunks_returned_to_freelist: 12.
num_chunks_taken_from_freelist: 5197.
num_chunk_merges: 9.
num_chunk_splits: 3713.
num_chunks_enlarged: 2876.
num_inconsistent_stats: 0.

CodeHeap 'non-profiled nmethods': size=119168Kb used=6544Kb max_used=6544Kb free=112623Kb
 bounds [0x0000024f57600000, 0x0000024f57c70000, 0x0000024f5ea60000]
CodeHeap 'profiled nmethods': size=119104Kb used=16353Kb max_used=16353Kb free=102750Kb
 bounds [0x0000024f4fa60000, 0x0000024f50a60000, 0x0000024f56eb0000]
CodeHeap 'non-nmethods': size=7488Kb used=1809Kb max_used=3534Kb free=5678Kb
 bounds [0x0000024f56eb0000, 0x0000024f57240000, 0x0000024f57600000]
 total_blobs=9381 nmethods=8566 adapters=719
 compilation: enabled
              stopped_count=0, restarted_count=0
 full_count=0

Compilation events (20 events):
Event: 30.328 Thread 0x0000024f649b9f30 9992       1       io.micrometer.core.instrument.distribution.DistributionStatisticConfig::access$500 (5 bytes)
Event: 30.328 Thread 0x0000024f649b9f30 nmethod 9992 0x0000024f57c62890 code [0x0000024f57c62a20, 0x0000024f57c62ad0]
Event: 30.328 Thread 0x0000024f649b9f30 9994       3       java.util.concurrent.ConcurrentLinkedDeque$Itr::nextNode (9 bytes)
Event: 30.328 Thread 0x0000024f649b9f30 nmethod 9994 0x0000024f50a4ff90 code [0x0000024f50a50140, 0x0000024f50a50340]
Event: 30.328 Thread 0x0000024f649b9f30 9995       3       java.util.concurrent.ConcurrentLinkedDeque::succ (17 bytes)
Event: 30.328 Thread 0x0000024f649b9f30 nmethod 9995 0x0000024f50a50490 code [0x0000024f50a50640, 0x0000024f50a507d8]
Event: 30.328 Thread 0x0000024f649b9f30 9993       1       java.lang.Double::doubleValue (5 bytes)
Event: 30.328 Thread 0x0000024f649b9f30 nmethod 9993 0x0000024f57c62b90 code [0x0000024f57c62d20, 0x0000024f57c62de8]
Event: 30.332 Thread 0x0000024f649b9f30 9996       1       io.micrometer.common.ImmutableKeyValue::getKey (5 bytes)
Event: 30.332 Thread 0x0000024f649b9f30 nmethod 9996 0x0000024f57c62e90 code [0x0000024f57c63020, 0x0000024f57c630e8]
Event: 30.332 Thread 0x0000024f649b9f30 9997       1       io.micrometer.core.instrument.ImmutableTag::getKey (5 bytes)
Event: 30.332 Thread 0x0000024f649b9f30 nmethod 9997 0x0000024f57c63190 code [0x0000024f57c63320, 0x0000024f57c633e8]
Event: 30.335 Thread 0x0000024f649b9f30 9999       3       io.micrometer.core.instrument.config.MeterFilter$9::matchNameAndGetTagValue (27 bytes)
Event: 30.335 Thread 0x0000024f649b9f30 nmethod 9999 0x0000024f50a50890 code [0x0000024f50a50a60, 0x0000024f50a50d28]
Event: 30.337 Thread 0x0000024f649b9f30 10001       3       org.apache.catalina.connector.RequestFacade::checkFacade (25 bytes)
Event: 30.337 Thread 0x0000024f649b9f30 nmethod 10001 0x0000024f50a50e90 code [0x0000024f50a51060, 0x0000024f50a512d0]
Event: 30.337 Thread 0x0000024f649b9f30 10003       3       io.micrometer.core.instrument.config.MeterFilter$9::accept (65 bytes)
Event: 30.338 Thread 0x0000024f649b9f30 nmethod 10003 0x0000024f50a51410 code [0x0000024f50a51640, 0x0000024f50a51d58]
Event: 30.338 Thread 0x0000024f649b9f30 10002       1       org.springframework.boot.actuate.autoconfigure.metrics.MetricsProperties::getEnable (5 bytes)
Event: 30.338 Thread 0x0000024f649b9f30 nmethod 10002 0x0000024f57c63490 code [0x0000024f57c63620, 0x0000024f57c636e8]

GC Heap History (20 events):
Event: 19.013 GC heap before
{Heap before GC invocations=23 (full 0):
 garbage-first heap   total 120832K, used 105047K [0x0000000083600000, 0x0000000100000000)
  region size 1024K, 59 young (60416K), 8 survivors (8192K)
 Metaspace       used 82431K, committed 83200K, reserved 1179648K
  class space    used 10984K, committed 11328K, reserved 1048576K
}
Event: 19.023 GC heap after
{Heap after GC invocations=24 (full 0):
 garbage-first heap   total 120832K, used 54861K [0x0000000083600000, 0x0000000100000000)
  region size 1024K, 4 young (4096K), 4 survivors (4096K)
 Metaspace       used 82431K, committed 83200K, reserved 1179648K
  class space    used 10984K, committed 11328K, reserved 1048576K
}
Event: 19.446 GC heap before
{Heap before GC invocations=24 (full 0):
 garbage-first heap   total 120832K, used 108109K [0x0000000083600000, 0x0000000100000000)
  region size 1024K, 56 young (57344K), 4 survivors (4096K)
 Metaspace       used 83265K, committed 84096K, reserved 1179648K
  class space    used 11089K, committed 11456K, reserved 1048576K
}
Event: 19.451 GC heap after
{Heap after GC invocations=25 (full 0):
 garbage-first heap   total 120832K, used 56432K [0x0000000083600000, 0x0000000100000000)
  region size 1024K, 5 young (5120K), 5 survivors (5120K)
 Metaspace       used 83265K, committed 84096K, reserved 1179648K
  class space    used 11089K, committed 11456K, reserved 1048576K
}
Event: 19.938 GC heap before
{Heap before GC invocations=26 (full 0):
 garbage-first heap   total 120832K, used 107632K [0x0000000083600000, 0x0000000100000000)
  region size 1024K, 55 young (56320K), 5 survivors (5120K)
 Metaspace       used 84430K, committed 85248K, reserved 1179648K
  class space    used 11260K, committed 11648K, reserved 1048576K
}
Event: 19.947 GC heap after
{Heap after GC invocations=27 (full 0):
 garbage-first heap   total 120832K, used 58709K [0x0000000083600000, 0x0000000100000000)
  region size 1024K, 5 young (5120K), 5 survivors (5120K)
 Metaspace       used 84430K, committed 85248K, reserved 1179648K
  class space    used 11260K, committed 11648K, reserved 1048576K
}
Event: 20.323 GC heap before
{Heap before GC invocations=27 (full 0):
 garbage-first heap   total 120832K, used 107861K [0x0000000083600000, 0x0000000100000000)
  region size 1024K, 53 young (54272K), 5 survivors (5120K)
 Metaspace       used 85699K, committed 86528K, reserved 1179648K
  class space    used 11470K, committed 11840K, reserved 1048576K
}
Event: 20.330 GC heap after
{Heap after GC invocations=28 (full 0):
 garbage-first heap   total 120832K, used 59792K [0x0000000083600000, 0x0000000100000000)
  region size 1024K, 5 young (5120K), 5 survivors (5120K)
 Metaspace       used 85699K, committed 86528K, reserved 1179648K
  class space    used 11470K, committed 11840K, reserved 1048576K
}
Event: 20.656 GC heap before
{Heap before GC invocations=28 (full 0):
 garbage-first heap   total 120832K, used 106896K [0x0000000083600000, 0x0000000100000000)
  region size 1024K, 51 young (52224K), 5 survivors (5120K)
 Metaspace       used 86179K, committed 86976K, reserved 1179648K
  class space    used 11544K, committed 11904K, reserved 1048576K
}
Event: 20.664 GC heap after
{Heap after GC invocations=29 (full 0):
 garbage-first heap   total 145408K, used 61444K [0x0000000083600000, 0x0000000100000000)
  region size 1024K, 4 young (4096K), 4 survivors (4096K)
 Metaspace       used 86179K, committed 86976K, reserved 1179648K
  class space    used 11544K, committed 11904K, reserved 1048576K
}
Event: 21.289 GC heap before
{Heap before GC invocations=30 (full 0):
 garbage-first heap   total 145408K, used 132100K [0x0000000083600000, 0x0000000100000000)
  region size 1024K, 73 young (74752K), 4 survivors (4096K)
 Metaspace       used 87075K, committed 88000K, reserved 1179648K
  class space    used 11688K, committed 12096K, reserved 1048576K
}
Event: 21.295 GC heap after
{Heap after GC invocations=31 (full 0):
 garbage-first heap   total 145408K, used 63607K [0x0000000083600000, 0x0000000100000000)
  region size 1024K, 6 young (6144K), 6 survivors (6144K)
 Metaspace       used 87075K, committed 88000K, reserved 1179648K
  class space    used 11688K, committed 12096K, reserved 1048576K
}
Event: 21.873 GC heap before
{Heap before GC invocations=31 (full 0):
 garbage-first heap   total 145408K, used 130167K [0x0000000083600000, 0x0000000100000000)
  region size 1024K, 71 young (72704K), 6 survivors (6144K)
 Metaspace       used 89527K, committed 90496K, reserved 1179648K
  class space    used 12049K, committed 12480K, reserved 1048576K
}
Event: 21.882 GC heap after
{Heap after GC invocations=32 (full 0):
 garbage-first heap   total 145408K, used 65529K [0x0000000083600000, 0x0000000100000000)
  region size 1024K, 7 young (7168K), 7 survivors (7168K)
 Metaspace       used 89527K, committed 90496K, reserved 1179648K
  class space    used 12049K, committed 12480K, reserved 1048576K
}
Event: 22.435 GC heap before
{Heap before GC invocations=32 (full 0):
 garbage-first heap   total 145408K, used 129017K [0x0000000083600000, 0x0000000100000000)
  region size 1024K, 69 young (70656K), 7 survivors (7168K)
 Metaspace       used 91388K, committed 92288K, reserved 1179648K
  class space    used 12327K, committed 12736K, reserved 1048576K
}
Event: 22.447 GC heap after
{Heap after GC invocations=33 (full 0):
 garbage-first heap   total 145408K, used 68354K [0x0000000083600000, 0x0000000100000000)
  region size 1024K, 6 young (6144K), 6 survivors (6144K)
 Metaspace       used 91388K, committed 92288K, reserved 1179648K
  class space    used 12327K, committed 12736K, reserved 1048576K
}
Event: 23.414 GC heap before
{Heap before GC invocations=34 (full 0):
 garbage-first heap   total 145408K, used 130818K [0x0000000083600000, 0x0000000100000000)
  region size 1024K, 67 young (68608K), 6 survivors (6144K)
 Metaspace       used 91930K, committed 92864K, reserved 1179648K
  class space    used 12419K, committed 12864K, reserved 1048576K
}
Event: 23.422 GC heap after
{Heap after GC invocations=35 (full 0):
 garbage-first heap   total 145408K, used 70386K [0x0000000083600000, 0x0000000100000000)
  region size 1024K, 5 young (5120K), 5 survivors (5120K)
 Metaspace       used 91930K, committed 92864K, reserved 1179648K
  class space    used 12419K, committed 12864K, reserved 1048576K
}
Event: 24.230 GC heap before
{Heap before GC invocations=35 (full 0):
 garbage-first heap   total 145408K, used 131826K [0x0000000083600000, 0x0000000100000000)
  region size 1024K, 65 young (66560K), 5 survivors (5120K)
 Metaspace       used 94258K, committed 95232K, reserved 1179648K
  class space    used 12756K, committed 13184K, reserved 1048576K
}
Event: 24.238 GC heap after
{Heap after GC invocations=36 (full 0):
 garbage-first heap   total 145408K, used 72001K [0x0000000083600000, 0x0000000100000000)
  region size 1024K, 7 young (7168K), 7 survivors (7168K)
 Metaspace       used 94258K, committed 95232K, reserved 1179648K
  class space    used 12756K, committed 13184K, reserved 1048576K
}

Dll operation events (11 events):
Event: 0.074 Loaded shared library C:\Program Files\Java\jdk-21\bin\java.dll
Event: 0.244 Loaded shared library C:\Program Files\Java\jdk-21\bin\jsvml.dll
Event: 0.472 Loaded shared library C:\Program Files\Java\jdk-21\bin\net.dll
Event: 0.484 Loaded shared library C:\Program Files\Java\jdk-21\bin\nio.dll
Event: 0.501 Loaded shared library C:\Program Files\Java\jdk-21\bin\zip.dll
Event: 0.985 Loaded shared library C:\Program Files\Java\jdk-21\bin\verify.dll
Event: 1.003 Loaded shared library C:\Program Files\Java\jdk-21\bin\jimage.dll
Event: 2.599 Loaded shared library C:\Program Files\Java\jdk-21\bin\extnet.dll
Event: 4.996 Loaded shared library C:\Program Files\Java\jdk-21\bin\sunmscapi.dll
Event: 11.766 Loaded shared library C:\Program Files\Java\jdk-21\bin\management.dll
Event: 11.786 Loaded shared library C:\Program Files\Java\jdk-21\bin\management_ext.dll

Deoptimization events (20 events):
Event: 24.903 Thread 0x0000024f475f47d0 DEOPT PACKING pc=0x0000024f57766f60 sp=0x000000b812afdd80
Event: 24.903 Thread 0x0000024f475f47d0 DEOPT UNPACKING pc=0x0000024f56f046a2 sp=0x000000b812afdd50 mode 2
Event: 24.961 Thread 0x0000024f475f47d0 Uncommon trap: trap_request=0xffffffde fr.pc=0x0000024f579105cc relative=0x000000000000038c
Event: 24.961 Thread 0x0000024f475f47d0 Uncommon trap: reason=class_check action=maybe_recompile pc=0x0000024f579105cc method=java.util.WeakHashMap.matchesKey(Ljava/util/WeakHashMap$Entry;Ljava/lang/Object;)Z @ 21 c2
Event: 24.961 Thread 0x0000024f475f47d0 DEOPT PACKING pc=0x0000024f579105cc sp=0x000000b812afd700
Event: 24.961 Thread 0x0000024f475f47d0 DEOPT UNPACKING pc=0x0000024f56f046a2 sp=0x000000b812afd638 mode 2
Event: 24.972 Thread 0x0000024f475f47d0 Uncommon trap: trap_request=0xffffffde fr.pc=0x0000024f57bceed8 relative=0x0000000000000318
Event: 24.973 Thread 0x0000024f475f47d0 Uncommon trap: reason=class_check action=maybe_recompile pc=0x0000024f57bceed8 method=org.springframework.core.ResolvableType.resolveType()Lorg/springframework/core/ResolvableType; @ 44 c2
Event: 24.973 Thread 0x0000024f475f47d0 DEOPT PACKING pc=0x0000024f57bceed8 sp=0x000000b812afe540
Event: 24.973 Thread 0x0000024f475f47d0 DEOPT UNPACKING pc=0x0000024f56f046a2 sp=0x000000b812afe4c8 mode 2
Event: 24.973 Thread 0x0000024f475f47d0 Uncommon trap: trap_request=0xffffffde fr.pc=0x0000024f57bceed8 relative=0x0000000000000318
Event: 24.973 Thread 0x0000024f475f47d0 Uncommon trap: reason=class_check action=maybe_recompile pc=0x0000024f57bceed8 method=org.springframework.core.ResolvableType.resolveType()Lorg/springframework/core/ResolvableType; @ 44 c2
Event: 24.973 Thread 0x0000024f475f47d0 DEOPT PACKING pc=0x0000024f57bceed8 sp=0x000000b812afe550
Event: 24.973 Thread 0x0000024f475f47d0 DEOPT UNPACKING pc=0x0000024f56f046a2 sp=0x000000b812afe4d8 mode 2
Event: 30.254 Thread 0x0000024f74639f70 DEOPT PACKING pc=0x0000024f507f5cb0 sp=0x000000b8155fd9b0
Event: 30.254 Thread 0x0000024f74639f70 DEOPT UNPACKING pc=0x0000024f56f04e42 sp=0x000000b8155fce68 mode 0
Event: 30.341 Thread 0x0000024f74639f70 Uncommon trap: trap_request=0xffffffbe fr.pc=0x0000024f57bfb1c4 relative=0x0000000000000164
Event: 30.341 Thread 0x0000024f74639f70 Uncommon trap: reason=profile_predicate action=maybe_recompile pc=0x0000024f57bfb1c4 method=org.springframework.boot.context.properties.source.ConfigurationPropertyName$Elements.canShortcutWithSource(Lorg/springframework/boot/context/properties/source/Con
Event: 30.341 Thread 0x0000024f74639f70 DEOPT PACKING pc=0x0000024f57bfb1c4 sp=0x000000b8155fa9b0
Event: 30.341 Thread 0x0000024f74639f70 DEOPT UNPACKING pc=0x0000024f56f046a2 sp=0x000000b8155fa898 mode 2

Classes loaded (20 events):
Event: 30.153 Loading class java/nio/channels/ReadPendingException
Event: 30.153 Loading class java/nio/channels/ReadPendingException done
Event: 30.153 Loading class java/nio/channels/WritePendingException
Event: 30.154 Loading class java/nio/channels/WritePendingException done
Event: 30.157 Loading class sun/nio/ch/SocketAdaptor
Event: 30.158 Loading class sun/nio/ch/SocketAdaptor done
Event: 30.158 Loading class sun/nio/ch/SocketChannelImpl$DefaultOptionsHolder
Event: 30.159 Loading class sun/nio/ch/SocketChannelImpl$DefaultOptionsHolder done
Event: 30.160 Loading class sun/nio/ch/SelectionKeyImpl
Event: 30.160 Loading class java/nio/channels/spi/AbstractSelectionKey
Event: 30.161 Loading class java/nio/channels/SelectionKey
Event: 30.161 Loading class java/nio/channels/SelectionKey done
Event: 30.161 Loading class java/nio/channels/spi/AbstractSelectionKey done
Event: 30.161 Loading class sun/nio/ch/SelectionKeyImpl done
Event: 30.161 Loading class java/lang/invoke/ConstantBootstraps
Event: 30.162 Loading class java/lang/invoke/ConstantBootstraps done
Event: 30.300 Loading class java/util/concurrent/ArrayBlockingQueue
Event: 30.301 Loading class java/util/concurrent/ArrayBlockingQueue done
Event: 30.301 Loading class java/util/concurrent/ArrayBlockingQueue$Itr
Event: 30.301 Loading class java/util/concurrent/ArrayBlockingQueue$Itr done

Classes unloaded (0 events):
No events

Classes redefined (0 events):
No events

Internal exceptions (20 events):
Event: 23.477 Thread 0x0000024f475f47d0 Exception <a 'java/lang/IncompatibleClassChangeError'{0x000000008bc01d18}: Found class java.lang.Object, but interface was expected> (0x000000008bc01d18) 
thrown [s\open\src\hotspot\share\interpreter\linkResolver.cpp, line 840]
Event: 23.515 Thread 0x0000024f475f47d0 Implicit null exception at 0x0000024f57b3a197 to 0x0000024f57b3a410
Event: 23.648 Thread 0x0000024f475f47d0 Exception <a 'java/lang/NoSuchMethodError'{0x000000008a374160}: 'void java.lang.invoke.DirectMethodHandle$Holder.invokeStatic(java.lang.Object, java.lang.Object, double)'> (0x000000008a374160) 
thrown [s\open\src\hotspot\share\interpreter\linkResolver.cpp, line 773]
Event: 23.661 Thread 0x0000024f475f47d0 Exception <a 'java/lang/NoSuchMethodError'{0x000000008a3b7e88}: 'double java.lang.invoke.DirectMethodHandle$Holder.invokeStatic(java.lang.Object, java.lang.Object, java.lang.Object)'> (0x000000008a3b7e88) 
thrown [s\open\src\hotspot\share\interpreter\linkResolver.cpp, line 773]
Event: 23.694 Thread 0x0000024f475f47d0 Exception <a 'java/lang/IncompatibleClassChangeError'{0x000000008a29c968}: Found class java.lang.Object, but interface was expected> (0x000000008a29c968) 
thrown [s\open\src\hotspot\share\interpreter\linkResolver.cpp, line 840]
Event: 24.104 Thread 0x0000024f475f47d0 Implicit null exception at 0x0000024f57bb38d3 to 0x0000024f57bb3c1c
Event: 24.244 Thread 0x0000024f475f47d0 Exception <a 'java/lang/NoSuchMethodError'{0x000000008c0ac678}: 'void java.lang.invoke.DirectMethodHandle$Holder.invokeVirtual(java.lang.Object, java.lang.Object, double)'> (0x000000008c0ac678) 
thrown [s\open\src\hotspot\share\interpreter\linkResolver.cpp, line 773]
Event: 24.244 Thread 0x0000024f475f47d0 Exception <a 'java/lang/NoSuchMethodError'{0x000000008c0b68b8}: 'double java.lang.invoke.DelegatingMethodHandle$Holder.reinvoke_L(java.lang.Object, java.lang.Object, int)'> (0x000000008c0b68b8) 
thrown [s\open\src\hotspot\share\interpreter\linkResolver.cpp, line 773]
Event: 24.455 Thread 0x0000024f475f47d0 Exception <a 'java/lang/NoSuchMethodError'{0x000000008bb09e60}: 'java.lang.Object java.lang.invoke.DelegatingMethodHandle$Holder.reinvoke_L(java.lang.Object, java.lang.Object, java.lang.Object, java.lang.Object, int, int, int, java.lang.Object)'> (0x000000008bb09e60) 
thrown [s\open\src\hotspot\share\interpreter\linkResolver.cpp, line 773]
Event: 24.465 Thread 0x0000024f475f47d0 Exception <a 'java/lang/NoSuchMethodError'{0x000000008bb37220}: 'java.lang.Object java.lang.invoke.DirectMethodHandle$Holder.invokeInterface(java.lang.Object, java.lang.Object, java.lang.Object, int, int, int, java.lang.Object)'> (0x000000008bb37220) 
thrown [s\open\src\hotspot\share\interpreter\linkResolver.cpp, line 773]
Event: 24.465 Thread 0x0000024f475f47d0 Exception <a 'java/lang/NoSuchMethodError'{0x000000008bb3b330}: 'java.lang.Object java.lang.invoke.DirectMethodHandle$Holder.invokeSpecial(java.lang.Object, java.lang.Object, java.lang.Object, java.lang.Object, int, int, int, java.lang.Object)'> (0x000000008bb3b330) 
thrown [s\open\src\hotspot\share\interpreter\linkResolver.cpp, line 773]
Event: 24.465 Thread 0x0000024f475f47d0 Exception <a 'java/lang/NoSuchMethodError'{0x000000008bb3ecf8}: 'java.lang.Object java.lang.invoke.DelegatingMethodHandle$Holder.reinvoke_L(java.lang.Object, java.lang.Object, java.lang.Object, int, int, int, java.lang.Object)'> (0x000000008bb3ecf8) 
thrown [s\open\src\hotspot\share\interpreter\linkResolver.cpp, line 773]
Event: 24.594 Thread 0x0000024f475f47d0 Exception <a 'java/lang/NoSuchMethodError'{0x000000008bb832f8}: 'java.lang.Object java.lang.invoke.DirectMethodHandle$Holder.invokeInterface(java.lang.Object, java.lang.Object, java.lang.Object, java.lang.Object, java.lang.Object, java.lang.Object)'> (0x000000008bb832f8) 
thrown [s\open\src\hotspot\share\interpreter\linkResolver.cpp, line 773]
Event: 24.793 Thread 0x0000024f6a365430 Exception <a 'java/lang/NoSuchMethodError'{0x000000008b942dc0}: 'void java.lang.invoke.DirectMethodHandle$Holder.invokeInterface(java.lang.Object, java.lang.Object, int, int)'> (0x000000008b942dc0) 
thrown [s\open\src\hotspot\share\interpreter\linkResolver.cpp, line 773]
Event: 24.794 Thread 0x0000024f6a365430 Exception <a 'java/lang/NoSuchMethodError'{0x000000008b949e38}: 'void java.lang.invoke.DelegatingMethodHandle$Holder.reinvoke_L(java.lang.Object, java.lang.Object, int, int)'> (0x000000008b949e38) 
thrown [s\open\src\hotspot\share\interpreter\linkResolver.cpp, line 773]
Event: 24.798 Thread 0x0000024f6a365430 Exception <a 'java/lang/NoSuchMethodError'{0x000000008b96bbc8}: 'java.lang.Object java.lang.invoke.DelegatingMethodHandle$Holder.reinvoke_L(java.lang.Object, java.lang.Object, java.lang.Object, int, java.lang.Object, int, int, java.lang.Object, java.lang.Object)'> (0x000000008b96bbc8) 
thrown [s\open\src\hotspot\share\interpreter\linkResolver.cpp, line 773]
Event: 24.874 Thread 0x0000024f475f47d0 Exception <a 'java/lang/IncompatibleClassChangeError'{0x000000008b39b9c8}: Found class java.lang.Object, but interface was expected> (0x000000008b39b9c8) 
thrown [s\open\src\hotspot\share\interpreter\linkResolver.cpp, line 840]
Event: 24.903 Thread 0x0000024f475f47d0 Implicit null exception at 0x0000024f57766460 to 0x0000024f57766f54
Event: 30.204 Thread 0x0000024f74639f70 Exception <a 'java/lang/NoSuchMethodError'{0x000000008ac1b7a0}: 'java.lang.Object java.lang.invoke.DirectMethodHandle$Holder.invokeSpecial(java.lang.Object, java.lang.Object, java.lang.Object, java.lang.Object, java.lang.Object, long)'> (0x000000008ac1b7a0) 
thrown [s\open\src\hotspot\share\interpreter\linkResolver.cpp, line 773]
Event: 30.204 Thread 0x0000024f74639f70 Exception <a 'java/lang/NoSuchMethodError'{0x000000008ac1f170}: 'java.lang.Object java.lang.invoke.Invokers$Holder.linkToTargetMethod(java.lang.Object, java.lang.Object, java.lang.Object, long, java.lang.Object)'> (0x000000008ac1f170) 
thrown [s\open\src\hotspot\share\interpreter\linkResolver.cpp, line 773]

ZGC Phase Switch (0 events):
No events

VM Operations (20 events):
Event: 24.182 Executing VM operation: HandshakeAllThreads (Deoptimize)
Event: 24.183 Executing VM operation: HandshakeAllThreads (Deoptimize) done
Event: 24.207 Executing VM operation: ICBufferFull
Event: 24.207 Executing VM operation: ICBufferFull done
Event: 24.230 Executing VM operation: G1CollectForAllocation (G1 Evacuation Pause)
Event: 24.238 Executing VM operation: G1CollectForAllocation (G1 Evacuation Pause) done
Event: 24.249 Executing VM operation: HandshakeAllThreads (Deoptimize)
Event: 24.249 Executing VM operation: HandshakeAllThreads (Deoptimize) done
Event: 24.434 Executing VM operation: HandshakeAllThreads (Deoptimize)
Event: 24.434 Executing VM operation: HandshakeAllThreads (Deoptimize) done
Event: 25.436 Executing VM operation: Cleanup
Event: 25.437 Executing VM operation: Cleanup done
Event: 28.471 Executing VM operation: Cleanup
Event: 28.471 Executing VM operation: Cleanup done
Event: 30.225 Executing VM operation: HandshakeAllThreads (Deoptimize)
Event: 30.225 Executing VM operation: HandshakeAllThreads (Deoptimize) done
Event: 30.225 Executing VM operation: Cleanup
Event: 30.225 Executing VM operation: Cleanup done
Event: 30.227 Executing VM operation: HandshakeAllThreads (Deoptimize)
Event: 30.227 Executing VM operation: HandshakeAllThreads (Deoptimize) done

Events (20 events):
Event: 23.742 Thread 0x0000024f74638bc0 Thread added: 0x0000024f74638bc0
Event: 23.743 Thread 0x0000024f7463d3f0 Thread added: 0x0000024f7463d3f0
Event: 23.842 Thread 0x0000024f7463e110 Thread added: 0x0000024f7463e110
Event: 23.843 Thread 0x0000024f7463da80 Thread added: 0x0000024f7463da80
Event: 24.095 Thread 0x0000024f696d7290 Thread exited: 0x0000024f696d7290
Event: 24.282 Thread 0x0000024f6a364080 Thread added: 0x0000024f6a364080
Event: 24.411 Thread 0x0000024f6a364710 Thread added: 0x0000024f6a364710
Event: 24.750 Thread 0x0000024f6d3a2790 Thread exited: 0x0000024f6d3a2790
Event: 24.779 Thread 0x0000024f6a365430 Thread added: 0x0000024f6a365430
Event: 24.798 Thread 0x0000024f6d3a2790 Thread added: 0x0000024f6d3a2790
Event: 24.806 Thread 0x0000024f6a366150 Thread added: 0x0000024f6a366150
Event: 24.945 Thread 0x0000024f6db29bb0 Thread added: 0x0000024f6db29bb0
Event: 24.945 Thread 0x0000024f6db294e0 Thread added: 0x0000024f6db294e0
Event: 24.946 Thread 0x0000024f6db2a280 Thread added: 0x0000024f6db2a280
Event: 24.975 Thread 0x0000024f475f47d0 Thread exited: 0x0000024f475f47d0
Event: 24.976 Thread 0x0000024f6a361290 Thread added: 0x0000024f6a361290
Event: 25.873 Thread 0x0000024f6d3a2790 Thread exited: 0x0000024f6d3a2790
Event: 25.873 Thread 0x0000024f6db2a280 Thread exited: 0x0000024f6db2a280
Event: 28.940 Thread 0x0000024f6db294e0 Thread exited: 0x0000024f6db294e0
Event: 30.186 Thread 0x0000024f6db29bb0 Thread exited: 0x0000024f6db29bb0


Dynamic libraries:
0x00007ff65c980000 - 0x00007ff65c990000 	C:\Program Files\Java\jdk-21\bin\javaw.exe
0x00007ffbfb6c0000 - 0x00007ffbfb8c9000 	C:\windows\SYSTEM32\ntdll.dll
0x00007ffbfaed0000 - 0x00007ffbfaf8e000 	C:\windows\System32\KERNEL32.DLL
0x00007ffbf90a0000 - 0x00007ffbf941c000 	C:\windows\System32\KERNELBASE.dll
0x00007ffbf8770000 - 0x00007ffbf8906000 	C:\Windows\system32\hmpalert.dll
0x00007ffbf9420000 - 0x00007ffbf9531000 	C:\windows\System32\ucrtbase.dll
0x00007ffbf3d80000 - 0x00007ffbf3d99000 	C:\Program Files\Java\jdk-21\bin\jli.dll
0x00007ffbf9890000 - 0x00007ffbf993e000 	C:\windows\System32\ADVAPI32.dll
0x00007ffbf9700000 - 0x00007ffbf97a3000 	C:\windows\System32\msvcrt.dll
0x00007ffbf9540000 - 0x00007ffbf95de000 	C:\windows\System32\sechost.dll
0x00007ffbf99f0000 - 0x00007ffbf9b10000 	C:\windows\System32\RPCRT4.dll
0x00007ffbf9b10000 - 0x00007ffbf9cbd000 	C:\windows\System32\USER32.dll
0x00007ffbf2230000 - 0x00007ffbf224b000 	C:\Program Files\Java\jdk-21\bin\VCRUNTIME140.dll
0x00007ffbf8d20000 - 0x00007ffbf8d46000 	C:\windows\System32\win32u.dll
0x00007ffbf9cc0000 - 0x00007ffbf9ce9000 	C:\windows\System32\GDI32.dll
0x00007ffbf8c00000 - 0x00007ffbf8d18000 	C:\windows\System32\gdi32full.dll
0x00007ffbf8e90000 - 0x00007ffbf8f2d000 	C:\windows\System32\msvcp_win.dll
0x00007ffbf7bd0000 - 0x00007ffbf7e75000 	C:\windows\WinSxS\amd64_microsoft.windows.common-controls_6595b64144ccf1df_6.0.22000.120_none_9d947278b86cc467\COMCTL32.dll
0x00007ffbf3d70000 - 0x00007ffbf3d7a000 	C:\windows\SYSTEM32\VERSION.dll
0x00007ffbfb050000 - 0x00007ffbfb081000 	C:\windows\System32\IMM32.DLL
0x00007ffbf3f40000 - 0x00007ffbf3f4c000 	C:\Program Files\Java\jdk-21\bin\vcruntime140_1.dll
0x00007ffbe4040000 - 0x00007ffbe40ce000 	C:\Program Files\Java\jdk-21\bin\msvcp140.dll
0x00007ffb595b0000 - 0x00007ffb5a2ca000 	C:\Program Files\Java\jdk-21\bin\server\jvm.dll
0x00007ffbfae60000 - 0x00007ffbfaecf000 	C:\windows\System32\WS2_32.dll
0x00007ffbf8670000 - 0x00007ffbf86bd000 	C:\windows\SYSTEM32\POWRPROF.dll
0x00007ffbecda0000 - 0x00007ffbecdd3000 	C:\windows\SYSTEM32\WINMM.dll
0x00007ffbf8650000 - 0x00007ffbf8663000 	C:\windows\SYSTEM32\UMPDC.dll
0x00007ffbf73b0000 - 0x00007ffbf73c8000 	C:\windows\SYSTEM32\kernel.appcore.dll
0x00007ffbec3b0000 - 0x00007ffbec3ba000 	C:\Program Files\Java\jdk-21\bin\jimage.dll
0x00007ffbf8220000 - 0x00007ffbf8441000 	C:\windows\SYSTEM32\DBGHELP.DLL
0x00007ffbf81e0000 - 0x00007ffbf8211000 	C:\windows\SYSTEM32\dbgcore.DLL
0x00007ffbf8d50000 - 0x00007ffbf8dcf000 	C:\windows\System32\bcryptPrimitives.dll
0x00007ffbe4490000 - 0x00007ffbe44af000 	C:\Program Files\Java\jdk-21\bin\java.dll
0x00007ffbfa070000 - 0x00007ffbfa835000 	C:\windows\System32\SHELL32.dll
0x00007ffbf6420000 - 0x00007ffbf6c85000 	C:\windows\SYSTEM32\windows.storage.dll
0x00007ffbf9cf0000 - 0x00007ffbfa066000 	C:\windows\System32\combase.dll
0x00007ffbf62b0000 - 0x00007ffbf6416000 	C:\windows\SYSTEM32\wintypes.dll
0x00007ffbfb4e0000 - 0x00007ffbfb5ca000 	C:\windows\System32\SHCORE.dll
0x00007ffbfb090000 - 0x00007ffbfb0ed000 	C:\windows\System32\shlwapi.dll
0x00007ffbf8ac0000 - 0x00007ffbf8ae1000 	C:\windows\SYSTEM32\profapi.dll
0x00007ffbc2460000 - 0x00007ffbc2537000 	C:\Program Files\Java\jdk-21\bin\jsvml.dll
0x00007ffbe4480000 - 0x00007ffbe4490000 	C:\Program Files\Java\jdk-21\bin\net.dll
0x00007ffbf3fc0000 - 0x00007ffbf40d2000 	C:\windows\SYSTEM32\WINHTTP.dll
0x00007ffbf7800000 - 0x00007ffbf7867000 	C:\windows\system32\mswsock.dll
0x00007ffbe42b0000 - 0x00007ffbe42c6000 	C:\Program Files\Java\jdk-21\bin\nio.dll
0x00007ffbe4020000 - 0x00007ffbe4038000 	C:\Program Files\Java\jdk-21\bin\zip.dll
0x00007ffbe4550000 - 0x00007ffbe4560000 	C:\Program Files\Java\jdk-21\bin\verify.dll
0x00007ffbf6ee0000 - 0x00007ffbf6f0d000 	C:\windows\SYSTEM32\IPHLPAPI.DLL
0x00007ffbf9600000 - 0x00007ffbf9609000 	C:\windows\System32\NSI.dll
0x00007ffbf6f10000 - 0x00007ffbf6ff8000 	C:\windows\SYSTEM32\DNSAPI.dll
0x00007ffbf3010000 - 0x00007ffbf301a000 	C:\Windows\System32\rasadhlp.dll
0x00007ffbf3360000 - 0x00007ffbf33e1000 	C:\windows\System32\fwpuclnt.dll
0x00007ffbdc560000 - 0x00007ffbdc569000 	C:\Program Files\Java\jdk-21\bin\extnet.dll
0x00007ffbe42a0000 - 0x00007ffbe42ae000 	C:\Program Files\Java\jdk-21\bin\sunmscapi.dll
0x00007ffbf8f30000 - 0x00007ffbf9092000 	C:\windows\System32\CRYPT32.dll
0x00007ffbf7e80000 - 0x00007ffbf7ea8000 	C:\windows\SYSTEM32\ncrypt.dll
0x00007ffbf7b90000 - 0x00007ffbf7bc7000 	C:\windows\SYSTEM32\NTASN1.dll
0x00007ffbf8620000 - 0x00007ffbf8638000 	C:\windows\SYSTEM32\CRYPTSP.dll
0x00007ffbf7310000 - 0x00007ffbf7345000 	C:\windows\system32\rsaenh.dll
0x00007ffbf78a0000 - 0x00007ffbf78c9000 	C:\windows\SYSTEM32\USERENV.dll
0x00007ffbf85f0000 - 0x00007ffbf8617000 	C:\windows\SYSTEM32\bcrypt.dll
0x00007ffbf7ae0000 - 0x00007ffbf7aec000 	C:\windows\SYSTEM32\CRYPTBASE.dll
0x00007ffbe4010000 - 0x00007ffbe401a000 	C:\Program Files\Java\jdk-21\bin\management.dll
0x00007ffbdc570000 - 0x00007ffbdc57b000 	C:\Program Files\Java\jdk-21\bin\management_ext.dll
0x00007ffbfb2b0000 - 0x00007ffbfb2b8000 	C:\windows\System32\PSAPI.DLL
0x00007ffbf4780000 - 0x00007ffbf4788000 	C:\windows\system32\wshunix.dll

dbghelp: loaded successfully - version: 4.0.5 - missing functions: none
symbol engine: initialized successfully - sym options: 0x614 - pdb path: .;C:\Program Files\Java\jdk-21\bin;C:\windows\SYSTEM32;C:\windows\WinSxS\amd64_microsoft.windows.common-controls_6595b64144ccf1df_6.0.22000.120_none_9d947278b86cc467;C:\Program Files\Java\jdk-21\bin\server

VM Arguments:
jvm_args: -Dfile.encoding=UTF-8 -Dstdout.encoding=UTF-8 -Dstderr.encoding=UTF-8 -XX:+ShowCodeDetailsInExceptionMessages 
java_command: com.hamch.orderserviceb.OrderServicebApplication
java_class_path (initial): B:\Java091024\MyEcomGitHub\myEcomm091024\order-serviceb\target\classes;C:\Users\Abdella Hamch\.m2\repository\org\springframework\boot\spring-boot-starter-data-jpa\3.2.1\spring-boot-starter-data-jpa-3.2.1.jar;C:\Users\Abdella Hamch\.m2\repository\org\springframework\boot\spring-boot-starter-aop\3.2.1\spring-boot-starter-aop-3.2.1.jar;C:\Users\Abdella Hamch\.m2\repository\org\aspectj\aspectjweaver\1.9.21\aspectjweaver-1.9.21.jar;C:\Users\Abdella Hamch\.m2\repository\org\springframework\boot\spring-boot-starter-jdbc\3.2.1\spring-boot-starter-jdbc-3.2.1.jar;C:\Users\Abdella Hamch\.m2\repository\com\zaxxer\HikariCP\5.0.1\HikariCP-5.0.1.jar;C:\Users\Abdella Hamch\.m2\repository\org\springframework\spring-jdbc\6.1.2\spring-jdbc-6.1.2.jar;C:\Users\Abdella Hamch\.m2\repository\org\hibernate\orm\hibernate-core\6.4.1.Final\hibernate-core-6.4.1.Final.jar;C:\Users\Abdella Hamch\.m2\repository\jakarta\persistence\jakarta.persistence-api\3.1.0\jakarta.persistence-api-3.1.0.jar;C:\Users\Abdella Hamch\.m2\repository\jakarta\transaction\jakarta.transaction-api\2.0.1\jakarta.transaction-api-2.0.1.jar;C:\Users\Abdella Hamch\.m2\repository\org\jboss\logging\jboss-logging\3.5.3.Final\jboss-logging-3.5.3.Final.jar;C:\Users\Abdella Hamch\.m2\repository\org\hibernate\common\hibernate-commons-annotations\6.0.6.Final\hibernate-commons-annotations-6.0.6.Final.jar;C:\Users\Abdella Hamch\.m2\repository\io\smallrye\jandex\3.1.2\jandex-3.1.2.jar;C:\Users\Abdella Hamch\.m2\repository\com\fasterxml\classmate\1.6.0\classmate-1.6.0.jar;C:\Users\Abdella Hamch\.m2\repository\net\bytebuddy\byte-buddy\1.14.10\byte-buddy-1.14.10.jar;C:\Users\Abdella Hamch\.m2\repository\org\glassfish\jaxb\jaxb-runtime\4.0.4\jaxb-runtime-4.0.4.jar;C:\Users\Abdella Hamch\.m2\repository\org\glassfish\jaxb\jaxb-core\4.0.4\jaxb-core-4.0.4.jar;C:\Users\Abdella Hamch\.m2\repository\org\eclipse\angus\angus-activation\2.0.1\angus-activation-2.0.1.jar;C:\Users\Abdella Hamch\.m2\repository\org\glassfish\jaxb\txw2\4.0.4\txw2-4.0.4.jar;C:\Users\Abdella Hamch\.m2\repository\com\sun\istack\istack-commons-runtime\4.1.2\istack-commons-runtime-4.1.2.jar;C:\Users\Abdella Hamch\.m2\repository\jakarta\inject\jakarta.inject-api\2.0.1\jakarta.inject-api-2.0.1.jar;C:\Users\Abdella Hamch\.m2\repository\org\antlr\antlr4-runtime\4.13.0\antlr4-runtime-4.13.0.jar;C:\Users\Abdella Hamch\.m2\repository\org\springframework\data\spring-data-jpa\3.2.1\spring-data-jpa-3.2.1.jar;C:\Users\Abdella Hamch\.m2\repository\org\springframework\spring-orm\6.1.2\spring-orm-6.1.2.jar;C:\Users\Abdella Hamch\.m2\repository\jakarta\annotation\jakarta.annotation-api\2.1.1\jakarta.annotation-api-2.1.1.jar;C:\Users\Abdella Hamch\.m2\repository\org\springframework\spring-aspects\6.1.2\spring-aspects-6.1.2.jar;C:\Users\Abdella Hamch\.m2\repository\org\springframework\boot\spring-boot-starter-web\3.2.1\spring-boot-starter-web-3.2.1.jar;C:\Users\Abdella Hamch\.m2\repository\org\springframework\boot\spring-boot-starter\3.2.1\spring-boot-starter-3.2.1.jar;C:\Users\Abdella Hamch\.m2\repository\org\springframework\boot\spring-boot\3.2.1\spring-boot-3.2.1.jar;C:\Users\Abdella Hamch\.m2\repository\org\springframework\boot\spring-boot-autoconfigure\3.2.1\spring-boot-autoconfigure-3.2.1.jar;C:\Users\Abdella Hamch\.m2\repository\org\springframework\boot\spring-boot-starter-logging\3.2.1\spring-boot-starter-logging-3.2.1.jar;C:\Users\Abdella Hamch\.m2\repository\ch\qos\logback\logback-classic\1.4.14\logback-classic-1.4.14.jar;C:\Users\Abdella Hamch\.m2\repository\ch\qos\logback\logback-core\1.4.14\logback-core-1.4.14.jar;C:\Users\Abdella Hamch\.m2\repository\org\apache\logging\log4j\log4j-to-slf4j\2.21.1\log4j-to-slf4j-2.21.1.jar;C:\Users\Abdella Hamch\.m2\repository\org\apache\logging\log4j\log4j-api\2.21.1\log4j-api-2.21.1.jar;C:\Users\Abdella Hamch\.m2\repository\org\slf4j\jul-to-slf4j\2.0.9\jul-to-slf4j-2.0.9.jar;C:\Users\Abdella Hamch\.m2\repository\org\yaml\snakeyaml\2.2\snakeyaml-2.2.jar;C:\Users\Abdella Hamch\.m2\repository\org\springframework\boot\spring-boot-starter-json\3.2.1\spring-boot-starter-json-3.2.1.jar;C:\Users\Abdella Hamch\.m2\repository\com\fasterxml\jackson\datatype\jackson-datatype-jsr310\2.15.3\jackson-datatype-jsr310-2.15.3.jar;C:\Users\Abdella Hamch\.m2\repository\com\fasterxml\jackson\module\jackson-module-parameter-names\2.15.3\jackson-module-parameter-names-2.15.3.jar;C:\Users\Abdella Hamch\.m2\repository\org\springframework\boot\spring-boot-starter-tomcat\3.2.1\spring-boot-starter-tomcat-3.2.1.jar;C:\Users\Abdella Hamch\.m2\repository\org\apache\tomcat\embed\tomcat-embed-core\10.1.17\tomcat-embed-core-10.1.17.jar;C:\Users\Abdella Hamch\.m2\repository\org\apache\tomcat\embed\tomcat-embed-el\10.1.17\tomcat-embed-el-10.1.17.jar;C:\Users\Abdella Hamch\.m2\repository\org\apache\tomcat\embed\tomcat-embed-websocket\10.1.17\tomcat-embed-websocket-10.1.17.jar;C:\Users\Abdella Hamch\.m2\repository\org\springframework\spring-web\6.1.2\spring-web-6.1.2.jar;C:\Users\Abdella Hamch\.m2\repository\org\springframework\spring-webmvc\6.1.2\spring-webmvc-6.1.2.jar;C:\Users\Abdella Hamch\.m2\repository\org\springframework\spring-expression\6.1.2\spring-expression-6.1.2.jar;C:\Users\Abdella Hamch\.m2\repository\org\springframework\cloud\spring-cloud-starter-consul-discovery\4.1.0\spring-cloud-starter-consul-discovery-4.1.0.jar;C:\Users\Abdella Hamch\.m2\repository\org\springframework\cloud\spring-cloud-starter-consul\4.1.0\spring-cloud-starter-consul-4.1.0.jar;C:\Users\Abdella Hamch\.m2\repository\org\springframework\cloud\spring-cloud-consul-core\4.1.0\spring-cloud-consul-core-4.1.0.jar;C:\Users\Abdella Hamch\.m2\repository\com\ecwid\consul\consul-api\1.4.5\consul-api-1.4.5.jar;C:\Users\Abdella Hamch\.m2\repository\com\google\code\gson\gson\2.10.1\gson-2.10.1.jar;C:\Users\Abdella Hamch\.m2\repository\org\apache\httpcomponents\httpcore\4.4.16\httpcore-4.4.16.jar;C:\Users\Abdella Hamch\.m2\repository\org\springframework\cloud\spring-cloud-consul-discovery\4.1.0\spring-cloud-consul-discovery-4.1.0.jar;C:\Users\Abdella Hamch\.m2\repository\org\springframework\cloud\spring-cloud-starter-loadbalancer\4.1.0\spring-cloud-starter-loadbalancer-4.1.0.jar;C:\Users\Abdella Hamch\.m2\repository\org\springframework\cloud\spring-cloud-loadbalancer\4.1.0\spring-cloud-loadbalancer-4.1.0.jar;C:\Users\Abdella Hamch\.m2\repository\io\projectreactor\addons\reactor-extra\3.5.1\reactor-extra-3.5.1.jar;C:\Users\Abdella Hamch\.m2\repository\org\springframework\boot\spring-boot-starter-cache\3.2.1\spring-boot-starter-cache-3.2.1.jar;C:\Users\Abdella Hamch\.m2\repository\org\springframework\spring-context-support\6.1.2\spring-context-support-6.1.2.jar;C:\Users\Abdella Hamch\.m2\repository\com\stoyanr\evictor\1.0.0\evictor-1.0.0.jar;C:\Users\Abdella Hamch\.m2\repository\org\springframework\cloud\spring-cloud-starter-config\4.1.0\spring-cloud-starter-config-4.1.0.jar;C:\Users\Abdella Hamch\.m2\repository\org\springframework\cloud\spring-cloud-starter\4.1.0\spring-cloud-starter-4.1.0.jar;C:\Users\Abdella Hamch\.m2\repository\org\springframework\cloud\spring-cloud-context\4.1.0\spring-cloud-context-4.1.0.jar;C:\Users\Abdella Hamch\.m2\repository\org\springframework\security\spring-security-rsa\1.1.1\spring-security-rsa-1.1.1.jar;C:\Users\Abdella Hamch\.m2\repository\org\bouncycastle\bcprov-jdk18on\1.74\bcprov-jdk18on-1.74.jar;C:\Users\Abdella Hamch\.m2\repository\org\springframework\cloud\spring-cloud-config-client\4.1.0\spring-cloud-config-client-4.1.0.jar;C:\Users\Abdella Hamch\.m2\repository\org\apache\httpcomponents\client5\httpclient5\5.2.3\httpclient5-5.2.3.jar;C:\Users\Abdella Hamch\.m2\repository\org\apache\httpcomponents\core5\httpcore5\5.2.4\httpcore5-5.2.4.jar;C:\Users\Abdella Hamch\.m2\repository\org\apache\httpcomponents\core5\httpcore5-h2\5.2.4\httpcore5-h2-5.2.4.jar;C:\Users\Abdella Hamch\.m2\repository\com\fasterxml\jackson\core\jackson-databind\2.15.3\jackson-databind-2.15.3.jar;C:\Users\Abdella Hamch\.m2\repository\com\fasterxml\jackson\core\jackson-core\2.15.3\jackson-core-2.15.3.jar;C:\Users\Abdella Hamch\.m2\repository\org\springframework\boot\spring-boot-starter-actuator\3.0.1\spring-boot-starter-actuator-3.0.1.jar;C:\Users\Abdella Hamch\.m2\repository\org\springframework\boot\spring-boot-actuator-autoconfigure\3.2.1\spring-boot-actuator-autoconfigure-3.2.1.jar;C:\Users\Abdella Hamch\.m2\repository\org\springframework\boot\spring-boot-actuator\3.2.1\spring-boot-actuator-3.2.1.jar;C:\Users\Abdella Hamch\.m2\repository\io\micrometer\micrometer-observation\1.12.1\micrometer-observation-1.12.1.jar;C:\Users\Abdella Hamch\.m2\repository\io\micrometer\micrometer-commons\1.12.1\micrometer-commons-1.12.1.jar;C:\Users\Abdella Hamch\.m2\repository\io\micrometer\micrometer-core\1.12.1\micrometer-core-1.12.1.jar;C:\Users\Abdella Hamch\.m2\repository\org\hdrhistogram\HdrHistogram\2.1.12\HdrHistogram-2.1.12.jar;C:\Users\Abdella Hamch\.m2\repository\org\latencyutils\LatencyUtils\2.0.3\LatencyUtils-2.0.3.jar;C:\Users\Abdella Hamch\.m2\repository\org\springframework\cloud\spring-cloud-stream-binder-rabbit\4.1.0\spring-cloud-stream-binder-rabbit-4.1.0.jar;C:\Users\Abdella Hamch\.m2\repository\org\springframework\cloud\spring-cloud-stream-binder-rabbit-core\4.1.0\spring-cloud-stream-binder-rabbit-core-4.1.0.jar;C:\Users\Abdella Hamch\.m2\repository\org\springframework\boot\spring-boot-starter-webflux\3.2.1\spring-boot-starter-webflux-3.2.1.jar;C:\Users\Abdella Hamch\.m2\repository\org\springframework\boot\spring-boot-starter-reactor-netty\3.2.1\spring-boot-starter-reactor-netty-3.2.1.jar;C:\Users\Abdella Hamch\.m2\repository\org\springframework\spring-webflux\6.1.2\spring-webflux-6.1.2.jar;C:\Users\Abdella Hamch\.m2\repository\io\projectreactor\netty\reactor-netty\1.1.14\reactor-netty-1.1.14.jar;C:\Users\Abdella Hamch\.m2\repository\io\projectreactor\netty\reactor-netty-core\1.1.14\reactor-netty-core-1.1.14.jar;C:\Users\Abdella Hamch\.m2\repository\io\netty\netty-handler\4.1.104.Final\netty-handler-4.1.104.Final.jar;C:\Users\Abdella Hamch\.m2\repository\io\netty\netty-common\4.1.104.Final\netty-common-4.1.104.Final.jar;C:\Users\Abdella Hamch\.m2\repository\io\netty\netty-resolver\4.1.104.Final\netty-resolver-4.1.104.Final.jar;C:\Users\Abdella Hamch\.m2\repository\io\netty\netty-buffer\4.1.104.Final\netty-buffer-4.1.104.Final.jar;C:\Users\Abdella Hamch\.m2\repository\io\netty\netty-transport\4.1.104.Final\netty-transport-4.1.104.Final.jar;C:\Users\Abdella Hamch\.m2\repository\io\netty\netty-transport-native-unix-common\4.1.104.Final\netty-transport-native-unix-common-4.1.104.Final.jar;C:\Users\Abdella Hamch\.m2\repository\io\netty\netty-codec\4.1.104.Final\netty-codec-4.1.104.Final.jar;C:\Users\Abdella Hamch\.m2\repository\io\netty\netty-handler-proxy\4.1.104.Final\netty-handler-proxy-4.1.104.Final.jar;C:\Users\Abdella Hamch\.m2\repository\io\netty\netty-codec-socks\4.1.104.Final\netty-codec-socks-4.1.104.Final.jar;C:\Users\Abdella Hamch\.m2\repository\io\netty\netty-resolver-dns\4.1.104.Final\netty-resolver-dns-4.1.104.Final.jar;C:\Users\Abdella Hamch\.m2\repository\io\netty\netty-codec-dns\4.1.104.Final\netty-codec-dns-4.1.104.Final.jar;C:\Users\Abdella Hamch\.m2\repository\io\netty\netty-resolver-dns-native-macos\4.1.104.Final\netty-resolver-dns-native-macos-4.1.104.Final-osx-x86_64.jar;C:\Users\Abdella Hamch\.m2\repository\io\netty\netty-resolver-dns-classes-macos\4.1.104.Final\netty-resolver-dns-classes-macos-4.1.104.Final.jar;C:\Users\Abdella Hamch\.m2\repository\io\netty\netty-transport-native-epoll\4.1.104.Final\netty-transport-native-epoll-4.1.104.Final-linux-x86_64.jar;C:\Users\Abdella Hamch\.m2\repository\io\netty\netty-transport-classes-epoll\4.1.104.Final\netty-transport-classes-epoll-4.1.104.Final.jar;C:\Users\Abdella Hamch\.m2\repository\io\projectreactor\netty\reactor-netty-http\1.1.14\reactor-netty-http-1.1.14.jar;C:\Users\Abdella Hamch\.m2\repository\io\netty\netty-codec-http\4.1.104.Final\netty-codec-http-4.1.104.Final.jar;C:\Users\Abdella Hamch\.m2\repository\io\netty\netty-codec-http2\4.1.104.Final\netty-codec-http2-4.1.104.Final.jar;C:\Users\Abdella Hamch\.m2\repository\io\projectreactor\netty\incubator\reactor-netty-incubator-quic\0.1.14\reactor-netty-incubator-quic-0.1.14.jar;C:\Users\Abdella Hamch\.m2\repository\io\netty\incubator\netty-incubator-codec-native-quic\0.0.54.Final\netty-incubator-codec-native-quic-0.0.54.Final-linux-x86_64.jar;C:\Users\Abdella Hamch\.m2\repository\io\netty\incubator\netty-incubator-codec-classes-quic\0.0.54.Final\netty-incubator-codec-classes-quic-0.0.54.Final.jar;C:\Users\Abdella Hamch\.m2\repository\org\springframework\cloud\spring-cloud-stream\4.1.0\spring-cloud-stream-4.1.0.jar;C:\Users\Abdella Hamch\.m2\repository\org\springframework\boot\spring-boot-starter-validation\3.2.1\spring-boot-starter-validation-3.2.1.jar;C:\Users\Abdella Hamch\.m2\repository\org\hibernate\validator\hibernate-validator\8.0.1.Final\hibernate-validator-8.0.1.Final.jar;C:\Users\Abdella Hamch\.m2\repository\jakarta\validation\jakarta.validation-api\3.0.2\jakarta.validation-api-3.0.2.jar;C:\Users\Abdella Hamch\.m2\repository\org\springframework\spring-messaging\6.1.2\spring-messaging-6.1.2.jar;C:\Users\Abdella Hamch\.m2\repository\org\springframework\retry\spring-retry\2.0.5\spring-retry-2.0.5.jar;C:\Users\Abdella Hamch\.m2\repository\org\springframework\cloud\spring-cloud-function-context\4.1.0\spring-cloud-function-context-4.1.0.jar;C:\Users\Abdella Hamch\.m2\repository\net\jodah\typetools\0.6.2\typetools-0.6.2.jar;C:\Users\Abdella Hamch\.m2\repository\org\springframework\cloud\spring-cloud-function-core\4.1.0\spring-cloud-function-core-4.1.0.jar;C:\Users\Abdella Hamch\.m2\repository\org\jetbrains\kotlin\kotlin-stdlib-jdk8\1.9.21\kotlin-stdlib-jdk8-1.9.21.jar;C:\Users\Abdella Hamch\.m2\repository\org\jetbrains\kotlin\kotlin-stdlib\1.9.21\kotlin-stdlib-1.9.21.jar;C:\Users\Abdella Hamch\.m2\repository\org\jetbrains\annotations\13.0\annotations-13.0.jar;C:\Users\Abdella Hamch\.m2\repository\org\jetbrains\kotlin\kotlin-stdlib-jdk7\1.9.21\kotlin-stdlib-jdk7-1.9.21.jar;C:\Users\Abdella Hamch\.m2\repository\org\springframework\boot\spring-boot-starter-amqp\3.2.1\spring-boot-starter-amqp-3.2.1.jar;C:\Users\Abdella Hamch\.m2\repository\org\springframework\amqp\spring-rabbit\3.1.1\spring-rabbit-3.1.1.jar;C:\Users\Abdella Hamch\.m2\repository\org\springframework\amqp\spring-amqp\3.1.1\spring-amqp-3.1.1.jar;C:\Users\Abdella Hamch\.m2\repository\com\rabbitmq\amqp-client\5.19.0\amqp-client-5.19.0.jar;C:\Users\Abdella Hamch\.m2\repository\org\springframework\integration\spring-integration-amqp\6.2.1\spring-integration-amqp-6.2.1.jar;C:\Users\Abdella Hamch\.m2\repository\org\springframework\integration\spring-integration-core\6.2.1\spring-integration-core-6.2.1.jar;C:\Users\Abdella Hamch\.m2\repository\io\projectreactor\reactor-core\3.6.1\reactor-core-3.6.1.jar;C:\Users\Abdella Hamch\.m2\repository\org\reactivestreams\reactive-streams\1.0.4\reactive-streams-1.0.4.jar;C:\Users\Abdella Hamch\.m2\repository\org\springframework\integration\spring-integration-jmx\6.2.1\spring-integration-jmx-6.2.1.jar;C:\Users\Abdella Hamch\.m2\repository\org\apache\httpcomponents\httpclient\4.5.14\httpclient-4.5.14.jar;C:\Users\Abdella Hamch\.m2\repository\commons-logging\commons-logging\1.2\commons-logging-1.2.jar;C:\Users\Abdella Hamch\.m2\repository\commons-codec\commons-codec\1.16.0\commons-codec-1.16.0.jar;C:\Users\Abdella Hamch\.m2\repository\org\springframework\cloud\spring-cloud-starter-bus-amqp\4.1.0\spring-cloud-starter-bus-amqp-4.1.0.jar;C:\Users\Abdella Hamch\.m2\repository\org\springframework\cloud\spring-cloud-starter-stream-rabbit\4.1.0\spring-cloud-starter-stream-rabbit-4.1.0.jar;C:\Users\Abdella Hamch\.m2\repository\org\springframework\cloud\spring-cloud-bus\4.1.0\spring-cloud-bus-4.1.0.jar;C:\Users\Abdella Hamch\.m2\repository\org\springframework\cloud\spring-cloud-starter-feign\1.4.7.RELEASE\spring-cloud-starter-feign-1.4.7.RELEASE.jar;C:\Users\Abdella Hamch\.m2\repository\org\springframework\cloud\spring-cloud-starter-circuitbreaker-resilience4j\3.1.0\spring-cloud-starter-circuitbreaker-resilience4j-3.1.0.jar;C:\Users\Abdella Hamch\.m2\repository\org\springframework\cloud\spring-cloud-circuitbreaker-resilience4j\3.1.0\spring-cloud-circuitbreaker-resilience4j-3.1.0.jar;C:\Users\Abdella Hamch\.m2\repository\io\github\resilience4j\resilience4j-spring-boot3\2.1.0\resilience4j-spring-boot3-2.1.0.jar;C:\Users\Abdella Hamch\.m2\repository\io\github\resilience4j\resilience4j-spring6\2.1.0\resilience4j-spring6-2.1.0.jar;C:\Users\Abdella Hamch\.m2\repository\io\github\resilience4j\resilience4j-annotations\2.1.0\resilience4j-annotations-2.1.0.jar;C:\Users\Abdella Hamch\.m2\repository\io\github\resilience4j\resilience4j-consumer\2.1.0\resilience4j-consumer-2.1.0.jar;C:\Users\Abdella Hamch\.m2\repository\io\github\resilience4j\resilience4j-circularbuffer\2.1.0\resilience4j-circularbuffer-2.1.0.jar;C:\Users\Abdella Hamch\.m2\repository\io\github\resilience4j\resilience4j-framework-common\2.1.0\resilience4j-framework-common-2.1.0.jar;C:\Users\Abdella Hamch\.m2\repository\io\github\resilience4j\resilience4j-micrometer\2.1.0\resilience4j-micrometer-2.1.0.jar;C:\Users\Abdella Hamch\.m2\repository\io\github\resilience4j\resilience4j-retry\2.1.0\resilience4j-retry-2.1.0.jar;C:\Users\Abdella Hamch\.m2\repository\io\github\resilience4j\resilience4j-ratelimiter\2.1.0\resilience4j-ratelimiter-2.1.0.jar;C:\Users\Abdella Hamch\.m2\repository\io\github\resilience4j\resilience4j-circuitbreaker\2.1.0\resilience4j-circuitbreaker-2.1.0.jar;C:\Users\Abdella Hamch\.m2\repository\io\github\resilience4j\resilience4j-core\2.1.0\resilience4j-core-2.1.0.jar;C:\Users\Abdella Hamch\.m2\repository\io\github\resilience4j\resilience4j-timelimiter\2.1.0\resilience4j-timelimiter-2.1.0.jar;C:\Users\Abdella Hamch\.m2\repository\org\springframework\boot\spring-boot-starter-security\3.2.1\spring-boot-starter-security-3.2.1.jar;C:\Users\Abdella Hamch\.m2\repository\org\springframework\spring-aop\6.1.2\spring-aop-6.1.2.jar;C:\Users\Abdella Hamch\.m2\repository\org\springframework\security\spring-security-config\6.2.1\spring-security-config-6.2.1.jar;C:\Users\Abdella Hamch\.m2\repository\org\springframework\security\spring-security-web\6.2.1\spring-security-web-6.2.1.jar;C:\Users\Abdella Hamch\.m2\repository\org\keycloak\keycloak-spring-boot-starter\21.0.2\keycloak-spring-boot-starter-21.0.2.jar;C:\Users\Abdella Hamch\.m2\repository\org\keycloak\keycloak-spring-boot-2-adapter\21.0.2\keycloak-spring-boot-2-adapter-21.0.2.jar;C:\Users\Abdella Hamch\.m2\repository\org\keycloak\keycloak-spring-boot-adapter-core\21.0.2\keycloak-spring-boot-adapter-core-21.0.2.jar;C:\Users\Abdella Hamch\.m2\repository\org\keycloak\keycloak-core\21.0.2\keycloak-core-21.0.2.jar;C:\Users\Abdella Hamch\.m2\repository\org\keycloak\keycloak-common\21.0.2\keycloak-common-21.0.2.jar;C:\Users\Abdella Hamch\.m2\repository\com\sun\activation\jakarta.activation\1.2.2\jakarta.activation-1.2.2.jar;C:\Users\Abdella Hamch\.m2\repository\org\keycloak\keycloak-authz-client\21.0.2\keycloak-authz-client-21.0.2.jar;C:\Users\Abdella Hamch\.m2\repository\org\keycloak\spring-boot-container-bundle\21.0.2\spring-boot-container-bundle-21.0.2.jar;C:\Users\Abdella Hamch\.m2\repository\org\keycloak\keycloak-adapter-core\21.0.2\keycloak-adapter-core-21.0.2.jar;C:\Users\Abdella Hamch\.m2\repository\org\keycloak\keycloak-crypto-default\21.0.2\keycloak-crypto-default-21.0.2.jar;C:\Users\Abdella Hamch\.m2\repository\org\keycloak\keycloak-server-spi\21.0.2\keycloak-server-spi-21.0.2.jar;C:\Users\Abdella Hamch\.m2\repository\org\keycloak\keycloak-server-spi-private\21.0.2\keycloak-server-spi-private-21.0.2.jar;C:\Users\Abdella Hamch\.m2\repository\org\bouncycastle\bcpkix-jdk15on\1.70\bcpkix-jdk15on-1.70.jar;C:\Users\Abdella Hamch\.m2\repository\org\bouncycastle\bcutil-jdk15on\1.70\bcutil-jdk15on-1.70.jar;C:\Users\Abdella Hamch\.m2\repository\org\keycloak\keycloak-spring-security-adapter\21.0.2\keycloak-spring-security-adapter-21.0.2.jar;C:\Users\Abdella Hamch\.m2\repository\org\keycloak\keycloak-adapter-spi\21.0.2\keycloak-adapter-spi-21.0.2.jar;C:\Users\Abdella Hamch\.m2\repository\org\bouncycastle\bcprov-jdk15on\1.70\bcprov-jdk15on-1.70.jar;C:\Users\Abdella Hamch\.m2\repository\org\springframework\security\spring-security-core\6.2.1\spring-security-core-6.2.1.jar;C:\Users\Abdella Hamch\.m2\repository\org\springframework\security\spring-security-crypto\6.2.1\spring-security-crypto-6.2.1.jar;C:\Users\Abdella Hamch\.m2\repository\org\springframework\spring-core\6.1.2\spring-core-6.1.2.jar;C:\Users\Abdella Hamch\.m2\repository\org\springframework\spring-jcl\6.1.2\spring-jcl-6.1.2.jar;C:\Users\Abdella Hamch\.m2\repository\org\projectlombok\lombok\1.18.30\lombok-1.18.30.jar;C:\Users\Abdella Hamch\.m2\repository\com\mysql\mysql-connector-j\8.1.0\mysql-connector-j-8.1.0.jar;C:\Users\Abdella Hamch\.m2\repository\com\jayway\jsonpath\json-path\2.8.0\json-path-2.8.0.jar;C:\Users\Abdella Hamch\.m2\repository\jakarta\xml\bind\jakarta.xml.bind-api\4.0.1\jakarta.xml.bind-api-4.0.1.jar;C:\Users\Abdella Hamch\.m2\repository\jakarta\activation\jakarta.activation-api\2.1.2\jakarta.activation-api-2.1.2.jar;C:\Users\Abdella Hamch\.m2\repository\net\minidev\json-smart\2.5.0\json-smart-2.5.0.jar;C:\Users\Abdella Hamch\.m2\repository\net\minidev\accessors-smart\2.5.0\accessors-smart-2.5.0.jar;C:\Users\Abdella Hamch\.m2\repository\org\ow2\asm\asm\9.3\asm-9.3.jar;C:\Users\Abdella Hamch\.m2\repository\org\springframework\cloud\spring-cloud-starter-bootstrap\3.0.1\spring-cloud-starter-bootstrap-3.0.1.jar;C:\Users\Abdella Hamch\.m2\repository\org\springframework\hateoas\spring-hateoas\2.2.0\spring-hateoas-2.2.0.jar;C:\Users\Abdella Hamch\.m2\repository\org\springframework\spring-beans\6.1.2\spring-beans-6.1.2.jar;C:\Users\Abdella Hamch\.m2\repository\org\springframework\spring-context\6.1.2\spring-context-6.1.2.jar;C:\Users\Abdella Hamch\.m2\repository\org\springframework\plugin\spring-plugin-core\3.0.0\spring-plugin-core-3.0.0.jar;C:\Users\Abdella Hamch\.m2\repository\org\slf4j\slf4j-api\2.0.9\slf4j-api-2.0.9.jar;C:\Users\Abdella Hamch\.m2\repository\org\springframework\data\spring-data-rest-core\4.2.1\spring-data-rest-core-4.2.1.jar;C:\Users\Abdella Hamch\.m2\repository\org\springframework\spring-tx\6.1.2\spring-tx-6.1.2.jar;C:\Users\Abdella Hamch\.m2\repository\org\springframework\data\spring-data-commons\3.2.1\spring-data-commons-3.2.1.jar;C:\Users\Abdella Hamch\.m2\repository\org\atteo\evo-inflector\1.3\evo-inflector-1.3.jar;C:\Users\Abdella Hamch\.m2\repository\com\fasterxml\jackson\core\jackson-annotations\2.15.3\jackson-annotations-2.15.3.jar;C:\Users\Abdella Hamch\.m2\repository\com\fasterxml\jackson\datatype\jackson-datatype-jdk8\2.15.3\jackson-datatype-jdk8-2.15.3.jar;C:\Users\Abdella Hamch\.m2\repository\org\springframework\boot\spring-boot-starter-hateoas\3.2.1\spring-boot-starter-hateoas-3.2.1.jar;C:\Users\Abdella Hamch\.m2\repository\org\springframework\cloud\spring-cloud-starter-openfeign\4.1.0\spring-cloud-starter-openfeign-4.1.0.jar;C:\Users\Abdella Hamch\.m2\repository\org\springframework\cloud\spring-cloud-openfeign-core\4.1.0\spring-cloud-openfeign-core-4.1.0.jar;C:\Users\Abdella Hamch\.m2\repository\io\github\openfeign\form\feign-form-spring\3.8.0\feign-form-spring-3.8.0.jar;C:\Users\Abdella Hamch\.m2\repository\io\github\openfeign\form\feign-form\3.8.0\feign-form-3.8.0.jar;C:\Users\Abdella Hamch\.m2\repository\commons-fileupload\commons-fileupload\1.5\commons-fileupload-1.5.jar;C:\Users\Abdella Hamch\.m2\repository\commons-io\commons-io\2.11.0\commons-io-2.11.0.jar;C:\Users\Abdella Hamch\.m2\repository\org\springframework\cloud\spring-cloud-commons\4.1.0\spring-cloud-commons-4.1.0.jar;C:\Users\Abdella Hamch\.m2\repository\io\github\openfeign\feign-core\13.1\feign-core-13.1.jar;C:\Users\Abdella Hamch\.m2\repository\io\github\openfeign\feign-slf4j\13.1\feign-slf4j-13.1.jar
Launcher Type: SUN_STANDARD

[Global flags]
     intx CICompilerCount                          = 12                                        {product} {ergonomic}
     uint ConcGCThreads                            = 3                                         {product} {ergonomic}
     uint G1ConcRefinementThreads                  = 13                                        {product} {ergonomic}
   size_t G1HeapRegionSize                         = 1048576                                   {product} {ergonomic}
    uintx GCDrainStackTargetSize                   = 64                                        {product} {ergonomic}
   size_t InitialHeapSize                          = 132120576                                 {product} {ergonomic}
   size_t MarkStackSize                            = 4194304                                   {product} {ergonomic}
   size_t MaxHeapSize                              = 2090860544                                {product} {ergonomic}
   size_t MaxNewSize                               = 1254096896                                {product} {ergonomic}
   size_t MinHeapDeltaBytes                        = 1048576                                   {product} {ergonomic}
   size_t MinHeapSize                              = 8388608                                   {product} {ergonomic}
    uintx NonNMethodCodeHeapSize                   = 7602480                                {pd product} {ergonomic}
    uintx NonProfiledCodeHeapSize                  = 122027880                              {pd product} {ergonomic}
    uintx ProfiledCodeHeapSize                     = 122027880                              {pd product} {ergonomic}
    uintx ReservedCodeCacheSize                    = 251658240                              {pd product} {ergonomic}
     bool SegmentedCodeCache                       = true                                      {product} {ergonomic}
     bool ShowCodeDetailsInExceptionMessages       = true                                   {manageable} {command line}
   size_t SoftMaxHeapSize                          = 2090860544                             {manageable} {ergonomic}
     bool UseCompressedOops                        = true                           {product lp64_product} {ergonomic}
     bool UseG1GC                                  = true                                      {product} {ergonomic}
     bool UseLargePagesIndividualAllocation        = false                                  {pd product} {ergonomic}

Logging:
Log output configuration:
 #0: stdout all=warning uptime,level,tags foldmultilines=false
 #1: stderr all=off uptime,level,tags foldmultilines=false

Environment Variables:
JAVA_HOME=C:\Program Files\Java\jdk-21
PATH=C:/Users/Abdella Hamch/.p2/pool/plugins/org.eclipse.justj.openjdk.hotspot.jre.full.win32.x86_64_23.0.0.v20240919-1706/jre/bin/server;C:/Users/Abdella Hamch/.p2/pool/plugins/org.eclipse.justj.openjdk.hotspot.jre.full.win32.x86_64_23.0.0.v20240919-1706/jre/bin;C:\ProgramData\Oracle\Java\javapath;C:\Program Files\Common Files\Oracle\Java\javapath;C:\Python312\Scripts\;C:\Python312\;C:\Python311\Scripts\;C:\Python311\;C:\windows\system32;C:\windows;C:\windows\System32\Wbem;C:\windows\System32\WindowsPowerShell\v1.0\;C:\windows\System32\OpenSSH\;C:\Program Files (x86)\Microsoft SQL Server\160\DTS\Binn\;C:\Program Files\Azure Data Studio\bin;C:\ProgramData\chocolatey\bin;C:\Program Files\Java\jdk-17\bin;C:\Program Files\PuTTY\;C:\Program Files\Microsoft SQL Server\Client SDK\ODBC\170\Tools\Binn\;C:\Program Files (x86)\Microsoft SQL Server\150\Tools\Binn\;C:\Program Files\Microsoft SQL Server\150\Tools\Binn\;C:\Program Files\Microsoft SQL Server\150\DTS\Binn\;C:\Program Files (x86)\Microsoft SQL Server\160\Tools\Binn\;C:\Program Files\Microsoft SQL Server\160\Tools\Binn\;C:\Program Files\Microsoft SQL Server\160\DTS\Binn\;C:\Program Files\Microsoft SQL Server\130\DTS\Binn\;C:\Program Files\Microsoft SQL Server\140\DTS\Binn\;C:\Program Files\nodejs\;C:\Program Files\Docker\Docker\resources\bin;C:\Program Files\Git\cmd;C:\Users\Abdella Hamch\AppData\Local\Microsoft\WindowsApps;C:\Program Files\Azure Data Studio\bin;C:\Users\Abdella Hamch\AppData\Local\GitHubDesktop\bin;C:\Program Files\Java\jdk-21\bin;C:\Program Files\nodejs;C:\Users\Abdella Hamch\AppData\Roaming\npm\ng.ps1;C:\Users\Abdella Hamch\AppData\Local\JetBrains\Toolbox\scripts;C:\Users\Abdella Hamch\AppData\Roaming\npm;C:\Program Files\Java\jdk-21;C:\Program Files\Erlang OTP\bin;C:\Program Files\RabbitMQ Server\rabbitmq_server-4.0.2\sbin;C:\Users\Abdella Hamch\AppData\Local\Programs\Microsoft VS Code\bin;B:\Java091024\pgsql\bin;;C:\windows\system32;
USERNAME=A.HAMCH
OS=Windows_NT
PROCESSOR_IDENTIFIER=Intel64 Family 6 Model 165 Stepping 5, GenuineIntel
TMP=C:\Users\ABDELL~1\AppData\Local\Temp
TEMP=C:\Users\ABDELL~1\AppData\Local\Temp




Periodic native trim disabled

---------------  S Y S T E M  ---------------

OS:
 Windows 11 , 64 bit Build 22000 (10.0.22000.1516)
OS uptime: 1 days 20:35 hours
Hyper-V role detected

CPU: total 16 (initial active 16) (8 cores per cpu, 2 threads per core) family 6 model 165 stepping 5 microcode 0xfc, cx8, cmov, fxsr, ht, mmx, 3dnowpref, sse, sse2, sse3, ssse3, sse4.1, sse4.2, popcnt, lzcnt, tsc, tscinvbit, avx, avx2, aes, erms, clmul, bmi1, bmi2, adx, fma, vzeroupper, clflush, clflushopt, hv, rdtscp, f16c
Processor Information for all 16 processors :
  Max Mhz: 2904, Current Mhz: 2904, Mhz Limit: 2904

Memory: 4k page, system-wide physical 7968M (200M free)
TotalPageFile size 32544M (AvailPageFile size 12M)
current process WorkingSet (physical memory assigned to process): 154M, peak: 326M
current process commit charge ("private bytes"): 440M, peak: 450M

vm_info: Java HotSpot(TM) 64-Bit Server VM (21.0.6+8-LTS-188) for windows-amd64 JRE (21.0.6+8-LTS-188), built on 2024-12-03T10:50:54Z by "mach5one" with MS VC++ 17.6 (VS2022)

END.
