#
# There is insufficient memory for the Java Runtime Environment to continue.
# Native memory allocation (malloc) failed to allocate 1141728 bytes for Chunk::new
# Possible reasons:
#   The system is out of physical RAM or swap space
#   The process is running with CompressedOops enabled, and the Java Heap may be blocking the growth of the native heap
# Possible solutions:
#   Reduce memory load on the system
#   Increase physical memory or swap space
#   Check if swap backing store is full
#   Decrease Java heap size (-Xmx/-Xms)
#   Decrease number of Java threads
#   Decrease Java thread stack sizes (-Xss)
#   Set larger code cache with -XX:ReservedCodeCacheSize=
#   JVM is running with Unscaled Compressed Oops mode in which the Java heap is
#     placed in the first 4GB address space. The Java Heap base address is the
#     maximum limit for the native heap growth. Please use -XX:HeapBaseMinAddress
#     to set the Java Heap base and to place the Java Heap above 4GB virtual address.
# This output file may be truncated or incomplete.
#
#  Out of Memory Error (arena.cpp:168), pid=16856, tid=15496
#
# JRE version: Java(TM) SE Runtime Environment (21.0.6+8) (build 21.0.6+8-LTS-188)
# Java VM: Java HotSpot(TM) 64-Bit Server VM (21.0.6+8-LTS-188, mixed mode, sharing, tiered, compressed oops, compressed class ptrs, g1 gc, windows-amd64)
# No core dump will be written. Minidumps are not enabled by default on client versions of Windows
#

---------------  S U M M A R Y ------------

Command Line: -Dfile.encoding=UTF-8 -Dstdout.encoding=UTF-8 -Dstderr.encoding=UTF-8 -XX:+ShowCodeDetailsInExceptionMessages com.hamch.apigatewayservice.ApiGatewayServiceApplication

Host: Intel(R) Core(TM) i7-10700 CPU @ 2.90GHz, 16 cores, 7G,  Windows 11 , 64 bit Build 22000 (10.0.22000.2538)
Time: Thu Jul 24 09:15:45 2025 Maroc (heure d64 bit Build 22000 (10.0.22000.2538) elapsed time: 160841.703145 seconds (1d 20h 40m 41s)

---------------  T H R E A D  ---------------

Current thread (0x000001c01e6ca6b0):  JavaThread "C2 CompilerThread0" daemon [_thread_in_native, id=15496, stack(0x0000000cab600000,0x0000000cab700000) (1024K)]


Current CompileTask:
C2:160841703 17580 % !   4       org.springframework.beans.factory.support.DefaultListableBeanFactory::doGetBeanNamesForType @ 20 (505 bytes)

Stack: [0x0000000cab600000,0x0000000cab700000]
Native frames: (J=compiled Java code, j=interpreted, Vv=VM code, C=native code)
V  [jvm.dll+0x6ca6d9]
V  [jvm.dll+0x854f51]
V  [jvm.dll+0x85747e]
V  [jvm.dll+0x857b53]
V  [jvm.dll+0x27dcc6]
V  [jvm.dll+0xc4c2d]
V  [jvm.dll+0xc5163]
V  [jvm.dll+0x3b515c]
V  [jvm.dll+0x381855]
V  [jvm.dll+0x380cca]
V  [jvm.dll+0x246920]
V  [jvm.dll+0x245eff]
V  [jvm.dll+0x1c6d2e]
V  [jvm.dll+0x2554f9]
V  [jvm.dll+0x253a8a]
V  [jvm.dll+0x3ee576]
V  [jvm.dll+0x7ff2fb]
V  [jvm.dll+0x6c8dbd]
C  [ucrtbase.dll+0x26c0c]
C  [KERNEL32.DLL+0x153e0]
C  [ntdll.dll+0x485b]


---------------  P R O C E S S  ---------------

Threads class SMR info:
_java_thread_list=0x000001c065cbad20, length=73, elements={
0x000001c01e6b0400, 0x000001c01e6b3730, 0x000001c01e6b9d00, 0x000001c01e6babe0,
0x000001c01e6bb760, 0x000001c01e6bf7e0, 0x000001c01e6ca6b0, 0x000001c01e6cb270,
0x000001c01e979660, 0x000001c01e99fa60, 0x000001c066ab14c0, 0x000001c066aae6d0,
0x000001c066aaed60, 0x000001c066ab1b50, 0x000001c068899840, 0x000001c06889abf0,
0x000001c06889b910, 0x000001c06889a560, 0x000001c06889b280, 0x000001c067610990,
0x000001c06760e8c0, 0x000001c06760f5e0, 0x000001c067611020, 0x000001c0676130f0,
0x000001c067610300, 0x000001c0676116b0, 0x000001c0676123d0, 0x000001c067612a60,
0x000001c06a15daf0, 0x000001c06a007140, 0x000001c06a005700, 0x000001c06a008b80,
0x000001c06a009f30, 0x000001c06a00a5c0, 0x000001c06a004350, 0x000001c06a005d90,
0x000001c06ac5cd20, 0x000001c06ac5e760, 0x000001c06ac5b970, 0x000001c06ac61550,
0x000001c06ac5c000, 0x000001c06ac5fb10, 0x000001c06ac5d3b0, 0x000001c06ac5da40,
0x000001c06ac5c690, 0x000001c06ac61be0, 0x000001c06ac62270, 0x000001c06ac60830,
0x000001c06ac5b2e0, 0x000001c06ac5f480, 0x000001c06ac62900, 0x000001c06760c7f0,
0x000001c06a002fa0, 0x000001c06a0049e0, 0x000001c06a003630, 0x000001c068e2c3a0,
0x000001c068e2d750, 0x000001c068e2b680, 0x000001c068e2bd10, 0x000001c068e2f190,
0x000001c06a15ad00, 0x000001c06a1608e0, 0x000001c06a160f70, 0x000001c06a15e180,
0x000001c06a160250, 0x000001c06a161600, 0x000001c06a15c740, 0x000001c067613780,
0x000001c068e2a960, 0x000001c06a006ab0, 0x000001c06a006420, 0x000001c066abdc30,
0x000001c06a15f530
}

Java Threads: ( => current thread )
  0x000001c01e6b0400 JavaThread "Reference Handler"          daemon [_thread_blocked, id=4436, stack(0x0000000cab000000,0x0000000cab100000) (1024K)]
  0x000001c01e6b3730 JavaThread "Finalizer"                  daemon [_thread_blocked, id=17808, stack(0x0000000cab100000,0x0000000cab200000) (1024K)]
  0x000001c01e6b9d00 JavaThread "Signal Dispatcher"          daemon [_thread_blocked, id=13724, stack(0x0000000cab200000,0x0000000cab300000) (1024K)]
  0x000001c01e6babe0 JavaThread "Attach Listener"            daemon [_thread_blocked, id=1124, stack(0x0000000cab300000,0x0000000cab400000) (1024K)]
  0x000001c01e6bb760 JavaThread "Service Thread"             daemon [_thread_blocked, id=11864, stack(0x0000000cab400000,0x0000000cab500000) (1024K)]
  0x000001c01e6bf7e0 JavaThread "Monitor Deflation Thread"   daemon [_thread_blocked, id=1052, stack(0x0000000cab500000,0x0000000cab600000) (1024K)]
=>0x000001c01e6ca6b0 JavaThread "C2 CompilerThread0"         daemon [_thread_in_native, id=15496, stack(0x0000000cab600000,0x0000000cab700000) (1024K)]
  0x000001c01e6cb270 JavaThread "C1 CompilerThread0"         daemon [_thread_blocked, id=5816, stack(0x0000000cab700000,0x0000000cab800000) (1024K)]
  0x000001c01e979660 JavaThread "Notification Thread"        daemon [_thread_blocked, id=3792, stack(0x0000000caba00000,0x0000000cabb00000) (1024K)]
  0x000001c01e99fa60 JavaThread "Common-Cleaner"             daemon [_thread_blocked, id=1224, stack(0x0000000cabb00000,0x0000000cabc00000) (1024K)]
  0x000001c066ab14c0 JavaThread "Catalina-utility-1"                [_thread_blocked, id=17560, stack(0x0000000cac300000,0x0000000cac400000) (1024K)]
  0x000001c066aae6d0 JavaThread "Catalina-utility-2"                [_thread_blocked, id=19412, stack(0x0000000cad000000,0x0000000cad100000) (1024K)]
  0x000001c066aaed60 JavaThread "container-0"                       [_thread_blocked, id=17628, stack(0x0000000cad100000,0x0000000cad200000) (1024K)]
  0x000001c066ab1b50 JavaThread "spring.cloud.inetutils"     daemon [_thread_blocked, id=4300, stack(0x0000000cad200000,0x0000000cad300000) (1024K)]
  0x000001c068899840 JavaThread "boundedElastic-evictor-1"   daemon [_thread_blocked, id=19356, stack(0x0000000cad300000,0x0000000cad400000) (1024K)]
  0x000001c06889abf0 JavaThread "catalogWatchTaskScheduler-1"        [_thread_in_native, id=18340, stack(0x0000000cad400000,0x0000000cad500000) (1024K)]
  0x000001c06889b910 JavaThread "http-nio-8080-exec-1"       daemon [_thread_blocked, id=11936, stack(0x0000000cad500000,0x0000000cad600000) (1024K)]
  0x000001c06889a560 JavaThread "http-nio-8080-exec-2"       daemon [_thread_blocked, id=19316, stack(0x0000000cad600000,0x0000000cad700000) (1024K)]
  0x000001c06889b280 JavaThread "http-nio-8080-exec-3"       daemon [_thread_blocked, id=13536, stack(0x0000000cad700000,0x0000000cad800000) (1024K)]
  0x000001c067610990 JavaThread "http-nio-8080-exec-4"       daemon [_thread_blocked, id=19152, stack(0x0000000cad800000,0x0000000cad900000) (1024K)]
  0x000001c06760e8c0 JavaThread "http-nio-8080-exec-5"       daemon [_thread_blocked, id=15188, stack(0x0000000cad900000,0x0000000cada00000) (1024K)]
  0x000001c06760f5e0 JavaThread "http-nio-8080-exec-6"       daemon [_thread_blocked, id=11880, stack(0x0000000cada00000,0x0000000cadb00000) (1024K)]
  0x000001c067611020 JavaThread "http-nio-8080-exec-7"       daemon [_thread_blocked, id=19248, stack(0x0000000cadb00000,0x0000000cadc00000) (1024K)]
  0x000001c0676130f0 JavaThread "http-nio-8080-exec-8"       daemon [_thread_blocked, id=5200, stack(0x0000000cadc00000,0x0000000cadd00000) (1024K)]
  0x000001c067610300 JavaThread "http-nio-8080-exec-9"       daemon [_thread_blocked, id=17620, stack(0x0000000cadd00000,0x0000000cade00000) (1024K)]
  0x000001c0676116b0 JavaThread "http-nio-8080-exec-10"      daemon [_thread_blocked, id=19168, stack(0x0000000cade00000,0x0000000cadf00000) (1024K)]
  0x000001c0676123d0 JavaThread "http-nio-8080-Poller"       daemon [_thread_in_native, id=15388, stack(0x0000000cadf00000,0x0000000cae000000) (1024K)]
  0x000001c067612a60 JavaThread "http-nio-8080-Acceptor"     daemon [_thread_in_native, id=2236, stack(0x0000000cae000000,0x0000000cae100000) (1024K)]
  0x000001c06a15daf0 JavaThread "DestroyJavaVM"                     [_thread_blocked, id=5052, stack(0x0000000caa800000,0x0000000caa900000) (1024K)]
  0x000001c06a007140 JavaThread "parallel-1"                 daemon [_thread_blocked, id=14788, stack(0x0000000caf900000,0x0000000cafa00000) (1024K)]
  0x000001c06a005700 JavaThread "pool-7-thread-1"            daemon [_thread_blocked, id=2552, stack(0x0000000cafb00000,0x0000000cafc00000) (1024K)]
  0x000001c06a008b80 JavaThread "reactor-http-nio-1"         daemon [_thread_in_native, id=23284, stack(0x0000000cafc00000,0x0000000cafd00000) (1024K)]
  0x000001c06a009f30 JavaThread "reactor-http-nio-2"         daemon [_thread_in_native, id=20428, stack(0x0000000cafd00000,0x0000000cafe00000) (1024K)]
  0x000001c06a00a5c0 JavaThread "reactor-http-nio-3"         daemon [_thread_in_native, id=24340, stack(0x0000000cafe00000,0x0000000caff00000) (1024K)]
  0x000001c06a004350 JavaThread "reactor-http-nio-4"         daemon [_thread_in_native, id=23088, stack(0x0000000caff00000,0x0000000cb0000000) (1024K)]
  0x000001c06a005d90 JavaThread "reactor-http-nio-5"         daemon [_thread_in_native, id=23800, stack(0x0000000cb0000000,0x0000000cb0100000) (1024K)]
  0x000001c06ac5cd20 JavaThread "reactor-http-nio-6"         daemon [_thread_in_native, id=1992, stack(0x0000000cb0100000,0x0000000cb0200000) (1024K)]
  0x000001c06ac5e760 JavaThread "reactor-http-nio-7"         daemon [_thread_in_native, id=19340, stack(0x0000000cb0200000,0x0000000cb0300000) (1024K)]
  0x000001c06ac5b970 JavaThread "reactor-http-nio-8"         daemon [_thread_in_native, id=20468, stack(0x0000000cb0300000,0x0000000cb0400000) (1024K)]
  0x000001c06ac61550 JavaThread "reactor-http-nio-9"         daemon [_thread_in_native, id=23796, stack(0x0000000cb0400000,0x0000000cb0500000) (1024K)]
  0x000001c06ac5c000 JavaThread "reactor-http-nio-10"        daemon [_thread_in_native, id=23652, stack(0x0000000cb0500000,0x0000000cb0600000) (1024K)]
  0x000001c06ac5fb10 JavaThread "reactor-http-nio-11"        daemon [_thread_in_native, id=18260, stack(0x0000000cb0600000,0x0000000cb0700000) (1024K)]
  0x000001c06ac5d3b0 JavaThread "reactor-http-nio-12"        daemon [_thread_in_native, id=13500, stack(0x0000000cb0700000,0x0000000cb0800000) (1024K)]
  0x000001c06ac5da40 JavaThread "reactor-http-nio-13"        daemon [_thread_in_native, id=13168, stack(0x0000000cb0800000,0x0000000cb0900000) (1024K)]
  0x000001c06ac5c690 JavaThread "reactor-http-nio-14"        daemon [_thread_in_native, id=1480, stack(0x0000000cb0900000,0x0000000cb0a00000) (1024K)]
  0x000001c06ac61be0 JavaThread "reactor-http-nio-15"        daemon [_thread_in_native, id=17492, stack(0x0000000cb0c00000,0x0000000cb0d00000) (1024K)]
  0x000001c06ac62270 JavaThread "reactor-http-nio-16"        daemon [_thread_in_native, id=20436, stack(0x0000000cb0e00000,0x0000000cb0f00000) (1024K)]
  0x000001c06ac60830 JavaThread "Jndi-Dns-address-change-listener" daemon [_thread_in_native, id=1188, stack(0x0000000cb0f00000,0x0000000cb1000000) (1024K)]
  0x000001c06ac5b2e0 JavaThread "parallel-2"                 daemon [_thread_blocked, id=22024, stack(0x0000000cafa00000,0x0000000cafb00000) (1024K)]
  0x000001c06ac5f480 JavaThread "parallel-3"                 daemon [_thread_blocked, id=16200, stack(0x0000000cb1200000,0x0000000cb1300000) (1024K)]
  0x000001c06ac62900 JavaThread "parallel-4"                 daemon [_thread_blocked, id=16312, stack(0x0000000cb1000000,0x0000000cb1100000) (1024K)]
  0x000001c06760c7f0 JavaThread "parallel-5"                 daemon [_thread_blocked, id=12508, stack(0x0000000cb1100000,0x0000000cb1200000) (1024K)]
  0x000001c06a002fa0 JavaThread "parallel-6"                 daemon [_thread_blocked, id=11348, stack(0x0000000caf100000,0x0000000caf200000) (1024K)]
  0x000001c06a0049e0 JavaThread "parallel-7"                 daemon [_thread_blocked, id=18296, stack(0x0000000caf000000,0x0000000caf100000) (1024K)]
  0x000001c06a003630 JavaThread "parallel-8"                 daemon [_thread_blocked, id=21808, stack(0x0000000caf300000,0x0000000caf400000) (1024K)]
  0x000001c068e2c3a0 JavaThread "parallel-9"                 daemon [_thread_blocked, id=5376, stack(0x0000000caa600000,0x0000000caa700000) (1024K)]
  0x000001c068e2d750 JavaThread "parallel-10"                daemon [_thread_blocked, id=23108, stack(0x0000000cab800000,0x0000000cab900000) (1024K)]
  0x000001c068e2b680 JavaThread "parallel-11"                daemon [_thread_blocked, id=22836, stack(0x0000000cab900000,0x0000000caba00000) (1024K)]
  0x000001c068e2bd10 JavaThread "parallel-12"                daemon [_thread_blocked, id=6464, stack(0x0000000cabc00000,0x0000000cabd00000) (1024K)]
  0x000001c068e2f190 JavaThread "parallel-13"                daemon [_thread_blocked, id=20760, stack(0x0000000cac200000,0x0000000cac300000) (1024K)]
  0x000001c06a15ad00 JavaThread "parallel-14"                daemon [_thread_blocked, id=9792, stack(0x0000000cae700000,0x0000000cae800000) (1024K)]
  0x000001c06a1608e0 JavaThread "parallel-15"                daemon [_thread_blocked, id=21352, stack(0x0000000caeb00000,0x0000000caec00000) (1024K)]
  0x000001c06a160f70 JavaThread "parallel-16"                daemon [_thread_blocked, id=18480, stack(0x0000000caec00000,0x0000000caed00000) (1024K)]
  0x000001c06a15e180 JavaThread "boundedElastic-407"         daemon [_thread_blocked, id=18600, stack(0x0000000cae200000,0x0000000cae300000) (1024K)]
  0x000001c06a160250 JavaThread "boundedElastic-427"         daemon [_thread_blocked, id=17196, stack(0x0000000cae400000,0x0000000cae500000) (1024K)]
  0x000001c06a161600 JavaThread "boundedElastic-430"         daemon [_thread_blocked, id=21044, stack(0x0000000cae800000,0x0000000cae900000) (1024K)]
  0x000001c06a15c740 JavaThread "boundedElastic-434"         daemon [_thread_blocked, id=7684, stack(0x0000000caee00000,0x0000000caef00000) (1024K)]
  0x000001c067613780 JavaThread "boundedElastic-439"         daemon [_thread_blocked, id=25644, stack(0x0000000cb0a00000,0x0000000cb0b00000) (1024K)]
  0x000001c068e2a960 JavaThread "boundedElastic-444"         daemon [_thread_blocked, id=7196, stack(0x0000000cb1700000,0x0000000cb1800000) (1024K)]
  0x000001c06a006ab0 JavaThread "boundedElastic-446"         daemon [_thread_blocked, id=26844, stack(0x0000000cae100000,0x0000000cae200000) (1024K)]
  0x000001c06a006420 JavaThread "boundedElastic-447"         daemon [_thread_blocked, id=17652, stack(0x0000000cac800000,0x0000000cac900000) (1024K)]
  0x000001c066abdc30 JavaThread "C1 CompilerThread1"         daemon [_thread_blocked, id=25696, stack(0x0000000caa700000,0x0000000caa800000) (1024K)]
  0x000001c06a15f530 JavaThread "springCloudBus.anonymous.WIILpvDzSPCFwYDWVnO8Zw-17"        [_thread_blocked, id=12784, stack(0x0000000caca00000,0x0000000cacb00000) (1024K)]
Total: 73

Other Threads:
  0x000001c01e699150 VMThread "VM Thread"                           [id=14964, stack(0x0000000caaf00000,0x0000000cab000000) (1024K)]
  0x000001c01e6868b0 WatcherThread "VM Periodic Task Thread"        [id=6308, stack(0x0000000caae00000,0x0000000caaf00000) (1024K)]
  0x000001c07f2f4ac0 WorkerThread "GC Thread#0"                     [id=3996, stack(0x0000000caa900000,0x0000000caaa00000) (1024K)]
  0x000001c064561ba0 WorkerThread "GC Thread#1"                     [id=8396, stack(0x0000000cabd00000,0x0000000cabe00000) (1024K)]
  0x000001c064561f40 WorkerThread "GC Thread#2"                     [id=10012, stack(0x0000000cabe00000,0x0000000cabf00000) (1024K)]
  0x000001c064562680 WorkerThread "GC Thread#3"                     [id=5312, stack(0x0000000cabf00000,0x0000000cac000000) (1024K)]
  0x000001c0645622e0 WorkerThread "GC Thread#4"                     [id=4400, stack(0x0000000cac000000,0x0000000cac100000) (1024K)]
  0x000001c064ccea20 WorkerThread "GC Thread#5"                     [id=11548, stack(0x0000000cac100000,0x0000000cac200000) (1024K)]
  0x000001c064cd0380 WorkerThread "GC Thread#6"                     [id=2960, stack(0x0000000cac400000,0x0000000cac500000) (1024K)]
  0x000001c064ccffe0 WorkerThread "GC Thread#7"                     [id=1252, stack(0x0000000cac500000,0x0000000cac600000) (1024K)]
  0x000001c064ccf8a0 WorkerThread "GC Thread#8"                     [id=12768, stack(0x0000000cac600000,0x0000000cac700000) (1024K)]
  0x000001c064ccfc40 WorkerThread "GC Thread#9"                     [id=17300, stack(0x0000000cac700000,0x0000000cac800000) (1024K)]
  0x000001c064cd0ac0 WorkerThread "GC Thread#10"                    [id=12780, stack(0x0000000cacb00000,0x0000000cacc00000) (1024K)]
  0x000001c064cd2080 WorkerThread "GC Thread#11"                    [id=16112, stack(0x0000000cacc00000,0x0000000cacd00000) (1024K)]
  0x000001c064cd0720 WorkerThread "GC Thread#12"                    [id=23308, stack(0x0000000cacd00000,0x0000000cace00000) (1024K)]
  0x000001c07f344010 ConcurrentGCThread "G1 Main Marker"            [id=8704, stack(0x0000000caaa00000,0x0000000caab00000) (1024K)]
  0x000001c07f345720 WorkerThread "G1 Conc#0"                       [id=752, stack(0x0000000caab00000,0x0000000caac00000) (1024K)]
  0x000001c064ccf500 WorkerThread "G1 Conc#1"                       [id=18796, stack(0x0000000cace00000,0x0000000cacf00000) (1024K)]
  0x000001c064cd1200 WorkerThread "G1 Conc#2"                       [id=6484, stack(0x0000000cacf00000,0x0000000cad000000) (1024K)]
  0x000001c01e554a00 ConcurrentGCThread "G1 Refine#0"               [id=11524, stack(0x0000000caac00000,0x0000000caad00000) (1024K)]
  0x000001c01e555380 ConcurrentGCThread "G1 Service"                [id=6312, stack(0x0000000caad00000,0x0000000caae00000) (1024K)]
Total: 21

Threads with active compile tasks:
C2 CompilerThread0  160841806 17580 % !   4       org.springframework.beans.factory.support.DefaultListableBeanFactory::doGetBeanNamesForType @ 20 (505 bytes)
Total: 1

VM state: not at safepoint (normal execution)

VM Mutex/Monitor currently owned by a thread: None

Heap address: 0x0000000083600000, size: 1994 MB, Compressed Oops mode: 32-bit

CDS archive(s) mapped at: [0x000001c01f000000-0x000001c01fc90000-0x000001c01fc90000), size 13172736, SharedBaseAddress: 0x000001c01f000000, ArchiveRelocationMode: 1.
Compressed class space mapped at: 0x000001c020000000-0x000001c060000000, reserved size: 1073741824
Narrow klass base: 0x000001c01f000000, Narrow klass shift: 0, Narrow klass range: 0x100000000

GC Precious Log:
 CardTable entry size: 512
 Card Set container configuration: InlinePtr #cards 5 size 8 Array Of Cards #cards 12 size 40 Howl #buckets 4 coarsen threshold 1843 Howl Bitmap #cards 512 size 80 coarsen threshold 460 Card regions per heap region 1 cards per card region 2048
 CPUs: 16 total, 16 available
 Memory: 7968M
 Large Page Support: Disabled
 NUMA Support: Disabled
 Compressed Oops: Enabled (32-bit)
 Heap Region Size: 1M
 Heap Min Capacity: 8M
 Heap Initial Capacity: 126M
 Heap Max Capacity: 1994M
 Pre-touch: Disabled
 Parallel Workers: 13
 Concurrent Workers: 3
 Concurrent Refinement Workers: 13
 Periodic GC: Disabled

Heap:
 garbage-first heap   total 109568K, used 92769K [0x0000000083600000, 0x0000000100000000)
  region size 1024K, 56 young (57344K), 2 survivors (2048K)
 Metaspace       used 71959K, committed 72896K, reserved 1114112K
  class space    used 8815K, committed 9408K, reserved 1048576K

Heap Regions: E=young(eden), S=young(survivor), O=old, HS=humongous(starts), HC=humongous(continues), CS=collection set, F=free, TAMS=top-at-mark-start, PB=parsable bottom
|   0|0x0000000083600000, 0x0000000083700000, 0x0000000083700000|100%|HS|  |TAMS 0x0000000083600000| PB 0x0000000083600000| Complete 
|   1|0x0000000083700000, 0x0000000083800000, 0x0000000083800000|100%| O|  |TAMS 0x0000000083700000| PB 0x0000000083700000| Untracked 
|   2|0x0000000083800000, 0x0000000083900000, 0x0000000083900000|100%| O|  |TAMS 0x0000000083800000| PB 0x0000000083800000| Untracked 
|   3|0x0000000083900000, 0x0000000083a00000, 0x0000000083a00000|100%| O|  |TAMS 0x0000000083900000| PB 0x0000000083900000| Untracked 
|   4|0x0000000083a00000, 0x0000000083b00000, 0x0000000083b00000|100%| O|  |TAMS 0x0000000083a00000| PB 0x0000000083a00000| Untracked 
|   5|0x0000000083b00000, 0x0000000083c00000, 0x0000000083c00000|100%| O|  |TAMS 0x0000000083b00000| PB 0x0000000083b00000| Untracked 
|   6|0x0000000083c00000, 0x0000000083d00000, 0x0000000083d00000|100%| O|  |TAMS 0x0000000083c00000| PB 0x0000000083c00000| Untracked 
|   7|0x0000000083d00000, 0x0000000083e00000, 0x0000000083e00000|100%| O|  |TAMS 0x0000000083d00000| PB 0x0000000083d00000| Untracked 
|   8|0x0000000083e00000, 0x0000000083f00000, 0x0000000083f00000|100%| O|  |TAMS 0x0000000083e00000| PB 0x0000000083e00000| Untracked 
|   9|0x0000000083f00000, 0x0000000084000000, 0x0000000084000000|100%| O|  |TAMS 0x0000000083f00000| PB 0x0000000083f00000| Untracked 
|  10|0x0000000084000000, 0x0000000084100000, 0x0000000084100000|100%| O|  |TAMS 0x0000000084000000| PB 0x0000000084000000| Untracked 
|  11|0x0000000084100000, 0x0000000084200000, 0x0000000084200000|100%| O|  |TAMS 0x0000000084100000| PB 0x0000000084100000| Untracked 
|  12|0x0000000084200000, 0x0000000084300000, 0x0000000084300000|100%| O|  |TAMS 0x0000000084200000| PB 0x0000000084200000| Untracked 
|  13|0x0000000084300000, 0x0000000084400000, 0x0000000084400000|100%| O|  |TAMS 0x0000000084300000| PB 0x0000000084300000| Untracked 
|  14|0x0000000084400000, 0x0000000084500000, 0x0000000084500000|100%| O|  |TAMS 0x0000000084400000| PB 0x0000000084400000| Untracked 
|  15|0x0000000084500000, 0x0000000084600000, 0x0000000084600000|100%| O|  |TAMS 0x0000000084500000| PB 0x0000000084500000| Untracked 
|  16|0x0000000084600000, 0x00000000846571d0, 0x0000000084700000| 34%| O|  |TAMS 0x0000000084600000| PB 0x0000000084600000| Untracked 
|  17|0x0000000084700000, 0x0000000084800000, 0x0000000084800000|100%| O|  |TAMS 0x0000000084700000| PB 0x0000000084700000| Untracked 
|  18|0x0000000084800000, 0x0000000084900000, 0x0000000084900000|100%| O|  |TAMS 0x0000000084800000| PB 0x0000000084800000| Untracked 
|  19|0x0000000084900000, 0x0000000084a00000, 0x0000000084a00000|100%| O|  |TAMS 0x0000000084900000| PB 0x0000000084900000| Untracked 
|  20|0x0000000084a00000, 0x0000000084b00000, 0x0000000084b00000|100%| O|  |TAMS 0x0000000084a00000| PB 0x0000000084a00000| Untracked 
|  21|0x0000000084b00000, 0x0000000084c00000, 0x0000000084c00000|100%| O|  |TAMS 0x0000000084b00000| PB 0x0000000084b00000| Untracked 
|  22|0x0000000084c00000, 0x0000000084d00000, 0x0000000084d00000|100%| O|  |TAMS 0x0000000084c00000| PB 0x0000000084c00000| Untracked 
|  23|0x0000000084d00000, 0x0000000084e00000, 0x0000000084e00000|100%| O|  |TAMS 0x0000000084d00000| PB 0x0000000084d00000| Untracked 
|  24|0x0000000084e00000, 0x0000000084f00000, 0x0000000084f00000|100%| O|  |TAMS 0x0000000084e00000| PB 0x0000000084e00000| Untracked 
|  25|0x0000000084f00000, 0x0000000085000000, 0x0000000085000000|100%| O|  |TAMS 0x0000000084f00000| PB 0x0000000084f00000| Untracked 
|  26|0x0000000085000000, 0x0000000085100000, 0x0000000085100000|100%| O|Cm|TAMS 0x0000000085000000| PB 0x0000000085000000| Complete 
|  27|0x0000000085100000, 0x0000000085100000, 0x0000000085200000|  0%| F|  |TAMS 0x0000000085100000| PB 0x0000000085100000| Untracked 
|  28|0x0000000085200000, 0x0000000085300000, 0x0000000085300000|100%| O|  |TAMS 0x0000000085200000| PB 0x0000000085200000| Untracked 
|  29|0x0000000085300000, 0x0000000085400000, 0x0000000085400000|100%| O|  |TAMS 0x0000000085300000| PB 0x0000000085300000| Untracked 
|  30|0x0000000085400000, 0x0000000085400000, 0x0000000085500000|  0%| F|  |TAMS 0x0000000085400000| PB 0x0000000085400000| Untracked 
|  31|0x0000000085500000, 0x0000000085600000, 0x0000000085600000|100%| O|  |TAMS 0x0000000085500000| PB 0x0000000085500000| Untracked 
|  32|0x0000000085600000, 0x0000000085700000, 0x0000000085700000|100%| O|  |TAMS 0x0000000085600000| PB 0x0000000085600000| Untracked 
|  33|0x0000000085700000, 0x0000000085800000, 0x0000000085800000|100%| O|  |TAMS 0x0000000085700000| PB 0x0000000085700000| Untracked 
|  34|0x0000000085800000, 0x0000000085800000, 0x0000000085900000|  0%| F|  |TAMS 0x0000000085800000| PB 0x0000000085800000| Untracked 
|  35|0x0000000085900000, 0x0000000085900000, 0x0000000085a00000|  0%| F|  |TAMS 0x0000000085900000| PB 0x0000000085900000| Untracked 
|  36|0x0000000085a00000, 0x0000000085a00000, 0x0000000085b00000|  0%| F|  |TAMS 0x0000000085a00000| PB 0x0000000085a00000| Untracked 
|  37|0x0000000085b00000, 0x0000000085b00000, 0x0000000085c00000|  0%| F|  |TAMS 0x0000000085b00000| PB 0x0000000085b00000| Untracked 
|  38|0x0000000085c00000, 0x0000000085c00000, 0x0000000085d00000|  0%| F|  |TAMS 0x0000000085c00000| PB 0x0000000085c00000| Untracked 
|  39|0x0000000085d00000, 0x0000000085e00000, 0x0000000085e00000|100%| O|  |TAMS 0x0000000085d00000| PB 0x0000000085d00000| Untracked 
|  40|0x0000000085e00000, 0x0000000085e00000, 0x0000000085f00000|  0%| F|  |TAMS 0x0000000085e00000| PB 0x0000000085e00000| Untracked 
|  41|0x0000000085f00000, 0x0000000086000000, 0x0000000086000000|100%| O|  |TAMS 0x0000000085f00000| PB 0x0000000085f00000| Untracked 
|  42|0x0000000086000000, 0x0000000086100000, 0x0000000086100000|100%| O|  |TAMS 0x0000000086000000| PB 0x0000000086000000| Untracked 
|  43|0x0000000086100000, 0x0000000086200000, 0x0000000086200000|100%| O|  |TAMS 0x0000000086100000| PB 0x0000000086100000| Untracked 
|  44|0x0000000086200000, 0x0000000086241568, 0x0000000086300000| 25%| S|CS|TAMS 0x0000000086200000| PB 0x0000000086200000| Complete 
|  45|0x0000000086300000, 0x0000000086400000, 0x0000000086400000|100%| S|CS|TAMS 0x0000000086300000| PB 0x0000000086300000| Complete 
|  46|0x0000000086400000, 0x0000000086400000, 0x0000000086500000|  0%| F|  |TAMS 0x0000000086400000| PB 0x0000000086400000| Untracked 
|  47|0x0000000086500000, 0x0000000086500000, 0x0000000086600000|  0%| F|  |TAMS 0x0000000086500000| PB 0x0000000086500000| Untracked 
|  48|0x0000000086600000, 0x0000000086600000, 0x0000000086700000|  0%| F|  |TAMS 0x0000000086600000| PB 0x0000000086600000| Untracked 
|  49|0x0000000086700000, 0x0000000086700000, 0x0000000086800000|  0%| F|  |TAMS 0x0000000086700000| PB 0x0000000086700000| Untracked 
|  50|0x0000000086800000, 0x0000000086800000, 0x0000000086900000|  0%| F|  |TAMS 0x0000000086800000| PB 0x0000000086800000| Untracked 
|  51|0x0000000086900000, 0x000000008695cb20, 0x0000000086a00000| 36%| E|  |TAMS 0x0000000086900000| PB 0x0000000086900000| Complete 
|  52|0x0000000086a00000, 0x0000000086b00000, 0x0000000086b00000|100%| E|CS|TAMS 0x0000000086a00000| PB 0x0000000086a00000| Complete 
|  53|0x0000000086b00000, 0x0000000086c00000, 0x0000000086c00000|100%| E|CS|TAMS 0x0000000086b00000| PB 0x0000000086b00000| Complete 
|  54|0x0000000086c00000, 0x0000000086d00000, 0x0000000086d00000|100%| E|CS|TAMS 0x0000000086c00000| PB 0x0000000086c00000| Complete 
|  55|0x0000000086d00000, 0x0000000086e00000, 0x0000000086e00000|100%| E|CS|TAMS 0x0000000086d00000| PB 0x0000000086d00000| Complete 
|  56|0x0000000086e00000, 0x0000000086f00000, 0x0000000086f00000|100%| E|  |TAMS 0x0000000086e00000| PB 0x0000000086e00000| Complete 
|  57|0x0000000086f00000, 0x0000000087000000, 0x0000000087000000|100%| E|CS|TAMS 0x0000000086f00000| PB 0x0000000086f00000| Complete 
|  58|0x0000000087000000, 0x0000000087100000, 0x0000000087100000|100%| E|CS|TAMS 0x0000000087000000| PB 0x0000000087000000| Complete 
|  59|0x0000000087100000, 0x0000000087200000, 0x0000000087200000|100%| E|CS|TAMS 0x0000000087100000| PB 0x0000000087100000| Complete 
|  60|0x0000000087200000, 0x0000000087300000, 0x0000000087300000|100%| E|CS|TAMS 0x0000000087200000| PB 0x0000000087200000| Complete 
|  61|0x0000000087300000, 0x0000000087400000, 0x0000000087400000|100%| E|CS|TAMS 0x0000000087300000| PB 0x0000000087300000| Complete 
|  62|0x0000000087400000, 0x0000000087500000, 0x0000000087500000|100%| E|CS|TAMS 0x0000000087400000| PB 0x0000000087400000| Complete 
|  63|0x0000000087500000, 0x0000000087600000, 0x0000000087600000|100%| E|CS|TAMS 0x0000000087500000| PB 0x0000000087500000| Complete 
|  64|0x0000000087600000, 0x0000000087700000, 0x0000000087700000|100%| E|CS|TAMS 0x0000000087600000| PB 0x0000000087600000| Complete 
|  65|0x0000000087700000, 0x0000000087800000, 0x0000000087800000|100%| E|CS|TAMS 0x0000000087700000| PB 0x0000000087700000| Complete 
|  66|0x0000000087800000, 0x0000000087900000, 0x0000000087900000|100%| E|CS|TAMS 0x0000000087800000| PB 0x0000000087800000| Complete 
|  67|0x0000000087900000, 0x0000000087a00000, 0x0000000087a00000|100%| E|CS|TAMS 0x0000000087900000| PB 0x0000000087900000| Complete 
|  68|0x0000000087a00000, 0x0000000087b00000, 0x0000000087b00000|100%| E|CS|TAMS 0x0000000087a00000| PB 0x0000000087a00000| Complete 
|  69|0x0000000087b00000, 0x0000000087c00000, 0x0000000087c00000|100%| E|CS|TAMS 0x0000000087b00000| PB 0x0000000087b00000| Complete 
|  70|0x0000000087c00000, 0x0000000087d00000, 0x0000000087d00000|100%| E|CS|TAMS 0x0000000087c00000| PB 0x0000000087c00000| Complete 
|  71|0x0000000087d00000, 0x0000000087e00000, 0x0000000087e00000|100%| E|CS|TAMS 0x0000000087d00000| PB 0x0000000087d00000| Complete 
|  72|0x0000000087e00000, 0x0000000087f00000, 0x0000000087f00000|100%| E|CS|TAMS 0x0000000087e00000| PB 0x0000000087e00000| Complete 
|  73|0x0000000087f00000, 0x0000000088000000, 0x0000000088000000|100%| E|CS|TAMS 0x0000000087f00000| PB 0x0000000087f00000| Complete 
|  74|0x0000000088000000, 0x0000000088100000, 0x0000000088100000|100%| E|CS|TAMS 0x0000000088000000| PB 0x0000000088000000| Complete 
|  75|0x0000000088100000, 0x0000000088200000, 0x0000000088200000|100%| E|CS|TAMS 0x0000000088100000| PB 0x0000000088100000| Complete 
|  76|0x0000000088200000, 0x0000000088300000, 0x0000000088300000|100%| E|CS|TAMS 0x0000000088200000| PB 0x0000000088200000| Complete 
|  77|0x0000000088300000, 0x0000000088400000, 0x0000000088400000|100%| E|CS|TAMS 0x0000000088300000| PB 0x0000000088300000| Complete 
|  78|0x0000000088400000, 0x0000000088500000, 0x0000000088500000|100%| E|CS|TAMS 0x0000000088400000| PB 0x0000000088400000| Complete 
|  79|0x0000000088500000, 0x0000000088600000, 0x0000000088600000|100%| E|CS|TAMS 0x0000000088500000| PB 0x0000000088500000| Complete 
|  80|0x0000000088600000, 0x0000000088700000, 0x0000000088700000|100%| E|CS|TAMS 0x0000000088600000| PB 0x0000000088600000| Complete 
|  81|0x0000000088700000, 0x0000000088800000, 0x0000000088800000|100%| E|CS|TAMS 0x0000000088700000| PB 0x0000000088700000| Complete 
|  82|0x0000000088800000, 0x0000000088900000, 0x0000000088900000|100%| E|CS|TAMS 0x0000000088800000| PB 0x0000000088800000| Complete 
|  83|0x0000000088900000, 0x0000000088a00000, 0x0000000088a00000|100%| E|CS|TAMS 0x0000000088900000| PB 0x0000000088900000| Complete 
|  84|0x0000000088a00000, 0x0000000088b00000, 0x0000000088b00000|100%| E|CS|TAMS 0x0000000088a00000| PB 0x0000000088a00000| Complete 
|  85|0x0000000088b00000, 0x0000000088c00000, 0x0000000088c00000|100%| E|CS|TAMS 0x0000000088b00000| PB 0x0000000088b00000| Complete 
|  86|0x0000000088c00000, 0x0000000088d00000, 0x0000000088d00000|100%| E|CS|TAMS 0x0000000088c00000| PB 0x0000000088c00000| Complete 
|  87|0x0000000088d00000, 0x0000000088e00000, 0x0000000088e00000|100%| E|CS|TAMS 0x0000000088d00000| PB 0x0000000088d00000| Complete 
|  88|0x0000000088e00000, 0x0000000088f00000, 0x0000000088f00000|100%| E|CS|TAMS 0x0000000088e00000| PB 0x0000000088e00000| Complete 
|  89|0x0000000088f00000, 0x0000000089000000, 0x0000000089000000|100%| E|CS|TAMS 0x0000000088f00000| PB 0x0000000088f00000| Complete 
|  90|0x0000000089000000, 0x0000000089100000, 0x0000000089100000|100%| E|CS|TAMS 0x0000000089000000| PB 0x0000000089000000| Complete 
|  91|0x0000000089100000, 0x0000000089200000, 0x0000000089200000|100%| E|CS|TAMS 0x0000000089100000| PB 0x0000000089100000| Complete 
|  92|0x0000000089200000, 0x0000000089300000, 0x0000000089300000|100%| E|CS|TAMS 0x0000000089200000| PB 0x0000000089200000| Complete 
|  93|0x0000000089300000, 0x0000000089400000, 0x0000000089400000|100%| E|CS|TAMS 0x0000000089300000| PB 0x0000000089300000| Complete 
|  94|0x0000000089400000, 0x0000000089500000, 0x0000000089500000|100%| E|CS|TAMS 0x0000000089400000| PB 0x0000000089400000| Complete 
|  95|0x0000000089500000, 0x0000000089600000, 0x0000000089600000|100%| E|CS|TAMS 0x0000000089500000| PB 0x0000000089500000| Complete 
|  96|0x0000000089600000, 0x0000000089700000, 0x0000000089700000|100%| E|CS|TAMS 0x0000000089600000| PB 0x0000000089600000| Complete 
|  97|0x0000000089700000, 0x0000000089800000, 0x0000000089800000|100%| E|CS|TAMS 0x0000000089700000| PB 0x0000000089700000| Complete 
|  98|0x0000000089800000, 0x0000000089900000, 0x0000000089900000|100%| E|CS|TAMS 0x0000000089800000| PB 0x0000000089800000| Complete 
|  99|0x0000000089900000, 0x0000000089a00000, 0x0000000089a00000|100%| E|CS|TAMS 0x0000000089900000| PB 0x0000000089900000| Complete 
| 100|0x0000000089a00000, 0x0000000089b00000, 0x0000000089b00000|100%| E|CS|TAMS 0x0000000089a00000| PB 0x0000000089a00000| Complete 
| 101|0x0000000089b00000, 0x0000000089c00000, 0x0000000089c00000|100%| E|CS|TAMS 0x0000000089b00000| PB 0x0000000089b00000| Complete 
| 102|0x0000000089c00000, 0x0000000089d00000, 0x0000000089d00000|100%| E|CS|TAMS 0x0000000089c00000| PB 0x0000000089c00000| Complete 
| 125|0x000000008b300000, 0x000000008b400000, 0x000000008b400000|100%| E|CS|TAMS 0x000000008b300000| PB 0x000000008b300000| Complete 
|1991|0x00000000ffd00000, 0x00000000ffe00000, 0x00000000ffe00000|100%| O|  |TAMS 0x00000000ffd00000| PB 0x00000000ffd00000| Untracked 
|1992|0x00000000ffe00000, 0x00000000fff00000, 0x00000000fff00000|100%| O|  |TAMS 0x00000000ffe00000| PB 0x00000000ffe00000| Untracked 
|1993|0x00000000fff00000, 0x0000000100000000, 0x0000000100000000|100%| E|CS|TAMS 0x00000000fff00000| PB 0x00000000fff00000| Complete 

Card table byte_map: [0x000001c019330000,0x000001c019720000] _byte_map_base: 0x000001c018f15000

Marking Bits: (CMBitMap*) 0x000001c07f2f51c0
 Bits: [0x000001c019720000, 0x000001c01b648000)

Polling page: 0x000001c07f360000

Metaspace:

Usage:
  Non-class:     61.66 MB used.
      Class:      8.61 MB used.
       Both:     70.27 MB used.

Virtual space:
  Non-class space:       64.00 MB reserved,      62.00 MB ( 97%) committed,  1 nodes.
      Class space:        1.00 GB reserved,       9.19 MB ( <1%) committed,  1 nodes.
             Both:        1.06 GB reserved,      71.19 MB (  7%) committed. 

Chunk freelists:
   Non-Class:  1.58 MB
       Class:  6.88 MB
        Both:  8.45 MB

MaxMetaspaceSize: unlimited
CompressedClassSpaceSize: 1.00 GB
Initial GC threshold: 21.00 MB
Current GC threshold: 118.69 MB
CDS: on
 - commit_granule_bytes: 65536.
 - commit_granule_words: 8192.
 - virtual_space_node_default_size: 8388608.
 - enlarge_chunks_in_place: 1.
 - use_allocation_guard: 0.


Internal statistics:

num_allocs_failed_limit: 8.
num_arena_births: 1666.
num_arena_deaths: 636.
num_vsnodes_births: 2.
num_vsnodes_deaths: 0.
num_space_committed: 1139.
num_space_uncommitted: 0.
num_chunks_returned_to_freelist: 734.
num_chunks_taken_from_freelist: 4733.
num_chunk_merges: 171.
num_chunk_splits: 2884.
num_chunks_enlarged: 2028.
num_inconsistent_stats: 0.

CodeHeap 'non-profiled nmethods': size=119168Kb used=8839Kb max_used=9229Kb free=110328Kb
 bounds [0x000001c011370000, 0x000001c011cf0000, 0x000001c0187d0000]
CodeHeap 'profiled nmethods': size=119104Kb used=13836Kb max_used=24136Kb free=105267Kb
 bounds [0x000001c0097d0000, 0x000001c00afa0000, 0x000001c010c20000]
CodeHeap 'non-nmethods': size=7488Kb used=2233Kb max_used=3397Kb free=5254Kb
 bounds [0x000001c010c20000, 0x000001c010f90000, 0x000001c011370000]
 total_blobs=6964 nmethods=6256 adapters=610
 compilation: enabled
              stopped_count=0, restarted_count=0
 full_count=0

Compilation events (20 events):
Event: 160840.377 Thread 0x000001c01e6cb270 17574       1       ch.qos.logback.classic.spi.StackTraceElementProxy::getClassPackagingData (5 bytes)
Event: 160840.377 Thread 0x000001c066abc7c0 17563       3       sun.net.www.ParseUtil::encodePath (6 bytes)
Event: 160840.377 Thread 0x000001c01e6cb270 nmethod 17574 0x000001c01147c910 code [0x000001c01147caa0, 0x000001c01147cb68]
Event: 160840.377 Thread 0x000001c066abdc30 nmethod 17576 0x000001c009cfbf10 code [0x000001c009cfc0c0, 0x000001c009cfc270]
Event: 160840.377 Thread 0x000001c066abc7c0 nmethod 17563 0x000001c009a55610 code [0x000001c009a557c0, 0x000001c009a558e0]
Event: 160841.631 Thread 0x000001c066abdc30 17579   !   3       org.springframework.beans.factory.support.FactoryBeanRegistrySupport::getTypeForFactoryBean (22 bytes)
Event: 160841.631 Thread 0x000001c01e6ca6b0 17580 % !   4       org.springframework.beans.factory.support.DefaultListableBeanFactory::doGetBeanNamesForType @ 20 (505 bytes)
Event: 160841.631 Thread 0x000001c066abdc30 nmethod 17579 0x000001c00998fe10 code [0x000001c00998ffe0, 0x000001c0099902f8]
Event: 160841.632 Thread 0x000001c066abdc30 17581       3       java.time.LocalTime::create (26 bytes)
Event: 160841.632 Thread 0x000001c01e6cb270 17582       1       java.time.format.DateTimeFormatter::getDecimalStyle (5 bytes)
Event: 160841.632 Thread 0x000001c066abdc30 nmethod 17581 0x000001c00a06a790 code [0x000001c00a06a940, 0x000001c00a06abf0]
Event: 160841.632 Thread 0x000001c066abdc30 17583       3       java.lang.Math::abs (11 bytes)
Event: 160841.632 Thread 0x000001c066abdc30 nmethod 17583 0x000001c009a69110 code [0x000001c009a692c0, 0x000001c009a69420]
Event: 160841.633 Thread 0x000001c01e6cb270 nmethod 17582 0x000001c01148fc10 code [0x000001c01148fda0, 0x000001c01148fe68]
Event: 160841.633 Thread 0x000001c066abdc30 17585       3       java.lang.invoke.VarHandleInts$FieldInstanceReadWrite::getAndBitwiseOr (28 bytes)
Event: 160841.633 Thread 0x000001c01e6cb270 17584       3       java.net.Socket::getAndBitwiseOrState (9 bytes)
Event: 160841.635 Thread 0x000001c066abdc30 nmethod 17585 0x000001c00a591310 code [0x000001c00a591540, 0x000001c00a591ca0]
Event: 160841.635 Thread 0x000001c066abdc30 17586       3       jdk.internal.misc.Unsafe::getAndBitwiseOrInt (27 bytes)
Event: 160841.635 Thread 0x000001c01e6cb270 nmethod 17584 0x000001c00a1c2d10 code [0x000001c00a1c2f60, 0x000001c00a1c37e8]
Event: 160841.636 Thread 0x000001c066abdc30 nmethod 17586 0x000001c00a126410 code [0x000001c00a1265c0, 0x000001c00a1267f0]

GC Heap History (20 events):
Event: 82420.029 GC heap before
{Heap before GC invocations=50 (full 0):
 garbage-first heap   total 78848K, used 69676K [0x0000000083600000, 0x0000000100000000)
  region size 1024K, 32 young (32768K), 2 survivors (2048K)
 Metaspace       used 71774K, committed 72768K, reserved 1114112K
  class space    used 8814K, committed 9408K, reserved 1048576K
}
Event: 82420.069 GC heap after
{Heap after GC invocations=51 (full 0):
 garbage-first heap   total 78848K, used 40086K [0x0000000083600000, 0x0000000100000000)
  region size 1024K, 3 young (3072K), 3 survivors (3072K)
 Metaspace       used 71774K, committed 72768K, reserved 1114112K
  class space    used 8814K, committed 9408K, reserved 1048576K
}
Event: 83332.459 GC heap before
{Heap before GC invocations=51 (full 0):
 garbage-first heap   total 78848K, used 67734K [0x0000000083600000, 0x0000000100000000)
  region size 1024K, 31 young (31744K), 3 survivors (3072K)
 Metaspace       used 71778K, committed 72768K, reserved 1114112K
  class space    used 8814K, committed 9408K, reserved 1048576K
}
Event: 83332.530 GC heap after
{Heap after GC invocations=52 (full 0):
 garbage-first heap   total 78848K, used 39712K [0x0000000083600000, 0x0000000100000000)
  region size 1024K, 3 young (3072K), 3 survivors (3072K)
 Metaspace       used 71778K, committed 72768K, reserved 1114112K
  class space    used 8814K, committed 9408K, reserved 1048576K
}
Event: 84295.233 GC heap before
{Heap before GC invocations=52 (full 0):
 garbage-first heap   total 78848K, used 68384K [0x0000000083600000, 0x0000000100000000)
  region size 1024K, 32 young (32768K), 3 survivors (3072K)
 Metaspace       used 71781K, committed 72768K, reserved 1114112K
  class space    used 8815K, committed 9408K, reserved 1048576K
}
Event: 84295.350 GC heap after
{Heap after GC invocations=53 (full 0):
 garbage-first heap   total 78848K, used 39733K [0x0000000083600000, 0x0000000100000000)
  region size 1024K, 3 young (3072K), 3 survivors (3072K)
 Metaspace       used 71781K, committed 72768K, reserved 1114112K
  class space    used 8815K, committed 9408K, reserved 1048576K
}
Event: 84866.993 GC heap before
{Heap before GC invocations=54 (full 0):
 garbage-first heap   total 78848K, used 68405K [0x0000000083600000, 0x0000000100000000)
  region size 1024K, 32 young (32768K), 3 survivors (3072K)
 Metaspace       used 71875K, committed 72832K, reserved 1114112K
  class space    used 8815K, committed 9408K, reserved 1048576K
}
Event: 84867.053 GC heap after
{Heap after GC invocations=55 (full 0):
 garbage-first heap   total 78848K, used 39596K [0x0000000083600000, 0x0000000100000000)
  region size 1024K, 2 young (2048K), 2 survivors (2048K)
 Metaspace       used 71875K, committed 72832K, reserved 1114112K
  class space    used 8815K, committed 9408K, reserved 1048576K
}
Event: 85669.358 GC heap before
{Heap before GC invocations=55 (full 0):
 garbage-first heap   total 78848K, used 70316K [0x0000000083600000, 0x0000000100000000)
  region size 1024K, 33 young (33792K), 2 survivors (2048K)
 Metaspace       used 71888K, committed 72832K, reserved 1114112K
  class space    used 8815K, committed 9408K, reserved 1048576K
}
Event: 85669.446 GC heap after
{Heap after GC invocations=56 (full 0):
 garbage-first heap   total 78848K, used 39372K [0x0000000083600000, 0x0000000100000000)
  region size 1024K, 2 young (2048K), 2 survivors (2048K)
 Metaspace       used 71888K, committed 72832K, reserved 1114112K
  class space    used 8815K, committed 9408K, reserved 1048576K
}
Event: 86481.615 GC heap before
{Heap before GC invocations=56 (full 0):
 garbage-first heap   total 78848K, used 70092K [0x0000000083600000, 0x0000000100000000)
  region size 1024K, 33 young (33792K), 2 survivors (2048K)
 Metaspace       used 71899K, committed 72896K, reserved 1114112K
  class space    used 8815K, committed 9408K, reserved 1048576K
}
Event: 86481.741 GC heap after
{Heap after GC invocations=57 (full 0):
 garbage-first heap   total 78848K, used 39380K [0x0000000083600000, 0x0000000100000000)
  region size 1024K, 2 young (2048K), 2 survivors (2048K)
 Metaspace       used 71899K, committed 72896K, reserved 1114112K
  class space    used 8815K, committed 9408K, reserved 1048576K
}
Event: 87384.308 GC heap before
{Heap before GC invocations=58 (full 0):
 garbage-first heap   total 78848K, used 70100K [0x0000000083600000, 0x0000000100000000)
  region size 1024K, 33 young (33792K), 2 survivors (2048K)
 Metaspace       used 71944K, committed 72896K, reserved 1114112K
  class space    used 8817K, committed 9408K, reserved 1048576K
}
Event: 87384.365 GC heap after
{Heap after GC invocations=59 (full 0):
 garbage-first heap   total 109568K, used 39466K [0x0000000083600000, 0x0000000100000000)
  region size 1024K, 2 young (2048K), 2 survivors (2048K)
 Metaspace       used 71944K, committed 72896K, reserved 1114112K
  class space    used 8817K, committed 9408K, reserved 1048576K
}
Event: 89827.544 GC heap before
{Heap before GC invocations=59 (full 0):
 garbage-first heap   total 109568K, used 98858K [0x0000000083600000, 0x0000000100000000)
  region size 1024K, 61 young (62464K), 2 survivors (2048K)
 Metaspace       used 71947K, committed 72896K, reserved 1114112K
  class space    used 8818K, committed 9408K, reserved 1048576K
}
Event: 89827.632 GC heap after
{Heap after GC invocations=60 (full 0):
 garbage-first heap   total 109568K, used 39242K [0x0000000083600000, 0x0000000100000000)
  region size 1024K, 2 young (2048K), 2 survivors (2048K)
 Metaspace       used 71947K, committed 72896K, reserved 1114112K
  class space    used 8818K, committed 9408K, reserved 1048576K
}
Event: 92128.970 GC heap before
{Heap before GC invocations=60 (full 0):
 garbage-first heap   total 109568K, used 99658K [0x0000000083600000, 0x0000000100000000)
  region size 1024K, 62 young (63488K), 2 survivors (2048K)
 Metaspace       used 71949K, committed 72896K, reserved 1114112K
  class space    used 8818K, committed 9408K, reserved 1048576K
}
Event: 92129.063 GC heap after
{Heap after GC invocations=61 (full 0):
 garbage-first heap   total 109568K, used 39366K [0x0000000083600000, 0x0000000100000000)
  region size 1024K, 2 young (2048K), 2 survivors (2048K)
 Metaspace       used 71949K, committed 72896K, reserved 1114112K
  class space    used 8818K, committed 9408K, reserved 1048576K
}
Event: 156269.091 GC heap before
{Heap before GC invocations=62 (full 0):
 garbage-first heap   total 109568K, used 98758K [0x0000000083600000, 0x0000000100000000)
  region size 1024K, 61 young (62464K), 2 survivors (2048K)
 Metaspace       used 71941K, committed 72896K, reserved 1114112K
  class space    used 8814K, committed 9408K, reserved 1048576K
}
Event: 156269.238 GC heap after
{Heap after GC invocations=63 (full 0):
 garbage-first heap   total 109568K, used 39521K [0x0000000083600000, 0x0000000100000000)
  region size 1024K, 2 young (2048K), 2 survivors (2048K)
 Metaspace       used 71941K, committed 72896K, reserved 1114112K
  class space    used 8814K, committed 9408K, reserved 1048576K
}

Dll operation events (10 events):
Event: 0.009 Loaded shared library C:\Program Files\Java\jdk-21\bin\java.dll
Event: 0.038 Loaded shared library C:\Program Files\Java\jdk-21\bin\jsvml.dll
Event: 0.107 Loaded shared library C:\Program Files\Java\jdk-21\bin\net.dll
Event: 0.109 Loaded shared library C:\Program Files\Java\jdk-21\bin\nio.dll
Event: 0.112 Loaded shared library C:\Program Files\Java\jdk-21\bin\zip.dll
Event: 0.228 Loaded shared library C:\Program Files\Java\jdk-21\bin\jimage.dll
Event: 1.338 Loaded shared library C:\Program Files\Java\jdk-21\bin\sunmscapi.dll
Event: 4.722 Loaded shared library C:\Program Files\Java\jdk-21\bin\management.dll
Event: 4.724 Loaded shared library C:\Program Files\Java\jdk-21\bin\management_ext.dll
Event: 4.942 Loaded shared library C:\Program Files\Java\jdk-21\bin\extnet.dll

Deoptimization events (20 events):
Event: 92446.965 Thread 0x000001c067611020 Uncommon trap: trap_request=0xffffffd6 fr.pc=0x000001c011a330bc relative=0x000000000000263c
Event: 92446.965 Thread 0x000001c067611020 Uncommon trap: reason=array_check action=maybe_recompile pc=0x000001c011a330bc method=java.util.Arrays$ArrayList.set(ILjava/lang/Object;)Ljava/lang/Object; @ 13 c2
Event: 92446.966 Thread 0x000001c067611020 DEOPT PACKING pc=0x000001c011a330bc sp=0x0000000cadbfc800
Event: 92446.966 Thread 0x000001c067611020 DEOPT UNPACKING pc=0x000001c010c746a2 sp=0x0000000cadbfc398 mode 2
Event: 92456.997 Thread 0x000001c06760e8c0 Uncommon trap: trap_request=0xffffffd6 fr.pc=0x000001c011a330bc relative=0x000000000000263c
Event: 92456.997 Thread 0x000001c06760e8c0 Uncommon trap: reason=array_check action=maybe_recompile pc=0x000001c011a330bc method=java.util.Arrays$ArrayList.set(ILjava/lang/Object;)Ljava/lang/Object; @ 13 c2
Event: 92456.997 Thread 0x000001c06760e8c0 DEOPT PACKING pc=0x000001c011a330bc sp=0x0000000cad9fc580
Event: 92456.997 Thread 0x000001c06760e8c0 DEOPT UNPACKING pc=0x000001c010c746a2 sp=0x0000000cad9fc118 mode 2
Event: 92467.023 Thread 0x000001c067610990 Uncommon trap: trap_request=0xffffffd6 fr.pc=0x000001c011be5804 relative=0x00000000000025a4
Event: 92467.023 Thread 0x000001c067610990 Uncommon trap: reason=array_check action=maybe_recompile pc=0x000001c011be5804 method=java.util.Arrays$ArrayList.set(ILjava/lang/Object;)Ljava/lang/Object; @ 13 c2
Event: 92467.023 Thread 0x000001c067610990 DEOPT PACKING pc=0x000001c011be5804 sp=0x0000000cad8fc290
Event: 92467.024 Thread 0x000001c067610990 DEOPT UNPACKING pc=0x000001c010c746a2 sp=0x0000000cad8fbf80 mode 2
Event: 156269.248 Thread 0x000001c066aae6d0 Uncommon trap: trap_request=0xffffff45 fr.pc=0x000001c01165f35c relative=0x0000000000000efc
Event: 156269.261 Thread 0x000001c066aae6d0 Uncommon trap: reason=unstable_if action=reinterpret pc=0x000001c01165f35c method=java.util.concurrent.locks.AbstractQueuedSynchronizer.acquire(Ljava/util/concurrent/locks/AbstractQueuedSynchronizer$Node;IZZZJ)I @ 83 c2
Event: 156269.263 Thread 0x000001c066aae6d0 DEOPT PACKING pc=0x000001c01165f35c sp=0x0000000cad0ff2c0
Event: 156269.269 Thread 0x000001c066aae6d0 DEOPT UNPACKING pc=0x000001c010c746a2 sp=0x0000000cad0ff248 mode 2
Event: 160618.481 Thread 0x000001c066aae6d0 Uncommon trap: trap_request=0xffffff45 fr.pc=0x000001c0118547b8 relative=0x00000000000002f8
Event: 160618.489 Thread 0x000001c066aae6d0 Uncommon trap: reason=unstable_if action=reinterpret pc=0x000001c0118547b8 method=org.apache.coyote.AsyncStateMachine.isAvailable()Z @ 4 c2
Event: 160618.494 Thread 0x000001c066aae6d0 DEOPT PACKING pc=0x000001c0118547b8 sp=0x0000000cad0ff320
Event: 160618.499 Thread 0x000001c066aae6d0 DEOPT UNPACKING pc=0x000001c010c746a2 sp=0x0000000cad0ff258 mode 2

Classes loaded (20 events):
Event: 208.982 Loading class java/util/stream/ReduceOps$6
Event: 208.983 Loading class java/util/stream/ReduceOps$6 done
Event: 208.983 Loading class java/util/stream/ReduceOps$5ReducingSink
Event: 208.983 Loading class java/util/stream/ReduceOps$5ReducingSink done
Event: 208.983 Loading class java/util/stream/ReferencePipeline$4$1
Event: 208.983 Loading class java/util/stream/ReferencePipeline$4$1 done
Event: 242.678 Loading class java/util/concurrent/ConcurrentSkipListMap$SubMap
Event: 242.678 Loading class java/util/concurrent/ConcurrentSkipListMap$SubMap done
Event: 242.680 Loading class java/util/concurrent/ConcurrentSkipListMap$Values
Event: 242.681 Loading class java/util/concurrent/ConcurrentSkipListMap$Values done
Event: 242.681 Loading class java/util/concurrent/ConcurrentSkipListMap$SubMap$SubMapValueIterator
Event: 242.681 Loading class java/util/concurrent/ConcurrentSkipListMap$SubMap$SubMapIter
Event: 242.682 Loading class java/util/concurrent/ConcurrentSkipListMap$SubMap$SubMapIter done
Event: 242.682 Loading class java/util/concurrent/ConcurrentSkipListMap$SubMap$SubMapValueIterator done
Event: 81409.520 Loading class sun/net/ConnectionResetException
Event: 81409.543 Loading class sun/net/ConnectionResetException done
Event: 81411.675 Loading class java/util/concurrent/ConcurrentHashMap$ValueSpliterator
Event: 81411.768 Loading class java/util/concurrent/ConcurrentHashMap$ValueSpliterator done
Event: 81415.568 Loading class sun/net/util/SocketExceptions
Event: 81415.616 Loading class sun/net/util/SocketExceptions done

Classes unloaded (20 events):
Event: 3731.413 Thread 0x000001c01e699150 Unloading class 0x000001c020018400 'java/lang/invoke/LambdaForm$MH+0x000001c020018400'
Event: 3731.413 Thread 0x000001c01e699150 Unloading class 0x000001c020018000 'java/lang/invoke/LambdaForm$MH+0x000001c020018000'
Event: 3731.413 Thread 0x000001c01e699150 Unloading class 0x000001c020017800 'java/lang/invoke/LambdaForm$MH+0x000001c020017800'
Event: 3731.413 Thread 0x000001c01e699150 Unloading class 0x000001c020017400 'java/lang/invoke/LambdaForm$MH+0x000001c020017400'
Event: 3731.413 Thread 0x000001c01e699150 Unloading class 0x000001c020017000 'java/lang/invoke/LambdaForm$MH+0x000001c020017000'
Event: 3731.414 Thread 0x000001c01e699150 Unloading class 0x000001c020016400 'java/lang/invoke/LambdaForm$MH+0x000001c020016400'
Event: 3731.414 Thread 0x000001c01e699150 Unloading class 0x000001c020015400 'java/lang/invoke/LambdaForm$MH+0x000001c020015400'
Event: 3731.414 Thread 0x000001c01e699150 Unloading class 0x000001c020014800 'java/lang/invoke/LambdaForm$MH+0x000001c020014800'
Event: 3731.414 Thread 0x000001c01e699150 Unloading class 0x000001c020014000 'java/lang/invoke/LambdaForm$MH+0x000001c020014000'
Event: 3731.414 Thread 0x000001c01e699150 Unloading class 0x000001c020008c00 'java/lang/invoke/LambdaForm$MH+0x000001c020008c00'
Event: 78514.153 Thread 0x000001c01e699150 Unloading class 0x000001c0207b8800 'java/lang/invoke/LambdaForm$MH+0x000001c0207b8800'
Event: 78514.153 Thread 0x000001c01e699150 Unloading class 0x000001c0207b8000 'java/lang/invoke/LambdaForm$MH+0x000001c0207b8000'
Event: 79981.014 Thread 0x000001c01e699150 Unloading class 0x000001c020914000 'java/lang/invoke/LambdaForm$MH+0x000001c020914000'
Event: 92129.254 Thread 0x000001c01e699150 Unloading class 0x000001c0207e8c00 'java/lang/invoke/LambdaForm$MH+0x000001c0207e8c00'
Event: 92129.254 Thread 0x000001c01e699150 Unloading class 0x000001c0207f6400 'java/lang/invoke/LambdaForm$MH+0x000001c0207f6400'
Event: 92129.254 Thread 0x000001c01e699150 Unloading class 0x000001c020800400 'java/lang/invoke/LambdaForm$MH+0x000001c020800400'
Event: 92129.254 Thread 0x000001c01e699150 Unloading class 0x000001c02080c800 'java/lang/invoke/LambdaForm$MH+0x000001c02080c800'
Event: 92129.254 Thread 0x000001c01e699150 Unloading class 0x000001c02080d400 'java/lang/invoke/LambdaForm$MH+0x000001c02080d400'
Event: 92129.255 Thread 0x000001c01e699150 Unloading class 0x000001c02080ec00 'java/lang/invoke/LambdaForm$MH+0x000001c02080ec00'
Event: 92129.255 Thread 0x000001c01e699150 Unloading class 0x000001c0208ed800 'java/lang/invoke/LambdaForm$MH+0x000001c0208ed800'

Classes redefined (0 events):
No events

Internal exceptions (20 events):
Event: 81468.143 Thread 0x000001c068e2feb0 Exception <a 'java/net/ConnectException'{0x00000000fff8ae48}: Connection refused: getsockopt> (0x00000000fff8ae48) 
thrown [s\open\src\hotspot\share\prims\jni.cpp, line 539]
Event: 81468.143 Thread 0x000001c068e2feb0 Exception <a 'java/net/ConnectException'{0x00000000fff8b900}: Connection refused: getsockopt> (0x00000000fff8b900) 
thrown [s\open\src\hotspot\share\prims\jni.cpp, line 539]
Event: 160618.476 Thread 0x000001c066aae6d0 Implicit null exception at 0x000001c0118545a0 to 0x000001c0118547ac
Event: 160823.588 Thread 0x000001c068e295b0 Exception <a 'sun/net/ConnectionResetException'{0x0000000086a09d20}: Connection reset> (0x0000000086a09d20) 
thrown [s\open\src\hotspot\share\prims\jni.cpp, line 539]
Event: 160826.215 Thread 0x000001c06a159fe0 Exception <a 'java/net/ConnectException'{0x0000000086a77ac8}: Connection refused: getsockopt> (0x0000000086a77ac8) 
thrown [s\open\src\hotspot\share\prims\jni.cpp, line 539]
Event: 160826.221 Thread 0x000001c06a159fe0 Exception <a 'java/net/ConnectException'{0x0000000086a78300}: Connection refused: getsockopt> (0x0000000086a78300) 
thrown [s\open\src\hotspot\share\prims\jni.cpp, line 539]
Event: 160830.195 Thread 0x000001c06a006420 Exception <a 'java/net/ConnectException'{0x0000000086a3f6b0}: Connection refused: getsockopt> (0x0000000086a3f6b0) 
thrown [s\open\src\hotspot\share\prims\jni.cpp, line 539]
Event: 160830.196 Thread 0x000001c06a006420 Exception <a 'java/net/ConnectException'{0x0000000086a3fee8}: Connection refused: getsockopt> (0x0000000086a3fee8) 
thrown [s\open\src\hotspot\share\prims\jni.cpp, line 539]
Event: 160830.200 Thread 0x000001c067613780 Exception <a 'java/net/ConnectException'{0x0000000086a24470}: Connection refused: getsockopt> (0x0000000086a24470) 
thrown [s\open\src\hotspot\share\prims\jni.cpp, line 539]
Event: 160830.200 Thread 0x000001c067613780 Exception <a 'java/net/ConnectException'{0x0000000086a24ca8}: Connection refused: getsockopt> (0x0000000086a24ca8) 
thrown [s\open\src\hotspot\share\prims\jni.cpp, line 539]
Event: 160831.353 Thread 0x000001c06a15b390 Exception <a 'java/net/ConnectException'{0x0000000086acda38}: Connection refused: getsockopt> (0x0000000086acda38) 
thrown [s\open\src\hotspot\share\prims\jni.cpp, line 539]
Event: 160831.355 Thread 0x000001c06a15b390 Exception <a 'java/net/ConnectException'{0x0000000086ace270}: Connection refused: getsockopt> (0x0000000086ace270) 
thrown [s\open\src\hotspot\share\prims\jni.cpp, line 539]
Event: 160836.496 Thread 0x000001c06a159fe0 Exception <a 'java/net/ConnectException'{0x0000000086ad6cb8}: Connection refused: getsockopt> (0x0000000086ad6cb8) 
thrown [s\open\src\hotspot\share\prims\jni.cpp, line 539]
Event: 160836.497 Thread 0x000001c06a159fe0 Exception <a 'java/net/ConnectException'{0x0000000086ad74f0}: Connection refused: getsockopt> (0x0000000086ad74f0) 
thrown [s\open\src\hotspot\share\prims\jni.cpp, line 539]
Event: 160840.364 Thread 0x000001c067613780 Exception <a 'java/net/ConnectException'{0x0000000086aba9c0}: Connection refused: getsockopt> (0x0000000086aba9c0) 
thrown [s\open\src\hotspot\share\prims\jni.cpp, line 539]
Event: 160840.366 Thread 0x000001c067613780 Exception <a 'java/net/ConnectException'{0x0000000086abb1f8}: Connection refused: getsockopt> (0x0000000086abb1f8) 
thrown [s\open\src\hotspot\share\prims\jni.cpp, line 539]
Event: 160840.368 Thread 0x000001c06a15c740 Exception <a 'java/net/ConnectException'{0x0000000086a39ac0}: Connection refused: getsockopt> (0x0000000086a39ac0) 
thrown [s\open\src\hotspot\share\prims\jni.cpp, line 539]
Event: 160840.369 Thread 0x000001c06a15c740 Exception <a 'java/net/ConnectException'{0x0000000086a3a2f8}: Connection refused: getsockopt> (0x0000000086a3a2f8) 
thrown [s\open\src\hotspot\share\prims\jni.cpp, line 539]
Event: 160841.633 Thread 0x000001c06a15f530 Exception <a 'java/net/ConnectException'{0x00000000869560a0}: Connection refused: getsockopt> (0x00000000869560a0) 
thrown [s\open\src\hotspot\share\prims\jni.cpp, line 539]
Event: 160841.633 Thread 0x000001c06a15f530 Exception <a 'java/net/ConnectException'{0x00000000869568d8}: Connection refused: getsockopt> (0x00000000869568d8) 
thrown [s\open\src\hotspot\share\prims\jni.cpp, line 539]

ZGC Phase Switch (0 events):
No events

VM Operations (20 events):
Event: 160643.509 Executing VM operation: Cleanup
Event: 160643.518 Executing VM operation: Cleanup done
Event: 160644.522 Executing VM operation: Cleanup
Event: 160644.538 Executing VM operation: Cleanup done
Event: 160678.157 Executing VM operation: HandshakeAllThreads (HandshakeForDeflation)
Event: 160678.158 Executing VM operation: HandshakeAllThreads (HandshakeForDeflation) done
Event: 160678.159 Executing VM operation: RendezvousGCThreads
Event: 160678.159 Executing VM operation: RendezvousGCThreads done
Event: 160823.941 Executing VM operation: Cleanup
Event: 160824.083 Executing VM operation: Cleanup done
Event: 160825.090 Executing VM operation: Cleanup
Event: 160825.092 Executing VM operation: Cleanup done
Event: 160826.104 Executing VM operation: Cleanup
Event: 160826.121 Executing VM operation: Cleanup done
Event: 160832.161 Executing VM operation: Cleanup
Event: 160832.161 Executing VM operation: Cleanup done
Event: 160837.191 Executing VM operation: Cleanup
Event: 160837.191 Executing VM operation: Cleanup done
Event: 160841.204 Executing VM operation: Cleanup
Event: 160841.205 Executing VM operation: Cleanup done

Events (20 events):
Event: 160823.908 Thread 0x000001c06a0077d0 Thread exited: 0x000001c06a0077d0
Event: 160823.910 Thread 0x000001c06a007e60 Thread exited: 0x000001c06a007e60
Event: 160823.910 Thread 0x000001c06a009210 Thread exited: 0x000001c06a009210
Event: 160823.918 Thread 0x000001c068e2feb0 Thread exited: 0x000001c068e2feb0
Event: 160824.096 Thread 0x000001c068e295b0 Thread exited: 0x000001c068e295b0
Event: 160824.859 Thread 0x000001c06a159fe0 Thread added: 0x000001c06a159fe0
Event: 160824.862 Thread 0x000001c068e30540 Thread exited: 0x000001c068e30540
Event: 160830.286 Thread 0x000001c066abf0a0 Thread added: 0x000001c066abf0a0
Event: 160830.287 Thread 0x000001c066abc7c0 Thread added: 0x000001c066abc7c0
Event: 160831.346 Thread 0x000001c06a15b390 Thread added: 0x000001c06a15b390
Event: 160831.346 Thread 0x000001c06a159fe0 Thread exited: 0x000001c06a159fe0
Event: 160836.355 Thread 0x000001c066abc7c0 Thread exited: 0x000001c066abc7c0
Event: 160836.355 Thread 0x000001c066abf0a0 Thread exited: 0x000001c066abf0a0
Event: 160836.492 Thread 0x000001c06a159fe0 Thread added: 0x000001c06a159fe0
Event: 160836.493 Thread 0x000001c06a15b390 Thread exited: 0x000001c06a15b390
Event: 160840.370 Thread 0x000001c066abdc30 Thread added: 0x000001c066abdc30
Event: 160840.371 Thread 0x000001c066abc7c0 Thread added: 0x000001c066abc7c0
Event: 160841.629 Thread 0x000001c06a15f530 Thread added: 0x000001c06a15f530
Event: 160841.629 Thread 0x000001c06a159fe0 Thread exited: 0x000001c06a159fe0
Event: 160841.631 Thread 0x000001c066abc7c0 Thread exited: 0x000001c066abc7c0


Dynamic libraries:
0x00007ff6d4da0000 - 0x00007ff6d4db0000 	C:\Program Files\Java\jdk-21\bin\javaw.exe
0x00007ffcfa040000 - 0x00007ffcfa249000 	C:\windows\SYSTEM32\ntdll.dll
0x00007ffcf86c0000 - 0x00007ffcf877d000 	C:\windows\System32\KERNEL32.DLL
0x00007ffcf7790000 - 0x00007ffcf7b14000 	C:\windows\System32\KERNELBASE.dll
0x00007ffcf74d0000 - 0x00007ffcf75e1000 	C:\windows\System32\ucrtbase.dll
0x00007ffceae80000 - 0x00007ffceae9b000 	C:\Program Files\Java\jdk-21\bin\VCRUNTIME140.dll
0x00007ffcd9fe0000 - 0x00007ffcd9ff9000 	C:\Program Files\Java\jdk-21\bin\jli.dll
0x00007ffcf8410000 - 0x00007ffcf84be000 	C:\windows\System32\ADVAPI32.dll
0x00007ffcf7e90000 - 0x00007ffcf7f33000 	C:\windows\System32\msvcrt.dll
0x00007ffcf9f60000 - 0x00007ffcf9ffe000 	C:\windows\System32\sechost.dll
0x00007ffcf8790000 - 0x00007ffcf88b1000 	C:\windows\System32\RPCRT4.dll
0x00007ffcf8140000 - 0x00007ffcf82ed000 	C:\windows\System32\USER32.dll
0x00007ffcf7dc0000 - 0x00007ffcf7de6000 	C:\windows\System32\win32u.dll
0x00007ffcf8690000 - 0x00007ffcf86ba000 	C:\windows\System32\GDI32.dll
0x00007ffcf7670000 - 0x00007ffcf778e000 	C:\windows\System32\gdi32full.dll
0x00007ffcf7df0000 - 0x00007ffcf7e8d000 	C:\windows\System32\msvcp_win.dll
0x00007ffcd70f0000 - 0x00007ffcd7395000 	C:\windows\WinSxS\amd64_microsoft.windows.common-controls_6595b64144ccf1df_6.0.22000.120_none_9d947278b86cc467\COMCTL32.dll
0x00007ffcf2fb0000 - 0x00007ffcf2fba000 	C:\windows\SYSTEM32\VERSION.dll
0x00007ffcf8930000 - 0x00007ffcf8961000 	C:\windows\System32\IMM32.DLL
0x00007ffcd9fd0000 - 0x00007ffcd9fdc000 	C:\Program Files\Java\jdk-21\bin\vcruntime140_1.dll
0x00007ffc8a200000 - 0x00007ffc8a28e000 	C:\Program Files\Java\jdk-21\bin\msvcp140.dll
0x00007ffc81980000 - 0x00007ffc8269a000 	C:\Program Files\Java\jdk-21\bin\server\jvm.dll
0x00007ffcf9ef0000 - 0x00007ffcf9f5f000 	C:\windows\System32\WS2_32.dll
0x00007ffcf6f90000 - 0x00007ffcf6fdd000 	C:\windows\SYSTEM32\POWRPROF.dll
0x00007ffceaef0000 - 0x00007ffceaf23000 	C:\windows\SYSTEM32\WINMM.dll
0x00007ffcf6f70000 - 0x00007ffcf6f83000 	C:\windows\SYSTEM32\UMPDC.dll
0x00007ffcf6350000 - 0x00007ffcf6368000 	C:\windows\SYSTEM32\kernel.appcore.dll
0x00007ffcd9fc0000 - 0x00007ffcd9fca000 	C:\Program Files\Java\jdk-21\bin\jimage.dll
0x00007ffcf1690000 - 0x00007ffcf18b1000 	C:\windows\SYSTEM32\DBGHELP.DLL
0x00007ffcf1650000 - 0x00007ffcf1681000 	C:\windows\SYSTEM32\dbgcore.DLL
0x00007ffcf75f0000 - 0x00007ffcf766f000 	C:\windows\System32\bcryptPrimitives.dll
0x00007ffcd9fa0000 - 0x00007ffcd9fbf000 	C:\Program Files\Java\jdk-21\bin\java.dll
0x00007ffcf8a70000 - 0x00007ffcf9235000 	C:\windows\System32\SHELL32.dll
0x00007ffcf53b0000 - 0x00007ffcf5c12000 	C:\windows\SYSTEM32\windows.storage.dll
0x00007ffcf9330000 - 0x00007ffcf96a6000 	C:\windows\System32\combase.dll
0x00007ffcf5240000 - 0x00007ffcf53a7000 	C:\windows\SYSTEM32\wintypes.dll
0x00007ffcf9240000 - 0x00007ffcf932a000 	C:\windows\System32\SHCORE.dll
0x00007ffcf9710000 - 0x00007ffcf976d000 	C:\windows\System32\shlwapi.dll
0x00007ffcf7400000 - 0x00007ffcf7425000 	C:\windows\SYSTEM32\profapi.dll
0x00007ffc868a0000 - 0x00007ffc86977000 	C:\Program Files\Java\jdk-21\bin\jsvml.dll
0x00007ffcd9f90000 - 0x00007ffcd9fa0000 	C:\Program Files\Java\jdk-21\bin\net.dll
0x00007ffcf2d90000 - 0x00007ffcf2ea4000 	C:\windows\SYSTEM32\WINHTTP.dll
0x00007ffcf67f0000 - 0x00007ffcf6857000 	C:\windows\system32\mswsock.dll
0x00007ffcd9f70000 - 0x00007ffcd9f86000 	C:\Program Files\Java\jdk-21\bin\nio.dll
0x00007ffcad340000 - 0x00007ffcad358000 	C:\Program Files\Java\jdk-21\bin\zip.dll
0x00007ffcf5e70000 - 0x00007ffcf5e9d000 	C:\windows\SYSTEM32\IPHLPAPI.DLL
0x00007ffcf8780000 - 0x00007ffcf8789000 	C:\windows\System32\NSI.dll
0x00007ffcf5ea0000 - 0x00007ffcf5f87000 	C:\windows\SYSTEM32\DNSAPI.dll
0x00007ffcf1e00000 - 0x00007ffcf1e0a000 	C:\Windows\System32\rasadhlp.dll
0x00007ffcf2220000 - 0x00007ffcf22a1000 	C:\windows\System32\fwpuclnt.dll
0x00007ffccbf20000 - 0x00007ffccbf2e000 	C:\Program Files\Java\jdk-21\bin\sunmscapi.dll
0x00007ffcf7b90000 - 0x00007ffcf7cf2000 	C:\windows\System32\CRYPT32.dll
0x00007ffcf6c40000 - 0x00007ffcf6c68000 	C:\windows\SYSTEM32\ncrypt.dll
0x00007ffcf6c00000 - 0x00007ffcf6c37000 	C:\windows\SYSTEM32\NTASN1.dll
0x00007ffcf6ac0000 - 0x00007ffcf6ad8000 	C:\windows\SYSTEM32\CRYPTSP.dll
0x00007ffcf62b0000 - 0x00007ffcf62e5000 	C:\windows\system32\rsaenh.dll
0x00007ffcf6890000 - 0x00007ffcf68bc000 	C:\windows\SYSTEM32\USERENV.dll
0x00007ffcf6c70000 - 0x00007ffcf6c97000 	C:\windows\SYSTEM32\bcrypt.dll
0x00007ffcf69e0000 - 0x00007ffcf69ec000 	C:\windows\SYSTEM32\CRYPTBASE.dll
0x00007ffcf43a0000 - 0x00007ffcf43aa000 	C:\Program Files\Java\jdk-21\bin\management.dll
0x00007ffcf4360000 - 0x00007ffcf436b000 	C:\Program Files\Java\jdk-21\bin\management_ext.dll
0x00007ffcf8680000 - 0x00007ffcf8688000 	C:\windows\System32\PSAPI.DLL
0x00007ffcc0490000 - 0x00007ffcc0499000 	C:\Program Files\Java\jdk-21\bin\extnet.dll
0x00007ffccc370000 - 0x00007ffccc378000 	C:\windows\system32\wshunix.dll
0x00007ffcd4650000 - 0x00007ffcd4667000 	C:\windows\system32\napinsp.dll
0x00007ffcd4320000 - 0x00007ffcd433b000 	C:\windows\system32\pnrpnsp.dll
0x00007ffcd40f0000 - 0x00007ffcd4102000 	C:\windows\System32\winrnr.dll
0x00007ffcd3fe0000 - 0x00007ffcd3ff5000 	C:\windows\system32\wshbth.dll
0x00007ffcd3fc0000 - 0x00007ffcd3fdf000 	C:\windows\system32\nlansp_c.dll
0x00007ffcf3060000 - 0x00007ffcf3079000 	C:\windows\SYSTEM32\dhcpcsvc6.DLL
0x00007ffcf32a0000 - 0x00007ffcf32be000 	C:\windows\SYSTEM32\dhcpcsvc.DLL

dbghelp: loaded successfully - version: 4.0.5 - missing functions: none
symbol engine: initialized successfully - sym options: 0x614 - pdb path: .;C:\Program Files\Java\jdk-21\bin;C:\windows\SYSTEM32;C:\windows\WinSxS\amd64_microsoft.windows.common-controls_6595b64144ccf1df_6.0.22000.120_none_9d947278b86cc467;C:\Program Files\Java\jdk-21\bin\server

VM Arguments:
jvm_args: -Dfile.encoding=UTF-8 -Dstdout.encoding=UTF-8 -Dstderr.encoding=UTF-8 -XX:+ShowCodeDetailsInExceptionMessages 
java_command: com.hamch.apigatewayservice.ApiGatewayServiceApplication
java_class_path (initial): B:\Java091024\MyEcomGitHub\myEcomm091024\api-gateway-service\target\classes;C:\Users\Abdella Hamch\.m2\repository\org\springframework\cloud\spring-cloud-starter-gateway\4.1.0\spring-cloud-starter-gateway-4.1.0.jar;C:\Users\Abdella Hamch\.m2\repository\org\springframework\cloud\spring-cloud-starter\4.1.0\spring-cloud-starter-4.1.0.jar;C:\Users\Abdella Hamch\.m2\repository\org\springframework\cloud\spring-cloud-context\4.1.0\spring-cloud-context-4.1.0.jar;C:\Users\Abdella Hamch\.m2\repository\org\springframework\security\spring-security-crypto\6.2.1\spring-security-crypto-6.2.1.jar;C:\Users\Abdella Hamch\.m2\repository\org\springframework\cloud\spring-cloud-commons\4.1.0\spring-cloud-commons-4.1.0.jar;C:\Users\Abdella Hamch\.m2\repository\org\springframework\security\spring-security-rsa\1.1.1\spring-security-rsa-1.1.1.jar;C:\Users\Abdella Hamch\.m2\repository\org\bouncycastle\bcprov-jdk18on\1.74\bcprov-jdk18on-1.74.jar;C:\Users\Abdella Hamch\.m2\repository\org\springframework\cloud\spring-cloud-gateway-server\4.1.0\spring-cloud-gateway-server-4.1.0.jar;C:\Users\Abdella Hamch\.m2\repository\org\springframework\boot\spring-boot-starter-validation\3.2.1\spring-boot-starter-validation-3.2.1.jar;C:\Users\Abdella Hamch\.m2\repository\org\hibernate\validator\hibernate-validator\8.0.1.Final\hibernate-validator-8.0.1.Final.jar;C:\Users\Abdella Hamch\.m2\repository\jakarta\validation\jakarta.validation-api\3.0.2\jakarta.validation-api-3.0.2.jar;C:\Users\Abdella Hamch\.m2\repository\org\jboss\logging\jboss-logging\3.5.3.Final\jboss-logging-3.5.3.Final.jar;C:\Users\Abdella Hamch\.m2\repository\com\fasterxml\classmate\1.6.0\classmate-1.6.0.jar;C:\Users\Abdella Hamch\.m2\repository\io\projectreactor\addons\reactor-extra\3.5.1\reactor-extra-3.5.1.jar;C:\Users\Abdella Hamch\.m2\repository\org\springframework\boot\spring-boot-starter-webflux\3.2.1\spring-boot-starter-webflux-3.2.1.jar;C:\Users\Abdella Hamch\.m2\repository\org\springframework\boot\spring-boot-starter-reactor-netty\3.2.1\spring-boot-starter-reactor-netty-3.2.1.jar;C:\Users\Abdella Hamch\.m2\repository\io\projectreactor\netty\reactor-netty-http\1.1.14\reactor-netty-http-1.1.14.jar;C:\Users\Abdella Hamch\.m2\repository\io\netty\netty-codec-http\4.1.104.Final\netty-codec-http-4.1.104.Final.jar;C:\Users\Abdella Hamch\.m2\repository\io\netty\netty-common\4.1.104.Final\netty-common-4.1.104.Final.jar;C:\Users\Abdella Hamch\.m2\repository\io\netty\netty-buffer\4.1.104.Final\netty-buffer-4.1.104.Final.jar;C:\Users\Abdella Hamch\.m2\repository\io\netty\netty-transport\4.1.104.Final\netty-transport-4.1.104.Final.jar;C:\Users\Abdella Hamch\.m2\repository\io\netty\netty-codec\4.1.104.Final\netty-codec-4.1.104.Final.jar;C:\Users\Abdella Hamch\.m2\repository\io\netty\netty-codec-http2\4.1.104.Final\netty-codec-http2-4.1.104.Final.jar;C:\Users\Abdella Hamch\.m2\repository\io\netty\netty-resolver-dns\4.1.104.Final\netty-resolver-dns-4.1.104.Final.jar;C:\Users\Abdella Hamch\.m2\repository\io\netty\netty-resolver\4.1.104.Final\netty-resolver-4.1.104.Final.jar;C:\Users\Abdella Hamch\.m2\repository\io\netty\netty-codec-dns\4.1.104.Final\netty-codec-dns-4.1.104.Final.jar;C:\Users\Abdella Hamch\.m2\repository\io\netty\netty-resolver-dns-native-macos\4.1.104.Final\netty-resolver-dns-native-macos-4.1.104.Final-osx-x86_64.jar;C:\Users\Abdella Hamch\.m2\repository\io\netty\netty-resolver-dns-classes-macos\4.1.104.Final\netty-resolver-dns-classes-macos-4.1.104.Final.jar;C:\Users\Abdella Hamch\.m2\repository\io\netty\netty-transport-native-epoll\4.1.104.Final\netty-transport-native-epoll-4.1.104.Final-linux-x86_64.jar;C:\Users\Abdella Hamch\.m2\repository\io\netty\netty-transport-native-unix-common\4.1.104.Final\netty-transport-native-unix-common-4.1.104.Final.jar;C:\Users\Abdella Hamch\.m2\repository\io\netty\netty-transport-classes-epoll\4.1.104.Final\netty-transport-classes-epoll-4.1.104.Final.jar;C:\Users\Abdella Hamch\.m2\repository\org\springframework\spring-webflux\6.1.2\spring-webflux-6.1.2.jar;C:\Users\Abdella Hamch\.m2\repository\org\springframework\boot\spring-boot-starter-web\3.2.1\spring-boot-starter-web-3.2.1.jar;C:\Users\Abdella Hamch\.m2\repository\org\springframework\boot\spring-boot-starter\3.2.1\spring-boot-starter-3.2.1.jar;C:\Users\Abdella Hamch\.m2\repository\org\springframework\boot\spring-boot\3.2.1\spring-boot-3.2.1.jar;C:\Users\Abdella Hamch\.m2\repository\org\springframework\boot\spring-boot-autoconfigure\3.2.1\spring-boot-autoconfigure-3.2.1.jar;C:\Users\Abdella Hamch\.m2\repository\org\springframework\boot\spring-boot-starter-logging\3.2.1\spring-boot-starter-logging-3.2.1.jar;C:\Users\Abdella Hamch\.m2\repository\ch\qos\logback\logback-classic\1.4.14\logback-classic-1.4.14.jar;C:\Users\Abdella Hamch\.m2\repository\ch\qos\logback\logback-core\1.4.14\logback-core-1.4.14.jar;C:\Users\Abdella Hamch\.m2\repository\org\apache\logging\log4j\log4j-to-slf4j\2.21.1\log4j-to-slf4j-2.21.1.jar;C:\Users\Abdella Hamch\.m2\repository\org\apache\logging\log4j\log4j-api\2.21.1\log4j-api-2.21.1.jar;C:\Users\Abdella Hamch\.m2\repository\org\slf4j\jul-to-slf4j\2.0.9\jul-to-slf4j-2.0.9.jar;C:\Users\Abdella Hamch\.m2\repository\jakarta\annotation\jakarta.annotation-api\2.1.1\jakarta.annotation-api-2.1.1.jar;C:\Users\Abdella Hamch\.m2\repository\org\yaml\snakeyaml\2.2\snakeyaml-2.2.jar;C:\Users\Abdella Hamch\.m2\repository\org\springframework\boot\spring-boot-starter-json\3.2.1\spring-boot-starter-json-3.2.1.jar;C:\Users\Abdella Hamch\.m2\repository\com\fasterxml\jackson\core\jackson-databind\2.15.3\jackson-databind-2.15.3.jar;C:\Users\Abdella Hamch\.m2\repository\com\fasterxml\jackson\core\jackson-annotations\2.15.3\jackson-annotations-2.15.3.jar;C:\Users\Abdella Hamch\.m2\repository\com\fasterxml\jackson\core\jackson-core\2.15.3\jackson-core-2.15.3.jar;C:\Users\Abdella Hamch\.m2\repository\com\fasterxml\jackson\datatype\jackson-datatype-jdk8\2.15.3\jackson-datatype-jdk8-2.15.3.jar;C:\Users\Abdella Hamch\.m2\repository\com\fasterxml\jackson\datatype\jackson-datatype-jsr310\2.15.3\jackson-datatype-jsr310-2.15.3.jar;C:\Users\Abdella Hamch\.m2\repository\com\fasterxml\jackson\module\jackson-module-parameter-names\2.15.3\jackson-module-parameter-names-2.15.3.jar;C:\Users\Abdella Hamch\.m2\repository\org\springframework\boot\spring-boot-starter-tomcat\3.2.1\spring-boot-starter-tomcat-3.2.1.jar;C:\Users\Abdella Hamch\.m2\repository\org\apache\tomcat\embed\tomcat-embed-core\10.1.17\tomcat-embed-core-10.1.17.jar;C:\Users\Abdella Hamch\.m2\repository\org\apache\tomcat\embed\tomcat-embed-el\10.1.17\tomcat-embed-el-10.1.17.jar;C:\Users\Abdella Hamch\.m2\repository\org\apache\tomcat\embed\tomcat-embed-websocket\10.1.17\tomcat-embed-websocket-10.1.17.jar;C:\Users\Abdella Hamch\.m2\repository\org\springframework\spring-web\6.1.2\spring-web-6.1.2.jar;C:\Users\Abdella Hamch\.m2\repository\org\springframework\spring-beans\6.1.2\spring-beans-6.1.2.jar;C:\Users\Abdella Hamch\.m2\repository\org\springframework\spring-webmvc\6.1.2\spring-webmvc-6.1.2.jar;C:\Users\Abdella Hamch\.m2\repository\org\springframework\spring-aop\6.1.2\spring-aop-6.1.2.jar;C:\Users\Abdella Hamch\.m2\repository\org\springframework\spring-context\6.1.2\spring-context-6.1.2.jar;C:\Users\Abdella Hamch\.m2\repository\org\springframework\spring-expression\6.1.2\spring-expression-6.1.2.jar;C:\Users\Abdella Hamch\.m2\repository\org\slf4j\slf4j-api\2.0.9\slf4j-api-2.0.9.jar;C:\Users\Abdella Hamch\.m2\repository\org\springframework\spring-core\6.1.2\spring-core-6.1.2.jar;C:\Users\Abdella Hamch\.m2\repository\org\springframework\spring-jcl\6.1.2\spring-jcl-6.1.2.jar;C:\Users\Abdella Hamch\.m2\repository\org\springframework\cloud\spring-cloud-starter-consul-discovery\4.1.0\spring-cloud-starter-consul-discovery-4.1.0.jar;C:\Users\Abdella Hamch\.m2\repository\org\springframework\cloud\spring-cloud-starter-consul\4.1.0\spring-cloud-starter-consul-4.1.0.jar;C:\Users\Abdella Hamch\.m2\repository\org\springframework\cloud\spring-cloud-consul-core\4.1.0\spring-cloud-consul-core-4.1.0.jar;C:\Users\Abdella Hamch\.m2\repository\com\ecwid\consul\consul-api\1.4.5\consul-api-1.4.5.jar;C:\Users\Abdella Hamch\.m2\repository\com\google\code\gson\gson\2.10.1\gson-2.10.1.jar;C:\Users\Abdella Hamch\.m2\repository\org\apache\httpcomponents\httpcore\4.4.16\httpcore-4.4.16.jar;C:\Users\Abdella Hamch\.m2\repository\org\springframework\cloud\spring-cloud-consul-discovery\4.1.0\spring-cloud-consul-discovery-4.1.0.jar;C:\Users\Abdella Hamch\.m2\repository\org\springframework\cloud\spring-cloud-starter-loadbalancer\4.1.0\spring-cloud-starter-loadbalancer-4.1.0.jar;C:\Users\Abdella Hamch\.m2\repository\org\springframework\cloud\spring-cloud-loadbalancer\4.1.0\spring-cloud-loadbalancer-4.1.0.jar;C:\Users\Abdella Hamch\.m2\repository\org\springframework\boot\spring-boot-starter-cache\3.2.1\spring-boot-starter-cache-3.2.1.jar;C:\Users\Abdella Hamch\.m2\repository\org\springframework\spring-context-support\6.1.2\spring-context-support-6.1.2.jar;C:\Users\Abdella Hamch\.m2\repository\com\stoyanr\evictor\1.0.0\evictor-1.0.0.jar;C:\Users\Abdella Hamch\.m2\repository\org\springframework\boot\spring-boot-starter-actuator\3.2.1\spring-boot-starter-actuator-3.2.1.jar;C:\Users\Abdella Hamch\.m2\repository\org\springframework\boot\spring-boot-actuator-autoconfigure\3.2.1\spring-boot-actuator-autoconfigure-3.2.1.jar;C:\Users\Abdella Hamch\.m2\repository\org\springframework\boot\spring-boot-actuator\3.2.1\spring-boot-actuator-3.2.1.jar;C:\Users\Abdella Hamch\.m2\repository\io\micrometer\micrometer-observation\1.12.1\micrometer-observation-1.12.1.jar;C:\Users\Abdella Hamch\.m2\repository\io\micrometer\micrometer-commons\1.12.1\micrometer-commons-1.12.1.jar;C:\Users\Abdella Hamch\.m2\repository\io\micrometer\micrometer-jakarta9\1.12.1\micrometer-jakarta9-1.12.1.jar;C:\Users\Abdella Hamch\.m2\repository\io\micrometer\micrometer-core\1.12.1\micrometer-core-1.12.1.jar;C:\Users\Abdella Hamch\.m2\repository\org\hdrhistogram\HdrHistogram\2.1.12\HdrHistogram-2.1.12.jar;C:\Users\Abdella Hamch\.m2\repository\org\latencyutils\LatencyUtils\2.0.3\LatencyUtils-2.0.3.jar;C:\Users\Abdella Hamch\.m2\repository\org\springframework\cloud\spring-cloud-stream-binder-rabbit\4.1.0\spring-cloud-stream-binder-rabbit-4.1.0.jar;C:\Users\Abdella Hamch\.m2\repository\org\springframework\cloud\spring-cloud-stream-binder-rabbit-core\4.1.0\spring-cloud-stream-binder-rabbit-core-4.1.0.jar;C:\Users\Abdella Hamch\.m2\repository\io\projectreactor\netty\reactor-netty\1.1.14\reactor-netty-1.1.14.jar;C:\Users\Abdella Hamch\.m2\repository\io\projectreactor\netty\reactor-netty-core\1.1.14\reactor-netty-core-1.1.14.jar;C:\Users\Abdella Hamch\.m2\repository\io\netty\netty-handler\4.1.104.Final\netty-handler-4.1.104.Final.jar;C:\Users\Abdella Hamch\.m2\repository\io\netty\netty-handler-proxy\4.1.104.Final\netty-handler-proxy-4.1.104.Final.jar;C:\Users\Abdella Hamch\.m2\repository\io\netty\netty-codec-socks\4.1.104.Final\netty-codec-socks-4.1.104.Final.jar;C:\Users\Abdella Hamch\.m2\repository\io\projectreactor\netty\incubator\reactor-netty-incubator-quic\0.1.14\reactor-netty-incubator-quic-0.1.14.jar;C:\Users\Abdella Hamch\.m2\repository\io\netty\incubator\netty-incubator-codec-native-quic\0.0.54.Final\netty-incubator-codec-native-quic-0.0.54.Final-linux-x86_64.jar;C:\Users\Abdella Hamch\.m2\repository\io\netty\incubator\netty-incubator-codec-classes-quic\0.0.54.Final\netty-incubator-codec-classes-quic-0.0.54.Final.jar;C:\Users\Abdella Hamch\.m2\repository\org\springframework\cloud\spring-cloud-stream\4.1.0\spring-cloud-stream-4.1.0.jar;C:\Users\Abdella Hamch\.m2\repository\org\springframework\spring-messaging\6.1.2\spring-messaging-6.1.2.jar;C:\Users\Abdella Hamch\.m2\repository\org\springframework\retry\spring-retry\2.0.5\spring-retry-2.0.5.jar;C:\Users\Abdella Hamch\.m2\repository\org\springframework\cloud\spring-cloud-function-context\4.1.0\spring-cloud-function-context-4.1.0.jar;C:\Users\Abdella Hamch\.m2\repository\net\jodah\typetools\0.6.2\typetools-0.6.2.jar;C:\Users\Abdella Hamch\.m2\repository\org\springframework\cloud\spring-cloud-function-core\4.1.0\spring-cloud-function-core-4.1.0.jar;C:\Users\Abdella Hamch\.m2\repository\org\jetbrains\kotlin\kotlin-stdlib-jdk8\1.9.21\kotlin-stdlib-jdk8-1.9.21.jar;C:\Users\Abdella Hamch\.m2\repository\org\jetbrains\kotlin\kotlin-stdlib\1.9.21\kotlin-stdlib-1.9.21.jar;C:\Users\Abdella Hamch\.m2\repository\org\jetbrains\annotations\13.0\annotations-13.0.jar;C:\Users\Abdella Hamch\.m2\repository\org\jetbrains\kotlin\kotlin-stdlib-jdk7\1.9.21\kotlin-stdlib-jdk7-1.9.21.jar;C:\Users\Abdella Hamch\.m2\repository\org\springframework\boot\spring-boot-starter-amqp\3.2.1\spring-boot-starter-amqp-3.2.1.jar;C:\Users\Abdella Hamch\.m2\repository\org\springframework\amqp\spring-rabbit\3.1.1\spring-rabbit-3.1.1.jar;C:\Users\Abdella Hamch\.m2\repository\org\springframework\amqp\spring-amqp\3.1.1\spring-amqp-3.1.1.jar;C:\Users\Abdella Hamch\.m2\repository\com\rabbitmq\amqp-client\5.19.0\amqp-client-5.19.0.jar;C:\Users\Abdella Hamch\.m2\repository\org\springframework\integration\spring-integration-amqp\6.2.1\spring-integration-amqp-6.2.1.jar;C:\Users\Abdella Hamch\.m2\repository\org\springframework\integration\spring-integration-core\6.2.1\spring-integration-core-6.2.1.jar;C:\Users\Abdella Hamch\.m2\repository\org\springframework\spring-tx\6.1.2\spring-tx-6.1.2.jar;C:\Users\Abdella Hamch\.m2\repository\io\projectreactor\reactor-core\3.6.1\reactor-core-3.6.1.jar;C:\Users\Abdella Hamch\.m2\repository\org\reactivestreams\reactive-streams\1.0.4\reactive-streams-1.0.4.jar;C:\Users\Abdella Hamch\.m2\repository\org\springframework\integration\spring-integration-jmx\6.2.1\spring-integration-jmx-6.2.1.jar;C:\Users\Abdella Hamch\.m2\repository\org\apache\httpcomponents\httpclient\4.5.14\httpclient-4.5.14.jar;C:\Users\Abdella Hamch\.m2\repository\commons-logging\commons-logging\1.2\commons-logging-1.2.jar;C:\Users\Abdella Hamch\.m2\repository\commons-codec\commons-codec\1.16.0\commons-codec-1.16.0.jar;C:\Users\Abdella Hamch\.m2\repository\org\springframework\cloud\spring-cloud-starter-bus-amqp\4.1.0\spring-cloud-starter-bus-amqp-4.1.0.jar;C:\Users\Abdella Hamch\.m2\repository\org\springframework\cloud\spring-cloud-starter-stream-rabbit\4.1.0\spring-cloud-starter-stream-rabbit-4.1.0.jar;C:\Users\Abdella Hamch\.m2\repository\org\springframework\cloud\spring-cloud-bus\4.1.0\spring-cloud-bus-4.1.0.jar
Launcher Type: SUN_STANDARD

[Global flags]
     intx CICompilerCount                          = 12                                        {product} {ergonomic}
     uint ConcGCThreads                            = 3                                         {product} {ergonomic}
     uint G1ConcRefinementThreads                  = 13                                        {product} {ergonomic}
   size_t G1HeapRegionSize                         = 1048576                                   {product} {ergonomic}
    uintx GCDrainStackTargetSize                   = 64                                        {product} {ergonomic}
   size_t InitialHeapSize                          = 132120576                                 {product} {ergonomic}
   size_t MarkStackSize                            = 4194304                                   {product} {ergonomic}
   size_t MaxHeapSize                              = 2090860544                                {product} {ergonomic}
   size_t MaxNewSize                               = 1254096896                                {product} {ergonomic}
   size_t MinHeapDeltaBytes                        = 1048576                                   {product} {ergonomic}
   size_t MinHeapSize                              = 8388608                                   {product} {ergonomic}
    uintx NonNMethodCodeHeapSize                   = 7602480                                {pd product} {ergonomic}
    uintx NonProfiledCodeHeapSize                  = 122027880                              {pd product} {ergonomic}
    uintx ProfiledCodeHeapSize                     = 122027880                              {pd product} {ergonomic}
    uintx ReservedCodeCacheSize                    = 251658240                              {pd product} {ergonomic}
     bool SegmentedCodeCache                       = true                                      {product} {ergonomic}
     bool ShowCodeDetailsInExceptionMessages       = true                                   {manageable} {command line}
   size_t SoftMaxHeapSize                          = 2090860544                             {manageable} {ergonomic}
     bool UseCompressedOops                        = true                           {product lp64_product} {ergonomic}
     bool UseG1GC                                  = true                                      {product} {ergonomic}
     bool UseLargePagesIndividualAllocation        = false                                  {pd product} {ergonomic}

Logging:
Log output configuration:
 #0: stdout all=warning uptime,level,tags foldmultilines=false
 #1: stderr all=off uptime,level,tags foldmultilines=false

Environment Variables:
JAVA_HOME=C:\Program Files\Java\jdk-21
PATH=C:/Users/Abdella Hamch/.p2/pool/plugins/org.eclipse.justj.openjdk.hotspot.jre.full.win32.x86_64_23.0.0.v20240919-1706/jre/bin/server;C:/Users/Abdella Hamch/.p2/pool/plugins/org.eclipse.justj.openjdk.hotspot.jre.full.win32.x86_64_23.0.0.v20240919-1706/jre/bin;C:\ProgramData\Oracle\Java\javapath;C:\Program Files\Common Files\Oracle\Java\javapath;C:\Python312\Scripts\;C:\Python312\;C:\Python311\Scripts\;C:\Python311\;C:\windows\system32;C:\windows;C:\windows\System32\Wbem;C:\windows\System32\WindowsPowerShell\v1.0\;C:\windows\System32\OpenSSH\;C:\Program Files (x86)\Microsoft SQL Server\160\DTS\Binn\;C:\ProgramData\chocolatey\bin;C:\Program Files\Java\jdk-17\bin;C:\Program Files\PuTTY\;C:\Program Files\Microsoft SQL Server\Client SDK\ODBC\170\Tools\Binn\;C:\Program Files (x86)\Microsoft SQL Server\150\Tools\Binn\;C:\Program Files\Microsoft SQL Server\150\Tools\Binn\;C:\Program Files\Microsoft SQL Server\150\DTS\Binn\;C:\Program Files (x86)\Microsoft SQL Server\160\Tools\Binn\;C:\Program Files\Microsoft SQL Server\160\Tools\Binn\;C:\Program Files\Microsoft SQL Server\160\DTS\Binn\;C:\Program Files\Microsoft SQL Server\130\DTS\Binn\;C:\Program Files\Microsoft SQL Server\140\DTS\Binn\;C:\Program Files\Git\cmd;C:\Program Files\nodejs\;C:\Program Files\Docker\Docker\resources\bin;C:\Users\Abdella Hamch\AppData\Local\Microsoft\WindowsApps;C:\Program Files\Azure Data Studio\bin;C:\Users\Abdella Hamch\AppData\Local\GitHubDesktop\bin;C:\Program Files\Java\jdk-21\bin;C:\Program Files\nodejs;C:\Users\Abdella Hamch\AppData\Roaming\npm\ng.ps1;C:\Users\Abdella Hamch\AppData\Local\JetBrains\Toolbox\scripts;C:\Program Files\Java\jdk-21;C:\Program Files\Erlang OTP\bin;C:\Program Files\RabbitMQ Server\rabbitmq_server-4.0.2\sbin;B:\Java091024\pgsql\bin;C:\Users\Abdella Hamch\AppData\Roaming\npm;C:\windows\system32;
USERNAME=A.HAMCH
OS=Windows_NT
PROCESSOR_IDENTIFIER=Intel64 Family 6 Model 165 Stepping 5, GenuineIntel
TMP=C:\Users\ABDELL~1\AppData\Local\Temp
TEMP=C:\Users\ABDELL~1\AppData\Local\Temp




Periodic native trim disabled

---------------  S Y S T E M  ---------------

OS:
 Windows 11 , 64 bit Build 22000 (10.0.22000.2538)
OS uptime: 1 days 23:44 hours
Hyper-V role detected

CPU: total 16 (initial active 16) (8 cores per cpu, 2 threads per core) family 6 model 165 stepping 5 microcode 0xfe, cx8, cmov, fxsr, ht, mmx, 3dnowpref, sse, sse2, sse3, ssse3, sse4.1, sse4.2, popcnt, lzcnt, tsc, tscinvbit, avx, avx2, aes, erms, clmul, bmi1, bmi2, adx, fma, vzeroupper, clflush, clflushopt, hv, rdtscp, f16c
Processor Information for all 16 processors :
  Max Mhz: 2904, Current Mhz: 2904, Mhz Limit: 2904

Memory: 4k page, system-wide physical 7968M (530M free)
TotalPageFile size 32544M (AvailPageFile size 199M)
current process WorkingSet (physical memory assigned to process): 94M, peak: 325M
current process commit charge ("private bytes"): 488M, peak: 490M

vm_info: Java HotSpot(TM) 64-Bit Server VM (21.0.6+8-LTS-188) for windows-amd64 JRE (21.0.6+8-LTS-188), built on 2024-12-03T10:50:54Z by "mach5one" with MS VC++ 17.6 (VS2022)

END.
